wandb: [wandb.login()] Loaded credentials for https://api.wandb.ai from /users/eleves-a/2021/romain.poggi/.netrc.
wandb: Currently logged in as: romain-poggi (romain-poggi-ecole-polytechnique) to https://api.wandb.ai. Use `wandb login --relogin` to force relogin
wandb: setting up run s42-replay-mae050
wandb: ERROR Run initialization has timed out after 600.0 sec. Please try increasing the timeout with the `init_timeout` setting: `wandb.init(settings=wandb.Settings(init_timeout=120))`.
Traceback (most recent call last):
  File "/Data/romain.poggi/smth2smth/scripts/upload_ft_mae_scaling_s42_wandb.py", line 230, in <module>
    main()
  File "/Data/romain.poggi/smth2smth/scripts/upload_ft_mae_scaling_s42_wandb.py", line 207, in main
    url = upload_one(log_path, dry_run=args.dry_run)
          ^^^^^^^^^^^^^^^^^^^^^^^^^^^^^^^^^^^^^^^^^^
  File "/Data/romain.poggi/smth2smth/scripts/upload_ft_mae_scaling_s42_wandb.py", line 152, in upload_one
    run = wandb.init(
          ^^^^^^^^^^^
  File "/Data/romain.poggi/smth2smth/.venv/lib/python3.12/site-packages/wandb/sdk/wandb_init.py", line 1613, in init
    get_sentry().reraise(e)
  File "/Data/romain.poggi/smth2smth/.venv/lib/python3.12/site-packages/wandb/analytics/sentry.py", line 191, in reraise
    raise exc.with_traceback(tb)
  File "/Data/romain.poggi/smth2smth/.venv/lib/python3.12/site-packages/wandb/sdk/wandb_init.py", line 1596, in init
    run = wi.init(run_settings, run_config, run_printer)
          ^^^^^^^^^^^^^^^^^^^^^^^^^^^^^^^^^^^^^^^^^^^^^^
  File "/Data/romain.poggi/smth2smth/.venv/lib/python3.12/site-packages/wandb/sdk/wandb_init.py", line 1037, in init
    raise CommError(
wandb.errors.errors.CommError: Run initialization has timed out after 600.0 sec. Please try increasing the timeout with the `init_timeout` setting: `wandb.init(settings=wandb.Settings(init_timeout=120))`.
[1;34mwandb[0m: 
[1;34mwandb[0m: Find logs at: [1;35mwandb/run-20260531_181720-s42-replay-mae050/logs[0m
