wandb: Tracking run with wandb version 0.27.0
wandb: W&B syncing is set to `offline` in this directory. Run `wandb online` or set WANDB_MODE=online to enable cloud syncing.
wandb: Run data is saved locally in /Data/romain.poggi/smth2smth/wandb/offline-run-20260531_183313-s42-replay-mae050
wandb: 
wandb: Run history:
wandb:            epoch ▁▁▁▁▂▂▂▂▂▂▃▃▃▃▃▄▄▄▄▄▄▅▅▅▅▅▆▆▆▆▆▇▇▇▇▇▇███
wandb: train/epoch_loss █▇▇▆▆▅▅▅▄▄▄▄▄▄▃▃▃▃▃▃▃▂▂▂▂▂▂▂▂▂▁▁▁▁▁▁▁▁▁▁
wandb: train/epoch_top1 ▁▂▃▃▃▄▄▄▄▅▅▅▅▅▅▆▆▆▆▆▆▆▇▇▇▇▇▇▇▇██████████
wandb:       train/loss █▇▆▆▆▅▅▅▄▄▄▄▄▃▃▄▃▃▃▃▃▂▂▂▂▂▂▂▂▂▂▂▁▁▁▁▁▁▁▁
wandb:       train/top1 ▁▂▂▂▃▃▄▄▅▅▅▅▅▅▆▆▆▇▆▇▇▇▇▇▇▇▇█████████████
wandb:       train/top5 ▁▃▃▂▃▃▄▄▄▄▅▅▅▅▅▅▅▆▆▆▇▇▇▇▇▇▇▇████▇███████
wandb:    val/best_top1 ▁▂▃▄▄▅▅▅▅▅▆▆▆▆▆▇▇▇▇▇▇▇██████████████████
wandb:     val/ema_top1 ▁▁▁▂▂▂▃▃▃▄▄▅▅▅▅▆▆▆▆▇▇▇▇▇▇███████████████
wandb:     val/ema_top5 ▁▁▂▂▃▃▄▄▅▅▆▆▆▆▇▇▇▇▇▇▇███████████████████
wandb:         val/loss █▇▆▅▄▄▄▃▃▃▃▂▃▂▃▂▂▂▂▂▂▁▁▁▁▁▁▁▁▁▁▁▁▁▁▁▁▁▁▁
wandb:               +2 ...
wandb: 
wandb: Run summary:
wandb:            epoch 50
wandb: train/epoch_loss 1.9447
wandb: train/epoch_top1 0.3867
wandb:       train/loss 1.9447
wandb:       train/top1 0.3867
wandb:       train/top5 0.6385
wandb:    val/best_top1 0.4519
wandb:     val/ema_top1 0.4519
wandb:     val/ema_top5 0.7821
wandb:         val/loss 2.0062
wandb:               +2 ...
wandb: 
wandb: You can sync this run to the cloud by running:
wandb: wandb sync /Data/romain.poggi/smth2smth/wandb/offline-run-20260531_183313-s42-replay-mae050
wandb: Find logs at: ./wandb/offline-run-20260531_183313-s42-replay-mae050/logs
wandb: Tracking run with wandb version 0.27.0
wandb: W&B syncing is set to `offline` in this directory. Run `wandb online` or set WANDB_MODE=online to enable cloud syncing.
wandb: Run data is saved locally in /Data/romain.poggi/smth2smth/wandb/offline-run-20260531_183315-s42-replay-mae100
wandb: 
wandb: Run history:
wandb:            epoch ▁▁▁▂▂▂▂▂▂▃▃▃▃▃▃▄▄▄▄▄▅▅▅▅▅▅▆▆▆▆▆▇▇▇▇▇▇███
wandb: train/epoch_loss █▇▆▆▆▅▅▄▄▄▄▄▄▃▃▃▃▃▃▃▂▂▂▂▂▂▂▂▂▁▁▁▁▁▁▁▁▁▁▁
wandb: train/epoch_top1 ▁▂▃▃▃▄▄▅▅▅▅▅▅▆▆▆▆▆▆▆▇▇▇▇▇▇▇▇▇▇██████████
wandb:       train/loss █▆▅▅▅▄▄▄▄▄▄▃▃▃▃▃▃▃▃▃▂▂▂▂▂▂▂▂▁▁▁▁▁▁▁▁▁▁▁▁
wandb:       train/top1 ▁▃▃▃▄▄▄▄▄▅▅▅▅▅▅▆▆▆▆▆▇▇▇▇▇▇▇▇▇▇██████████
wandb:       train/top5 ▁▂▄▄▅▅▅▅▆▆▆▆▆▆▆▆▆▆▆▇▆▇▇▇▇█▇███▇▇██▇█████
wandb:    val/best_top1 ▁▃▃▄▅▅▆▆▆▆▆▇▇▇▇▇▇▇▇▇▇▇██████████████████
wandb:     val/ema_top1 ▁▁▂▂▂▂▂▃▃▄▅▅▅▆▆▆▆▇▇▇▇▇▇▇▇███████████████
wandb:     val/ema_top5 ▁▁▂▂▂▃▄▄▄▅▅▆▆▆▇▇▇▇▇▇████████████████████
wandb:         val/loss █▆▆▄▄▃▃▃▃▂▂▂▂▂▂▂▂▁▂▂▁▁▁▁▁▁▁▁▁▁▁▁▁▁▁▁▁▁▁▁
wandb:               +2 ...
wandb: 
wandb: Run summary:
wandb:            epoch 50
wandb: train/epoch_loss 1.8643
wandb: train/epoch_top1 0.404
wandb:       train/loss 1.8643
wandb:       train/top1 0.404
wandb:       train/top5 0.6527
wandb:    val/best_top1 0.4995
wandb:     val/ema_top1 0.4995
wandb:     val/ema_top5 0.8126
wandb:         val/loss 1.8358
wandb:               +2 ...
wandb: 
wandb: You can sync this run to the cloud by running:
wandb: wandb sync /Data/romain.poggi/smth2smth/wandb/offline-run-20260531_183315-s42-replay-mae100
wandb: Find logs at: ./wandb/offline-run-20260531_183315-s42-replay-mae100/logs
wandb: Tracking run with wandb version 0.27.0
wandb: W&B syncing is set to `offline` in this directory. Run `wandb online` or set WANDB_MODE=online to enable cloud syncing.
wandb: Run data is saved locally in /Data/romain.poggi/smth2smth/wandb/offline-run-20260531_183316-s42-replay-mae150
wandb: 
wandb: Run history:
wandb:            epoch ▁▁▁▂▂▂▂▂▃▃▃▃▃▃▄▄▄▄▄▅▅▅▅▅▆▆▆▆▆▆▇▇▇▇▇███
wandb: train/epoch_loss █▇▆▆▆▆▅▅▅▅▅▄▄▄▄▄▄▃▃▃▃▃▄▃▃▃▃▃▂▂▂▂▂▁▁▁▁▁
wandb: train/epoch_top1 ▁▂▃▃▃▃▄▄▄▄▄▅▅▅▅▅▅▆▆▆▆▆▅▅▆▆▆▆▆▇▇▇▇▇████
wandb:       train/loss ██▅▅▅▅▅▅▄▄▄▄▄▄▃▃▃▄▄▃▃▃▃▃▂▂▂▂▂▂▁▁▁▁▁▁▁▁▁▂
wandb:       train/top1 ▁▁▁▁▂▃▂▃▃▃▄▄▃▄▄▄▅▅▅▅▅▅▆▅▆▅▅▆▆▆▆▆▇▇▇█████
wandb:       train/top5 ▁▃▃▄▄▅▅▅▅▅▅▅▆▆▆▆▇▇▇▆▇▇▇▇▇▇▇▇▇▇▇▇▇███████
wandb:    val/best_top1 ▁▃▃▅▅▆▆▆▆▆▆▇▇▇▇▇▇▇████████████████████
wandb:     val/ema_top1 ▁▁▁▁▂▂▂▂▂▃▃▇▇▇▇▇▇▇▇▇▇▇████████████████
wandb:     val/ema_top5 ▁▁▂▂▂▃▃▃▄▄▅▇██████████████████████████
wandb:         val/loss █▆▅▄▃▃▃▂▃▂▂▂▂▂▂▂▁▁▁▁▂▂▁▁▁▁▁▁▁▁▁▁▁▂▁▂▂▂
wandb:               +2 ...
wandb: 
wandb: Run summary:
wandb:            epoch 38
wandb: train/epoch_loss 1.5634
wandb: train/epoch_top1 0.4795
wandb:       train/loss 1.731
wandb:       train/top1 0.4435
wandb:       train/top5 0.6776
wandb:    val/best_top1 0.4919
wandb:     val/ema_top1 0.4919
wandb:     val/ema_top5 0.8099
wandb:         val/loss 2.0078
wandb:               +2 ...
wandb: 
wandb: You can sync this run to the cloud by running:
wandb: wandb sync /Data/romain.poggi/smth2smth/wandb/offline-run-20260531_183316-s42-replay-mae150
wandb: Find logs at: ./wandb/offline-run-20260531_183316-s42-replay-mae150/logs
wandb: Tracking run with wandb version 0.27.0
wandb: W&B syncing is set to `offline` in this directory. Run `wandb online` or set WANDB_MODE=online to enable cloud syncing.
wandb: Run data is saved locally in /Data/romain.poggi/smth2smth/wandb/offline-run-20260531_183317-s42-replay-mae200
wandb: 
wandb: Run history:
wandb:            epoch ▁▁▁▁▂▂▂▂▂▂▃▃▃▃▃▄▄▄▄▄▅▅▅▅▅▅▆▆▆▆▆▇▇▇▇▇▇███
wandb: train/epoch_loss █▇▆▆▆▅▅▅▄▄▄▃▃▄▄▃▃▃▃▃▂▂▂▂▁▁▂▁▁▁▁▁▁▁▂▂▂▂▂▂
wandb: train/epoch_top1 ▁▂▃▃▃▄▄▅▅▅▅▆▆▆▅▅▆▆▆▆▆▇▇▇▇██▇▇██████▇▇▇▇▇
wandb:       train/loss █▇▆▆▆▅▄▄▄▄▃▃▃▃▃▃▃▃▂▂▁▁▁▁▁▁▁▁▁▁▁▁▁▂▂▂▂▂▂▂
wandb:       train/top1 ▁▂▃▃▃▄▄▅▅▅▅▆▆▆▆▆▆▆▆▆▇▇▇▇█▇▇▇████▇█▇▇▇▇▇▇
wandb:       train/top5 ▁▁▁▁▂▂▃▃▄▄▅▅▅▆▆▆▅▅▅▆▆▇▇▇▇██████████▇▇▇▇▇
wandb:    val/best_top1 ▁▃▄▅▅▆▆▆▆▆▇▇▇▇▇▇▇▇██████████████████████
wandb:     val/ema_top1 ▁▁▁▁▂▂▂▆▇▇▇▇▇▇▇▇▇▇▇▇████████████████████
wandb:     val/ema_top5 ▁▁▂▂▂▃▃▇▇▇▇▇████████████████████████████
wandb:         val/loss █▆▅▄▃▃▃▂▂▂▂▂▂▂▂▁▁▁▁▁▁▁▁▁▂▁▁▁▁▁▁▁▁▁▁▁▁▁▁▁
wandb:               +2 ...
wandb: 
wandb: Run summary:
wandb:            epoch 50
wandb: train/epoch_loss 1.9031
wandb: train/epoch_top1 0.3977
wandb:       train/loss 1.9031
wandb:       train/top1 0.3977
wandb:       train/top5 0.6467
wandb:    val/best_top1 0.5087
wandb:     val/ema_top1 0.5079
wandb:     val/ema_top5 0.8184
wandb:         val/loss 1.8073
wandb:               +2 ...
wandb: 
wandb: You can sync this run to the cloud by running:
wandb: wandb sync /Data/romain.poggi/smth2smth/wandb/offline-run-20260531_183317-s42-replay-mae200
wandb: Find logs at: ./wandb/offline-run-20260531_183317-s42-replay-mae200/logs
wandb: Tracking run with wandb version 0.27.0
wandb: W&B syncing is set to `offline` in this directory. Run `wandb online` or set WANDB_MODE=online to enable cloud syncing.
wandb: Run data is saved locally in /Data/romain.poggi/smth2smth/wandb/offline-run-20260531_183318-s42-replay-mae250
wandb: 
wandb: Run history:
wandb:            epoch ▁▁▁▁▂▂▂▂▂▂▃▃▃▃▃▄▄▄▄▄▅▅▅▅▅▅▆▆▆▆▆▆▇▇▇▇▇███
wandb: train/epoch_loss █▇▆▆▅▅▄▄▄▄▃▃▃▃▃▃▃▃▂▂▂▂▂▂▂▂▂▂▁▁▁▁▁▁▁▁▁▁▁▁
wandb: train/epoch_top1 ▁▂▃▃▄▅▅▅▅▅▅▆▆▆▆▆▆▆▆▆▇▇▇▇▇▇▇▇▇███████████
wandb:       train/loss ██▅▅▅▄▄▄▄▄▃▃▃▃▃▃▃▃▃▃▂▂▂▂▂▂▂▂▁▁▁▁▁▁▁▁▁▁▁▁
wandb:       train/top1 ▁▁▂▃▄▅▅▅▅▅▅▅▅▆▆▆▆▆▆▆▇▆▇▇▇▇▇█████████████
wandb:       train/top5 ▁▂▂▂▄▅▅▆▆▆▆▆▆▇▇▇▇▇▇▇▇▇▇▇▇▇▇▇██▇█████████
wandb:    val/best_top1 ▁▃▃▅▆▆▆▆▆▇▇▇▇▇▇▇▇▇▇▇████████████████████
wandb:     val/ema_top1 ▁▁▁▁▂▂▂▃▃▃▅▅▅▆▆▆▇▇▇▇▇▇██████████████████
wandb:     val/ema_top5 ▁▁▂▂▃▄▄▅▅▆▆▇▇▇▇▇▇███████████████████████
wandb:         val/loss █▆▅▄▃▃▃▃▃▂▂▂▂▂▂▂▂▁▁▁▁▁▁▁▁▁▁▁▁▁▁▁▁▁▁▁▁▁▁▁
wandb:               +2 ...
wandb: 
wandb: Run summary:
wandb:            epoch 50
wandb: train/epoch_loss 1.8065
wandb: train/epoch_top1 0.4147
wandb:       train/loss 1.8065
wandb:       train/top1 0.4147
wandb:       train/top5 0.66
wandb:    val/best_top1 0.5284
wandb:     val/ema_top1 0.5278
wandb:     val/ema_top5 0.8388
wandb:         val/loss 1.7107
wandb:               +2 ...
wandb: 
wandb: You can sync this run to the cloud by running:
wandb: wandb sync /Data/romain.poggi/smth2smth/wandb/offline-run-20260531_183318-s42-replay-mae250
wandb: Find logs at: ./wandb/offline-run-20260531_183318-s42-replay-mae250/logs
wandb: Tracking run with wandb version 0.27.0
wandb: W&B syncing is set to `offline` in this directory. Run `wandb online` or set WANDB_MODE=online to enable cloud syncing.
wandb: Run data is saved locally in /Data/romain.poggi/smth2smth/wandb/offline-run-20260531_183320-s42-replay-mae300
wandb: 
wandb: Run history:
wandb:            epoch ▁▁▁▁▂▂▂▂▂▂▃▃▃▃▃▄▄▄▄▄▅▅▅▅▅▆▆▆▆▆▆▇▇▇▇▇▇███
wandb: train/epoch_loss █▇▆▆▅▅▄▄▄▄▄▃▃▃▃▃▃▃▃▃▂▂▂▂▂▂▂▂▁▁▁▁▁▁▁▁▁▁▁▁
wandb: train/epoch_top1 ▁▂▃▃▄▅▅▅▅▅▅▆▆▆▆▆▆▆▆▆▇▇▇▇▇▇▇▇▇███████████
wandb:       train/loss ██▇▇▇▆▅▄▄▄▄▃▃▃▃▃▃▃▃▂▂▂▂▂▂▂▁▁▁▁▁▁▁▁▁▁▁▁▁▁
wandb:       train/top1 ▁▂▃▃▃▃▃▃▄▄▄▄▄▄▅▅▅▆▆▆▆▆▆▆▇▇▇▇▇▇███▇▇█████
wandb:       train/top5 ▁▂▃▄▄▆▆▆▆▆▆▆▆▆▆▇▇▇▇▇▇▇▇▇▇▇▇▇▇▇██████████
wandb:    val/best_top1 ▁▃▃▅▅▆▆▆▆▇▇▇▇▇▇▇▇▇▇▇▇▇██████████████████
wandb:     val/ema_top1 ▁▁▁▁▁▂▂▂▃▄▅▅▆▆▆▇▇▇▇▇▇▇▇▇████████████████
wandb:     val/ema_top5 ▁▁▂▂▂▃▃▃▄▄▆▆▆▇▇▇▇▇██████████████████████
wandb:         val/loss █▆▅▄▄▃▃▃▃▂▂▂▂▂▂▂▂▁▁▁▁▁▁▁▁▁▁▁▁▁▁▁▁▁▁▁▁▁▁▁
wandb:               +2 ...
wandb: 
wandb: Run summary:
wandb:            epoch 50
wandb: train/epoch_loss 1.8085
wandb: train/epoch_top1 0.4131
wandb:       train/loss 1.8085
wandb:       train/top1 0.4131
wandb:       train/top5 0.6599
wandb:    val/best_top1 0.5357
wandb:     val/ema_top1 0.5337
wandb:     val/ema_top5 0.8363
wandb:         val/loss 1.7018
wandb:               +2 ...
wandb: 
wandb: You can sync this run to the cloud by running:
wandb: wandb sync /Data/romain.poggi/smth2smth/wandb/offline-run-20260531_183320-s42-replay-mae300
wandb: Find logs at: ./wandb/offline-run-20260531_183320-s42-replay-mae300/logs
wandb: Tracking run with wandb version 0.27.0
wandb: W&B syncing is set to `offline` in this directory. Run `wandb online` or set WANDB_MODE=online to enable cloud syncing.
wandb: Run data is saved locally in /Data/romain.poggi/smth2smth/wandb/offline-run-20260531_183321-s42-replay-mae350
wandb: 
wandb: Run history:
wandb:            epoch ▁▁▁▁▂▂▂▂▂▂▃▃▃▃▃▄▄▄▄▄▄▅▅▅▅▅▆▆▆▆▆▆▇▇▇▇▇███
wandb: train/epoch_loss █▇▆▆▅▅▄▄▄▄▄▄▃▃▃▃▃▃▃▃▂▂▂▂▂▂▂▂▂▁▁▁▁▁▁▁▁▁▁▁
wandb: train/epoch_top1 ▁▂▃▃▄▄▅▅▅▅▅▆▆▆▆▆▆▆▇▇▇▇▇▇▇▇▇▇█▇██████████
wandb:       train/loss █▇▇▆▅▅▄▄▄▃▃▃▃▃▃▂▂▂▂▂▂▂▂▂▂▂▂▂▁▁▁▁▁▁▁▁▁▁▁▁
wandb:       train/top1 ▁▃▄▄▄▄▅▅▅▅▆▆▆▆▆▆▆▆▆▆▇▇▇▇▇▇▇▇▇▇▇█████████
wandb:       train/top5 ▁▁▃▃▃▆▆▆▆▆▆▆▆▆▇▇▇▇▇▇▇▇▇▇▇▇▇█████████████
wandb:    val/best_top1 ▁▃▃▄▅▆▆▆▆▆▇▇▇▇▇▇▇▇▇▇▇▇██████████████████
wandb:     val/ema_top1 ▁▁▁▁▁▂▂▂▃▃▅▅▆▆▆▆▇▇▇▇▇▇▇▇████████████████
wandb:     val/ema_top5 ▁▂▂▂▂▃▃▃▄▅▆▆▇▇▇▇▇▇██████████████████████
wandb:         val/loss █▆▅▄▄▃▃▃▃▃▂▂▂▂▂▂▂▂▁▁▁▁▁▁▁▁▁▁▁▁▁▁▁▁▁▁▁▁▁▁
wandb:               +2 ...
wandb: 
wandb: Run summary:
wandb:            epoch 50
wandb: train/epoch_loss 1.8113
wandb: train/epoch_top1 0.4155
wandb:       train/loss 1.8113
wandb:       train/top1 0.4155
wandb:       train/top5 0.6595
wandb:    val/best_top1 0.5362
wandb:     val/ema_top1 0.5362
wandb:     val/ema_top5 0.836
wandb:         val/loss 1.693
wandb:               +2 ...
wandb: 
wandb: You can sync this run to the cloud by running:
wandb: wandb sync /Data/romain.poggi/smth2smth/wandb/offline-run-20260531_183321-s42-replay-mae350
wandb: Find logs at: ./wandb/offline-run-20260531_183321-s42-replay-mae350/logs
wandb: Tracking run with wandb version 0.27.0
wandb: W&B syncing is set to `offline` in this directory. Run `wandb online` or set WANDB_MODE=online to enable cloud syncing.
wandb: Run data is saved locally in /Data/romain.poggi/smth2smth/wandb/offline-run-20260531_183322-s42-replay-mae400
wandb: 
wandb: Run history:
wandb:            epoch ▁▁▁▁▂▂▂▂▂▂▃▃▃▃▃▄▄▄▄▄▄▅▅▅▅▅▅▆▆▆▆▆▇▇▇▇▇███
wandb: train/epoch_loss █▇▆▆▆▅▅▅▄▄▄▄▄▄▃▃▃▃▃▃▃▃▃▃▃▃▃▃▂▂▂▂▂▂▁▁▁▁▁▁
wandb: train/epoch_top1 ▁▂▃▃▄▄▄▄▅▅▅▅▅▅▆▆▆▆▆▆▆▆▆▆▆▆▆▆▇▇▇▇▇▇██████
wandb:       train/loss ███▇▆▅▅▅▅▅▄▄▄▃▃▃▃▃▃▃▃▃▃▃▃▃▃▂▂▂▂▂▁▁▁▁▁▁▁▁
wandb:       train/top1 ▁▂▃▄▄▄▅▅▅▅▅▅▅▅▅▅▆▆▆▆▆▆▆▆▆▇▆▆▆▇▇▇▇▇▇▇████
wandb:       train/top5 ▁▁▁▅▅▅▆▆▆▆▆▆▇▇▇▆▇▇▇▇▇▇▇▇▇█▇▇████▇███████
wandb:    val/best_top1 ▁▃▃▄▅▆▆▆▆▆▇▇▇▇▇▇▇▇▇▇▇▇██████████████████
wandb:     val/ema_top1 ▁▁▁▁▁▂▂▃▃▄▇▇▇▇▇▇▇▇▇▇▇▇██████████████████
wandb:     val/ema_top5 ▁▂▂▂▂▃▃▄▅▆██████████████████████████████
wandb:         val/loss █▇▅▄▄▃▃▃▃▂▂▂▂▂▂▂▂▂▂▂▁▁▁▁▁▁▁▁▁▁▁▁▁▁▁▁▁▁▁▁
wandb:               +2 ...
wandb: 
wandb: Run summary:
wandb:            epoch 50
wandb: train/epoch_loss 1.6671
wandb: train/epoch_top1 0.4482
wandb:       train/loss 1.6671
wandb:       train/top1 0.4482
wandb:       train/top5 0.6787
wandb:    val/best_top1 0.5305
wandb:     val/ema_top1 0.5288
wandb:     val/ema_top5 0.8299
wandb:         val/loss 1.7595
wandb:               +2 ...
wandb: 
wandb: You can sync this run to the cloud by running:
wandb: wandb sync /Data/romain.poggi/smth2smth/wandb/offline-run-20260531_183322-s42-replay-mae400
wandb: Find logs at: ./wandb/offline-run-20260531_183322-s42-replay-mae400/logs
wandb: Tracking run with wandb version 0.27.0
wandb: W&B syncing is set to `offline` in this directory. Run `wandb online` or set WANDB_MODE=online to enable cloud syncing.
wandb: Run data is saved locally in /Data/romain.poggi/smth2smth/wandb/offline-run-20260531_183324-s42-replay-mae450
wandb: 
wandb: Run history:
wandb:            epoch ▁▁▁▁▂▂▂▂▂▂▃▃▃▃▃▄▄▄▄▄▅▅▅▅▅▆▆▆▆▆▆▇▇▇▇▇▇███
wandb: train/epoch_loss █▇▆▆▅▅▄▄▄▄▄▄▃▃▃▃▃▃▃▂▂▂▂▂▂▂▂▂▂▁▁▁▁▁▁▁▁▁▁▁
wandb: train/epoch_top1 ▁▂▃▃▄▄▅▅▅▅▅▅▆▆▆▆▆▆▆▇▇▇▇▇▇▇▇▇▇███████████
wandb:       train/loss █▇▇▆▆▅▅▅▅▅▄▄▄▄▃▃▃▃▃▃▂▂▂▂▁▂▂▂▂▂▂▁▂▁▁▁▁▁▁▁
wandb:       train/top1 ▁▂▃▄▄▄▄▄▄▄▄▅▅▅▅▅▅▅▅▅▆▆▆▆▆▆▆▆▆▆▆▆▇▆▇▇▇█▇▇
wandb:       train/top5 ▁▁▃▄▅▅▅▆▆▆▆▆▆▆▆▆▇▇▇▇▇▇▇▇▇▇▇▇▇▇▇▇████████
wandb:    val/best_top1 ▁▃▃▄▅▅▆▆▆▆▇▇▇▇▇▇▇▇▇▇████████████████████
wandb:     val/ema_top1 ▁▁▁▁▁▂▂▃▃▄▅▅▆▆▆▇▇▇▇▇▇▇▇▇████████████████
wandb:     val/ema_top5 ▁▂▂▂▂▃▃▃▄▅▆▆▇▇▇▇▇███████████████████████
wandb:         val/loss █▇▅▄▄▃▃▃▃▃▂▂▂▂▂▂▁▁▂▂▂▁▁▁▁▁▁▁▁▁▁▁▁▁▁▁▁▁▁▁
wandb:               +2 ...
wandb: 
wandb: Run summary:
wandb:            epoch 50
wandb: train/epoch_loss 1.8291
wandb: train/epoch_top1 0.4142
wandb:       train/loss 1.8291
wandb:       train/top1 0.4142
wandb:       train/top5 0.6619
wandb:    val/best_top1 0.5357
wandb:     val/ema_top1 0.5336
wandb:     val/ema_top5 0.835
wandb:         val/loss 1.6836
wandb:               +2 ...
wandb: 
wandb: You can sync this run to the cloud by running:
wandb: wandb sync /Data/romain.poggi/smth2smth/wandb/offline-run-20260531_183324-s42-replay-mae450
wandb: Find logs at: ./wandb/offline-run-20260531_183324-s42-replay-mae450/logs
wandb: Tracking run with wandb version 0.27.0
wandb: W&B syncing is set to `offline` in this directory. Run `wandb online` or set WANDB_MODE=online to enable cloud syncing.
wandb: Run data is saved locally in /Data/romain.poggi/smth2smth/wandb/offline-run-20260531_183325-s42-replay-mae500
wandb: 
wandb: Run history:
wandb:            epoch ▁▁▁▁▂▂▂▂▂▂▃▃▃▃▃▄▄▄▄▄▄▅▅▅▅▅▅▆▆▆▆▆▇▇▇▇▇███
wandb: train/epoch_loss █▇▆▆▆▅▅▄▄▄▄▄▄▄▄▃▃▃▃▃▃▃▃▃▂▂▂▂▂▂▂▂▂▁▁▁▁▁▁▁
wandb: train/epoch_top1 ▁▂▃▃▃▄▄▅▅▅▅▅▅▅▆▆▆▆▆▆▆▆▆▆▇▇▇▇▇▇▇▇▇▇██████
wandb:       train/loss ██▆▅▅▄▄▄▄▄▄▄▄▃▃▃▃▃▃▃▃▃▃▃▃▂▂▂▂▂▂▂▁▂▁▁▁▁▁▁
wandb:       train/top1 ▁▁▂▂▂▂▃▃▃▃▄▄▄▄▄▅▅▅▅▅▅▅▅▆▆▆▆▆▆▆▇▇▇▇▇▇▇▇▇█
wandb:       train/top5 ▁▂▄▅▅▇▆▆▆▆▆▆▆▆▇▆▆▆▇▆▇▇▇▇▇▇▇▇▇▇██████████
wandb:    val/best_top1 ▁▃▃▄▅▆▆▆▆▆▇▇▇▇▇▇▇▇▇▇████████████████████
wandb:     val/ema_top1 ▁▁▁▁▁▂▂▃▃▄▅▅▆▆▆▇▇▇▇▇▇▇▇▇████████████████
wandb:     val/ema_top5 ▁▂▂▂▂▃▃▄▅▆▆▇▇▇▇▇████████████████████████
wandb:         val/loss █▇▅▄▄▃▃▃▃▂▂▂▂▂▂▂▂▁▁▂▁▁▁▁▁▁▁▁▁▁▁▁▁▁▁▁▁▁▁▁
wandb:               +2 ...
wandb: 
wandb: Run summary:
wandb:            epoch 50
wandb: train/epoch_loss 1.7059
wandb: train/epoch_top1 0.441
wandb:       train/loss 1.7059
wandb:       train/top1 0.441
wandb:       train/top5 0.682
wandb:    val/best_top1 0.5331
wandb:     val/ema_top1 0.5296
wandb:     val/ema_top5 0.835
wandb:         val/loss 1.7096
wandb:               +2 ...
wandb: 
wandb: You can sync this run to the cloud by running:
wandb: wandb sync /Data/romain.poggi/smth2smth/wandb/offline-run-20260531_183325-s42-replay-mae500
wandb: Find logs at: ./wandb/offline-run-20260531_183325-s42-replay-mae500/logs
wandb: ERROR Error while calling W&B API: run s42-replay-mae050 was previously created and deleted; try a new run id (<Response [409]>)
wandb: ERROR Error while calling W&B API: run s42-replay-mae050 was previously created and deleted; try a new run id (<Response [409]>)
wandb: ERROR Error while calling W&B API: run s42-replay-mae050 was previously created and deleted; try a new run id (<Response [409]>)
wandb: ERROR Error while calling W&B API: run s42-replay-mae050 was previously created and deleted; try a new run id (<Response [409]>)
wandb: ERROR Error while calling W&B API: run s42-replay-mae050 was previously created and deleted; try a new run id (<Response [409]>)
wandb: ERROR Error while calling W&B API: run s42-replay-mae050 was previously created and deleted; try a new run id (<Response [409]>)
wandb: ERROR Error while calling W&B API: run s42-replay-mae050 was previously created and deleted; try a new run id (<Response [409]>)
wandb: ERROR Error while calling W&B API: run s42-replay-mae050 was previously created and deleted; try a new run id (<Response [409]>)
Find logs at: /Data/romain.poggi/smth2smth/wandb/debug-cli.romain.poggi.log
Syncing: https://wandb.ai/romain-poggi-ecole-polytechnique/smth2smth-frame-ablation/runs/s42-replay-mae050 ... done.
wandb: ERROR Error while calling W&B API: run s42-replay-mae100 was previously created and deleted; try a new run id (<Response [409]>)
wandb: ERROR Error while calling W&B API: run s42-replay-mae100 was previously created and deleted; try a new run id (<Response [409]>)
wandb: ERROR Error while calling W&B API: run s42-replay-mae100 was previously created and deleted; try a new run id (<Response [409]>)
wandb: ERROR Error while calling W&B API: run s42-replay-mae100 was previously created and deleted; try a new run id (<Response [409]>)
wandb: ERROR Error while calling W&B API: run s42-replay-mae100 was previously created and deleted; try a new run id (<Response [409]>)
wandb: ERROR Error while calling W&B API: run s42-replay-mae100 was previously created and deleted; try a new run id (<Response [409]>)
wandb: ERROR Error while calling W&B API: run s42-replay-mae100 was previously created and deleted; try a new run id (<Response [409]>)
wandb: ERROR Error while calling W&B API: run s42-replay-mae100 was previously created and deleted; try a new run id (<Response [409]>)
Find logs at: /Data/romain.poggi/smth2smth/wandb/debug-cli.romain.poggi.log
Syncing: https://wandb.ai/romain-poggi-ecole-polytechnique/smth2smth-frame-ablation/runs/s42-replay-mae100 ... done.
wandb: ERROR Error while calling W&B API: run s42-replay-mae150 was previously created and deleted; try a new run id (<Response [409]>)
wandb: ERROR Error while calling W&B API: run s42-replay-mae150 was previously created and deleted; try a new run id (<Response [409]>)
wandb: ERROR Error while calling W&B API: run s42-replay-mae150 was previously created and deleted; try a new run id (<Response [409]>)
wandb: ERROR Error while calling W&B API: run s42-replay-mae150 was previously created and deleted; try a new run id (<Response [409]>)
wandb: ERROR Error while calling W&B API: run s42-replay-mae150 was previously created and deleted; try a new run id (<Response [409]>)
wandb: ERROR Error while calling W&B API: run s42-replay-mae150 was previously created and deleted; try a new run id (<Response [409]>)
wandb: ERROR Error while calling W&B API: run s42-replay-mae150 was previously created and deleted; try a new run id (<Response [409]>)
wandb: ERROR Error while calling W&B API: run s42-replay-mae150 was previously created and deleted; try a new run id (<Response [409]>)
Find logs at: /Data/romain.poggi/smth2smth/wandb/debug-cli.romain.poggi.log
Syncing: https://wandb.ai/romain-poggi-ecole-polytechnique/smth2smth-frame-ablation/runs/s42-replay-mae150 ... done.
wandb: ERROR Error while calling W&B API: run s42-replay-mae200 was previously created and deleted; try a new run id (<Response [409]>)
wandb: ERROR Error while calling W&B API: run s42-replay-mae200 was previously created and deleted; try a new run id (<Response [409]>)
wandb: ERROR Error while calling W&B API: run s42-replay-mae200 was previously created and deleted; try a new run id (<Response [409]>)
wandb: ERROR Error while calling W&B API: run s42-replay-mae200 was previously created and deleted; try a new run id (<Response [409]>)
wandb: ERROR Error while calling W&B API: run s42-replay-mae200 was previously created and deleted; try a new run id (<Response [409]>)
wandb: ERROR Error while calling W&B API: run s42-replay-mae200 was previously created and deleted; try a new run id (<Response [409]>)
wandb: ERROR Error while calling W&B API: run s42-replay-mae200 was previously created and deleted; try a new run id (<Response [409]>)
