wandb: [wandb.Api()] Loaded credentials for https://api.wandb.ai from /users/eleves-a/2021/romain.poggi/.netrc.
wandb: Tracking run with wandb version 0.27.0
wandb: W&B syncing is set to `offline` in this directory. Run `wandb online` or set WANDB_MODE=online to enable cloud syncing.
wandb: Run data is saved locally in /Data/romain.poggi/smth2smth/wandb/offline-run-20260531_184328-s42-replay-v2-mae050
wandb: 
wandb: Run history:
wandb:            epoch ▁▁▁▁▂▂▂▂▂▂▃▃▃▃▃▄▄▄▄▄▅▅▅▅▅▅▆▆▆▆▆▆▇▇▇▇▇███
wandb: train/epoch_loss █▇▇▆▆▅▅▅▅▄▄▄▄▄▄▃▃▃▃▃▃▃▂▂▂▂▂▂▂▂▁▁▁▁▁▁▁▁▁▁
wandb: train/epoch_top1 ▁▂▃▃▃▄▄▄▄▅▅▅▅▅▆▆▆▆▆▆▆▆▇▇▇▇▇▇▇▇██████████
wandb:       train/loss ███▇▇▇▆▆▆▅▅▅▄▄▄▄▃▃▃▃▃▃▃▃▃▂▂▁▁▁▁▁▁▁▁▁▁▁▁▁
wandb:       train/top1 ▁▃▃▃▃▄▄▄▄▄▄▄▅▅▆▆▆▆▆▆▆▆▆▆▆▇▇▇▇▇██████████
wandb:       train/top5 ▁▂▄▄▄▅▅▅▅▆▆▆▆▆▆▆▆▆▆▇▆▇▇▇▇▇▇▇████████████
wandb:    val/best_top1 ▁▂▃▄▄▅▅▅▅▅▆▆▆▆▆▆▇▇▇▇▇▇▇█████████████████
wandb:     val/ema_top1 ▁▁▂▂▂▃▃▃▄▄▅▅▅▅▆▆▆▆▆▇▇▇▇▇▇███████████████
wandb:     val/ema_top5 ▁▁▂▂▃▄▄▅▅▅▆▆▆▆▇▇▇▇▇▇▇███████████████████
wandb:         val/loss █▇▆▅▅▄▄▄▃▃▃▃▂▃▂▂▂▂▂▂▂▁▁▁▁▁▁▁▁▁▁▁▁▁▁▁▁▁▁▁
wandb:               +2 ...
wandb: 
wandb: Run summary:
wandb:            epoch 50
wandb: train/epoch_loss 1.9447
wandb: train/epoch_top1 0.3867
wandb:       train/loss 1.9447
wandb:       train/top1 0.3867
wandb:       train/top5 0.6385
wandb:    val/best_top1 0.4519
wandb:     val/ema_top1 0.4519
wandb:     val/ema_top5 0.7821
wandb:         val/loss 2.0062
wandb:               +2 ...
wandb: 
wandb: You can sync this run to the cloud by running:
wandb: wandb sync /Data/romain.poggi/smth2smth/wandb/offline-run-20260531_184328-s42-replay-v2-mae050
wandb: Find logs at: ./wandb/offline-run-20260531_184328-s42-replay-v2-mae050/logs
wandb: Tracking run with wandb version 0.27.0
wandb: W&B syncing is set to `offline` in this directory. Run `wandb online` or set WANDB_MODE=online to enable cloud syncing.
wandb: Run data is saved locally in /Data/romain.poggi/smth2smth/wandb/offline-run-20260531_184330-s42-replay-v2-mae100
wandb: 
wandb: Run history:
wandb:            epoch ▁▁▁▂▂▂▂▂▃▃▃▃▃▃▄▄▄▄▄▄▅▅▅▅▅▆▆▆▆▆▆▇▇▇▇▇▇███
wandb: train/epoch_loss █▇▆▆▆▅▅▄▄▄▄▄▄▃▃▃▃▃▃▃▂▂▂▂▂▂▂▂▂▂▁▁▁▁▁▁▁▁▁▁
wandb: train/epoch_top1 ▁▂▃▃▃▄▄▅▅▅▅▅▆▆▆▆▆▆▆▇▇▇▇▇▇▇▇▇▇▇██████████
wandb:       train/loss █▇▇▇▇▆▆▅▅▅▅▄▄▄▄▄▄▃▃▃▃▃▂▂▂▂▂▂▂▂▁▁▁▁▁▁▁▁▁▁
wandb:       train/top1 ▁▂▄▄▄▅▅▅▅▅▆▆▆▆▆▆▆▆▇▆▇▇▇▇▇▇▇▇▇▇██████████
wandb:       train/top5 ▁▁▂▂▂▃▃▄▄▄▄▅▅▆▆▆▆▆▆▆▇▇▇▇▇▇▇▇▇██████▇████
wandb:    val/best_top1 ▁▃▃▄▅▆▆▆▆▆▇▇▇▇▇▇▇▇▇▇▇▇██████████████████
wandb:     val/ema_top1 ▁▁▁▂▂▂▂▂▃▄▅▅▅▆▆▆▆▇▇▇▇▇▇▇▇███████████████
wandb:     val/ema_top5 ▁▁▂▂▂▃▄▄▄▅▅▆▆▆▇▇▇▇▇█████████████████████
wandb:         val/loss █▆▆▄▄▃▃▃▃▃▂▂▂▂▂▂▂▂▁▂▁▁▁▁▁▁▁▁▁▁▁▁▁▁▁▁▁▁▁▁
wandb:               +2 ...
wandb: 
wandb: Run summary:
wandb:            epoch 50
wandb: train/epoch_loss 1.8643
wandb: train/epoch_top1 0.404
wandb:       train/loss 1.8643
wandb:       train/top1 0.404
wandb:       train/top5 0.6527
wandb:    val/best_top1 0.4995
wandb:     val/ema_top1 0.4995
wandb:     val/ema_top5 0.8126
wandb:         val/loss 1.8358
wandb:               +2 ...
wandb: 
wandb: You can sync this run to the cloud by running:
wandb: wandb sync /Data/romain.poggi/smth2smth/wandb/offline-run-20260531_184330-s42-replay-v2-mae100
wandb: Find logs at: ./wandb/offline-run-20260531_184330-s42-replay-v2-mae100/logs
wandb: Tracking run with wandb version 0.27.0
wandb: W&B syncing is set to `offline` in this directory. Run `wandb online` or set WANDB_MODE=online to enable cloud syncing.
wandb: Run data is saved locally in /Data/romain.poggi/smth2smth/wandb/offline-run-20260531_184331-s42-replay-v2-mae150
wandb: 
wandb: Run history:
wandb:            epoch ▁▁▁▂▂▂▂▂▃▃▃▃▃▃▄▄▄▄▄▅▅▅▅▅▆▆▆▆▆▆▇▇▇▇▇███
wandb: train/epoch_loss █▇▆▆▆▆▅▅▅▅▅▄▄▄▄▄▄▃▃▃▃▃▄▃▃▃▃▃▂▂▂▂▂▁▁▁▁▁
wandb: train/epoch_top1 ▁▂▃▃▃▃▄▄▄▄▄▅▅▅▅▅▅▆▆▆▆▆▅▅▆▆▆▆▆▇▇▇▇▇████
wandb:       train/loss ███▇▇▆▆▅▅▅▄▄▄▄▄▄▄▄▄▄▃▃▃▃▃▃▃▄▃▃▂▂▂▂▂▁▁▁▁▁
wandb:       train/top1 ▁▁▁▃▃▄▄▄▄▄▄▅▅▅▅▅▅▅▅▅▆▆▆▆▆▆▆▆▆▆▆▇▇▇▇█████
wandb:       train/top5 ▁▂▃▃▄▄▄▄▅▅▅▅▆▆▆▆▆▆▆▆▆▇▇▇▇▇▇▇▇▇▇▇▇███████
wandb:    val/best_top1 ▁▃▃▅▅▆▆▆▆▆▆▇▇▇▇▇▇▇████████████████████
wandb:     val/ema_top1 ▁▁▁▁▂▂▂▂▂▃▃▇▇▇▇▇▇▇▇▇▇▇████████████████
wandb:     val/ema_top5 ▁▁▂▂▂▃▃▃▄▄▅▇██████████████████████████
wandb:         val/loss █▆▅▄▃▃▃▂▃▂▂▂▂▂▂▂▁▁▁▁▂▂▁▁▁▁▁▁▁▁▁▁▁▂▁▂▂▂
wandb:               +2 ...
wandb: 
wandb: Run summary:
wandb:            epoch 38
wandb: train/epoch_loss 1.5634
wandb: train/epoch_top1 0.4795
wandb:       train/loss 1.731
wandb:       train/top1 0.4435
wandb:       train/top5 0.6776
wandb:    val/best_top1 0.4919
wandb:     val/ema_top1 0.4919
wandb:     val/ema_top5 0.8099
wandb:         val/loss 2.0078
wandb:               +2 ...
wandb: 
wandb: You can sync this run to the cloud by running:
wandb: wandb sync /Data/romain.poggi/smth2smth/wandb/offline-run-20260531_184331-s42-replay-v2-mae150
wandb: Find logs at: ./wandb/offline-run-20260531_184331-s42-replay-v2-mae150/logs
wandb: Tracking run with wandb version 0.27.0
wandb: W&B syncing is set to `offline` in this directory. Run `wandb online` or set WANDB_MODE=online to enable cloud syncing.
wandb: Run data is saved locally in /Data/romain.poggi/smth2smth/wandb/offline-run-20260531_184332-s42-replay-v2-mae200
wandb: 
wandb: Run history:
wandb:            epoch ▁▁▁▁▂▂▂▂▂▃▃▃▃▃▃▄▄▄▄▄▅▅▅▅▅▆▆▆▆▆▆▇▇▇▇▇▇███
wandb: train/epoch_loss █▇▇▆▆▅▅▅▅▄▄▃▃▄▄▄▄▄▃▃▂▂▂▂▂▁▂▂▁▁▁▁▁▁▂▂▂▂▂▂
wandb: train/epoch_top1 ▁▂▃▃▃▄▅▅▅▅▆▆▆▅▅▆▆▆▆▆▇▇▇▇▇█▇▇██████▇▇▇▇▇▇
wandb:       train/loss ███▆▆▆▆▅▅▅▄▄▃▃▃▃▃▃▃▃▂▂▂▂▂▁▁▁▁▁▁▁▁▁▁▁▁▂▂▂
wandb:       train/top1 ▁▂▂▃▃▃▄▅▅▅▆▆▆▅▅▆▆▇▇▇▇▇▇▇███▇████▇▇▇▇▇▇▇▇
wandb:       train/top5 ▁▃▄▅▅▆▆▆▆▇▆▆▆▆▇▇▇▇▇████████████████▇█▇█▇
wandb:    val/best_top1 ▁▄▅▅▆▆▆▆▆▇▇▇▇▇▇▇▇███████████████████████
wandb:     val/ema_top1 ▁▁▁▂▂▂▆▇▇▇▇▇▇▇▇▇▇▇▇▇████████████████████
wandb:     val/ema_top5 ▁▁▂▂▃▃▇▇▇▇▇█████████████████████████████
wandb:         val/loss █▆▅▄▃▃▃▂▂▂▂▂▂▂▂▁▁▁▁▁▁▁▂▁▁▁▁▁▁▁▁▁▁▁▁▁▁▁▁▁
wandb:               +2 ...
wandb: 
wandb: Run summary:
wandb:            epoch 50
wandb: train/epoch_loss 1.9031
wandb: train/epoch_top1 0.3977
wandb:       train/loss 1.9031
wandb:       train/top1 0.3977
wandb:       train/top5 0.6467
wandb:    val/best_top1 0.5087
wandb:     val/ema_top1 0.5079
wandb:     val/ema_top5 0.8184
wandb:         val/loss 1.8073
wandb:               +2 ...
wandb: 
wandb: You can sync this run to the cloud by running:
wandb: wandb sync /Data/romain.poggi/smth2smth/wandb/offline-run-20260531_184332-s42-replay-v2-mae200
wandb: Find logs at: ./wandb/offline-run-20260531_184332-s42-replay-v2-mae200/logs
wandb: Tracking run with wandb version 0.27.0
wandb: W&B syncing is set to `offline` in this directory. Run `wandb online` or set WANDB_MODE=online to enable cloud syncing.
wandb: Run data is saved locally in /Data/romain.poggi/smth2smth/wandb/offline-run-20260531_184334-s42-replay-v2-mae250
wandb: 
wandb: Run history:
wandb:            epoch ▁▁▁▁▂▂▂▂▂▂▃▃▃▃▃▄▄▄▄▄▅▅▅▅▅▅▆▆▆▆▆▆▇▇▇▇▇▇██
wandb: train/epoch_loss █▇▆▆▅▅▄▄▄▄▄▄▃▃▃▃▃▃▃▃▂▂▂▂▂▂▂▂▂▁▁▁▁▁▁▁▁▁▁▁
wandb: train/epoch_top1 ▁▂▃▃▄▅▅▅▅▅▅▆▆▆▆▆▆▆▆▇▇▇▇▇▇▇▇▇▇███████████
wandb:       train/loss █▇▇▆▆▅▅▅▄▄▄▄▄▄▃▄▃▃▃▃▃▂▂▂▂▂▂▂▂▂▂▂▂▂▁▁▁▁▁▁
wandb:       train/top1 ▁▃▃▃▃▃▄▄▄▄▅▅▅▅▅▆▆▆▆▇▇▇▇▇▇▇▇▇██████▇█████
wandb:       train/top5 ▁▁▂▃▅▆▆▆▆▆▆▆▆▇▇▇▇▇▇▇▇▇▇█████████████████
wandb:    val/best_top1 ▁▃▅▅▆▆▆▆▆▇▇▇▇▇▇▇▇▇▇▇████████████████████
wandb:     val/ema_top1 ▁▁▁▁▂▂▂▃▃▃▅▅▆▆▆▇▇▇▇▇▇▇██████████████████
wandb:     val/ema_top5 ▁▁▂▂▃▃▄▄▅▅▆▆▇▇▇▇▇▇██████████████████████
wandb:         val/loss █▆▅▄▃▃▃▃▃▂▂▂▂▂▂▂▁▁▁▁▁▁▁▁▁▁▁▁▁▁▁▁▁▁▁▁▁▁▁▁
wandb:               +2 ...
wandb: 
wandb: Run summary:
wandb:            epoch 50
wandb: train/epoch_loss 1.8065
wandb: train/epoch_top1 0.4147
wandb:       train/loss 1.8065
wandb:       train/top1 0.4147
wandb:       train/top5 0.66
wandb:    val/best_top1 0.5284
wandb:     val/ema_top1 0.5278
wandb:     val/ema_top5 0.8388
wandb:         val/loss 1.7107
wandb:               +2 ...
wandb: 
wandb: You can sync this run to the cloud by running:
wandb: wandb sync /Data/romain.poggi/smth2smth/wandb/offline-run-20260531_184334-s42-replay-v2-mae250
wandb: Find logs at: ./wandb/offline-run-20260531_184334-s42-replay-v2-mae250/logs
wandb: Tracking run with wandb version 0.27.0
wandb: W&B syncing is set to `offline` in this directory. Run `wandb online` or set WANDB_MODE=online to enable cloud syncing.
wandb: Run data is saved locally in /Data/romain.poggi/smth2smth/wandb/offline-run-20260531_184335-s42-replay-v2-mae300
wandb: 
wandb: Run history:
wandb:            epoch ▁▁▁▁▂▂▂▂▂▂▃▃▃▃▃▄▄▄▄▄▄▅▅▅▅▅▅▆▆▆▆▆▇▇▇▇▇███
wandb: train/epoch_loss █▇▆▆▅▅▄▄▄▄▄▃▃▃▃▃▃▃▃▂▂▂▂▂▂▂▂▂▁▁▁▁▁▁▁▁▁▁▁▁
wandb: train/epoch_top1 ▁▂▃▃▄▅▅▅▅▅▅▆▆▆▆▆▆▆▆▆▇▇▇▇▇▇▇▇▇▇██████████
wandb:       train/loss █▆▆▅▅▅▅▅▅▅▅▄▄▄▄▄▄▄▃▄▃▂▃▂▃▂▂▂▂▂▂▂▂▂▂▂▂▂▂▁
wandb:       train/top1 ▁▂▂▃▃▃▄▃▄▄▅▅▅▅▅▆▆▆▆▆▇▇▇▇▇▇▇▇▇██▇████████
wandb:       train/top5 ▁▁▁▁▂▃▃▄▅▅▆▆▆▆▆▆▆▆▇▇▇▇▇▇▇███▇▇██████████
wandb:    val/best_top1 ▁▃▃▅▅▆▆▆▆▆▇▇▇▇▇▇▇▇▇▇▇███████████████████
wandb:     val/ema_top1 ▁▁▁▁▁▂▂▂▃▄▅▅▆▆▆▇▇▇▇▇▇▇▇▇████████████████
wandb:     val/ema_top5 ▁▁▂▂▂▃▃▃▄▄▆▆▆▇▇▇▇▇██████████████████████
wandb:         val/loss █▆▅▄▄▃▃▃▃▂▂▂▂▂▂▂▁▁▁▂▁▁▁▁▁▁▁▁▁▁▁▁▁▁▁▁▁▁▁▁
wandb:               +2 ...
wandb: 
wandb: Run summary:
wandb:            epoch 50
wandb: train/epoch_loss 1.8085
wandb: train/epoch_top1 0.4131
wandb:       train/loss 1.8085
wandb:       train/top1 0.4131
wandb:       train/top5 0.6599
wandb:    val/best_top1 0.5357
wandb:     val/ema_top1 0.5337
wandb:     val/ema_top5 0.8363
wandb:         val/loss 1.7018
wandb:               +2 ...
wandb: 
wandb: You can sync this run to the cloud by running:
wandb: wandb sync /Data/romain.poggi/smth2smth/wandb/offline-run-20260531_184335-s42-replay-v2-mae300
wandb: Find logs at: ./wandb/offline-run-20260531_184335-s42-replay-v2-mae300/logs
wandb: Tracking run with wandb version 0.27.0
wandb: W&B syncing is set to `offline` in this directory. Run `wandb online` or set WANDB_MODE=online to enable cloud syncing.
wandb: Run data is saved locally in /Data/romain.poggi/smth2smth/wandb/offline-run-20260531_184336-s42-replay-v2-mae350
wandb: 
wandb: Run history:
wandb:            epoch ▁▁▁▁▂▂▂▂▂▂▃▃▃▃▃▄▄▄▄▄▄▅▅▅▅▅▆▆▆▆▆▆▇▇▇▇▇███
wandb: train/epoch_loss █▇▆▆▅▄▄▄▄▄▄▃▃▃▃▃▃▃▃▂▂▂▂▂▂▂▂▂▁▁▁▁▁▁▁▁▁▁▁▁
wandb: train/epoch_top1 ▁▂▃▃▄▅▅▅▅▅▆▆▆▆▆▆▆▆▇▇▇▇▇▇▇▇▇▇█▇██████████
wandb:       train/loss █▇▇▇▆▆▆▆▄▄▄▄▃▃▃▃▃▃▃▃▂▂▂▂▂▂▂▁▂▂▂▂▁▁▁▁▁▁▁▁
wandb:       train/top1 ▁▂▃▄▅▆▅▆▆▆▆▆▆▆▆▆▆▇▆▆▇▇▇▇▇▇▇▇▇███████████
wandb:       train/top5 ▁▂▃▃▄▄▄▄▅▅▅▅▅▅▆▆▆▆▆▆▆▆▆▇▇▇▇▇▇▇▇█████████
wandb:    val/best_top1 ▁▃▃▄▅▆▆▆▆▆▇▇▇▇▇▇▇▇▇▇▇▇██████████████████
wandb:     val/ema_top1 ▁▁▁▁▁▂▂▃▃▄▅▆▆▆▆▇▇▇▇▇▇▇██████████████████
wandb:     val/ema_top5 ▁▂▂▂▂▃▃▃▅▅▆▇▇▇▇▇▇███████████████████████
wandb:         val/loss █▆▄▄▃▃▃▃▃▂▂▂▂▂▂▂▂▁▁▂▁▁▁▁▁▁▁▁▁▁▁▁▁▁▁▁▁▁▁▁
wandb:               +2 ...
wandb: 
wandb: Run summary:
wandb:            epoch 50
wandb: train/epoch_loss 1.8113
wandb: train/epoch_top1 0.4155
wandb:       train/loss 1.8113
wandb:       train/top1 0.4155
wandb:       train/top5 0.6595
wandb:    val/best_top1 0.5362
wandb:     val/ema_top1 0.5362
wandb:     val/ema_top5 0.836
wandb:         val/loss 1.693
wandb:               +2 ...
wandb: 
wandb: You can sync this run to the cloud by running:
wandb: wandb sync /Data/romain.poggi/smth2smth/wandb/offline-run-20260531_184336-s42-replay-v2-mae350
wandb: Find logs at: ./wandb/offline-run-20260531_184336-s42-replay-v2-mae350/logs
wandb: Tracking run with wandb version 0.27.0
wandb: W&B syncing is set to `offline` in this directory. Run `wandb online` or set WANDB_MODE=online to enable cloud syncing.
wandb: Run data is saved locally in /Data/romain.poggi/smth2smth/wandb/offline-run-20260531_184338-s42-replay-v2-mae400
wandb: 
wandb: Run history:
wandb:            epoch ▁▁▁▁▂▂▂▂▂▂▃▃▃▃▃▄▄▄▄▄▅▅▅▅▅▆▆▆▆▆▆▇▇▇▇▇▇███
wandb: train/epoch_loss █▇▆▆▆▅▅▅▄▄▄▄▄▄▃▃▃▃▃▃▃▃▃▃▃▃▃▃▂▂▂▂▂▂▁▁▁▁▁▁
wandb: train/epoch_top1 ▁▂▃▃▃▄▄▄▄▅▅▅▅▅▅▆▆▆▆▆▆▆▆▆▆▆▆▇▇▇▇▇▇▇▇█████
wandb:       train/loss ██▇▆▆▅▅▅▅▄▄▃▃▃▃▃▃▃▃▃▃▃▃▃▃▃▃▃▂▂▂▂▂▂▁▁▁▁▁▁
wandb:       train/top1 ▁▂▂▃▃▄▄▄▅▅▅▅▅▅▆▆▆▆▇▆▆▆▆▆▆▆▆▇▇▅▇▇▇███████
wandb:       train/top5 ▁▁▂▂▃▄▄▄▄▄▄▅▅▅▅▆▆▆▆▆▆▆▆▅▆▆▆▆▇▇▇▇▇▇▇█████
wandb:    val/best_top1 ▁▃▃▄▅▆▆▆▆▆▇▇▇▇▇▇▇▇▇▇▇▇██████████████████
wandb:     val/ema_top1 ▁▁▁▁▁▂▂▃▃▄▇▇▇▇▇▇▇▇▇▇▇▇▇█████████████████
wandb:     val/ema_top5 ▁▂▂▂▂▃▃▃▅▆▇█████████████████████████████
wandb:         val/loss █▇▅▄▄▃▃▃▃▂▂▂▂▂▂▂▂▂▂▁▁▁▁▁▁▁▁▁▁▁▁▁▁▁▁▁▁▁▁▁
wandb:               +2 ...
wandb: 
wandb: Run summary:
wandb:            epoch 50
wandb: train/epoch_loss 1.6671
wandb: train/epoch_top1 0.4482
wandb:       train/loss 1.6671
wandb:       train/top1 0.4482
wandb:       train/top5 0.6787
wandb:    val/best_top1 0.5305
wandb:     val/ema_top1 0.5288
wandb:     val/ema_top5 0.8299
wandb:         val/loss 1.7595
wandb:               +2 ...
wandb: 
wandb: You can sync this run to the cloud by running:
wandb: wandb sync /Data/romain.poggi/smth2smth/wandb/offline-run-20260531_184338-s42-replay-v2-mae400
wandb: Find logs at: ./wandb/offline-run-20260531_184338-s42-replay-v2-mae400/logs
wandb: Tracking run with wandb version 0.27.0
wandb: W&B syncing is set to `offline` in this directory. Run `wandb online` or set WANDB_MODE=online to enable cloud syncing.
wandb: Run data is saved locally in /Data/romain.poggi/smth2smth/wandb/offline-run-20260531_184339-s42-replay-v2-mae450
wandb: 
wandb: Run history:
wandb:            epoch ▁▁▁▁▂▂▂▂▂▂▃▃▃▃▃▄▄▄▄▄▅▅▅▅▅▆▆▆▆▆▆▇▇▇▇▇▇███
wandb: train/epoch_loss █▇▆▆▅▅▄▄▄▄▄▄▃▃▃▃▃▃▃▃▂▂▂▂▂▂▂▂▂▁▁▁▁▁▁▁▁▁▁▁
wandb: train/epoch_top1 ▁▂▃▃▄▄▅▅▅▅▅▅▆▆▆▆▆▆▆▆▇▇▇▇▇▇▇▇▇███████████
wandb:       train/loss █▆▆▆▆▄▄▄▄▄▄▃▃▃▃▃▃▂▂▂▂▂▂▂▂▂▂▂▂▁▁▁▁▁▁▁▁▁▁▁
wandb:       train/top1 ▁▁▂▃▄▄▅▅▅▅▅▆▆▆▆▇▇▇▇▇▇▇▇▇▇▇▇▇████████████
wandb:       train/top5 ▁▂▃▄▅▅▅▆▆▆▆▆▆▆▆▇▇▇▇▇▇▇▇█▆▇▇▇████████████
wandb:    val/best_top1 ▁▃▃▄▅▅▆▆▆▆▇▇▇▇▇▇▇▇▇▇▇███████████████████
wandb:     val/ema_top1 ▁▁▁▁▁▂▂▃▃▄▅▅▆▆▆▇▇▇▇▇▇▇▇▇████████████████
wandb:     val/ema_top5 ▁▂▂▂▂▃▃▃▄▅▆▆▇▇▇▇▇███████████████████████
wandb:         val/loss █▇▅▄▄▃▃▃▃▃▂▂▂▂▂▂▂▂▁▁▁▂▁▁▁▁▁▁▁▁▁▁▁▁▁▁▁▁▁▁
wandb:               +2 ...
wandb: 
wandb: Run summary:
wandb:            epoch 50
wandb: train/epoch_loss 1.8291
wandb: train/epoch_top1 0.4142
wandb:       train/loss 1.8291
wandb:       train/top1 0.4142
wandb:       train/top5 0.6619
wandb:    val/best_top1 0.5357
wandb:     val/ema_top1 0.5336
wandb:     val/ema_top5 0.835
wandb:         val/loss 1.6836
wandb:               +2 ...
wandb: 
wandb: You can sync this run to the cloud by running:
wandb: wandb sync /Data/romain.poggi/smth2smth/wandb/offline-run-20260531_184339-s42-replay-v2-mae450
wandb: Find logs at: ./wandb/offline-run-20260531_184339-s42-replay-v2-mae450/logs
wandb: Tracking run with wandb version 0.27.0
wandb: W&B syncing is set to `offline` in this directory. Run `wandb online` or set WANDB_MODE=online to enable cloud syncing.
wandb: Run data is saved locally in /Data/romain.poggi/smth2smth/wandb/offline-run-20260531_184340-s42-replay-v2-mae500
wandb: 
wandb: Run history:
wandb:            epoch ▁▁▁▁▂▂▂▂▂▂▃▃▃▃▃▄▄▄▄▄▅▅▅▅▅▅▆▆▆▆▆▆▇▇▇▇▇███
wandb: train/epoch_loss █▇▆▆▆▅▄▄▄▄▄▄▄▄▃▃▃▃▃▃▃▃▃▂▂▂▂▂▂▂▂▂▂▁▁▁▁▁▁▁
wandb: train/epoch_top1 ▁▂▃▃▃▄▄▅▅▅▅▅▅▅▆▆▆▆▆▆▆▆▇▇▇▇▇▇▇▇▇▇▇███████
wandb:       train/loss ██▇▆▆▆▆▅▅▅▅▅▄▄▄▄▃▃▃▃▃▃▃▃▃▃▃▂▂▂▂▂▂▂▂▁▁▁▁▁
wandb:       train/top1 ▁▁▂▃▃▃▄▄▄▄▄▅▅▆▅▆▆▆▆▆▆▇▆▆▇▇▇▇▇▇▇▇▇▇████▇█
wandb:       train/top5 ▁▁▁▂▃▄▄▄▄▅▅▅▅▆▆▆▆▆▆▆▆▇▇▇▇▆▇▇▇█▇█████████
wandb:    val/best_top1 ▁▃▃▄▅▆▆▆▆▆▇▇▇▇▇▇▇▇▇▇████████████████████
wandb:     val/ema_top1 ▁▁▁▁▁▂▂▃▃▄▅▅▆▆▆▇▇▇▇▇▇▇▇█████████████████
wandb:     val/ema_top5 ▁▂▂▂▂▃▃▃▄▅▆▆▇▇▇▇▇███████████████████████
wandb:         val/loss █▇▅▄▄▃▃▃▃▃▂▂▂▂▂▂▂▂▁▁▁▁▁▁▁▁▁▁▁▁▁▁▁▁▁▁▁▁▁▁
wandb:               +2 ...
wandb: 
wandb: Run summary:
wandb:            epoch 50
wandb: train/epoch_loss 1.7059
wandb: train/epoch_top1 0.441
wandb:       train/loss 1.7059
wandb:       train/top1 0.441
wandb:       train/top5 0.682
wandb:    val/best_top1 0.5331
wandb:     val/ema_top1 0.5296
wandb:     val/ema_top5 0.835
wandb:         val/loss 1.7096
wandb:               +2 ...
wandb: 
wandb: You can sync this run to the cloud by running:
wandb: wandb sync /Data/romain.poggi/smth2smth/wandb/offline-run-20260531_184340-s42-replay-v2-mae500
wandb: Find logs at: ./wandb/offline-run-20260531_184340-s42-replay-v2-mae500/logs
Find logs at: /Data/romain.poggi/smth2smth/wandb/debug-cli.romain.poggi.log
Syncing: https://wandb.ai/romain-poggi-ecole-polytechnique/smth2smth-frame-ablation/runs/s42-replay-v2-mae050 ... done.
Find logs at: /Data/romain.poggi/smth2smth/wandb/debug-cli.romain.poggi.log
Syncing: https://wandb.ai/romain-poggi-ecole-polytechnique/smth2smth-frame-ablation/runs/s42-replay-v2-mae100 ... done.
Find logs at: /Data/romain.poggi/smth2smth/wandb/debug-cli.romain.poggi.log
Syncing: https://wandb.ai/romain-poggi-ecole-polytechnique/smth2smth-frame-ablation/runs/s42-replay-v2-mae150 ... done.
Find logs at: /Data/romain.poggi/smth2smth/wandb/debug-cli.romain.poggi.log
Syncing: https://wandb.ai/romain-poggi-ecole-polytechnique/smth2smth-frame-ablation/runs/s42-replay-v2-mae200 ... done.
Find logs at: /Data/romain.poggi/smth2smth/wandb/debug-cli.romain.poggi.log
Syncing: https://wandb.ai/romain-poggi-ecole-polytechnique/smth2smth-frame-ablation/runs/s42-replay-v2-mae250 ... done.
Find logs at: /Data/romain.poggi/smth2smth/wandb/debug-cli.romain.poggi.log
Syncing: https://wandb.ai/romain-poggi-ecole-polytechnique/smth2smth-frame-ablation/runs/s42-replay-v2-mae300 ... done.
Find logs at: /Data/romain.poggi/smth2smth/wandb/debug-cli.romain.poggi.log
Syncing: https://wandb.ai/romain-poggi-ecole-polytechnique/smth2smth-frame-ablation/runs/s42-replay-v2-mae350 ... done.
Find logs at: /Data/romain.poggi/smth2smth/wandb/debug-cli.romain.poggi.log
Syncing: https://wandb.ai/romain-poggi-ecole-polytechnique/smth2smth-frame-ablation/runs/s42-replay-v2-mae400 ... done.
Find logs at: /Data/romain.poggi/smth2smth/wandb/debug-cli.romain.poggi.log
Syncing: https://wandb.ai/romain-poggi-ecole-polytechnique/smth2smth-frame-ablation/runs/s42-replay-v2-mae450 ... done.
Find logs at: /Data/romain.poggi/smth2smth/wandb/debug-cli.romain.poggi.log
Syncing: https://wandb.ai/romain-poggi-ecole-polytechnique/smth2smth-frame-ablation/runs/s42-replay-v2-mae500 ... done.
logged meanpool-mae050-s42 offline (50 val epochs, 11250 steps) -> /Data/romain.poggi/smth2smth/wandb/offline-run-20260531_184328-s42-replay-v2-mae050
logged meanpool-mae100-s42 offline (50 val epochs, 11250 steps) -> /Data/romain.poggi/smth2smth/wandb/offline-run-20260531_184330-s42-replay-v2-mae100
logged meanpool-mae150-s42 offline (38 val epochs, 8693 steps) -> /Data/romain.poggi/smth2smth/wandb/offline-run-20260531_184331-s42-replay-v2-mae150
logged meanpool-mae200-s42 offline (50 val epochs, 11250 steps) -> /Data/romain.poggi/smth2smth/wandb/offline-run-20260531_184332-s42-replay-v2-mae200
logged meanpool-mae250-s42 offline (50 val epochs, 11250 steps) -> /Data/romain.poggi/smth2smth/wandb/offline-run-20260531_184334-s42-replay-v2-mae250
logged meanpool-mae300-s42 offline (50 val epochs, 11250 steps) -> /Data/romain.poggi/smth2smth/wandb/offline-run-20260531_184335-s42-replay-v2-mae300
logged meanpool-mae350-s42 offline (50 val epochs, 11250 steps) -> /Data/romain.poggi/smth2smth/wandb/offline-run-20260531_184336-s42-replay-v2-mae350
logged meanpool-mae400-s42 offline (50 val epochs, 11250 steps) -> /Data/romain.poggi/smth2smth/wandb/offline-run-20260531_184338-s42-replay-v2-mae400
logged meanpool-mae450-s42 offline (50 val epochs, 11250 steps) -> /Data/romain.poggi/smth2smth/wandb/offline-run-20260531_184339-s42-replay-v2-mae450
logged meanpool-mae500-s42 offline (50 val epochs, 11250 steps) -> /Data/romain.poggi/smth2smth/wandb/offline-run-20260531_184340-s42-replay-v2-mae500
sync: /Data/romain.poggi/smth2smth/.venv/bin/python -m wandb sync /Data/romain.poggi/smth2smth/wandb/offline-run-20260531_184328-s42-replay-v2-mae050
sync: /Data/romain.poggi/smth2smth/.venv/bin/python -m wandb sync /Data/romain.poggi/smth2smth/wandb/offline-run-20260531_184330-s42-replay-v2-mae100
sync: /Data/romain.poggi/smth2smth/.venv/bin/python -m wandb sync /Data/romain.poggi/smth2smth/wandb/offline-run-20260531_184331-s42-replay-v2-mae150
sync: /Data/romain.poggi/smth2smth/.venv/bin/python -m wandb sync /Data/romain.poggi/smth2smth/wandb/offline-run-20260531_184332-s42-replay-v2-mae200
sync: /Data/romain.poggi/smth2smth/.venv/bin/python -m wandb sync /Data/romain.poggi/smth2smth/wandb/offline-run-20260531_184334-s42-replay-v2-mae250
sync: /Data/romain.poggi/smth2smth/.venv/bin/python -m wandb sync /Data/romain.poggi/smth2smth/wandb/offline-run-20260531_184335-s42-replay-v2-mae300
sync: /Data/romain.poggi/smth2smth/.venv/bin/python -m wandb sync /Data/romain.poggi/smth2smth/wandb/offline-run-20260531_184336-s42-replay-v2-mae350
sync: /Data/romain.poggi/smth2smth/.venv/bin/python -m wandb sync /Data/romain.poggi/smth2smth/wandb/offline-run-20260531_184338-s42-replay-v2-mae400
sync: /Data/romain.poggi/smth2smth/.venv/bin/python -m wandb sync /Data/romain.poggi/smth2smth/wandb/offline-run-20260531_184339-s42-replay-v2-mae450
sync: /Data/romain.poggi/smth2smth/.venv/bin/python -m wandb sync /Data/romain.poggi/smth2smth/wandb/offline-run-20260531_184340-s42-replay-v2-mae500
wrote /Data/romain.poggi/smth2smth/logs/track_a/ft_mae_scaling_s42/wandb_replay_urls.txt and /Data/romain.poggi/smth2smth/logs/track_a/ft_mae_scaling_s42/wandb_replay_manifest.txt
