wandb: [wandb.Api()] Loaded credentials for https://api.wandb.ai from /users/eleves-a/2021/romain.poggi/.netrc.
wandb: Tracking run with wandb version 0.27.0
wandb: W&B syncing is set to `offline` in this directory. Run `wandb online` or set WANDB_MODE=online to enable cloud syncing.
wandb: Run data is saved locally in /Data/romain.poggi/smth2smth/wandb/offline-run-20260531_190041-s42-replay-v2-perceiverQ2-mae500
wandb: 
wandb: Run history:
wandb:               epoch ▁▁▁▂▂▂▂▂▂▃▃▃▃▃▃▄▄▄▄▄▅▅▅▅▅▅▆▆▆▆▆▆▇▇▇▇▇███
wandb:    train/epoch_loss █▇▆▆▆▅▅▅▅▅▄▄▄▄▄▄▄▃▃▃▃▃▃▃▂▂▂▂▂▂▂▂▂▁▁▁▁▁▁▁
wandb:    train/epoch_top1 ▁▂▂▂▂▃▃▃▃▄▄▄▄▄▄▅▅▅▅▅▅▆▆▆▆▆▆▇▇▇▇▇▇▇██████
wandb:    train/epoch_top5 ▁▃▃▄▄▅▅▅▅▅▆▆▆▆▆▆▆▆▆▆▇▇▇▇▇▇▇▇▇▇▇▇▇███████
wandb:          train/loss █▆▆▆▆▆▆▅▅▅▄▄▄▄▄▄▄▄▄▄▃▃▃▃▃▃▃▃▃▂▂▂▂▂▂▂▂▁▁▁
wandb:          train/top1 ▁▁▂▂▂▃▃▃▄▄▄▃▄▄▄▄▄▄▅▅▅▅▆▆▆▆▆▇▇▇▇▇▇██▇████
wandb:          train/top5 ▁▁▂▃▄▄▄▅▅▅▅▅▅▆▆▆▇▆▆▆▆▆▇▇▇▇▇▇▇▇▇▇▇▇██████
wandb:       val/best_top1 ▁▂▃▃▄▅▅▅▅▅▆▆▆▇▇▇▇▇▇▇▇▇██████████████████
wandb: val/ema_honest_top1 ▁▁▁▂▂▂▃▃▃▄▅▆▆▆▇▇▇▇▇▇████████████████████
wandb: val/ema_honest_top5 ▁▁▁▂▂▃▃▄▄▅▆▆▇▇▇▇▇███████████████████████
wandb:                  +8 ...
wandb: 
wandb: Run summary:
wandb:               epoch 50
wandb:    train/epoch_loss 1.55282
wandb:    train/epoch_top1 0.4805
wandb:    train/epoch_top5 0.70464
wandb:          train/loss 1.55282
wandb:          train/top1 0.4805
wandb:          train/top5 0.70464
wandb:       val/best_top1 0.54307
wandb: val/ema_honest_top1 0.54307
wandb: val/ema_honest_top5 0.84388
wandb:                  +8 ...
wandb: 
wandb: You can sync this run to the cloud by running:
wandb: wandb sync /Data/romain.poggi/smth2smth/wandb/offline-run-20260531_190041-s42-replay-v2-perceiverQ2-mae500
wandb: Find logs at: ./wandb/offline-run-20260531_190041-s42-replay-v2-perceiverQ2-mae500/logs
wandb: Tracking run with wandb version 0.27.0
wandb: W&B syncing is set to `offline` in this directory. Run `wandb online` or set WANDB_MODE=online to enable cloud syncing.
wandb: Run data is saved locally in /Data/romain.poggi/smth2smth/wandb/offline-run-20260531_190044-s42-replay-v2-perceiverQ4-mae500
wandb: 
wandb: Run history:
wandb:               epoch ▁▁▁▁▂▂▂▂▂▃▃▃▃▃▃▄▄▄▄▄▅▅▅▅▅▆▆▆▆▆▆▇▇▇▇▇▇███
wandb:    train/epoch_loss █▇▆▆▆▅▅▅▅▅▄▄▄▄▄▄▄▃▃▃▃▃▃▃▃▂▂▂▂▂▂▂▂▂▂▁▁▁▁▁
wandb:    train/epoch_top1 ▁▃▃▃▄▄▄▄▅▅▅▅▅▅▅▅▆▆▆▆▆▆▆▆▆▇▇▇▇▇▇▇▇███████
wandb:    train/epoch_top5 ▁▂▃▄▄▅▅▅▅▅▅▆▆▆▆▆▆▆▆▆▇▆▇▇▇▇▇▇▇▇▇█████████
wandb:          train/loss █▇▇▆▆▅▅▅▅▄▄▄▄▄▃▃▃▃▃▃▃▃▃▃▂▂▂▂▂▂▂▂▁▁▁▁▁▁▁▁
wandb:          train/top1 ▁▂▂▂▂▃▃▃▃▄▄▅▅▅▅▅▅▅▅▅▅▆▆▆▆▆▆▆▆▆▇▇▇▇▇▇▇▇█▇
wandb:          train/top5 ▁▁▄▄▄▅▅▅▅▅▅▅▆▆▆▆▆▆▆▆▆▆▆▇▇▇▇▇▇▇▇▇█▇██████
wandb:       val/best_top1 ▁▃▃▄▅▅▆▆▆▆▆▆▆▇▇▇▇▇▇▇▇███████████████████
wandb: val/ema_honest_top1 ▁▁▁▁▁▂▂▃▃▄▅▅▆▆▆▇▇▇▇▇▇▇██████████████████
wandb: val/ema_honest_top5 ▁▁▂▂▂▂▃▃▄▅▆▆▇▇▇▇████████████████████████
wandb:                  +8 ...
wandb: 
wandb: Run summary:
wandb:               epoch 49
wandb:    train/epoch_loss 1.54684
wandb:    train/epoch_top1 0.47761
wandb:    train/epoch_top5 0.69944
wandb:          train/loss 1.55951
wandb:          train/top1 0.47511
wandb:          train/top5 0.70254
wandb:       val/best_top1 0.5361
wandb: val/ema_honest_top1 0.53506
wandb: val/ema_honest_top5 0.83944
wandb:                  +8 ...
wandb: 
wandb: You can sync this run to the cloud by running:
wandb: wandb sync /Data/romain.poggi/smth2smth/wandb/offline-run-20260531_190044-s42-replay-v2-perceiverQ4-mae500
wandb: Find logs at: ./wandb/offline-run-20260531_190044-s42-replay-v2-perceiverQ4-mae500/logs
wandb: Tracking run with wandb version 0.27.0
wandb: W&B syncing is set to `offline` in this directory. Run `wandb online` or set WANDB_MODE=online to enable cloud syncing.
wandb: Run data is saved locally in /Data/romain.poggi/smth2smth/wandb/offline-run-20260531_190048-s42-replay-v2-perceiverQ8-mae500
wandb: 
wandb: Run history:
wandb:               epoch ▁▁▁▁▂▂▂▂▂▂▃▃▃▃▃▄▄▄▄▄▄▅▅▅▅▅▆▆▆▆▆▆▇▇▇▇▇███
wandb:    train/epoch_loss █▇▆▆▆▅▅▅▄▄▄▄▄▄▄▃▃▃▃▃▃▃▃▃▃▂▂▂▂▂▂▂▂▁▁▁▁▁▁▁
wandb:    train/epoch_top1 ▁▂▃▃▄▄▄▄▅▅▅▅▅▅▅▆▆▆▆▆▆▆▆▆▆▇▇▇▇▇▇▇████████
wandb:    train/epoch_top5 ▁▂▃▄▄▅▅▅▅▅▆▆▆▆▆▆▆▆▆▆▇▇▇▇▇▇▇▇▇▇██████████
wandb:          train/loss ██▇▅▅▄▄▄▄▄▃▃▃▃▃▃▃▃▃▃▃▃▃▂▂▂▂▂▂▂▂▂▂▁▁▁▁▁▁▁
wandb:          train/top1 ▁▁▃▃▄▄▅▄▅▅▅▅▅▅▅▅▆▅▅▆▆▆▆▆▆▇▇▇▇█▇█▇█▇█████
wandb:          train/top5 ▁▁▃▄▅▅▅▅▅▅▆▆▆▆▆▆▆▆▆▇▆▇▇▇▇▇▇▇▇▇▇█████████
wandb:       val/best_top1 ▁▃▄▄▄▅▆▆▆▆▆▆▇▇▇▇▇▇▇▇▇▇██████████████████
wandb: val/ema_honest_top1 ▁▁▁▁▁▁▂▂▃▃▅▅▅▆▆▇▇▇▇▇▇▇▇█████████████████
wandb: val/ema_honest_top5 ▁▁▁▂▂▂▃▃▄▄▆▆▇▇▇▇▇███████████████████████
wandb:                  +8 ...
wandb: 
wandb: Run summary:
wandb:               epoch 50
wandb:    train/epoch_loss 1.57673
wandb:    train/epoch_top1 0.46514
wandb:    train/epoch_top5 0.69477
wandb:          train/loss 1.57673
wandb:          train/top1 0.46514
wandb:          train/top5 0.69477
wandb:       val/best_top1 0.54248
wandb: val/ema_honest_top1 0.54055
wandb: val/ema_honest_top5 0.84003
wandb:                  +8 ...
wandb: 
wandb: You can sync this run to the cloud by running:
wandb: wandb sync /Data/romain.poggi/smth2smth/wandb/offline-run-20260531_190048-s42-replay-v2-perceiverQ8-mae500
wandb: Find logs at: ./wandb/offline-run-20260531_190048-s42-replay-v2-perceiverQ8-mae500/logs
wandb: Tracking run with wandb version 0.27.0
wandb: W&B syncing is set to `offline` in this directory. Run `wandb online` or set WANDB_MODE=online to enable cloud syncing.
wandb: Run data is saved locally in /Data/romain.poggi/smth2smth/wandb/offline-run-20260531_190052-s42-replay-v2-perceiverQ16-mae500
wandb: 
wandb: Run history:
wandb:               epoch ▁▁▁▁▂▂▂▂▂▂▃▃▃▃▃▄▄▄▄▄▄▅▅▅▅▅▆▆▆▆▆▇▇▇▇▇▇███
wandb:    train/epoch_loss █▇▆▆▆▅▅▅▄▄▄▄▄▄▄▃▃▃▃▃▃▃▃▃▃▂▂▂▂▂▂▂▂▁▁▁▁▁▁▁
wandb:    train/epoch_top1 ▁▂▃▃▃▄▄▄▄▅▅▅▅▅▆▆▆▆▆▆▆▆▇▆▇▇▇▇▇▇▇▇████████
wandb:    train/epoch_top5 ▁▃▃▄▄▅▅▅▅▅▆▆▆▆▆▆▆▆▆▆▇▇▇▇▇▇▇▇▇▇██████████
wandb:          train/loss ██▇▇▆▅▅▅▅▅▄▄▄▄▄▄▃▃▃▃▃▃▃▃▃▂▂▂▂▂▂▂▂▂▁▁▁▁▁▁
wandb:          train/top1 ▁▂▂▂▂▂▃▃▄▄▄▄▄▅▅▅▅▅▅▆▆▆▆▆▆▆▆▆▆▇▇▇▇▇███▇██
wandb:          train/top5 ▁▄▄▄▅▆▆▆▆▆▆▆▆▆▆▆▆▇▇▇▇▇▇▇▇▇▇▇▇▇██▇███████
wandb:       val/best_top1 ▁▃▄▅▅▆▆▆▇▇▇▇▇▇▇▇▇▇▇▇▇███████████████████
wandb: val/ema_honest_top1 ▁▁▁▁▁▁▂▂▃▃▄▅▅▆▆▇▇▇▇▇▇▇██████████████████
wandb: val/ema_honest_top5 ▁▁▁▂▂▂▂▃▃▄▅▆▆▇▇▇▇███████████████████████
wandb:                  +8 ...
wandb: 
wandb: Run summary:
wandb:               epoch 50
wandb:    train/epoch_loss 1.57715
wandb:    train/epoch_top1 0.46694
wandb:    train/epoch_top5 0.69711
wandb:          train/loss 1.57715
wandb:          train/top1 0.46694
wandb:          train/top5 0.69711
wandb:       val/best_top1 0.53877
wandb: val/ema_honest_top1 0.53907
wandb: val/ema_honest_top5 0.83973
wandb:                  +8 ...
wandb: 
wandb: You can sync this run to the cloud by running:
wandb: wandb sync /Data/romain.poggi/smth2smth/wandb/offline-run-20260531_190052-s42-replay-v2-perceiverQ16-mae500
wandb: Find logs at: ./wandb/offline-run-20260531_190052-s42-replay-v2-perceiverQ16-mae500/logs
wandb: Tracking run with wandb version 0.27.0
wandb: W&B syncing is set to `offline` in this directory. Run `wandb online` or set WANDB_MODE=online to enable cloud syncing.
wandb: Run data is saved locally in /Data/romain.poggi/smth2smth/wandb/offline-run-20260531_190055-s42-replay-v2-perceiverQ32-mae500
wandb: 
wandb: Run history:
wandb:               epoch ▁▁▁▁▂▂▂▂▂▂▃▃▃▃▃▄▄▄▄▄▄▅▅▅▅▅▅▆▆▆▆▇▇▇▇▇▇███
wandb:    train/epoch_loss █▇▆▆▆▅▅▅▅▅▄▄▄▄▄▄▃▃▃▃▃▃▃▃▃▂▂▂▂▂▂▂▂▂▂▁▁▁▁▁
wandb:    train/epoch_top1 ▁▂▃▃▃▄▄▄▄▄▅▅▅▅▅▆▆▆▆▆▆▆▆▆▆▇▇▇▇▇▇▇▇▇██████
wandb:    train/epoch_top5 ▁▂▃▄▄▅▅▅▅▅▅▆▆▆▆▆▆▆▆▆▇▇▇▇▇▇▇▇▇▇▇█████████
wandb:          train/loss ██▇▆▆▅▅▅▅▅▅▅▅▄▄▄▄▄▃▃▃▃▃▃▃▃▃▃▃▃▃▂▂▂▂▁▁▁▁▁
wandb:          train/top1 ▁▂▂▃▃▄▄▄▄▅▄▅▅▅▅▅▅▅▆▆▆▆▆▆▆▆▇▆▇▇▇▇▇▇▇▇▇▇▇█
wandb:          train/top5 ▁▁▂▂▃▃▃▄▄▄▅▅▅▅▅▅▅▆▆▆▆▆▆▆▆▇▇▆▇▇▇▇▇▇▇▇▇███
wandb:       val/best_top1 ▁▃▄▄▅▅▆▆▆▆▆▇▇▇▇▇▇▇▇▇▇▇▇█████████████████
wandb: val/ema_honest_top1 ▁▁▁▁▁▁▂▂▃▃▄▅▅▆▆▇▇▇▇▇▇▇▇█████████████████
wandb: val/ema_honest_top5 ▁▁▁▂▂▃▃▄▄▅▆▆▇▇▇▇▇███████████████████████
wandb:                  +8 ...
wandb: 
wandb: Run summary:
wandb:               epoch 50
wandb:    train/epoch_loss 1.59843
wandb:    train/epoch_top1 0.46705
wandb:    train/epoch_top5 0.69795
wandb:          train/loss 1.59843
wandb:          train/top1 0.46705
wandb:          train/top5 0.69795
wandb:       val/best_top1 0.54262
wandb: val/ema_honest_top1 0.5401
wandb: val/ema_honest_top5 0.84077
wandb:                  +8 ...
wandb: 
wandb: You can sync this run to the cloud by running:
wandb: wandb sync /Data/romain.poggi/smth2smth/wandb/offline-run-20260531_190055-s42-replay-v2-perceiverQ32-mae500
wandb: Find logs at: ./wandb/offline-run-20260531_190055-s42-replay-v2-perceiverQ32-mae500/logs
Find logs at: /Data/romain.poggi/smth2smth/wandb/debug-cli.romain.poggi.log
Syncing: https://wandb.ai/romain-poggi-ecole-polytechnique/smth2smth-frame-ablation/runs/s42-replay-v2-perceiverQ2-mae500 ... done.
Find logs at: /Data/romain.poggi/smth2smth/wandb/debug-cli.romain.poggi.log
Syncing: https://wandb.ai/romain-poggi-ecole-polytechnique/smth2smth-frame-ablation/runs/s42-replay-v2-perceiverQ4-mae500 ... done.
Find logs at: /Data/romain.poggi/smth2smth/wandb/debug-cli.romain.poggi.log
Syncing: https://wandb.ai/romain-poggi-ecole-polytechnique/smth2smth-frame-ablation/runs/s42-replay-v2-perceiverQ8-mae500 ... done.
Find logs at: /Data/romain.poggi/smth2smth/wandb/debug-cli.romain.poggi.log
Syncing: https://wandb.ai/romain-poggi-ecole-polytechnique/smth2smth-frame-ablation/runs/s42-replay-v2-perceiverQ16-mae500 ... done.
Find logs at: /Data/romain.poggi/smth2smth/wandb/debug-cli.romain.poggi.log
Syncing: https://wandb.ai/romain-poggi-ecole-polytechnique/smth2smth-frame-ablation/runs/s42-replay-v2-perceiverQ32-mae500 ... done.
logged perceiverQ2-mae500-s42 (50 val points, 11250 steps) -> /Data/romain.poggi/smth2smth/wandb/offline-run-20260531_190041-s42-replay-v2-perceiverQ2-mae500
logged perceiverQ4-mae500-s42 (49 val points, 11249 steps) -> /Data/romain.poggi/smth2smth/wandb/offline-run-20260531_190044-s42-replay-v2-perceiverQ4-mae500
logged perceiverQ8-mae500-s42 (50 val points, 11250 steps) -> /Data/romain.poggi/smth2smth/wandb/offline-run-20260531_190048-s42-replay-v2-perceiverQ8-mae500
logged perceiverQ16-mae500-s42 (50 val points, 11250 steps) -> /Data/romain.poggi/smth2smth/wandb/offline-run-20260531_190052-s42-replay-v2-perceiverQ16-mae500
logged perceiverQ32-mae500-s42 (50 val points, 11250 steps) -> /Data/romain.poggi/smth2smth/wandb/offline-run-20260531_190055-s42-replay-v2-perceiverQ32-mae500
sync: /Data/romain.poggi/smth2smth/.venv/bin/python3 -m wandb sync /Data/romain.poggi/smth2smth/wandb/offline-run-20260531_190041-s42-replay-v2-perceiverQ2-mae500
sync: /Data/romain.poggi/smth2smth/.venv/bin/python3 -m wandb sync /Data/romain.poggi/smth2smth/wandb/offline-run-20260531_190044-s42-replay-v2-perceiverQ4-mae500
sync: /Data/romain.poggi/smth2smth/.venv/bin/python3 -m wandb sync /Data/romain.poggi/smth2smth/wandb/offline-run-20260531_190048-s42-replay-v2-perceiverQ8-mae500
sync: /Data/romain.poggi/smth2smth/.venv/bin/python3 -m wandb sync /Data/romain.poggi/smth2smth/wandb/offline-run-20260531_190052-s42-replay-v2-perceiverQ16-mae500
sync: /Data/romain.poggi/smth2smth/.venv/bin/python3 -m wandb sync /Data/romain.poggi/smth2smth/wandb/offline-run-20260531_190055-s42-replay-v2-perceiverQ32-mae500
wrote /Data/romain.poggi/smth2smth/logs/track_a/perceiver_q_s42/wandb_replay_urls.txt and /Data/romain.poggi/smth2smth/logs/track_a/perceiver_q_s42/wandb_replay_manifest.txt
