This is pdfTeX, Version 3.14159265-2.6-1.40.21 (TeX Live 2020) (preloaded format=pdflatex 2026.5.7)  16 MAY 2026 16:20
entering extended mode
 restricted \write18 enabled.
 %&-line parsing enabled.
**main.tex
(./main.tex
LaTeX2e <2020-10-01> patch level 4
L3 programming layer <2021-02-18>
(/usr/share/texlive/texmf-dist/tex/latex/base/article.cls
Document Class: article 2020/04/10 v1.4m Standard LaTeX document class
(/usr/share/texlive/texmf-dist/tex/latex/base/size11.clo
File: size11.clo 2020/04/10 v1.4m Standard LaTeX file (size option)
)
\c@part=\count179
\c@section=\count180
\c@subsection=\count181
\c@subsubsection=\count182
\c@paragraph=\count183
\c@subparagraph=\count184
\c@figure=\count185
\c@table=\count186
\abovecaptionskip=\skip47
\belowcaptionskip=\skip48
\bibindent=\dimen138
)
(/usr/share/texlive/texmf-dist/tex/latex/base/fontenc.sty
Package: fontenc 2020/08/10 v2.0s Standard LaTeX package
)
(/usr/share/texlive/texmf-dist/tex/latex/base/inputenc.sty
Package: inputenc 2020/08/01 v1.3d Input encoding file
\inpenc@prehook=\toks15
\inpenc@posthook=\toks16
)
(/usr/share/texlive/texmf-dist/tex/latex/lm/lmodern.sty
Package: lmodern 2009/10/30 v1.6 Latin Modern Fonts
LaTeX Font Info:    Overwriting symbol font `operators' in version `normal'
(Font)                  OT1/cmr/m/n --> OT1/lmr/m/n on input line 22.
LaTeX Font Info:    Overwriting symbol font `letters' in version `normal'
(Font)                  OML/cmm/m/it --> OML/lmm/m/it on input line 23.
LaTeX Font Info:    Overwriting symbol font `symbols' in version `normal'
(Font)                  OMS/cmsy/m/n --> OMS/lmsy/m/n on input line 24.
LaTeX Font Info:    Overwriting symbol font `largesymbols' in version `normal'
(Font)                  OMX/cmex/m/n --> OMX/lmex/m/n on input line 25.
LaTeX Font Info:    Overwriting symbol font `operators' in version `bold'
(Font)                  OT1/cmr/bx/n --> OT1/lmr/bx/n on input line 26.
LaTeX Font Info:    Overwriting symbol font `letters' in version `bold'
(Font)                  OML/cmm/b/it --> OML/lmm/b/it on input line 27.
LaTeX Font Info:    Overwriting symbol font `symbols' in version `bold'
(Font)                  OMS/cmsy/b/n --> OMS/lmsy/b/n on input line 28.
LaTeX Font Info:    Overwriting symbol font `largesymbols' in version `bold'
(Font)                  OMX/cmex/m/n --> OMX/lmex/m/n on input line 29.
LaTeX Font Info:    Overwriting math alphabet `\mathbf' in version `normal'
(Font)                  OT1/cmr/bx/n --> OT1/lmr/bx/n on input line 31.
LaTeX Font Info:    Overwriting math alphabet `\mathsf' in version `normal'
(Font)                  OT1/cmss/m/n --> OT1/lmss/m/n on input line 32.
LaTeX Font Info:    Overwriting math alphabet `\mathit' in version `normal'
(Font)                  OT1/cmr/m/it --> OT1/lmr/m/it on input line 33.
LaTeX Font Info:    Overwriting math alphabet `\mathtt' in version `normal'
(Font)                  OT1/cmtt/m/n --> OT1/lmtt/m/n on input line 34.
LaTeX Font Info:    Overwriting math alphabet `\mathbf' in version `bold'
(Font)                  OT1/cmr/bx/n --> OT1/lmr/bx/n on input line 35.
LaTeX Font Info:    Overwriting math alphabet `\mathsf' in version `bold'
(Font)                  OT1/cmss/bx/n --> OT1/lmss/bx/n on input line 36.
LaTeX Font Info:    Overwriting math alphabet `\mathit' in version `bold'
(Font)                  OT1/cmr/bx/it --> OT1/lmr/bx/it on input line 37.
LaTeX Font Info:    Overwriting math alphabet `\mathtt' in version `bold'
(Font)                  OT1/cmtt/m/n --> OT1/lmtt/m/n on input line 38.
)
(/usr/share/texlive/texmf-dist/tex/latex/microtype/microtype.sty
Package: microtype 2021/03/14 v2.8c Micro-typographical refinements (RS)

(/usr/share/texlive/texmf-dist/tex/latex/graphics/keyval.sty
Package: keyval 2014/10/28 v1.15 key=value parser (DPC)
\KV@toks@=\toks17
)
\MT@toks=\toks18
\MT@count=\count187
LaTeX Info: Redefining \textls on input line 790.
\MT@outer@kern=\dimen139
LaTeX Info: Redefining \textmicrotypecontext on input line 1374.
\MT@listname@count=\count188

(/usr/share/texlive/texmf-dist/tex/latex/microtype/microtype-pdftex.def
File: microtype-pdftex.def 2021/03/14 v2.8c Definitions specific to pdftex (RS)

LaTeX Info: Redefining \lsstyle on input line 915.
LaTeX Info: Redefining \lslig on input line 915.
\MT@outer@space=\skip49
)
Package microtype Info: Loading configuration file microtype.cfg.

(/usr/share/texlive/texmf-dist/tex/latex/microtype/microtype.cfg
File: microtype.cfg 2021/03/14 v2.8c microtype main configuration file (RS)
))
(/usr/share/texlive/texmf-dist/tex/latex/geometry/geometry.sty
Package: geometry 2020/01/02 v5.9 Page Geometry

(/usr/share/texlive/texmf-dist/tex/generic/iftex/ifvtex.sty
Package: ifvtex 2019/10/25 v1.7 ifvtex legacy package. Use iftex instead.

(/usr/share/texlive/texmf-dist/tex/generic/iftex/iftex.sty
Package: iftex 2020/03/06 v1.0d TeX engine tests
))
\Gm@cnth=\count189
\Gm@cntv=\count190
\c@Gm@tempcnt=\count191
\Gm@bindingoffset=\dimen140
\Gm@wd@mp=\dimen141
\Gm@odd@mp=\dimen142
\Gm@even@mp=\dimen143
\Gm@layoutwidth=\dimen144
\Gm@layoutheight=\dimen145
\Gm@layouthoffset=\dimen146
\Gm@layoutvoffset=\dimen147
\Gm@dimlist=\toks19
)
(/usr/share/texlive/texmf-dist/tex/latex/amsmath/amsmath.sty
Package: amsmath 2020/09/23 v2.17i AMS math features
\@mathmargin=\skip50

For additional information on amsmath, use the `?' option.
(/usr/share/texlive/texmf-dist/tex/latex/amsmath/amstext.sty
Package: amstext 2000/06/29 v2.01 AMS text

(/usr/share/texlive/texmf-dist/tex/latex/amsmath/amsgen.sty
File: amsgen.sty 1999/11/30 v2.0 generic functions
\@emptytoks=\toks20
\ex@=\dimen148
))
(/usr/share/texlive/texmf-dist/tex/latex/amsmath/amsbsy.sty
Package: amsbsy 1999/11/29 v1.2d Bold Symbols
\pmbraise@=\dimen149
)
(/usr/share/texlive/texmf-dist/tex/latex/amsmath/amsopn.sty
Package: amsopn 2016/03/08 v2.02 operator names
)
\inf@bad=\count192
LaTeX Info: Redefining \frac on input line 234.
\uproot@=\count193
\leftroot@=\count194
LaTeX Info: Redefining \overline on input line 399.
\classnum@=\count195
\DOTSCASE@=\count196
LaTeX Info: Redefining \ldots on input line 496.
LaTeX Info: Redefining \dots on input line 499.
LaTeX Info: Redefining \cdots on input line 620.
\Mathstrutbox@=\box47
\strutbox@=\box48
\big@size=\dimen150
LaTeX Font Info:    Redeclaring font encoding OML on input line 743.
LaTeX Font Info:    Redeclaring font encoding OMS on input line 744.
\macc@depth=\count197
\c@MaxMatrixCols=\count198
\dotsspace@=\muskip16
\c@parentequation=\count199
\dspbrk@lvl=\count266
\tag@help=\toks21
\row@=\count267
\column@=\count268
\maxfields@=\count269
\andhelp@=\toks22
\eqnshift@=\dimen151
\alignsep@=\dimen152
\tagshift@=\dimen153
\tagwidth@=\dimen154
\totwidth@=\dimen155
\lineht@=\dimen156
\@envbody=\toks23
\multlinegap=\skip51
\multlinetaggap=\skip52
\mathdisplay@stack=\toks24
LaTeX Info: Redefining \[ on input line 2923.
LaTeX Info: Redefining \] on input line 2924.
)
(/usr/share/texlive/texmf-dist/tex/latex/amsfonts/amssymb.sty
Package: amssymb 2013/01/14 v3.01 AMS font symbols

(/usr/share/texlive/texmf-dist/tex/latex/amsfonts/amsfonts.sty
Package: amsfonts 2013/01/14 v3.01 Basic AMSFonts support
\symAMSa=\mathgroup4
\symAMSb=\mathgroup5
LaTeX Font Info:    Redeclaring math symbol \hbar on input line 98.
LaTeX Font Info:    Overwriting math alphabet `\mathfrak' in version `bold'
(Font)                  U/euf/m/n --> U/euf/b/n on input line 106.
))
(/usr/share/texlive/texmf-dist/tex/latex/booktabs/booktabs.sty
Package: booktabs 2020/01/12 v1.61803398 Publication quality tables
\heavyrulewidth=\dimen157
\lightrulewidth=\dimen158
\cmidrulewidth=\dimen159
\belowrulesep=\dimen160
\belowbottomsep=\dimen161
\aboverulesep=\dimen162
\abovetopsep=\dimen163
\cmidrulesep=\dimen164
\cmidrulekern=\dimen165
\defaultaddspace=\dimen166
\@cmidla=\count270
\@cmidlb=\count271
\@aboverulesep=\dimen167
\@belowrulesep=\dimen168
\@thisruleclass=\count272
\@lastruleclass=\count273
\@thisrulewidth=\dimen169
)
(/usr/share/texlive/texmf-dist/tex/latex/xcolor/xcolor.sty
Package: xcolor 2016/05/11 v2.12 LaTeX color extensions (UK)

(/usr/share/texlive/texmf-dist/tex/latex/graphics-cfg/color.cfg
File: color.cfg 2016/01/02 v1.6 sample color configuration
)
Package xcolor Info: Driver file: pdftex.def on input line 225.

(/usr/share/texlive/texmf-dist/tex/latex/graphics-def/pdftex.def
File: pdftex.def 2020/10/05 v1.2a Graphics/color driver for pdftex
)
Package xcolor Info: Model `cmy' substituted by `cmy0' on input line 1348.
Package xcolor Info: Model `hsb' substituted by `rgb' on input line 1352.
Package xcolor Info: Model `RGB' extended on input line 1364.
Package xcolor Info: Model `HTML' substituted by `rgb' on input line 1366.
Package xcolor Info: Model `Hsb' substituted by `hsb' on input line 1367.
Package xcolor Info: Model `tHsb' substituted by `hsb' on input line 1368.
Package xcolor Info: Model `HSB' substituted by `hsb' on input line 1369.
Package xcolor Info: Model `Gray' substituted by `gray' on input line 1370.
Package xcolor Info: Model `wave' substituted by `hsb' on input line 1371.
)
(/usr/share/texlive/texmf-dist/tex/latex/graphics/graphicx.sty
Package: graphicx 2020/09/09 v1.2b Enhanced LaTeX Graphics (DPC,SPQR)

(/usr/share/texlive/texmf-dist/tex/latex/graphics/graphics.sty
Package: graphics 2020/08/30 v1.4c Standard LaTeX Graphics (DPC,SPQR)

(/usr/share/texlive/texmf-dist/tex/latex/graphics/trig.sty
Package: trig 2016/01/03 v1.10 sin cos tan (DPC)
)
(/usr/share/texlive/texmf-dist/tex/latex/graphics-cfg/graphics.cfg
File: graphics.cfg 2016/06/04 v1.11 sample graphics configuration
)
Package graphics Info: Driver file: pdftex.def on input line 105.
)
\Gin@req@height=\dimen170
\Gin@req@width=\dimen171
)
(/usr/share/texlive/texmf-dist/tex/latex/enumitem/enumitem.sty
Package: enumitem 2019/06/20 v3.9 Customized lists
\labelindent=\skip53
\enit@outerparindent=\dimen172
\enit@toks=\toks25
\enit@inbox=\box49
\enit@count@id=\count274
\enitdp@description=\count275
)
(/usr/share/texlive/texmf-dist/tex/latex/hyperref/hyperref.sty
Package: hyperref 2021-02-27 v7.00k Hypertext links for LaTeX

(/usr/share/texlive/texmf-dist/tex/generic/ltxcmds/ltxcmds.sty
Package: ltxcmds 2020-05-10 v1.25 LaTeX kernel commands for general use (HO)
)
(/usr/share/texlive/texmf-dist/tex/generic/pdftexcmds/pdftexcmds.sty
Package: pdftexcmds 2020-06-27 v0.33 Utility functions of pdfTeX for LuaTeX (HO
)

(/usr/share/texlive/texmf-dist/tex/generic/infwarerr/infwarerr.sty
Package: infwarerr 2019/12/03 v1.5 Providing info/warning/error messages (HO)
)
Package pdftexcmds Info: \pdf@primitive is available.
Package pdftexcmds Info: \pdf@ifprimitive is available.
Package pdftexcmds Info: \pdfdraftmode found.
)
(/usr/share/texlive/texmf-dist/tex/generic/kvsetkeys/kvsetkeys.sty
Package: kvsetkeys 2019/12/15 v1.18 Key value parser (HO)
)
(/usr/share/texlive/texmf-dist/tex/generic/kvdefinekeys/kvdefinekeys.sty
Package: kvdefinekeys 2019-12-19 v1.6 Define keys (HO)
)
(/usr/share/texlive/texmf-dist/tex/generic/pdfescape/pdfescape.sty
Package: pdfescape 2019/12/09 v1.15 Implements pdfTeX's escape features (HO)
)
(/usr/share/texlive/texmf-dist/tex/latex/hycolor/hycolor.sty
Package: hycolor 2020-01-27 v1.10 Color options for hyperref/bookmark (HO)
)
(/usr/share/texlive/texmf-dist/tex/latex/letltxmacro/letltxmacro.sty
Package: letltxmacro 2019/12/03 v1.6 Let assignment for LaTeX macros (HO)
)
(/usr/share/texlive/texmf-dist/tex/latex/auxhook/auxhook.sty
Package: auxhook 2019-12-17 v1.6 Hooks for auxiliary files (HO)
)
(/usr/share/texlive/texmf-dist/tex/latex/kvoptions/kvoptions.sty
Package: kvoptions 2020-10-07 v3.14 Key value format for package options (HO)
)
\@linkdim=\dimen173
\Hy@linkcounter=\count276
\Hy@pagecounter=\count277

(/usr/share/texlive/texmf-dist/tex/latex/hyperref/pd1enc.def
File: pd1enc.def 2021-02-27 v7.00k Hyperref: PDFDocEncoding definition (HO)
Now handling font encoding PD1 ...
... no UTF-8 mapping file for font encoding PD1
)
(/usr/share/texlive/texmf-dist/tex/latex/hyperref/hyperref-langpatches.def
File: hyperref-langpatches.def 2021-02-27 v7.00k Hyperref: patches for babel la
nguages
)
(/usr/share/texlive/texmf-dist/tex/generic/intcalc/intcalc.sty
Package: intcalc 2019/12/15 v1.3 Expandable calculations with integers (HO)
)
(/usr/share/texlive/texmf-dist/tex/generic/etexcmds/etexcmds.sty
Package: etexcmds 2019/12/15 v1.7 Avoid name clashes with e-TeX commands (HO)
)
\Hy@SavedSpaceFactor=\count278

(/usr/share/texlive/texmf-dist/tex/latex/hyperref/puenc.def
File: puenc.def 2021-02-27 v7.00k Hyperref: PDF Unicode definition (HO)
Now handling font encoding PU ...
... no UTF-8 mapping file for font encoding PU
)
Package hyperref Info: Option `colorlinks' set `true' on input line 4073.
Package hyperref Info: Hyper figures OFF on input line 4192.
Package hyperref Info: Link nesting OFF on input line 4197.
Package hyperref Info: Hyper index ON on input line 4200.
Package hyperref Info: Plain pages OFF on input line 4207.
Package hyperref Info: Backreferencing OFF on input line 4212.
Package hyperref Info: Implicit mode ON; LaTeX internals redefined.
Package hyperref Info: Bookmarks ON on input line 4445.
\c@Hy@tempcnt=\count279

(/usr/share/texlive/texmf-dist/tex/latex/url/url.sty
\Urlmuskip=\muskip17
Package: url 2013/09/16  ver 3.4  Verb mode for urls, etc.
)
LaTeX Info: Redefining \url on input line 4804.
\XeTeXLinkMargin=\dimen174

(/usr/share/texlive/texmf-dist/tex/generic/bitset/bitset.sty
Package: bitset 2019/12/09 v1.3 Handle bit-vector datatype (HO)

(/usr/share/texlive/texmf-dist/tex/generic/bigintcalc/bigintcalc.sty
Package: bigintcalc 2019/12/15 v1.5 Expandable calculations on big integers (HO
)
))
\Fld@menulength=\count280
\Field@Width=\dimen175
\Fld@charsize=\dimen176
Package hyperref Info: Hyper figures OFF on input line 6075.
Package hyperref Info: Link nesting OFF on input line 6080.
Package hyperref Info: Hyper index ON on input line 6083.
Package hyperref Info: backreferencing OFF on input line 6090.
Package hyperref Info: Link coloring ON on input line 6093.
Package hyperref Info: Link coloring with OCG OFF on input line 6100.
Package hyperref Info: PDF/A mode OFF on input line 6105.
LaTeX Info: Redefining \ref on input line 6145.
LaTeX Info: Redefining \pageref on input line 6149.

(/usr/share/texlive/texmf-dist/tex/latex/base/atbegshi-ltx.sty
Package: atbegshi-ltx 2020/08/17 v1.0a Emulation of the original atbegshi packa
ge
with kernel methods
)
\Hy@abspage=\count281
\c@Item=\count282
\c@Hfootnote=\count283
)
Package hyperref Info: Driver (autodetected): hpdftex.

(/usr/share/texlive/texmf-dist/tex/latex/hyperref/hpdftex.def
File: hpdftex.def 2021-02-27 v7.00k Hyperref driver for pdfTeX

(/usr/share/texlive/texmf-dist/tex/latex/base/atveryend-ltx.sty
Package: atveryend-ltx 2020/08/19 v1.0a Emulation of the original atvery packag
e
with kernel methods
)
\Fld@listcount=\count284
\c@bookmark@seq@number=\count285

(/usr/share/texlive/texmf-dist/tex/latex/rerunfilecheck/rerunfilecheck.sty
Package: rerunfilecheck 2019/12/05 v1.9 Rerun checks for auxiliary files (HO)

(/usr/share/texlive/texmf-dist/tex/generic/uniquecounter/uniquecounter.sty
Package: uniquecounter 2019/12/15 v1.4 Provide unlimited unique counter (HO)
)
Package uniquecounter Info: New unique counter `rerunfilecheck' on input line 2
86.
)
\Hy@SectionHShift=\skip54
)
(/usr/share/texlive/texmf-dist/tex/latex/listings/listings.sty
\lst@mode=\count286
\lst@gtempboxa=\box50
\lst@token=\toks26
\lst@length=\count287
\lst@currlwidth=\dimen177
\lst@column=\count288
\lst@pos=\count289
\lst@lostspace=\dimen178
\lst@width=\dimen179
\lst@newlines=\count290
\lst@lineno=\count291
\lst@maxwidth=\dimen180

(/usr/share/texlive/texmf-dist/tex/latex/listings/lstmisc.sty
File: lstmisc.sty 2020/03/24 1.8d (Carsten Heinz)
\c@lstnumber=\count292
\lst@skipnumbers=\count293
\lst@framebox=\box51
)
(/usr/share/texlive/texmf-dist/tex/latex/listings/listings.cfg
File: listings.cfg 2020/03/24 1.8d listings configuration
))
Package: listings 2020/03/24 1.8d (Carsten Heinz)
 (./style.sty
Package: style 

(/usr/share/texlive/texmf-dist/tex/latex/eso-pic/eso-pic.sty
Package: eso-pic 2020/10/14 v3.0a eso-pic (RN)
\ESO@tempdima=\dimen181
\ESO@tempdimb=\dimen182
)
(/usr/share/texlive/texmf-dist/tex/latex/fancyhdr/fancyhdr.sty
Package: fancyhdr 2021/01/28 v4.0.1 Extensive control of page headers and foote
rs
\f@nch@headwidth=\skip55
\f@nch@O@elh=\skip56
\f@nch@O@erh=\skip57
\f@nch@O@olh=\skip58
\f@nch@O@orh=\skip59
\f@nch@O@elf=\skip60
\f@nch@O@erf=\skip61
\f@nch@O@olf=\skip62
\f@nch@O@orf=\skip63
))
LaTeX Font Info:    Trying to load font information for T1+lmr on input line 88
.

(/usr/share/texlive/texmf-dist/tex/latex/lm/t1lmr.fd
File: t1lmr.fd 2009/10/30 v1.6 Font defs for Latin Modern
)
(/usr/share/texlive/texmf-dist/tex/latex/l3backend/l3backend-pdftex.def
File: l3backend-pdftex.def 2021-03-18 L3 backend support: PDF output (pdfTeX)
\l__color_backend_stack_int=\count294
\l__pdf_internal_box=\box52
)
(./main.aux)
\openout1 = `main.aux'.

LaTeX Font Info:    Checking defaults for OML/cmm/m/it on input line 88.
LaTeX Font Info:    ... okay on input line 88.
LaTeX Font Info:    Checking defaults for OMS/cmsy/m/n on input line 88.
LaTeX Font Info:    ... okay on input line 88.
LaTeX Font Info:    Checking defaults for OT1/cmr/m/n on input line 88.
LaTeX Font Info:    ... okay on input line 88.
LaTeX Font Info:    Checking defaults for T1/cmr/m/n on input line 88.
LaTeX Font Info:    ... okay on input line 88.
LaTeX Font Info:    Checking defaults for TS1/cmr/m/n on input line 88.
LaTeX Font Info:    ... okay on input line 88.
LaTeX Font Info:    Checking defaults for OMX/cmex/m/n on input line 88.
LaTeX Font Info:    ... okay on input line 88.
LaTeX Font Info:    Checking defaults for U/cmr/m/n on input line 88.
LaTeX Font Info:    ... okay on input line 88.
LaTeX Font Info:    Checking defaults for PD1/pdf/m/n on input line 88.
LaTeX Font Info:    ... okay on input line 88.
LaTeX Font Info:    Checking defaults for PU/pdf/m/n on input line 88.
LaTeX Font Info:    ... okay on input line 88.
LaTeX Info: Redefining \microtypecontext on input line 88.
Package microtype Info: Generating PDF output.
Package microtype Info: Character protrusion enabled (level 2).
Package microtype Info: Using default protrusion set `alltext'.
Package microtype Info: Automatic font expansion enabled (level 2),
(microtype)             stretch: 20, shrink: 20, step: 1, non-selected.
Package microtype Info: Using default expansion set `alltext-nott'.
LaTeX Info: Redefining \showhyphens on input line 88.
Package microtype Info: No adjustment of tracking.
Package microtype Info: No adjustment of interword spacing.
Package microtype Info: No adjustment of character kerning.
 (/usr/share/texlive/texmf-dist/tex/latex/microtype/mt-cmr.cfg
File: mt-cmr.cfg 2013/05/19 v2.2 microtype config. file: Computer Modern Roman 
(RS)
)
*geometry* driver: auto-detecting
*geometry* detected driver: pdftex
*geometry* verbose mode - [ preamble ] result:
* driver: pdftex
* paper: a4paper
* layout: <same size as paper>
* layoutoffset:(h,v)=(0.0pt,0.0pt)
* modes: includehead includefoot 
* h-part:(L,W,R)=(17.07182pt, 563.36423pt, 17.07182pt)
* v-part:(T,H,B)=(17.07182pt, 810.9032pt, 17.07182pt)
* \paperwidth=597.50787pt
* \paperheight=845.04684pt
* \textwidth=563.36423pt
* \textheight=741.9032pt
* \oddsidemargin=-55.19817pt
* \evensidemargin=-55.19817pt
* \topmargin=-55.19817pt
* \headheight=14.0pt
* \headsep=25.0pt
* \topskip=11.0pt
* \footskip=30.0pt
* \marginparwidth=50.0pt
* \marginparsep=10.0pt
* \columnsep=10.0pt
* \skip\footins=10.0pt plus 4.0pt minus 2.0pt
* \hoffset=0.0pt
* \voffset=0.0pt
* \mag=1000
* \@twocolumnfalse
* \@twosidefalse
* \@mparswitchfalse
* \@reversemarginfalse
* (1in=72.27pt=25.4mm, 1cm=28.453pt)

(/usr/share/texlive/texmf-dist/tex/context/base/mkii/supp-pdf.mkii
[Loading MPS to PDF converter (version 2006.09.02).]
\scratchcounter=\count295
\scratchdimen=\dimen183
\scratchbox=\box53
\nofMPsegments=\count296
\nofMParguments=\count297
\everyMPshowfont=\toks27
\MPscratchCnt=\count298
\MPscratchDim=\dimen184
\MPnumerator=\count299
\makeMPintoPDFobject=\count300
\everyMPtoPDFconversion=\toks28
) (/usr/share/texlive/texmf-dist/tex/latex/epstopdf-pkg/epstopdf-base.sty
Package: epstopdf-base 2020-01-24 v2.11 Base part for package epstopdf
Package epstopdf-base Info: Redefining graphics rule for `.eps' on input line 4
85.

(/usr/share/texlive/texmf-dist/tex/latex/latexconfig/epstopdf-sys.cfg
File: epstopdf-sys.cfg 2010/07/13 v1.3 Configuration of (r)epstopdf for TeX Liv
e
))
Package hyperref Info: Link coloring ON on input line 88.

(/usr/share/texlive/texmf-dist/tex/latex/hyperref/nameref.sty
Package: nameref 2021-04-02 v2.47 Cross-referencing by name of section

(/usr/share/texlive/texmf-dist/tex/latex/refcount/refcount.sty
Package: refcount 2019/12/15 v3.6 Data extraction from label references (HO)
)
(/usr/share/texlive/texmf-dist/tex/generic/gettitlestring/gettitlestring.sty
Package: gettitlestring 2019/12/15 v1.6 Cleanup title references (HO)
)
\c@section@level=\count301
)
LaTeX Info: Redefining \ref on input line 88.
LaTeX Info: Redefining \pageref on input line 88.
LaTeX Info: Redefining \nameref on input line 88.

(./main.out) (./main.out)
\@outlinefile=\write3
\openout3 = `main.out'.

\c@lstlisting=\count302
LaTeX Font Info:    Trying to load font information for OT1+lmr on input line 9
0.
 (/usr/share/texlive/texmf-dist/tex/latex/lm/ot1lmr.fd
File: ot1lmr.fd 2009/10/30 v1.6 Font defs for Latin Modern
)
LaTeX Font Info:    Trying to load font information for OML+lmm on input line 9
0.
 (/usr/share/texlive/texmf-dist/tex/latex/lm/omllmm.fd
File: omllmm.fd 2009/10/30 v1.6 Font defs for Latin Modern
)
LaTeX Font Info:    Trying to load font information for OMS+lmsy on input line 
90.

(/usr/share/texlive/texmf-dist/tex/latex/lm/omslmsy.fd
File: omslmsy.fd 2009/10/30 v1.6 Font defs for Latin Modern
)
LaTeX Font Info:    Trying to load font information for OMX+lmex on input line 
90.

(/usr/share/texlive/texmf-dist/tex/latex/lm/omxlmex.fd
File: omxlmex.fd 2009/10/30 v1.6 Font defs for Latin Modern
)
LaTeX Font Info:    External font `lmex10' loaded for size
(Font)              <12> on input line 90.
LaTeX Font Info:    External font `lmex10' loaded for size
(Font)              <8> on input line 90.
LaTeX Font Info:    External font `lmex10' loaded for size
(Font)              <6> on input line 90.
LaTeX Font Info:    Trying to load font information for U+msa on input line 90.


(/usr/share/texlive/texmf-dist/tex/latex/amsfonts/umsa.fd
File: umsa.fd 2013/01/14 v3.01 AMS symbols A
)
(/usr/share/texlive/texmf-dist/tex/latex/microtype/mt-msa.cfg
File: mt-msa.cfg 2006/02/04 v1.1 microtype config. file: AMS symbols (a) (RS)
)
LaTeX Font Info:    Trying to load font information for U+msb on input line 90.


(/usr/share/texlive/texmf-dist/tex/latex/amsfonts/umsb.fd
File: umsb.fd 2013/01/14 v3.01 AMS symbols B
)
(/usr/share/texlive/texmf-dist/tex/latex/microtype/mt-msb.cfg
File: mt-msb.cfg 2005/06/01 v1.0 microtype config. file: AMS symbols (b) (RS)
)
Overfull \hbox (7.1228pt too wide) in paragraph at lines 92--96
[]\T1/lmr/m/n/10 (-20) This re-port doc-u-ments the en-gi-neer-ing work on the 
\T1/lmr/m/it/10 (-20) What-Happens-Next \T1/lmr/m/n/10 (-20) Kag-gle com-pe-ti-
tion (Something-Something V2
 []

LaTeX Font Info:    Trying to load font information for T1+lmtt on input line 1
04.
(/usr/share/texlive/texmf-dist/tex/latex/lm/t1lmtt.fd
File: t1lmtt.fd 2009/10/30 v1.6 Font defs for Latin Modern
)
Package microtype Info: Loading generic protrusion settings for font family
(microtype)             `lmtt' (encoding: T1).
(microtype)             For optimal results, create family-specific settings.
(microtype)             See the microtype manual for details.
 (./main.toc
LaTeX Font Info:    External font `lmex10' loaded for size
(Font)              <10.95> on input line 2.
 [1

{/usr/share/texlive/texmf-dist/fonts/map/pdftex/updmap/pdftex.map}])
\tf@toc=\write4
\openout4 = `main.toc'.

 [2] (./track_a.tex
Overfull \hbox (1.09521pt too wide) in paragraph at lines 101--106
 []\T1/lmr/bx/n/10.95 (-20) Implementation.[] \T1/lmr/m/n/10.95 (-20) A new boo
lean \T1/lmtt/m/n/10 dataset.use_official_val \T1/lmr/m/n/10.95 (-20) (de-fault
 \T1/lmtt/m/n/10 false\T1/lmr/m/n/10.95 (-20) ) was added to \T1/lmtt/m/n/10 co
nfigs/data/default.yaml\T1/lmr/m/n/10.95 (-20) .
 []

(/usr/share/texlive/texmf-dist/tex/latex/listings/lstlang1.sty
File: lstlang1.sty 2020/03/24 1.8d listings language file
) [3

]
LaTeX Font Info:    Font shape `T1/lmtt/bx/n' in size <9> not available
(Font)              Font shape `T1/lmtt/b/n' tried instead on input line 108.

Overfull \hbox (11.8844pt too wide) in paragraph at lines 170--179
\T1/lmr/m/n/10.95 (-20) ar-gu-ments, \T1/lmtt/m/n/10 scaler \T1/lmr/m/n/10.95 (
-20) and \T1/lmtt/m/n/10 amp_dtype\T1/lmr/m/n/10.95 (-20) , and wrap their for-
ward and back-ward passes in \T1/lmtt/m/n/10 torch.amp.autocast(device_type="cu
da",
 []

[4]
Overfull \hbox (52.09406pt too wide) in paragraph at lines 212--221
 []\T1/lmr/bx/n/10.95 (-20) Implementation.[] \T1/lmr/m/n/10.95 (-20) On ev-ery
 \T1/lmr/m/it/10.95 (-20) best-checkpoint \T1/lmr/m/n/10.95 (-20) save, the tra
iner now stores \T1/lmtt/m/n/10 optimizer.state_dict()\T1/lmr/m/n/10.95 (-20) ,
 \T1/lmtt/m/n/10 cosine_scheduler.state_dict()
 []

[5]
Overfull \hbox (32.1747pt too wide) in paragraph at lines 311--318
 []\T1/lmr/bx/n/10.95 (-20) Implementation.[] \T1/lmr/m/n/10.95 (-20) A paramet
er-free \T1/lmtt/m/n/10 DropPath \T1/lmr/m/n/10.95 (-20) mod-ule im-ple-ments t
he per-sample bernoulli mask. A helper \T1/lmtt/m/n/10 _inject_drop_path
 []

[6] [7]
LaTeX Font Info:    Trying to load font information for TS1+lmr on input line 4
38.
 (/usr/share/texlive/texmf-dist/tex/latex/lm/ts1lmr.fd
File: ts1lmr.fd 2009/10/30 v1.6 Font defs for Latin Modern
) [8] [9]
Overfull \hbox (54.80608pt too wide) in paragraph at lines 634--642
 []\T1/lmr/bx/n/10.95 (-20) Trunk.[] \T1/lmtt/m/n/10 VJepaTrunk \T1/lmr/m/n/10.
95 (-20) is the \T1/lmr/m/it/10.95 (-20) same \T1/lmr/m/n/10.95 (-20) TSM-wrapp
ed ResNet-50 as the su-per-vised model's \T1/lmtt/m/n/10 backbone\T1/lmr/m/n/10
.95 (-20) : it calls \T1/lmtt/m/n/10 _make_temporal_shift_resnet
 []

[10]
LaTeX Font Info:    Font shape `T1/lmtt/bx/n' in size <12> not available
(Font)              Font shape `T1/lmtt/b/n' tried instead on input line 712.
LaTeX Font Info:    Font shape `T1/lmtt/bx/n' in size <10> not available
(Font)              Font shape `T1/lmtt/b/n' tried instead on input line 712.
 [11]
Overfull \hbox (111.34105pt too wide) in paragraph at lines 816--824
[]\T1/lmr/m/n/10.95 (-20) The two axes are con-fig-ured in-de-pen-dently (\T1/l
mtt/m/n/10 training.class_balance_sampler\T1/lmr/m/n/10.95 (-20) , \T1/lmtt/m/n
/10 training.class_balance_loss\T1/lmr/m/n/10.95 (-20) , \T1/lmtt/m/n/10 traini
ng.class_balance_beta\T1/lmr/m/n/10.95 (-20) )
 []


Overfull \hbox (67.41515pt too wide) in paragraph at lines 840--848
[]$[] \OMS/lmsy/m/n/10.95 $ []$\T1/lmr/m/n/10.95 (-20) , $[] \OMS/lmsy/m/n/10.9
5 $ []$\T1/lmr/m/n/10.95 (-20) , $[] \OMS/lmsy/m/n/10.95 $ []$\T1/lmr/m/n/10.95
 (-20) , $[] \OMS/lmsy/m/n/10.95 $
 []

[12]
Overfull \hbox (157.97456pt too wide) in paragraph at lines 937--941
\T1/lmr/m/n/10.95 (-20) The four Phase-4 fea-tures com-pose cleanly with ev-ery
-thing in Phases 1 through 3. A new ex-per-i-ment file \T1/lmtt/m/n/10 configs/
experiment/track_a_vjepa_finetune.yaml
 []

[13]
LaTeX Font Info:    External font `lmex10' loaded for size
(Font)              <10> on input line 985.
LaTeX Font Info:    External font `lmex10' loaded for size
(Font)              <7> on input line 985.
LaTeX Font Info:    External font `lmex10' loaded for size
(Font)              <5> on input line 985.
LaTeX Font Info:    Font shape `T1/lmtt/bx/n' in size <10.95> not available
(Font)              Font shape `T1/lmtt/b/n' tried instead on input line 1024.
 [14] [15]
LaTeX Font Info:    External font `lmex10' loaded for size
(Font)              <9> on input line 1169.
 [16] [17] [18]
Overfull \hbox (14.06447pt too wide) in paragraph at lines 1432--1443
 []\T1/lmr/bx/n/10.95 (-20) Long-run pre-set.[] \T1/lmr/m/n/10.95 (-20) The com
-pan-ion ex-per-i-ment YAML \T1/lmtt/m/n/10 configs/experiment/track_a_dual_str
eam_long_class_boost.yaml
 []

[19]
Overfull \hbox (95.26007pt too wide) in paragraph at lines 1444--1456
\T1/lmr/m/n/10.95 (-20) gered early stop-ping (pa-tience 3). Best EMA val-i-da-
tion top-1: $[]$ (\T1/lmtt/m/n/10.95 ckpt\T1/lmr/m/n/10.95 (-20) : \T1/lmtt/m/n
/10 .../dual_stream_long_class_boost_lr1_20260515_025557.pt\T1/lmr/m/n/10.95 (-
20) ).
 []


Overfull \hbox (39.68782pt too wide) in paragraph at lines 1511--1523
\T1/lmr/m/n/10 (-20) Wrapper: \T1/lmtt/m/n/10 scripts/run_dual_stream_long_with
_fallback.sh\T1/lmr/m/n/10 (-20) . Log: \T1/lmtt/m/n/10 logs/track_a_dual_strea
m_long_lr1_20260515_025557.log\T1/lmr/m/n/10 (-20) .
 []


Underfull \hbox (badness 10000) in paragraph at lines 1524--1533
\T1/lmr/m/n/10 (+20) Log: \T1/lmtt/m/n/10 logs/track_a_dual_stream_long_lr1_res
ume_20260515_104715.log\T1/lmr/m/n/10 (+20) . Re-sume from \T1/lmtt/m/n/10 *.la
st.pt
 []


Underfull \hbox (badness 10000) in paragraph at lines 1524--1533
\T1/lmr/m/n/10 (+20) (epoch 16); over-ride \T1/lmtt/m/n/10 lr\T1/lmr/m/n/10 (+2
0) =1.2e-4 (+20%), \T1/lmtt/m/n/10 m_r\T1/lmr/m/n/10 (+20) =0.3, \T1/lmtt/m/n/1
0 resume_apply_cfg_lr\T1/lmr/m/n/10 (+20) =1; same pre-set oth-er-
 []


Underfull \hbox (badness 6396) in paragraph at lines 1524--1533
\T1/lmr/m/n/10 (+20) wise. Early stop at epoch 39 (pa-tience ex-hausted). Best 
EMA val top-1: \T1/lmr/bx/n/10 (+20) 39.47%\T1/lmr/m/n/10 (+20) ; same \T1/lmtt
/m/n/10 ckpt
 []


Underfull \hbox (badness 10000) in paragraph at lines 1524--1533
\T1/lmr/m/n/10 (+20) as Run A1. Sub-mit (flip TTA): \T1/lmtt/m/n/10 .../track_a
_dual_stream_long_lr1_resume_20260515.csv\T1/lmr/m/n/10 (+20) ; log
 []


Underfull \hbox (badness 10000) in paragraph at lines 1602--1605
 []\T1/lmr/bx/n/10.95 (+20) Phase 1.[] \T1/lmr/m/n/10 (+20) 100/100 MAE; loss $
\OT1/lmr/m/n/10 (+20) 0\OML/lmm/m/it/10 :\OT1/lmr/m/n/10 (+20) 843 \OMS/lmsy/m/
n/10 ! \OT1/lmr/m/n/10 (+20) 0\OML/lmm/m/it/10 :\OT1/lmr/m/n/10 (+20) 251$\T1/l
mr/m/n/10 (+20) ; \T1/lmtt/m/n/10 checkpoints/track_a/ssl/roussette_encoder.pt\
T1/lmr/m/n/10 (+20) ; log
 []


Underfull \hbox (badness 4660) in paragraph at lines 1620--1624
 []\T1/lmr/bx/n/10.95 (+20) Phase 2.[] \T1/lmr/m/n/10 (+20) 40/40; train top-1 
\T1/lmr/bx/n/10 (+20) 49.54% \T1/lmr/m/n/10 (+20) (ep 40); best EMA val \T1/lmr
/bx/n/10 (+20) 35.60% \T1/lmr/m/n/10 (+20) (ep 32, \T1/lmtt/m/n/10 piranha_ft.p
t\T1/lmr/m/n/10 (+20) ); log
 []


Underfull \hbox (badness 3312) in paragraph at lines 1632--1640
\T1/lmr/m/n/10 (+20) Romain slot: at-ten-tive probe \T1/lmtt/m/n/10 head_num_he
ads\T1/lmr/m/n/10 (+20) =8 (\T1/lmtt/m/n/10 track_a_ssl_pretrain_sole \T1/lmr/m
/n/10 (+20) / \T1/lmtt/m/n/10 track_a_ssl_finetune_sole\T1/lmr/m/n/10 (+20) ).
 []


Underfull \hbox (badness 10000) in paragraph at lines 1632--1640
\T1/lmr/m/n/10 (+20) No \T1/lmtt/m/n/10 logs/ssl_sole_pretrain.log \T1/lmr/m/n/
10 (+20) or \T1/lmtt/m/n/10 ssl_sole_finetune.log\T1/lmr/m/n/10 (+20) ; no \T1/
lmtt/m/n/10 sole_encoder.pt \T1/lmr/m/n/10 (+20) / \T1/lmtt/m/n/10 sole_ft.pt \
T1/lmr/m/n/10 (+20) un-der
 []


LaTeX Warning: Float too large for page by 538.6977pt on input line 1662.

) [20] [21] (./track_b.tex [22

]
Overfull \hbox (75.13676pt too wide) in paragraph at lines 135--143
\T1/lmr/m/n/10.95 (-20) head is in train mode but the back-bone re-mains in eva
l mode. A sec-ond test (\T1/lmtt/m/n/10 test_frozen_forward_does_not_accumulate
_backbone_grads\T1/lmr/m/n/10.95 (-20) )
 []

[23] [24]
Underfull \hbox (badness 2600) in paragraph at lines 344--350
\T1/lmr/m/n/10 (+20) Log: \T1/lmtt/m/n/10 logs/track_b_vitg384_continue_2026051
2_1322.log\T1/lmr/m/n/10 (+20) ; PID: \T1/lmtt/m/n/10 logs/track_b_vitg384_cont
inue.pid\T1/lmr/m/n/10 (+20) . Pre-set:
 []

[25]
Overfull \hbox (120.82715pt too wide) in paragraph at lines 387--393
\T1/lmr/m/n/10.95 (-20) token-aligned unique-prefix fall-back that re-cov-ers t
he trun-cated folder \T1/lmtt/m/n/10 015_Pretending_to_pour_something_out_of_so
mething_but_something_\T1/lmr/m/n/10.95 (-20) )
 []


Overfull \hbox (225.87383pt too wide) in paragraph at lines 397--405
[]\T1/lmtt/m/n/10 scripts/submit_vjepa2_ssv2_zero_shot.py \T1/lmr/m/n/10.95 (-2
0) -- same for-ward, but con-sumes \T1/lmtt/m/n/10 data/test/ \T1/lmr/m/n/10.95
 (-20) and writes \T1/lmtt/m/n/10 submissions/track_b_vjepa2_vitl_fpc16_256_ssv
2_zero_shot.csv
 []


Overfull \hbox (11.15707pt too wide) in paragraph at lines 441--449
 []\T1/lmr/bx/n/10.95 (-20) Mirroring Track A.[] \T1/lmr/m/n/10.95 (-20) The Tr
ack-A side of the project (\T1/lmtt/m/n/10 track_a_randaugment_t.yaml\T1/lmr/m/
n/10.95 (-20) ) al-ready im-ple-ments Kim et al. 2020's
 []

[26]

LaTeX Warning: Citation `Yun2019CutMix' on page 27 undefined on input line 480.


[27]

LaTeX Warning: Citation `MurLabadia2026VJEPA21' on page 28 undefined on input l
ine 554.


Overfull \hbox (53.73517pt too wide) in paragraph at lines 581--594
 []\T1/lmr/bx/n/10.95 (-20) Motivation.[] \T1/lmr/m/n/10.95 (-20) The Phase 4.2
 ViT-L 256 run topped out at $\OT1/lmr/m/n/10.95 (-20) 53\OML/lmm/m/it/10.95 :\
OT1/lmr/m/n/10.95 (-20) 09 %$ \T1/lmr/m/n/10.95 (-20) val top-1 (check-point \T
1/lmtt/m/n/10 checkpoints/track_b/vjepa2_heavy_aug.pt\T1/lmr/m/n/10.95 (-20) ,
 []


Overfull \hbox (1.60353pt too wide) in paragraph at lines 613--617
 []\T1/lmr/bx/n/10.95 (-20) Recipe.[] \T1/lmr/m/n/10.95 (-20) The ex-per-i-ment
 lives at \T1/lmtt/m/n/10 configs/experiment/track_b_vjepa2_vitg384_heavy_aug.y
aml \T1/lmr/m/n/10.95 (-20) and over-rides Phase 4.2
 []

[28] [29]
Overfull \hbox (3.70288pt too wide) in paragraph at lines 731--733
 []\T1/lmr/bx/n/10.95 (-20) Dependencies.[] \T1/lmr/m/n/10.95 (-20) The project
 de-clares \T1/lmtt/m/n/10.95 peft>=0.13 \T1/lmr/m/n/10.95 (-20) in \T1/lmtt/m/
n/10 pyproject.toml\T1/lmr/m/n/10.95 (-20) . LoRA is in-ac-tive un-less \T1/lmt
t/m/n/10 model.lora_enabled=true\T1/lmr/m/n/10.95 (-20) . 
 []


Overfull \hbox (46.27515pt too wide) in paragraph at lines 735--741
\T1/lmr/m/n/10.95 (-20) rate (\T1/lmtt/m/n/10 training.lr: 2e-4\T1/lmr/m/n/10.9
5 (-20) ) so adapter up-dates re-main sta-ble. Check-points are writ-ten to \T1
/lmtt/m/n/10 checkpoints/track_b/vitg384_peft_mq.pt
 []

) [30] [31

] (./track_a_inventory.tex
Overfull \hbox (39.7001pt too wide) in paragraph at lines 71--82
\T1/lmr/m/n/10.95 (-20) recipe sur-vives a host loss this time, let the run fin
-ish 150 epochs, and sub-mit with \T1/lmtt/m/n/10 training.tta_scales\T1/lmr/m/
n/10.95 (-20) =\T1/lmtt/m/n/10 [0.875,1.0,1.125]
 []

[32

] [33] [34]
Overfull \hbox (18.5854pt too wide) in paragraph at lines 315--326
\T1/lmr/bx/n/10.95 (-20) tus: OK, val-i-dated end-to-end on Kag-gle. \T1/lmr/m/
n/10.95 (-20) Pit-falls: \T1/lmtt/m/n/10 model.init_from \T1/lmr/m/n/10.95 (-20
) is silently skipped for \T1/lmtt/m/n/10.95 dual_stream_rgb_diff_tsm
 []


Overfull \hbox (88.15327pt too wide) in paragraph at lines 327--336
 []\T1/lmr/bx/n/10.95 (-20) Supervised \T1/lmtt/b/n/10.95 video_mae_vit \T1/lmr
/bx/n/10.95 (-20) from scratch.[] \T1/lmr/m/n/10.95 (-20) Code: \T1/lmtt/m/n/10
 src/smth2smth/shared/models/video_mae.py \T1/lmr/m/n/10.95 (-20) (\T1/lmtt/m/n
/10.95 VideoMAEViT\T1/lmr/m/n/10.95 (-20) , \T1/lmtt/m/n/10.95 build_video_mae_
vit\T1/lmr/m/n/10.95 (-20) );
 []


Underfull \hbox (badness 10000) in paragraph at lines 407--407
[]\T1/lmr/bx/n/9 (+20) KEEP --- pri-mary
 []


Underfull \hbox (badness 2197) in paragraph at lines 408--412
[]\T1/lmr/m/n/9 (+20) Prior run reached $\OMS/lmsy/m/n/9 ^^Y \OT1/lmr/m/n/9 (+2
0) 42 %$ \T1/lmr/m/n/9 (+20) pub-lic Top-1; re-run in progress un-der
 []


Underfull \hbox (badness 10000) in paragraph at lines 412--412
[]\T1/lmr/m/n/9 (+20) Dual-stream TSM
 []


Underfull \hbox (badness 10000) in paragraph at lines 416--416
[]\T1/lmr/m/n/9 (+20) Supervised ViT from
 []


Underfull \hbox (badness 5908) in paragraph at lines 433--435
[]\T1/lmr/m/n/9 (+20) Pretrain on disk; FT never launched. Cheap com-ple-tion v
ia
 []

[35] [36]
Overfull \hbox (24.70746pt too wide) in paragraph at lines 516--524
[]\T1/lmr/bx/n/10.95 (-20) Phase 2 150-ep re-run check-point is on a for-eign V
M. \T1/lmr/m/n/10.95 (-20) The live tar-get is \T1/lmtt/m/n/10 trackA_phase2_..
._ep150_20260516_best.pt
 []


Overfull \hbox (34.37122pt too wide) in paragraph at lines 531--538
[]\T1/lmr/bx/n/10.95 (-20) Dual-stream A1b check-point iden-tity. \T1/lmr/m/n/1
0.95 (-20) The sub-mit log names \T1/lmtt/m/n/10 dual_stream_long_class_boost_l
r1_20260515_025557.pt\T1/lmr/m/n/10.95 (-20) ,
 []


Overfull \hbox (58.51445pt too wide) in paragraph at lines 550--554
[]\T1/lmtt/b/n/10 submissions/track_a.csv \T1/lmr/bx/n/10.95 (-20) prove-nance 
un-clear. \T1/lmr/m/n/10.95 (-20) Dated 16 May 14:04, same byte count as \T1/lm
tt/m/n/10 submissions/track_a_rouget_ssl.csv\T1/lmr/m/n/10.95 (-20) ;
 []

) [37] [38

] (./main.aux)

LaTeX Warning: There were undefined references.

Package rerunfilecheck Info: File `main.out' has not changed.
(rerunfilecheck)             Checksum: BAC16E0E61E2488C3A8BF4B64671D747;15534.
 ) 
Here is how much of TeX's memory you used:
 15918 strings out of 481008
 231083 string characters out of 5909440
 1004158 words of memory out of 5000000
 31735 multiletter control sequences out of 15000+600000
 537889 words of font info for 315 fonts, out of 8000000 for 9000
 14 hyphenation exceptions out of 8191
 71i,14n,74p,425b,1998s stack positions out of 5000i,500n,10000p,200000b,80000s
{/usr/share/texlive/texmf-dist/fonts/enc/dvips/lm/lm-rm.enc}{/usr/share/texli
ve/texmf-dist/fonts/enc/dvips/lm/lm-mathsy.enc}{/usr/share/texlive/texmf-dist/f
onts/enc/dvips/lm/lm-ec.enc}{/usr/share/texlive/texmf-dist/fonts/enc/dvips/lm/l
m-mathit.enc}{/usr/share/texlive/texmf-dist/fonts/enc/dvips/lm/lm-ts1.enc}{/usr
/share/texlive/texmf-dist/fonts/enc/dvips/lm/lm-mathex.enc}</usr/share/texlive/
texmf-dist/fonts/type1/public/lm/lmbx10.pfb></usr/share/texlive/texmf-dist/font
s/type1/public/lm/lmbx12.pfb></usr/share/texlive/texmf-dist/fonts/type1/public/
lm/lmbx9.pfb></usr/share/texlive/texmf-dist/fonts/type1/public/lm/lmbxi10.pfb><
/usr/share/texlive/texmf-dist/fonts/type1/public/lm/lmex10.pfb></usr/share/texl
ive/texmf-dist/fonts/type1/public/lm/lmmi10.pfb></usr/share/texlive/texmf-dist/
fonts/type1/public/lm/lmmi6.pfb></usr/share/texlive/texmf-dist/fonts/type1/publ
ic/lm/lmmi8.pfb></usr/share/texlive/texmf-dist/fonts/type1/public/lm/lmmi9.pfb>
</usr/share/texlive/texmf-dist/fonts/type1/public/lm/lmr10.pfb></usr/share/texl
ive/texmf-dist/fonts/type1/public/lm/lmr12.pfb></usr/share/texlive/texmf-dist/f
onts/type1/public/lm/lmr7.pfb></usr/share/texlive/texmf-dist/fonts/type1/public
/lm/lmr8.pfb></usr/share/texlive/texmf-dist/fonts/type1/public/lm/lmr9.pfb></us
r/share/texlive/texmf-dist/fonts/type1/public/lm/lmri10.pfb></usr/share/texlive
/texmf-dist/fonts/type1/public/lm/lmsy10.pfb></usr/share/texlive/texmf-dist/fon
ts/type1/public/lm/lmsy6.pfb></usr/share/texlive/texmf-dist/fonts/type1/public/
lm/lmsy7.pfb></usr/share/texlive/texmf-dist/fonts/type1/public/lm/lmsy8.pfb></u
sr/share/texlive/texmf-dist/fonts/type1/public/lm/lmsy9.pfb></usr/share/texlive
/texmf-dist/fonts/type1/public/lm/lmtk10.pfb></usr/share/texlive/texmf-dist/fon
ts/type1/public/lm/lmtt10.pfb></usr/share/texlive/texmf-dist/fonts/type1/public
/lm/lmtt9.pfb></usr/share/texlive/texmf-dist/fonts/type1/public/lm/lmtti10.pfb>
</usr/share/texlive/texmf-dist/fonts/type1/public/amsfonts/symbols/msbm10.pfb>
Output written on main.pdf (38 pages, 634618 bytes).
PDF statistics:
 1418 PDF objects out of 1440 (max. 8388607)
 1338 compressed objects within 14 object streams
 692 named destinations out of 1000 (max. 500000)
 75305 words of extra memory for PDF output out of 89155 (max. 10000000)

