model:
  name: video_mae_vit
  variant: vit_b
  num_classes: ${num_classes}
  tube_t: 1
  patch_size: 16
  mlp_ratio: 4.0
  drop_path_rate: 0.1
  dropout: 0.0
  head: attn
  head_num_heads: 4
  init_from: ${hydra:runtime.cwd}/checkpoints/track_a/ssl/sole_encoder.pt
  interpolate_pos_embed: false
  interpolate_src_image_size: 224
  interpolate_src_num_frames: ${dataset.num_frames}
  gradient_checkpointing: true
  freeze_backbone: false
  residual_variant: shc
  hc_n: 4
  hc_sk_iters: 3
  hc_sk_tau: 1.0
dataset:
  root: ${hydra:runtime.cwd}/data
  train_dir: ${dataset.root}/train
  val_dir: ${dataset.root}/val
  test_dir: ${dataset.root}/test
  augmented_dirs: []
  test_manifest: null
  submission_output: ${hydra:runtime.cwd}/submissions/track_a.csv
  num_frames: 4
  val_ratio: 0.2
  use_official_val: true
  include_val_in_train: false
  seed: ${seed}
  max_samples: null
  max_samples_per_class: null
  image_size: 224
  time_reversal_prob: 0.0
  temporal_reversal_augment:
    enabled: false
    prob: 0.5
  class_boosting:
    enabled: false
training:
  batch_size: 4
  epochs: 60
  optimizer: adamw
  lr: 0.0005
  layer_decay: 0.75
  weight_decay: 0.05
  scheduler: cosine
  scheduler_cosine: true
  warmup_epochs: 5
  min_lr: 1.0e-06
  label_smoothing: 0.1
  videomix_mode: mixup_cutmix_switch
  videomix_mixup_alpha: 0.8
  videomix_cutmix_alpha: 1.0
  videomix_prob: 1.0
  videomix_switch_prob: 0.5
  repeated_aug: 2
  amp: true
  amp_dtype: bf16
  ema_enabled: true
  ema_decay: 0.999
  early_stopping_enabled: true
  early_stopping_patience: 25
  early_stopping_min_delta: 0.001
  num_workers: 4
  log_interval_steps: 100
  device: cuda
  checkpoint_path: ${hydra:runtime.cwd}/checkpoints/track_a/hc/shc_n4_s${seed}_ft.pt
  tta: true
  tta_flip: true
  tta_scales:
  - 0.857
  - 1.0
  - 1.143
  grad_accum_steps: 16
  stability_log_path: ${hydra:runtime.cwd}/logs/hc/shc_n4_s${seed}_stability.csv
  stability_log_every: 10
  stability_log_per_block: true
  stability_log_hc_drift: true
augment:
  name: champion_ft
  random_horizontal_flip: true
  random_horizontal_flip_prob: 0.5
  random_crop: true
  crop_padding: 32
  color_jitter: false
  sync_across_frames: true
  randaugment:
    enabled: true
    'n': 2
    m: 9.0
    mode: temporal_plus
    magnitude_max: 30.0
    ops: null
pretrain:
  epochs: 100
  batch_size: 64
  lr: 0.0005
  weight_decay: 0.04
  log_interval_steps: 50
  checkpoint_path: ${hydra:runtime.cwd}/ssl_trunk.pt
  max_frames: null
  image_size: 224
  local_image_size: 96
  num_local_views: 6
  out_dim: 4096
  hidden_dim: 2048
  bottleneck_dim: 256
  n_layers: 3
  teacher_temp: 0.04
  student_temp: 0.1
  center_momentum: 0.9
  teacher_momentum_base: 0.996
  teacher_momentum_final: 1.0
track:
  name: a
  description: 'Closed-world track: train from scratch.'
seed: 42
num_classes: 33

[cuda] cache emptied (run-start). Free: 19.99 / 23.54 GiB
[data] use_official_val=true: train=44993 (train_dir=44993), val=6745 (from /Data/romain.poggi/smth2smth/data/val)
[data] repeated_aug=2: each clip drawn up to 2x per epoch with independent augmentations.
[init_from] loaded 149 encoder tensors from /Data/romain.poggi/smth2smth/checkpoints/track_a/ssl/sole_encoder.pt. encoder-missing=73, unexpected=0
[init_from] encoder keys NOT covered by SSL: ['encoder.alpha_out', 'encoder.blocks.0.attn_router.alpha_pre', 'encoder.blocks.0.attn_router.beta', 'encoder.blocks.0.attn_router.M', 'encoder.blocks.0.mlp_router.alpha_pre', 'encoder.blocks.0.mlp_router.beta', 'encoder.blocks.0.mlp_router.M', 'encoder.blocks.1.attn_router.alpha_pre']...
[optim] LLRD: layer_decay=0.75, depth=12, 28 param groups.
[optim] trainable 88,639,333 / total 88,639,333 params (100.00%)
[amp] mixed-precision (torch.bfloat16 + GradScaler) enabled.
[train] grad_accum_steps=16 (effective batch scales up).
[ema] enabled (decay=0.999); will eval both live and EMA each epoch.
[stability] per-step logging -> /Data/romain.poggi/smth2smth/logs/hc/shc_n4_s42_stability.csv (every 10 step(s))
    [00:05:40] step 100/11249 | avg train loss 3.6451 top1 0.0475 top5 0.2125
    [00:06:02] step 200/11249 | avg train loss 3.6199 top1 0.0425 top5 0.2200
    [00:06:24] step 300/11249 | avg train loss 3.5771 top1 0.0433 top5 0.2258
    [00:06:46] step 400/11249 | avg train loss 3.5434 top1 0.0506 top5 0.2219
    [00:07:09] step 500/11249 | avg train loss 3.5258 top1 0.0535 top5 0.2260
    [00:07:30] step 600/11249 | avg train loss 3.5077 top1 0.0575 top5 0.2387
    [00:07:53] step 700/11249 | avg train loss 3.4917 top1 0.0589 top5 0.2464
    [00:08:16] step 800/11249 | avg train loss 3.4698 top1 0.0628 top5 0.2547
    [00:08:37] step 900/11249 | avg train loss 3.4643 top1 0.0608 top5 0.2550
    [00:09:00] step 1000/11249 | avg train loss 3.4457 top1 0.0630 top5 0.2610
    [00:09:22] step 1100/11249 | avg train loss 3.4372 top1 0.0620 top5 0.2620
    [00:09:44] step 1200/11249 | avg train loss 3.4253 top1 0.0633 top5 0.2671
    [00:10:07] step 1300/11249 | avg train loss 3.4123 top1 0.0648 top5 0.2731
    [00:10:29] step 1400/11249 | avg train loss 3.4073 top1 0.0675 top5 0.2757
    [00:10:52] step 1500/11249 | avg train loss 3.3972 top1 0.0683 top5 0.2798
    [00:11:14] step 1600/11249 | avg train loss 3.3875 top1 0.0706 top5 0.2820
    [00:11:35] step 1700/11249 | avg train loss 3.3816 top1 0.0707 top5 0.2843
    [00:11:58] step 1800/11249 | avg train loss 3.3760 top1 0.0699 top5 0.2843
    [00:12:20] step 1900/11249 | avg train loss 3.3658 top1 0.0730 top5 0.2896
    [00:12:42] step 2000/11249 | avg train loss 3.3636 top1 0.0740 top5 0.2915
    [00:13:05] step 2100/11249 | avg train loss 3.3603 top1 0.0745 top5 0.2913
    [00:13:27] step 2200/11249 | avg train loss 3.3564 top1 0.0742 top5 0.2923
    [00:13:50] step 2300/11249 | avg train loss 3.3497 top1 0.0753 top5 0.2949
    [00:14:12] step 2400/11249 | avg train loss 3.3422 top1 0.0772 top5 0.2974
    [00:14:33] step 2500/11249 | avg train loss 3.3368 top1 0.0783 top5 0.2983
    [00:14:56] step 2600/11249 | avg train loss 3.3299 top1 0.0789 top5 0.3009
    [00:15:18] step 2700/11249 | avg train loss 3.3267 top1 0.0797 top5 0.3008
    [00:15:41] step 2800/11249 | avg train loss 3.3244 top1 0.0807 top5 0.3009
    [00:16:03] step 2900/11249 | avg train loss 3.3218 top1 0.0815 top5 0.3024
    [00:16:25] step 3000/11249 | avg train loss 3.3161 top1 0.0832 top5 0.3043
    [00:16:48] step 3100/11249 | avg train loss 3.3113 top1 0.0844 top5 0.3067
    [00:17:10] step 3200/11249 | avg train loss 3.3082 top1 0.0843 top5 0.3077
    [00:17:31] step 3300/11249 | avg train loss 3.3024 top1 0.0859 top5 0.3102
    [00:17:55] step 3400/11249 | avg train loss 3.2978 top1 0.0870 top5 0.3109
    [00:18:16] step 3500/11249 | avg train loss 3.2916 top1 0.0879 top5 0.3132
    [00:18:39] step 3600/11249 | avg train loss 3.2874 top1 0.0883 top5 0.3147
    [00:19:02] step 3700/11249 | avg train loss 3.2796 top1 0.0903 top5 0.3186
    [00:19:23] step 3800/11249 | avg train loss 3.2747 top1 0.0916 top5 0.3205
    [00:19:46] step 3900/11249 | avg train loss 3.2709 top1 0.0919 top5 0.3226
    [00:20:09] step 4000/11249 | avg train loss 3.2670 top1 0.0926 top5 0.3236
    [00:20:30] step 4100/11249 | avg train loss 3.2628 top1 0.0937 top5 0.3248
    [00:20:53] step 4200/11249 | avg train loss 3.2592 top1 0.0941 top5 0.3265
    [00:21:15] step 4300/11249 | avg train loss 3.2543 top1 0.0955 top5 0.3286
    [00:21:37] step 4400/11249 | avg train loss 3.2490 top1 0.0966 top5 0.3314
    [00:22:00] step 4500/11249 | avg train loss 3.2486 top1 0.0971 top5 0.3316
    [00:22:22] step 4600/11249 | avg train loss 3.2471 top1 0.0972 top5 0.3317
    [00:22:45] step 4700/11249 | avg train loss 3.2402 top1 0.0990 top5 0.3341
    [00:23:07] step 4800/11249 | avg train loss 3.2385 top1 0.0992 top5 0.3346
    [00:23:29] step 4900/11249 | avg train loss 3.2334 top1 0.1002 top5 0.3373
    [00:23:52] step 5000/11249 | avg train loss 3.2300 top1 0.1005 top5 0.3384
    [00:24:13] step 5100/11249 | avg train loss 3.2282 top1 0.1006 top5 0.3394
    [00:24:36] step 5200/11249 | avg train loss 3.2259 top1 0.1012 top5 0.3402
    [00:24:58] step 5300/11249 | avg train loss 3.2230 top1 0.1016 top5 0.3413
    [00:25:20] step 5400/11249 | avg train loss 3.2191 top1 0.1025 top5 0.3434
    [00:25:43] step 5500/11249 | avg train loss 3.2168 top1 0.1031 top5 0.3439
    [00:26:05] step 5600/11249 | avg train loss 3.2144 top1 0.1042 top5 0.3447
    [00:26:27] step 5700/11249 | avg train loss 3.2111 top1 0.1050 top5 0.3458
    [00:26:50] step 5800/11249 | avg train loss 3.2084 top1 0.1053 top5 0.3463
    [00:27:11] step 5900/11249 | avg train loss 3.2046 top1 0.1064 top5 0.3478
    [00:27:34] step 6000/11249 | avg train loss 3.1982 top1 0.1081 top5 0.3502
    [00:27:57] step 6100/11249 | avg train loss 3.1937 top1 0.1093 top5 0.3521
    [00:28:18] step 6200/11249 | avg train loss 3.1904 top1 0.1101 top5 0.3534
    [00:28:41] step 6300/11249 | avg train loss 3.1867 top1 0.1111 top5 0.3550
    [00:29:04] step 6400/11249 | avg train loss 3.1841 top1 0.1119 top5 0.3558
    [00:29:25] step 6500/11249 | avg train loss 3.1822 top1 0.1124 top5 0.3566
    [00:29:48] step 6600/11249 | avg train loss 3.1785 top1 0.1131 top5 0.3575
    [00:30:10] step 6700/11249 | avg train loss 3.1750 top1 0.1138 top5 0.3590
    [00:30:32] step 6800/11249 | avg train loss 3.1717 top1 0.1148 top5 0.3598
    [00:30:55] step 6900/11249 | avg train loss 3.1671 top1 0.1158 top5 0.3609
    [00:31:17] step 7000/11249 | avg train loss 3.1640 top1 0.1164 top5 0.3624
    [00:31:40] step 7100/11249 | avg train loss 3.1600 top1 0.1174 top5 0.3638
    [00:32:02] step 7200/11249 | avg train loss 3.1579 top1 0.1178 top5 0.3645
    [00:32:24] step 7300/11249 | avg train loss 3.1560 top1 0.1184 top5 0.3658
    [00:32:46] step 7400/11249 | avg train loss 3.1529 top1 0.1194 top5 0.3670
    [00:33:08] step 7500/11249 | avg train loss 3.1492 top1 0.1200 top5 0.3680
    [00:33:31] step 7600/11249 | avg train loss 3.1473 top1 0.1207 top5 0.3685
    [00:33:53] step 7700/11249 | avg train loss 3.1453 top1 0.1214 top5 0.3693
    [00:34:15] step 7800/11249 | avg train loss 3.1412 top1 0.1224 top5 0.3710
    [00:34:38] step 7900/11249 | avg train loss 3.1381 top1 0.1232 top5 0.3724
    [00:35:00] step 8000/11249 | avg train loss 3.1340 top1 0.1241 top5 0.3735
    [00:35:22] step 8100/11249 | avg train loss 3.1322 top1 0.1248 top5 0.3746
    [00:35:45] step 8200/11249 | avg train loss 3.1309 top1 0.1254 top5 0.3752
    [00:36:06] step 8300/11249 | avg train loss 3.1269 top1 0.1264 top5 0.3767
    [00:36:29] step 8400/11249 | avg train loss 3.1229 top1 0.1272 top5 0.3778
    [00:36:51] step 8500/11249 | avg train loss 3.1214 top1 0.1272 top5 0.3780
    [00:37:13] step 8600/11249 | avg train loss 3.1172 top1 0.1285 top5 0.3794
    [00:37:36] step 8700/11249 | avg train loss 3.1135 top1 0.1290 top5 0.3805
    [00:37:58] step 8800/11249 | avg train loss 3.1105 top1 0.1299 top5 0.3816
    [00:38:20] step 8900/11249 | avg train loss 3.1075 top1 0.1305 top5 0.3829
    [00:38:43] step 9000/11249 | avg train loss 3.1051 top1 0.1311 top5 0.3838
    [00:39:04] step 9100/11249 | avg train loss 3.1022 top1 0.1319 top5 0.3846
    [00:39:27] step 9200/11249 | avg train loss 3.0999 top1 0.1326 top5 0.3854
    [00:39:50] step 9300/11249 | avg train loss 3.0960 top1 0.1334 top5 0.3863
    [00:40:11] step 9400/11249 | avg train loss 3.0931 top1 0.1343 top5 0.3875
    [00:40:34] step 9500/11249 | avg train loss 3.0895 top1 0.1351 top5 0.3887
    [00:40:56] step 9600/11249 | avg train loss 3.0875 top1 0.1353 top5 0.3893
    [00:41:18] step 9700/11249 | avg train loss 3.0851 top1 0.1360 top5 0.3899
    [00:41:40] step 9800/11249 | avg train loss 3.0813 top1 0.1363 top5 0.3907
    [00:42:02] step 9900/11249 | avg train loss 3.0786 top1 0.1369 top5 0.3919
    [00:42:25] step 10000/11249 | avg train loss 3.0774 top1 0.1370 top5 0.3923
    [00:42:47] step 10100/11249 | avg train loss 3.0753 top1 0.1371 top5 0.3927
    [00:43:09] step 10200/11249 | avg train loss 3.0735 top1 0.1378 top5 0.3939
    [00:43:32] step 10300/11249 | avg train loss 3.0726 top1 0.1382 top5 0.3945
    [00:43:54] step 10400/11249 | avg train loss 3.0721 top1 0.1385 top5 0.3952
    [00:44:16] step 10500/11249 | avg train loss 3.0705 top1 0.1386 top5 0.3959
    [00:44:39] step 10600/11249 | avg train loss 3.0677 top1 0.1392 top5 0.3967
    [00:45:00] step 10700/11249 | avg train loss 3.0658 top1 0.1397 top5 0.3974
    [00:45:23] step 10800/11249 | avg train loss 3.0635 top1 0.1401 top5 0.3982
    [00:45:46] step 10900/11249 | avg train loss 3.0617 top1 0.1406 top5 0.3987
    [00:46:07] step 11000/11249 | avg train loss 3.0598 top1 0.1411 top5 0.3993
    [00:46:30] step 11100/11249 | avg train loss 3.0575 top1 0.1415 top5 0.4001
    [00:46:52] step 11200/11249 | avg train loss 3.0545 top1 0.1422 top5 0.4011
    [00:47:03] step 11249/11249 | avg train loss 3.0527 top1 0.1428 top5 0.4019
[2026-05-18T00:50:10] Epoch 1/60 | train loss 3.0527 top1 0.1428 | val loss 2.8182 top1 0.2371 top5 0.5360 | ema val top1 0.1315 top5 0.4101
  Saved new best checkpoint (live): /Data/romain.poggi/smth2smth/checkpoints/track_a/hc/shc_n4_s42_ft.pt (val top1=0.2371)
    [00:50:34] step 100/11249 | avg train loss 2.7302 top1 0.2350 top5 0.5100
    [00:50:56] step 200/11249 | avg train loss 2.7881 top1 0.2250 top5 0.4975
    [00:51:19] step 300/11249 | avg train loss 2.8125 top1 0.2133 top5 0.4817
    [00:51:40] step 400/11249 | avg train loss 2.8465 top1 0.2006 top5 0.4675
    [00:52:03] step 500/11249 | avg train loss 2.8504 top1 0.1990 top5 0.4650
    [00:52:26] step 600/11249 | avg train loss 2.8519 top1 0.1967 top5 0.4654
    [00:52:47] step 700/11249 | avg train loss 2.8567 top1 0.1986 top5 0.4643
    [00:53:10] step 800/11249 | avg train loss 2.8571 top1 0.2006 top5 0.4619
    [00:53:32] step 900/11249 | avg train loss 2.8676 top1 0.1975 top5 0.4542
    [00:53:54] step 1000/11249 | avg train loss 2.8661 top1 0.1978 top5 0.4555
    [00:54:17] step 1100/11249 | avg train loss 2.8654 top1 0.1975 top5 0.4530
    [00:54:39] step 1200/11249 | avg train loss 2.8687 top1 0.1965 top5 0.4531
    [00:55:01] step 1300/11249 | avg train loss 2.8662 top1 0.1919 top5 0.4531
    [00:55:24] step 1400/11249 | avg train loss 2.8707 top1 0.1904 top5 0.4511
    [00:55:46] step 1500/11249 | avg train loss 2.8613 top1 0.1945 top5 0.4553
    [00:56:08] step 1600/11249 | avg train loss 2.8548 top1 0.1939 top5 0.4591
    [00:56:31] step 1700/11249 | avg train loss 2.8614 top1 0.1915 top5 0.4572
    [00:56:52] step 1800/11249 | avg train loss 2.8679 top1 0.1899 top5 0.4558
    [00:57:15] step 1900/11249 | avg train loss 2.8753 top1 0.1888 top5 0.4529
    [00:57:37] step 2000/11249 | avg train loss 2.8713 top1 0.1889 top5 0.4544
    [00:57:59] step 2100/11249 | avg train loss 2.8787 top1 0.1870 top5 0.4543
    [00:58:22] step 2200/11249 | avg train loss 2.8754 top1 0.1872 top5 0.4558
    [00:58:44] step 2300/11249 | avg train loss 2.8713 top1 0.1876 top5 0.4572
    [00:59:07] step 2400/11249 | avg train loss 2.8722 top1 0.1866 top5 0.4562
    [00:59:29] step 2500/11249 | avg train loss 2.8694 top1 0.1866 top5 0.4579
    [00:59:50] step 2600/11249 | avg train loss 2.8699 top1 0.1875 top5 0.4593
    [01:00:13] step 2700/11249 | avg train loss 2.8665 top1 0.1885 top5 0.4609
    [01:00:35] step 2800/11249 | avg train loss 2.8572 top1 0.1891 top5 0.4622
    [01:00:58] step 2900/11249 | avg train loss 2.8573 top1 0.1898 top5 0.4621
    [01:01:20] step 3000/11249 | avg train loss 2.8542 top1 0.1909 top5 0.4642
    [01:01:41] step 3100/11249 | avg train loss 2.8505 top1 0.1917 top5 0.4652
    [01:02:05] step 3200/11249 | avg train loss 2.8433 top1 0.1935 top5 0.4673
    [01:02:27] step 3300/11249 | avg train loss 2.8418 top1 0.1935 top5 0.4687
    [01:02:48] step 3400/11249 | avg train loss 2.8405 top1 0.1941 top5 0.4699
    [01:03:11] step 3500/11249 | avg train loss 2.8415 top1 0.1938 top5 0.4703
    [01:03:33] step 3600/11249 | avg train loss 2.8445 top1 0.1926 top5 0.4703
    [01:03:56] step 3700/11249 | avg train loss 2.8423 top1 0.1935 top5 0.4711
    [01:04:18] step 3800/11249 | avg train loss 2.8417 top1 0.1928 top5 0.4705
    [01:04:40] step 3900/11249 | avg train loss 2.8417 top1 0.1936 top5 0.4713
    [01:05:03] step 4000/11249 | avg train loss 2.8407 top1 0.1939 top5 0.4705
    [01:05:25] step 4100/11249 | avg train loss 2.8404 top1 0.1934 top5 0.4706
    [01:05:47] step 4200/11249 | avg train loss 2.8389 top1 0.1934 top5 0.4717
    [01:06:10] step 4300/11249 | avg train loss 2.8394 top1 0.1932 top5 0.4713
    [01:06:31] step 4400/11249 | avg train loss 2.8375 top1 0.1936 top5 0.4716
    [01:06:54] step 4500/11249 | avg train loss 2.8367 top1 0.1941 top5 0.4722
    [01:07:17] step 4600/11249 | avg train loss 2.8306 top1 0.1949 top5 0.4736
    [01:07:38] step 4700/11249 | avg train loss 2.8318 top1 0.1949 top5 0.4743
    [01:08:01] step 4800/11249 | avg train loss 2.8304 top1 0.1953 top5 0.4744
    [01:08:23] step 4900/11249 | avg train loss 2.8301 top1 0.1951 top5 0.4740
    [01:08:45] step 5000/11249 | avg train loss 2.8288 top1 0.1955 top5 0.4749
    [01:09:08] step 5100/11249 | avg train loss 2.8298 top1 0.1944 top5 0.4740
    [01:09:29] step 5200/11249 | avg train loss 2.8264 top1 0.1949 top5 0.4743
    [01:09:52] step 5300/11249 | avg train loss 2.8254 top1 0.1956 top5 0.4752
    [01:10:15] step 5400/11249 | avg train loss 2.8255 top1 0.1962 top5 0.4749
    [01:10:36] step 5500/11249 | avg train loss 2.8252 top1 0.1962 top5 0.4751
    [01:10:59] step 5600/11249 | avg train loss 2.8236 top1 0.1967 top5 0.4757
    [01:11:22] step 5700/11249 | avg train loss 2.8227 top1 0.1968 top5 0.4757
    [01:11:43] step 5800/11249 | avg train loss 2.8241 top1 0.1963 top5 0.4748
    [01:12:06] step 5900/11249 | avg train loss 2.8237 top1 0.1962 top5 0.4747
    [01:12:28] step 6000/11249 | avg train loss 2.8234 top1 0.1960 top5 0.4746
    [01:12:51] step 6100/11249 | avg train loss 2.8219 top1 0.1966 top5 0.4753
    [01:13:13] step 6200/11249 | avg train loss 2.8186 top1 0.1978 top5 0.4756
    [01:13:34] step 6300/11249 | avg train loss 2.8169 top1 0.1984 top5 0.4759
    [01:13:58] step 6400/11249 | avg train loss 2.8153 top1 0.1990 top5 0.4766
    [01:14:20] step 6500/11249 | avg train loss 2.8126 top1 0.1997 top5 0.4775
    [01:14:41] step 6600/11249 | avg train loss 2.8132 top1 0.1998 top5 0.4768
    [01:15:04] step 6700/11249 | avg train loss 2.8108 top1 0.2001 top5 0.4776
    [01:15:26] step 6800/11249 | avg train loss 2.8109 top1 0.1998 top5 0.4777
    [01:15:49] step 6900/11249 | avg train loss 2.8100 top1 0.2009 top5 0.4786
    [01:16:12] step 7000/11249 | avg train loss 2.8084 top1 0.2008 top5 0.4786
    [01:16:33] step 7100/11249 | avg train loss 2.8071 top1 0.2007 top5 0.4790
    [01:16:56] step 7200/11249 | avg train loss 2.8044 top1 0.2011 top5 0.4799
    [01:17:18] step 7300/11249 | avg train loss 2.8032 top1 0.2015 top5 0.4799
    [01:17:40] step 7400/11249 | avg train loss 2.8025 top1 0.2015 top5 0.4799
    [01:18:03] step 7500/11249 | avg train loss 2.8007 top1 0.2019 top5 0.4805
    [01:18:24] step 7600/11249 | avg train loss 2.7999 top1 0.2021 top5 0.4809
    [01:18:47] step 7700/11249 | avg train loss 2.7988 top1 0.2023 top5 0.4814
    [01:19:10] step 7800/11249 | avg train loss 2.7994 top1 0.2022 top5 0.4811
    [01:19:31] step 7900/11249 | avg train loss 2.7993 top1 0.2021 top5 0.4809
    [01:19:54] step 8000/11249 | avg train loss 2.7989 top1 0.2018 top5 0.4811
    [01:20:17] step 8100/11249 | avg train loss 2.7987 top1 0.2014 top5 0.4816
    [01:20:38] step 8200/11249 | avg train loss 2.7979 top1 0.2016 top5 0.4818
    [01:21:01] step 8300/11249 | avg train loss 2.7974 top1 0.2019 top5 0.4818
    [01:21:23] step 8400/11249 | avg train loss 2.7963 top1 0.2021 top5 0.4824
    [01:21:45] step 8500/11249 | avg train loss 2.7954 top1 0.2021 top5 0.4825
    [01:22:08] step 8600/11249 | avg train loss 2.7956 top1 0.2023 top5 0.4824
    [01:22:30] step 8700/11249 | avg train loss 2.7942 top1 0.2031 top5 0.4833
    [01:22:53] step 8800/11249 | avg train loss 2.7921 top1 0.2038 top5 0.4840
    [01:23:15] step 8900/11249 | avg train loss 2.7931 top1 0.2037 top5 0.4835
    [01:23:37] step 9000/11249 | avg train loss 2.7923 top1 0.2041 top5 0.4841
    [01:24:00] step 9100/11249 | avg train loss 2.7912 top1 0.2039 top5 0.4847
    [01:24:21] step 9200/11249 | avg train loss 2.7918 top1 0.2037 top5 0.4845
    [01:24:44] step 9300/11249 | avg train loss 2.7897 top1 0.2044 top5 0.4854
    [01:25:07] step 9400/11249 | avg train loss 2.7891 top1 0.2046 top5 0.4855
    [01:25:28] step 9500/11249 | avg train loss 2.7893 top1 0.2047 top5 0.4855
    [01:25:51] step 9600/11249 | avg train loss 2.7881 top1 0.2048 top5 0.4860
    [01:26:14] step 9700/11249 | avg train loss 2.7881 top1 0.2046 top5 0.4862
    [01:26:35] step 9800/11249 | avg train loss 2.7859 top1 0.2053 top5 0.4869
    [01:26:58] step 9900/11249 | avg train loss 2.7849 top1 0.2059 top5 0.4872
    [01:27:19] step 10000/11249 | avg train loss 2.7855 top1 0.2058 top5 0.4867
    [01:27:42] step 10100/11249 | avg train loss 2.7836 top1 0.2059 top5 0.4872
    [01:28:05] step 10200/11249 | avg train loss 2.7813 top1 0.2064 top5 0.4877
    [01:28:26] step 10300/11249 | avg train loss 2.7781 top1 0.2072 top5 0.4887
    [01:28:49] step 10400/11249 | avg train loss 2.7767 top1 0.2076 top5 0.4890
    [01:29:12] step 10500/11249 | avg train loss 2.7747 top1 0.2080 top5 0.4896
    [01:29:33] step 10600/11249 | avg train loss 2.7727 top1 0.2085 top5 0.4900
    [01:29:56] step 10700/11249 | avg train loss 2.7718 top1 0.2090 top5 0.4903
    [01:30:18] step 10800/11249 | avg train loss 2.7706 top1 0.2093 top5 0.4906
    [01:30:40] step 10900/11249 | avg train loss 2.7687 top1 0.2094 top5 0.4910
    [01:31:03] step 11000/11249 | avg train loss 2.7681 top1 0.2095 top5 0.4914
    [01:31:25] step 11100/11249 | avg train loss 2.7667 top1 0.2095 top5 0.4920
    [01:31:48] step 11200/11249 | avg train loss 2.7654 top1 0.2098 top5 0.4923
    [01:31:58] step 11249/11249 | avg train loss 2.7651 top1 0.2099 top5 0.4925
Epoch 2/60 | train loss 2.7651 top1 0.2099 | val loss 2.6035 top1 0.2756 top5 0.6136 | ema val top1 0.2458 top5 0.5841
  Saved new best checkpoint (live): /Data/romain.poggi/smth2smth/checkpoints/track_a/hc/shc_n4_s42_ft.pt (val top1=0.2756)
    [01:35:29] step 100/11249 | avg train loss 2.6750 top1 0.2550 top5 0.5775
    [01:35:51] step 200/11249 | avg train loss 2.5621 top1 0.2600 top5 0.5813
    [01:36:13] step 300/11249 | avg train loss 2.6031 top1 0.2500 top5 0.5625
    [01:36:36] step 400/11249 | avg train loss 2.5863 top1 0.2537 top5 0.5606
    [01:36:57] step 500/11249 | avg train loss 2.5891 top1 0.2520 top5 0.5490
    [01:37:20] step 600/11249 | avg train loss 2.5915 top1 0.2496 top5 0.5467
    [01:37:42] step 700/11249 | avg train loss 2.5921 top1 0.2518 top5 0.5500
    [01:38:04] step 800/11249 | avg train loss 2.5968 top1 0.2497 top5 0.5450
    [01:38:27] step 900/11249 | avg train loss 2.6090 top1 0.2425 top5 0.5383
    [01:38:49] step 1000/11249 | avg train loss 2.6312 top1 0.2352 top5 0.5353
    [01:39:11] step 1100/11249 | avg train loss 2.6496 top1 0.2286 top5 0.5286
    [01:39:34] step 1200/11249 | avg train loss 2.6630 top1 0.2254 top5 0.5233
    [01:39:56] step 1300/11249 | avg train loss 2.6611 top1 0.2237 top5 0.5215
    [01:40:18] step 1400/11249 | avg train loss 2.6581 top1 0.2246 top5 0.5212
    [01:40:41] step 1500/11249 | avg train loss 2.6626 top1 0.2248 top5 0.5197
    [01:41:03] step 1600/11249 | avg train loss 2.6562 top1 0.2270 top5 0.5231
    [01:41:26] step 1700/11249 | avg train loss 2.6640 top1 0.2265 top5 0.5231
    [01:41:48] step 1800/11249 | avg train loss 2.6694 top1 0.2253 top5 0.5232
    [01:42:09] step 1900/11249 | avg train loss 2.6735 top1 0.2243 top5 0.5213
    [01:42:32] step 2000/11249 | avg train loss 2.6821 top1 0.2221 top5 0.5194
    [01:42:54] step 2100/11249 | avg train loss 2.6888 top1 0.2227 top5 0.5171
    [01:43:16] step 2200/11249 | avg train loss 2.6924 top1 0.2214 top5 0.5158
    [01:43:39] step 2300/11249 | avg train loss 2.6904 top1 0.2208 top5 0.5162
    [01:44:01] step 2400/11249 | avg train loss 2.6896 top1 0.2209 top5 0.5164
    [01:44:24] step 2500/11249 | avg train loss 2.6969 top1 0.2195 top5 0.5140
    [01:44:46] step 2600/11249 | avg train loss 2.6996 top1 0.2190 top5 0.5132
    [01:45:08] step 2700/11249 | avg train loss 2.7040 top1 0.2185 top5 0.5123
    [01:45:30] step 2800/11249 | avg train loss 2.7050 top1 0.2177 top5 0.5117
    [01:45:52] step 2900/11249 | avg train loss 2.7010 top1 0.2183 top5 0.5134
    [01:46:14] step 3000/11249 | avg train loss 2.7003 top1 0.2195 top5 0.5142
    [01:46:37] step 3100/11249 | avg train loss 2.6967 top1 0.2201 top5 0.5152
    [01:46:59] step 3200/11249 | avg train loss 2.7013 top1 0.2189 top5 0.5138
    [01:47:22] step 3300/11249 | avg train loss 2.6981 top1 0.2197 top5 0.5155
    [01:47:44] step 3400/11249 | avg train loss 2.7010 top1 0.2190 top5 0.5143
    [01:48:05] step 3500/11249 | avg train loss 2.7002 top1 0.2201 top5 0.5160
    [01:48:29] step 3600/11249 | avg train loss 2.6990 top1 0.2199 top5 0.5162
    [01:48:50] step 3700/11249 | avg train loss 2.7001 top1 0.2198 top5 0.5157
    [01:49:12] step 3800/11249 | avg train loss 2.6967 top1 0.2207 top5 0.5162
    [01:49:35] step 3900/11249 | avg train loss 2.6928 top1 0.2224 top5 0.5177
    [01:49:57] step 4000/11249 | avg train loss 2.6922 top1 0.2224 top5 0.5175
    [01:50:20] step 4100/11249 | avg train loss 2.6934 top1 0.2221 top5 0.5174
    [01:50:42] step 4200/11249 | avg train loss 2.6922 top1 0.2224 top5 0.5185
    [01:51:04] step 4300/11249 | avg train loss 2.6956 top1 0.2220 top5 0.5170
    [01:51:27] step 4400/11249 | avg train loss 2.6955 top1 0.2216 top5 0.5175
    [01:51:48] step 4500/11249 | avg train loss 2.6898 top1 0.2227 top5 0.5195
    [01:52:11] step 4600/11249 | avg train loss 2.6930 top1 0.2227 top5 0.5188
    [01:52:34] step 4700/11249 | avg train loss 2.6916 top1 0.2230 top5 0.5197
    [01:52:55] step 4800/11249 | avg train loss 2.6897 top1 0.2234 top5 0.5197
    [01:53:18] step 4900/11249 | avg train loss 2.6933 top1 0.2229 top5 0.5191
    [01:53:40] step 5000/11249 | avg train loss 2.6916 top1 0.2233 top5 0.5190
    [01:54:02] step 5100/11249 | avg train loss 2.6894 top1 0.2239 top5 0.5195
    [01:54:24] step 5200/11249 | avg train loss 2.6897 top1 0.2240 top5 0.5194
    [01:54:46] step 5300/11249 | avg train loss 2.6907 top1 0.2238 top5 0.5192
    [01:55:09] step 5400/11249 | avg train loss 2.6868 top1 0.2247 top5 0.5206
    [01:55:31] step 5500/11249 | avg train loss 2.6849 top1 0.2253 top5 0.5215
    [01:55:53] step 5600/11249 | avg train loss 2.6853 top1 0.2259 top5 0.5220
    [01:56:16] step 5700/11249 | avg train loss 2.6850 top1 0.2263 top5 0.5225
    [01:56:38] step 5800/11249 | avg train loss 2.6832 top1 0.2269 top5 0.5226
    [01:57:00] step 5900/11249 | avg train loss 2.6808 top1 0.2274 top5 0.5231
    [01:57:23] step 6000/11249 | avg train loss 2.6782 top1 0.2279 top5 0.5238
    [01:57:44] step 6100/11249 | avg train loss 2.6778 top1 0.2278 top5 0.5227
    [01:58:07] step 6200/11249 | avg train loss 2.6779 top1 0.2279 top5 0.5227
    [01:58:29] step 6300/11249 | avg train loss 2.6802 top1 0.2280 top5 0.5220
    [01:58:51] step 6400/11249 | avg train loss 2.6807 top1 0.2279 top5 0.5218
    [01:59:14] step 6500/11249 | avg train loss 2.6812 top1 0.2278 top5 0.5214
    [01:59:36] step 6600/11249 | avg train loss 2.6781 top1 0.2285 top5 0.5222
    [01:59:57] step 6700/11249 | avg train loss 2.6775 top1 0.2287 top5 0.5222
    [02:00:20] step 6800/11249 | avg train loss 2.6764 top1 0.2293 top5 0.5231
    [02:00:42] step 6900/11249 | avg train loss 2.6747 top1 0.2296 top5 0.5237
    [02:01:05] step 7000/11249 | avg train loss 2.6755 top1 0.2297 top5 0.5239
    [02:01:27] step 7100/11249 | avg train loss 2.6753 top1 0.2296 top5 0.5237
    [02:01:49] step 7200/11249 | avg train loss 2.6725 top1 0.2302 top5 0.5245
    [02:02:12] step 7300/11249 | avg train loss 2.6716 top1 0.2302 top5 0.5249
    [02:02:34] step 7400/11249 | avg train loss 2.6715 top1 0.2308 top5 0.5248
    [02:02:56] step 7500/11249 | avg train loss 2.6698 top1 0.2315 top5 0.5257
    [02:03:18] step 7600/11249 | avg train loss 2.6683 top1 0.2322 top5 0.5266
    [02:03:40] step 7700/11249 | avg train loss 2.6654 top1 0.2328 top5 0.5274
    [02:04:03] step 7800/11249 | avg train loss 2.6644 top1 0.2330 top5 0.5278
    [02:04:25] step 7900/11249 | avg train loss 2.6646 top1 0.2334 top5 0.5279
    [02:04:47] step 8000/11249 | avg train loss 2.6642 top1 0.2339 top5 0.5277
    [02:05:10] step 8100/11249 | avg train loss 2.6613 top1 0.2348 top5 0.5280
    [02:05:32] step 8200/11249 | avg train loss 2.6594 top1 0.2352 top5 0.5289
    [02:05:54] step 8300/11249 | avg train loss 2.6591 top1 0.2352 top5 0.5292
    [02:06:17] step 8400/11249 | avg train loss 2.6576 top1 0.2353 top5 0.5292
    [02:06:38] step 8500/11249 | avg train loss 2.6557 top1 0.2358 top5 0.5299
    [02:07:01] step 8600/11249 | avg train loss 2.6558 top1 0.2353 top5 0.5299
    [02:07:24] step 8700/11249 | avg train loss 2.6555 top1 0.2355 top5 0.5298
    [02:07:45] step 8800/11249 | avg train loss 2.6546 top1 0.2354 top5 0.5297
    [02:08:08] step 8900/11249 | avg train loss 2.6551 top1 0.2352 top5 0.5289
    [02:08:30] step 9000/11249 | avg train loss 2.6524 top1 0.2362 top5 0.5295
    [02:08:52] step 9100/11249 | avg train loss 2.6526 top1 0.2361 top5 0.5297
    [02:09:15] step 9200/11249 | avg train loss 2.6524 top1 0.2361 top5 0.5296
    [02:09:37] step 9300/11249 | avg train loss 2.6520 top1 0.2363 top5 0.5295
    [02:09:59] step 9400/11249 | avg train loss 2.6515 top1 0.2362 top5 0.5300
    [02:10:22] step 9500/11249 | avg train loss 2.6504 top1 0.2368 top5 0.5303
    [02:10:43] step 9600/11249 | avg train loss 2.6489 top1 0.2366 top5 0.5307
    [02:11:06] step 9700/11249 | avg train loss 2.6458 top1 0.2375 top5 0.5313
    [02:11:28] step 9800/11249 | avg train loss 2.6443 top1 0.2381 top5 0.5314
    [02:11:50] step 9900/11249 | avg train loss 2.6425 top1 0.2384 top5 0.5321
    [02:12:13] step 10000/11249 | avg train loss 2.6422 top1 0.2385 top5 0.5323
    [02:12:35] step 10100/11249 | avg train loss 2.6406 top1 0.2385 top5 0.5326
    [02:12:58] step 10200/11249 | avg train loss 2.6411 top1 0.2387 top5 0.5329
    [02:13:20] step 10300/11249 | avg train loss 2.6409 top1 0.2389 top5 0.5333
    [02:13:41] step 10400/11249 | avg train loss 2.6405 top1 0.2388 top5 0.5334
    [02:14:04] step 10500/11249 | avg train loss 2.6408 top1 0.2390 top5 0.5331
    [02:14:27] step 10600/11249 | avg train loss 2.6392 top1 0.2390 top5 0.5329
    [02:14:48] step 10700/11249 | avg train loss 2.6392 top1 0.2389 top5 0.5329
    [02:15:11] step 10800/11249 | avg train loss 2.6404 top1 0.2389 top5 0.5325
    [02:15:33] step 10900/11249 | avg train loss 2.6395 top1 0.2389 top5 0.5326
    [02:15:56] step 11000/11249 | avg train loss 2.6392 top1 0.2388 top5 0.5327
    [02:16:18] step 11100/11249 | avg train loss 2.6387 top1 0.2394 top5 0.5327
    [02:16:40] step 11200/11249 | avg train loss 2.6379 top1 0.2396 top5 0.5327
    [02:16:51] step 11249/11249 | avg train loss 2.6380 top1 0.2395 top5 0.5326
Epoch 3/60 | train loss 2.6380 top1 0.2395 | val loss 2.5778 top1 0.2707 top5 0.6179 | ema val top1 0.3062 top5 0.6623
  Saved new best checkpoint (ema): /Data/romain.poggi/smth2smth/checkpoints/track_a/hc/shc_n4_s42_ft.pt (val top1=0.3062)
    [02:20:21] step 100/11249 | avg train loss 2.7115 top1 0.1850 top5 0.4975
    [02:20:44] step 200/11249 | avg train loss 2.6178 top1 0.2275 top5 0.5112
    [02:21:06] step 300/11249 | avg train loss 2.5727 top1 0.2542 top5 0.5258
    [02:21:28] step 400/11249 | avg train loss 2.6231 top1 0.2406 top5 0.5181
    [02:21:51] step 500/11249 | avg train loss 2.6061 top1 0.2450 top5 0.5260
    [02:22:12] step 600/11249 | avg train loss 2.6250 top1 0.2371 top5 0.5246
    [02:22:35] step 700/11249 | avg train loss 2.6244 top1 0.2346 top5 0.5264
    [02:22:58] step 800/11249 | avg train loss 2.6238 top1 0.2359 top5 0.5281
    [02:23:19] step 900/11249 | avg train loss 2.6304 top1 0.2331 top5 0.5261
    [02:23:42] step 1000/11249 | avg train loss 2.6408 top1 0.2293 top5 0.5218
    [02:24:04] step 1100/11249 | avg train loss 2.6378 top1 0.2289 top5 0.5195
    [02:24:26] step 1200/11249 | avg train loss 2.6411 top1 0.2292 top5 0.5204
    [02:24:49] step 1300/11249 | avg train loss 2.6444 top1 0.2281 top5 0.5200
    [02:25:11] step 1400/11249 | avg train loss 2.6347 top1 0.2309 top5 0.5238
    [02:25:33] step 1500/11249 | avg train loss 2.6326 top1 0.2308 top5 0.5262
    [02:25:56] step 1600/11249 | avg train loss 2.6323 top1 0.2323 top5 0.5252
    [02:26:17] step 1700/11249 | avg train loss 2.6343 top1 0.2315 top5 0.5249
    [02:26:40] step 1800/11249 | avg train loss 2.6339 top1 0.2322 top5 0.5274
    [02:27:02] step 1900/11249 | avg train loss 2.6348 top1 0.2329 top5 0.5297
    [02:27:24] step 2000/11249 | avg train loss 2.6318 top1 0.2340 top5 0.5340
    [02:27:47] step 2100/11249 | avg train loss 2.6309 top1 0.2363 top5 0.5345
    [02:28:09] step 2200/11249 | avg train loss 2.6290 top1 0.2381 top5 0.5347
    [02:28:32] step 2300/11249 | avg train loss 2.6284 top1 0.2393 top5 0.5352
    [02:28:54] step 2400/11249 | avg train loss 2.6269 top1 0.2395 top5 0.5368
    [02:29:16] step 2500/11249 | avg train loss 2.6255 top1 0.2392 top5 0.5362
    [02:29:39] step 2600/11249 | avg train loss 2.6246 top1 0.2388 top5 0.5355
    [02:30:01] step 2700/11249 | avg train loss 2.6232 top1 0.2393 top5 0.5365
    [02:30:23] step 2800/11249 | avg train loss 2.6265 top1 0.2389 top5 0.5363
    [02:30:46] step 2900/11249 | avg train loss 2.6235 top1 0.2402 top5 0.5378
    [02:31:07] step 3000/11249 | avg train loss 2.6206 top1 0.2405 top5 0.5368
    [02:31:30] step 3100/11249 | avg train loss 2.6195 top1 0.2406 top5 0.5379
    [02:31:52] step 3200/11249 | avg train loss 2.6143 top1 0.2415 top5 0.5380
    [02:32:14] step 3300/11249 | avg train loss 2.6100 top1 0.2417 top5 0.5395
    [02:32:37] step 3400/11249 | avg train loss 2.6091 top1 0.2435 top5 0.5407
    [02:32:59] step 3500/11249 | avg train loss 2.6057 top1 0.2446 top5 0.5417
    [02:33:21] step 3600/11249 | avg train loss 2.6035 top1 0.2453 top5 0.5419
    [02:33:44] step 3700/11249 | avg train loss 2.5985 top1 0.2464 top5 0.5426
    [02:34:05] step 3800/11249 | avg train loss 2.5960 top1 0.2474 top5 0.5435
    [02:34:28] step 3900/11249 | avg train loss 2.5973 top1 0.2474 top5 0.5428
    [02:34:51] step 4000/11249 | avg train loss 2.5957 top1 0.2473 top5 0.5427
    [02:35:12] step 4100/11249 | avg train loss 2.5930 top1 0.2487 top5 0.5426
    [02:35:35] step 4200/11249 | avg train loss 2.5947 top1 0.2493 top5 0.5427
    [02:35:57] step 4300/11249 | avg train loss 2.5975 top1 0.2488 top5 0.5428
    [02:36:19] step 4400/11249 | avg train loss 2.5941 top1 0.2497 top5 0.5429
    [02:36:42] step 4500/11249 | avg train loss 2.5911 top1 0.2507 top5 0.5432
    [02:37:03] step 4600/11249 | avg train loss 2.5902 top1 0.2503 top5 0.5432
    [02:37:26] step 4700/11249 | avg train loss 2.5885 top1 0.2511 top5 0.5435
    [02:37:49] step 4800/11249 | avg train loss 2.5899 top1 0.2508 top5 0.5438
    [02:38:10] step 4900/11249 | avg train loss 2.5919 top1 0.2512 top5 0.5426
    [02:38:33] step 5000/11249 | avg train loss 2.5950 top1 0.2505 top5 0.5420
    [02:38:56] step 5100/11249 | avg train loss 2.5943 top1 0.2506 top5 0.5422
    [02:39:17] step 5200/11249 | avg train loss 2.5916 top1 0.2508 top5 0.5428
    [02:39:40] step 5300/11249 | avg train loss 2.5895 top1 0.2517 top5 0.5429
    [02:40:02] step 5400/11249 | avg train loss 2.5869 top1 0.2525 top5 0.5437
    [02:40:25] step 5500/11249 | avg train loss 2.5888 top1 0.2520 top5 0.5433
    [02:40:47] step 5600/11249 | avg train loss 2.5912 top1 0.2517 top5 0.5433
    [02:41:09] step 5700/11249 | avg train loss 2.5914 top1 0.2513 top5 0.5436
    [02:41:32] step 5800/11249 | avg train loss 2.5920 top1 0.2516 top5 0.5436
    [02:41:54] step 5900/11249 | avg train loss 2.5920 top1 0.2518 top5 0.5433
    [02:42:15] step 6000/11249 | avg train loss 2.5896 top1 0.2525 top5 0.5442
    [02:42:38] step 6100/11249 | avg train loss 2.5902 top1 0.2525 top5 0.5439
    [02:43:00] step 6200/11249 | avg train loss 2.5878 top1 0.2532 top5 0.5445
    [02:43:23] step 6300/11249 | avg train loss 2.5884 top1 0.2530 top5 0.5447
    [02:43:45] step 6400/11249 | avg train loss 2.5874 top1 0.2536 top5 0.5454
    [02:44:07] step 6500/11249 | avg train loss 2.5853 top1 0.2544 top5 0.5462
    [02:44:30] step 6600/11249 | avg train loss 2.5853 top1 0.2540 top5 0.5463
    [02:44:52] step 6700/11249 | avg train loss 2.5858 top1 0.2540 top5 0.5459
    [02:45:14] step 6800/11249 | avg train loss 2.5855 top1 0.2540 top5 0.5463
    [02:45:36] step 6900/11249 | avg train loss 2.5851 top1 0.2544 top5 0.5464
    [02:45:58] step 7000/11249 | avg train loss 2.5882 top1 0.2535 top5 0.5451
    [02:46:21] step 7100/11249 | avg train loss 2.5878 top1 0.2542 top5 0.5457
    [02:46:43] step 7200/11249 | avg train loss 2.5883 top1 0.2541 top5 0.5455
    [02:47:05] step 7300/11249 | avg train loss 2.5891 top1 0.2534 top5 0.5451
    [02:47:28] step 7400/11249 | avg train loss 2.5910 top1 0.2526 top5 0.5447
    [02:47:50] step 7500/11249 | avg train loss 2.5929 top1 0.2526 top5 0.5443
    [02:48:12] step 7600/11249 | avg train loss 2.5937 top1 0.2524 top5 0.5440
    [02:48:35] step 7700/11249 | avg train loss 2.5949 top1 0.2520 top5 0.5433
    [02:48:57] step 7800/11249 | avg train loss 2.5948 top1 0.2521 top5 0.5430
    [02:49:19] step 7900/11249 | avg train loss 2.5944 top1 0.2524 top5 0.5434
    [02:49:41] step 8000/11249 | avg train loss 2.5926 top1 0.2530 top5 0.5435
    [02:50:03] step 8100/11249 | avg train loss 2.5929 top1 0.2528 top5 0.5431
    [02:50:26] step 8200/11249 | avg train loss 2.5913 top1 0.2527 top5 0.5435
    [02:50:48] step 8300/11249 | avg train loss 2.5918 top1 0.2530 top5 0.5433
    [02:51:10] step 8400/11249 | avg train loss 2.5889 top1 0.2536 top5 0.5434
    [02:51:33] step 8500/11249 | avg train loss 2.5877 top1 0.2538 top5 0.5433
    [02:51:54] step 8600/11249 | avg train loss 2.5873 top1 0.2537 top5 0.5434
    [02:52:17] step 8700/11249 | avg train loss 2.5891 top1 0.2533 top5 0.5434
    [02:52:39] step 8800/11249 | avg train loss 2.5890 top1 0.2534 top5 0.5435
    [02:53:01] step 8900/11249 | avg train loss 2.5880 top1 0.2539 top5 0.5439
    [02:53:24] step 9000/11249 | avg train loss 2.5851 top1 0.2542 top5 0.5443
    [02:53:46] step 9100/11249 | avg train loss 2.5835 top1 0.2543 top5 0.5449
    [02:54:08] step 9200/11249 | avg train loss 2.5835 top1 0.2545 top5 0.5454
    [02:54:31] step 9300/11249 | avg train loss 2.5828 top1 0.2543 top5 0.5457
    [02:54:52] step 9400/11249 | avg train loss 2.5817 top1 0.2542 top5 0.5459
    [02:55:15] step 9500/11249 | avg train loss 2.5803 top1 0.2544 top5 0.5467
    [02:55:38] step 9600/11249 | avg train loss 2.5795 top1 0.2546 top5 0.5466
    [02:55:59] step 9700/11249 | avg train loss 2.5787 top1 0.2548 top5 0.5467
    [02:56:22] step 9800/11249 | avg train loss 2.5773 top1 0.2554 top5 0.5470
    [02:56:44] step 9900/11249 | avg train loss 2.5750 top1 0.2557 top5 0.5476
    [02:57:06] step 10000/11249 | avg train loss 2.5736 top1 0.2558 top5 0.5481
    [02:57:29] step 10100/11249 | avg train loss 2.5746 top1 0.2555 top5 0.5481
    [02:57:50] step 10200/11249 | avg train loss 2.5750 top1 0.2553 top5 0.5480
    [02:58:13] step 10300/11249 | avg train loss 2.5734 top1 0.2557 top5 0.5481
    [02:58:36] step 10400/11249 | avg train loss 2.5728 top1 0.2561 top5 0.5481
    [02:58:57] step 10500/11249 | avg train loss 2.5736 top1 0.2558 top5 0.5478
    [02:59:20] step 10600/11249 | avg train loss 2.5740 top1 0.2554 top5 0.5476
    [02:59:42] step 10700/11249 | avg train loss 2.5738 top1 0.2555 top5 0.5476
    [03:00:04] step 10800/11249 | avg train loss 2.5739 top1 0.2552 top5 0.5474
    [03:00:27] step 10900/11249 | avg train loss 2.5736 top1 0.2553 top5 0.5474
    [03:00:48] step 11000/11249 | avg train loss 2.5731 top1 0.2558 top5 0.5476
    [03:01:11] step 11100/11249 | avg train loss 2.5713 top1 0.2561 top5 0.5478
    [03:01:33] step 11200/11249 | avg train loss 2.5716 top1 0.2559 top5 0.5478
    [03:01:44] step 11249/11249 | avg train loss 2.5715 top1 0.2560 top5 0.5478
Epoch 4/60 | train loss 2.5715 top1 0.2560 | val loss 2.4989 top1 0.2984 top5 0.6434 | ema val top1 0.3365 top5 0.6992
  Saved new best checkpoint (ema): /Data/romain.poggi/smth2smth/checkpoints/track_a/hc/shc_n4_s42_ft.pt (val top1=0.3365)
    [03:05:15] step 100/11249 | avg train loss 2.5375 top1 0.2350 top5 0.5250
    [03:05:36] step 200/11249 | avg train loss 2.5137 top1 0.2550 top5 0.5475
    [03:05:59] step 300/11249 | avg train loss 2.5550 top1 0.2608 top5 0.5533
    [03:06:22] step 400/11249 | avg train loss 2.4864 top1 0.2737 top5 0.5613
    [03:06:43] step 500/11249 | avg train loss 2.4964 top1 0.2745 top5 0.5645
    [03:07:06] step 600/11249 | avg train loss 2.5065 top1 0.2658 top5 0.5604
    [03:07:28] step 700/11249 | avg train loss 2.5111 top1 0.2686 top5 0.5546
    [03:07:50] step 800/11249 | avg train loss 2.5139 top1 0.2722 top5 0.5587
    [03:08:13] step 900/11249 | avg train loss 2.5221 top1 0.2725 top5 0.5608
    [03:08:35] step 1000/11249 | avg train loss 2.5147 top1 0.2705 top5 0.5627
    [03:08:58] step 1100/11249 | avg train loss 2.5217 top1 0.2684 top5 0.5555
    [03:09:20] step 1200/11249 | avg train loss 2.5203 top1 0.2710 top5 0.5573
    [03:09:42] step 1300/11249 | avg train loss 2.5245 top1 0.2687 top5 0.5529
    [03:10:05] step 1400/11249 | avg train loss 2.5159 top1 0.2718 top5 0.5552
    [03:10:26] step 1500/11249 | avg train loss 2.5077 top1 0.2730 top5 0.5570
    [03:10:49] step 1600/11249 | avg train loss 2.5030 top1 0.2750 top5 0.5600
    [03:11:11] step 1700/11249 | avg train loss 2.4931 top1 0.2774 top5 0.5631
    [03:11:33] step 1800/11249 | avg train loss 2.4974 top1 0.2769 top5 0.5610
    [03:11:55] step 1900/11249 | avg train loss 2.5029 top1 0.2741 top5 0.5604
    [03:12:18] step 2000/11249 | avg train loss 2.5116 top1 0.2720 top5 0.5596
    [03:12:39] step 2100/11249 | avg train loss 2.5059 top1 0.2739 top5 0.5612
    [03:13:02] step 2200/11249 | avg train loss 2.5036 top1 0.2739 top5 0.5611
    [03:13:24] step 2300/11249 | avg train loss 2.5022 top1 0.2739 top5 0.5620
    [03:13:47] step 2400/11249 | avg train loss 2.4959 top1 0.2744 top5 0.5637
    [03:14:09] step 2500/11249 | avg train loss 2.5033 top1 0.2712 top5 0.5617
    [03:14:31] step 2600/11249 | avg train loss 2.5052 top1 0.2697 top5 0.5604
    [03:14:53] step 2700/11249 | avg train loss 2.5117 top1 0.2681 top5 0.5575
    [03:15:16] step 2800/11249 | avg train loss 2.5163 top1 0.2673 top5 0.5551
    [03:15:38] step 2900/11249 | avg train loss 2.5164 top1 0.2678 top5 0.5549
    [03:16:00] step 3000/11249 | avg train loss 2.5207 top1 0.2673 top5 0.5543
    [03:16:22] step 3100/11249 | avg train loss 2.5184 top1 0.2681 top5 0.5550
    [03:16:45] step 3200/11249 | avg train loss 2.5192 top1 0.2696 top5 0.5548
    [03:17:07] step 3300/11249 | avg train loss 2.5183 top1 0.2692 top5 0.5557
    [03:17:29] step 3400/11249 | avg train loss 2.5243 top1 0.2678 top5 0.5536
    [03:17:52] step 3500/11249 | avg train loss 2.5263 top1 0.2674 top5 0.5526
    [03:18:14] step 3600/11249 | avg train loss 2.5291 top1 0.2659 top5 0.5504
    [03:18:36] step 3700/11249 | avg train loss 2.5323 top1 0.2649 top5 0.5491
    [03:18:59] step 3800/11249 | avg train loss 2.5352 top1 0.2649 top5 0.5487
    [03:19:20] step 3900/11249 | avg train loss 2.5351 top1 0.2646 top5 0.5501
    [03:19:43] step 4000/11249 | avg train loss 2.5374 top1 0.2640 top5 0.5491
    [03:20:06] step 4100/11249 | avg train loss 2.5396 top1 0.2632 top5 0.5483
    [03:20:27] step 4200/11249 | avg train loss 2.5436 top1 0.2619 top5 0.5476
    [03:20:50] step 4300/11249 | avg train loss 2.5487 top1 0.2611 top5 0.5468
    [03:21:13] step 4400/11249 | avg train loss 2.5470 top1 0.2613 top5 0.5480
    [03:21:34] step 4500/11249 | avg train loss 2.5484 top1 0.2616 top5 0.5477
    [03:21:57] step 4600/11249 | avg train loss 2.5443 top1 0.2628 top5 0.5491
    [03:22:19] step 4700/11249 | avg train loss 2.5441 top1 0.2627 top5 0.5501
    [03:22:42] step 4800/11249 | avg train loss 2.5475 top1 0.2622 top5 0.5487
    [03:23:04] step 4900/11249 | avg train loss 2.5504 top1 0.2612 top5 0.5484
    [03:23:26] step 5000/11249 | avg train loss 2.5482 top1 0.2614 top5 0.5486
    [03:23:49] step 5100/11249 | avg train loss 2.5446 top1 0.2623 top5 0.5500
    [03:24:11] step 5200/11249 | avg train loss 2.5424 top1 0.2628 top5 0.5503
    [03:24:33] step 5300/11249 | avg train loss 2.5436 top1 0.2621 top5 0.5499
    [03:24:56] step 5400/11249 | avg train loss 2.5468 top1 0.2610 top5 0.5495
    [03:25:17] step 5500/11249 | avg train loss 2.5462 top1 0.2613 top5 0.5496
    [03:25:40] step 5600/11249 | avg train loss 2.5484 top1 0.2608 top5 0.5493
    [03:26:03] step 5700/11249 | avg train loss 2.5491 top1 0.2603 top5 0.5489
    [03:26:24] step 5800/11249 | avg train loss 2.5498 top1 0.2603 top5 0.5487
    [03:26:47] step 5900/11249 | avg train loss 2.5506 top1 0.2599 top5 0.5489
    [03:27:09] step 6000/11249 | avg train loss 2.5523 top1 0.2592 top5 0.5481
    [03:27:31] step 6100/11249 | avg train loss 2.5521 top1 0.2593 top5 0.5481
    [03:27:53] step 6200/11249 | avg train loss 2.5508 top1 0.2599 top5 0.5484
    [03:28:15] step 6300/11249 | avg train loss 2.5518 top1 0.2592 top5 0.5483
    [03:28:38] step 6400/11249 | avg train loss 2.5530 top1 0.2590 top5 0.5482
    [03:29:00] step 6500/11249 | avg train loss 2.5528 top1 0.2590 top5 0.5483
    [03:29:22] step 6600/11249 | avg train loss 2.5509 top1 0.2599 top5 0.5489
    [03:29:45] step 6700/11249 | avg train loss 2.5514 top1 0.2600 top5 0.5490
    [03:30:07] step 6800/11249 | avg train loss 2.5499 top1 0.2604 top5 0.5494
    [03:30:29] step 6900/11249 | avg train loss 2.5483 top1 0.2613 top5 0.5499
    [03:30:52] step 7000/11249 | avg train loss 2.5488 top1 0.2611 top5 0.5496
    [03:31:13] step 7100/11249 | avg train loss 2.5492 top1 0.2609 top5 0.5496
    [03:31:36] step 7200/11249 | avg train loss 2.5497 top1 0.2607 top5 0.5498
    [03:31:59] step 7300/11249 | avg train loss 2.5516 top1 0.2604 top5 0.5497
    [03:32:20] step 7400/11249 | avg train loss 2.5520 top1 0.2599 top5 0.5496
    [03:32:43] step 7500/11249 | avg train loss 2.5516 top1 0.2594 top5 0.5499
    [03:33:05] step 7600/11249 | avg train loss 2.5501 top1 0.2604 top5 0.5507
    [03:33:27] step 7700/11249 | avg train loss 2.5495 top1 0.2609 top5 0.5510
    [03:33:50] step 7800/11249 | avg train loss 2.5488 top1 0.2611 top5 0.5511
    [03:34:11] step 7900/11249 | avg train loss 2.5478 top1 0.2613 top5 0.5512
    [03:34:34] step 8000/11249 | avg train loss 2.5486 top1 0.2612 top5 0.5513
    [03:34:57] step 8100/11249 | avg train loss 2.5474 top1 0.2617 top5 0.5515
    [03:35:18] step 8200/11249 | avg train loss 2.5472 top1 0.2616 top5 0.5515
    [03:35:41] step 8300/11249 | avg train loss 2.5462 top1 0.2617 top5 0.5522
    [03:36:04] step 8400/11249 | avg train loss 2.5459 top1 0.2621 top5 0.5522
    [03:36:25] step 8500/11249 | avg train loss 2.5464 top1 0.2618 top5 0.5518
    [03:36:48] step 8600/11249 | avg train loss 2.5455 top1 0.2622 top5 0.5522
    [03:37:10] step 8700/11249 | avg train loss 2.5455 top1 0.2620 top5 0.5516
    [03:37:33] step 8800/11249 | avg train loss 2.5455 top1 0.2622 top5 0.5521
    [03:37:55] step 8900/11249 | avg train loss 2.5465 top1 0.2619 top5 0.5519
    [03:38:16] step 9000/11249 | avg train loss 2.5449 top1 0.2622 top5 0.5523
    [03:38:39] step 9100/11249 | avg train loss 2.5455 top1 0.2623 top5 0.5520
    [03:39:01] step 9200/11249 | avg train loss 2.5459 top1 0.2620 top5 0.5518
    [03:39:23] step 9300/11249 | avg train loss 2.5448 top1 0.2622 top5 0.5521
    [03:39:46] step 9400/11249 | avg train loss 2.5447 top1 0.2625 top5 0.5526
    [03:40:08] step 9500/11249 | avg train loss 2.5452 top1 0.2624 top5 0.5529
    [03:40:30] step 9600/11249 | avg train loss 2.5463 top1 0.2622 top5 0.5527
    [03:40:53] step 9700/11249 | avg train loss 2.5460 top1 0.2622 top5 0.5529
    [03:41:15] step 9800/11249 | avg train loss 2.5454 top1 0.2624 top5 0.5531
    [03:41:38] step 9900/11249 | avg train loss 2.5458 top1 0.2622 top5 0.5530
    [03:42:00] step 10000/11249 | avg train loss 2.5456 top1 0.2619 top5 0.5527
    [03:42:22] step 10100/11249 | avg train loss 2.5455 top1 0.2618 top5 0.5528
    [03:42:44] step 10200/11249 | avg train loss 2.5466 top1 0.2615 top5 0.5524
    [03:43:06] step 10300/11249 | avg train loss 2.5467 top1 0.2617 top5 0.5524
    [03:43:29] step 10400/11249 | avg train loss 2.5449 top1 0.2621 top5 0.5532
    [03:43:51] step 10500/11249 | avg train loss 2.5459 top1 0.2617 top5 0.5529
    [03:44:13] step 10600/11249 | avg train loss 2.5463 top1 0.2612 top5 0.5525
    [03:44:36] step 10700/11249 | avg train loss 2.5441 top1 0.2618 top5 0.5531
    [03:44:58] step 10800/11249 | avg train loss 2.5454 top1 0.2614 top5 0.5524
    [03:45:20] step 10900/11249 | avg train loss 2.5450 top1 0.2613 top5 0.5526
    [03:45:42] step 11000/11249 | avg train loss 2.5440 top1 0.2613 top5 0.5523
    [03:46:04] step 11100/11249 | avg train loss 2.5437 top1 0.2612 top5 0.5521
    [03:46:27] step 11200/11249 | avg train loss 2.5457 top1 0.2607 top5 0.5517
    [03:46:37] step 11249/11249 | avg train loss 2.5447 top1 0.2610 top5 0.5518
Epoch 5/60 | train loss 2.5447 top1 0.2610 | val loss 2.5326 top1 0.2823 top5 0.6334 | ema val top1 0.3502 top5 0.7168
  Saved new best checkpoint (ema): /Data/romain.poggi/smth2smth/checkpoints/track_a/hc/shc_n4_s42_ft.pt (val top1=0.3502)
    [03:50:08] step 100/11249 | avg train loss 2.2919 top1 0.3100 top5 0.6075
    [03:50:31] step 200/11249 | avg train loss 2.3598 top1 0.2925 top5 0.5962
    [03:50:52] step 300/11249 | avg train loss 2.3671 top1 0.3050 top5 0.6125
    [03:51:15] step 400/11249 | avg train loss 2.4177 top1 0.2988 top5 0.5925
    [03:51:37] step 500/11249 | avg train loss 2.4382 top1 0.2875 top5 0.5870
    [03:51:59] step 600/11249 | avg train loss 2.4409 top1 0.2854 top5 0.5837
    [03:52:22] step 700/11249 | avg train loss 2.4649 top1 0.2811 top5 0.5832
    [03:52:44] step 800/11249 | avg train loss 2.4481 top1 0.2816 top5 0.5844
    [03:53:06] step 900/11249 | avg train loss 2.4406 top1 0.2825 top5 0.5831
    [03:53:29] step 1000/11249 | avg train loss 2.4336 top1 0.2835 top5 0.5843
    [03:53:50] step 1100/11249 | avg train loss 2.4279 top1 0.2811 top5 0.5870
    [03:54:13] step 1200/11249 | avg train loss 2.4308 top1 0.2787 top5 0.5869
    [03:54:36] step 1300/11249 | avg train loss 2.4449 top1 0.2787 top5 0.5825
    [03:54:58] step 1400/11249 | avg train loss 2.4441 top1 0.2789 top5 0.5814
    [03:55:21] step 1500/11249 | avg train loss 2.4594 top1 0.2767 top5 0.5785
    [03:55:43] step 1600/11249 | avg train loss 2.4571 top1 0.2762 top5 0.5795
    [03:56:05] step 1700/11249 | avg train loss 2.4667 top1 0.2729 top5 0.5781
    [03:56:27] step 1800/11249 | avg train loss 2.4684 top1 0.2732 top5 0.5768
    [03:56:49] step 1900/11249 | avg train loss 2.4697 top1 0.2733 top5 0.5749
    [03:57:12] step 2000/11249 | avg train loss 2.4723 top1 0.2734 top5 0.5739
    [03:57:34] step 2100/11249 | avg train loss 2.4717 top1 0.2740 top5 0.5735
    [03:57:56] step 2200/11249 | avg train loss 2.4734 top1 0.2725 top5 0.5752
    [03:58:18] step 2300/11249 | avg train loss 2.4766 top1 0.2721 top5 0.5740
    [03:58:41] step 2400/11249 | avg train loss 2.4742 top1 0.2721 top5 0.5745
    [03:59:03] step 2500/11249 | avg train loss 2.4736 top1 0.2733 top5 0.5744
    [03:59:25] step 2600/11249 | avg train loss 2.4747 top1 0.2734 top5 0.5733
    [03:59:47] step 2700/11249 | avg train loss 2.4780 top1 0.2717 top5 0.5714
    [04:00:10] step 2800/11249 | avg train loss 2.4769 top1 0.2707 top5 0.5709
    [04:00:32] step 2900/11249 | avg train loss 2.4805 top1 0.2691 top5 0.5699
    [04:00:53] step 3000/11249 | avg train loss 2.4755 top1 0.2711 top5 0.5708
    [04:01:16] step 3100/11249 | avg train loss 2.4795 top1 0.2698 top5 0.5701
    [04:01:39] step 3200/11249 | avg train loss 2.4825 top1 0.2694 top5 0.5705
    [04:02:01] step 3300/11249 | avg train loss 2.4770 top1 0.2708 top5 0.5726
    [04:02:23] step 3400/11249 | avg train loss 2.4769 top1 0.2705 top5 0.5715
    [04:02:45] step 3500/11249 | avg train loss 2.4763 top1 0.2706 top5 0.5709
    [04:03:08] step 3600/11249 | avg train loss 2.4773 top1 0.2709 top5 0.5706
    [04:03:30] step 3700/11249 | avg train loss 2.4741 top1 0.2720 top5 0.5718
    [04:03:51] step 3800/11249 | avg train loss 2.4695 top1 0.2726 top5 0.5724
    [04:04:14] step 3900/11249 | avg train loss 2.4744 top1 0.2724 top5 0.5719
    [04:04:36] step 4000/11249 | avg train loss 2.4746 top1 0.2732 top5 0.5728
    [04:04:59] step 4100/11249 | avg train loss 2.4731 top1 0.2744 top5 0.5741
    [04:05:21] step 4200/11249 | avg train loss 2.4740 top1 0.2746 top5 0.5736
    [04:05:42] step 4300/11249 | avg train loss 2.4748 top1 0.2745 top5 0.5730
    [04:06:05] step 4400/11249 | avg train loss 2.4696 top1 0.2757 top5 0.5731
    [04:06:27] step 4500/11249 | avg train loss 2.4696 top1 0.2757 top5 0.5729
    [04:06:49] step 4600/11249 | avg train loss 2.4713 top1 0.2752 top5 0.5722
    [04:07:12] step 4700/11249 | avg train loss 2.4736 top1 0.2747 top5 0.5710
    [04:07:34] step 4800/11249 | avg train loss 2.4744 top1 0.2749 top5 0.5707
    [04:07:57] step 4900/11249 | avg train loss 2.4744 top1 0.2751 top5 0.5711
    [04:08:19] step 5000/11249 | avg train loss 2.4710 top1 0.2754 top5 0.5725
    [04:08:40] step 5100/11249 | avg train loss 2.4714 top1 0.2755 top5 0.5724
    [04:09:03] step 5200/11249 | avg train loss 2.4696 top1 0.2758 top5 0.5727
    [04:09:26] step 5300/11249 | avg train loss 2.4713 top1 0.2758 top5 0.5726
    [04:09:47] step 5400/11249 | avg train loss 2.4750 top1 0.2753 top5 0.5718
    [04:10:10] step 5500/11249 | avg train loss 2.4747 top1 0.2752 top5 0.5714
    [04:10:32] step 5600/11249 | avg train loss 2.4727 top1 0.2756 top5 0.5721
    [04:10:54] step 5700/11249 | avg train loss 2.4720 top1 0.2760 top5 0.5721
    [04:11:16] step 5800/11249 | avg train loss 2.4715 top1 0.2756 top5 0.5722
    [04:11:38] step 5900/11249 | avg train loss 2.4726 top1 0.2753 top5 0.5719
    [04:12:01] step 6000/11249 | avg train loss 2.4712 top1 0.2757 top5 0.5726
    [04:12:23] step 6100/11249 | avg train loss 2.4716 top1 0.2756 top5 0.5721
    [04:12:44] step 6200/11249 | avg train loss 2.4718 top1 0.2759 top5 0.5721
    [04:13:08] step 6300/11249 | avg train loss 2.4693 top1 0.2763 top5 0.5729
    [04:13:29] step 6400/11249 | avg train loss 2.4721 top1 0.2759 top5 0.5721
    [04:13:52] step 6500/11249 | avg train loss 2.4740 top1 0.2755 top5 0.5713
    [04:14:14] step 6600/11249 | avg train loss 2.4744 top1 0.2752 top5 0.5716
    [04:14:36] step 6700/11249 | avg train loss 2.4737 top1 0.2754 top5 0.5719
    [04:14:58] step 6800/11249 | avg train loss 2.4751 top1 0.2752 top5 0.5715
    [04:15:21] step 6900/11249 | avg train loss 2.4737 top1 0.2755 top5 0.5717
    [04:15:42] step 7000/11249 | avg train loss 2.4746 top1 0.2751 top5 0.5715
    [04:16:05] step 7100/11249 | avg train loss 2.4755 top1 0.2748 top5 0.5710
    [04:16:27] step 7200/11249 | avg train loss 2.4762 top1 0.2746 top5 0.5708
    [04:16:49] step 7300/11249 | avg train loss 2.4775 top1 0.2744 top5 0.5706
    [04:17:12] step 7400/11249 | avg train loss 2.4749 top1 0.2754 top5 0.5718
    [04:17:33] step 7500/11249 | avg train loss 2.4739 top1 0.2757 top5 0.5722
    [04:17:56] step 7600/11249 | avg train loss 2.4721 top1 0.2769 top5 0.5728
    [04:18:19] step 7700/11249 | avg train loss 2.4704 top1 0.2770 top5 0.5730
    [04:18:40] step 7800/11249 | avg train loss 2.4693 top1 0.2772 top5 0.5730
    [04:19:03] step 7900/11249 | avg train loss 2.4690 top1 0.2776 top5 0.5734
    [04:19:26] step 8000/11249 | avg train loss 2.4669 top1 0.2782 top5 0.5740
    [04:19:48] step 8100/11249 | avg train loss 2.4656 top1 0.2787 top5 0.5742
    [04:20:10] step 8200/11249 | avg train loss 2.4640 top1 0.2793 top5 0.5748
    [04:20:32] step 8300/11249 | avg train loss 2.4652 top1 0.2787 top5 0.5745
    [04:20:55] step 8400/11249 | avg train loss 2.4659 top1 0.2788 top5 0.5743
    [04:21:17] step 8500/11249 | avg train loss 2.4638 top1 0.2788 top5 0.5745
    [04:21:38] step 8600/11249 | avg train loss 2.4624 top1 0.2793 top5 0.5749
    [04:22:01] step 8700/11249 | avg train loss 2.4629 top1 0.2793 top5 0.5749
    [04:22:23] step 8800/11249 | avg train loss 2.4636 top1 0.2789 top5 0.5744
    [04:22:46] step 8900/11249 | avg train loss 2.4649 top1 0.2787 top5 0.5735
    [04:23:08] step 9000/11249 | avg train loss 2.4635 top1 0.2787 top5 0.5742
    [04:23:29] step 9100/11249 | avg train loss 2.4636 top1 0.2791 top5 0.5740
    [04:23:52] step 9200/11249 | avg train loss 2.4634 top1 0.2792 top5 0.5743
    [04:24:14] step 9300/11249 | avg train loss 2.4630 top1 0.2791 top5 0.5743
    [04:24:36] step 9400/11249 | avg train loss 2.4627 top1 0.2795 top5 0.5747
    [04:24:59] step 9500/11249 | avg train loss 2.4616 top1 0.2797 top5 0.5750
    [04:25:21] step 9600/11249 | avg train loss 2.4606 top1 0.2797 top5 0.5750
    [04:25:43] step 9700/11249 | avg train loss 2.4607 top1 0.2795 top5 0.5752
    [04:26:06] step 9800/11249 | avg train loss 2.4605 top1 0.2793 top5 0.5752
    [04:26:27] step 9900/11249 | avg train loss 2.4601 top1 0.2792 top5 0.5750
    [04:26:50] step 10000/11249 | avg train loss 2.4604 top1 0.2790 top5 0.5750
    [04:27:12] step 10100/11249 | avg train loss 2.4603 top1 0.2792 top5 0.5749
    [04:27:33] step 10200/11249 | avg train loss 2.4576 top1 0.2796 top5 0.5754
    [04:27:56] step 10300/11249 | avg train loss 2.4574 top1 0.2795 top5 0.5750
    [04:28:19] step 10400/11249 | avg train loss 2.4591 top1 0.2793 top5 0.5746
    [04:28:41] step 10500/11249 | avg train loss 2.4597 top1 0.2790 top5 0.5743
    [04:29:03] step 10600/11249 | avg train loss 2.4603 top1 0.2788 top5 0.5742
    [04:29:24] step 10700/11249 | avg train loss 2.4601 top1 0.2789 top5 0.5741
    [04:29:48] step 10800/11249 | avg train loss 2.4601 top1 0.2790 top5 0.5741
    [04:30:10] step 10900/11249 | avg train loss 2.4598 top1 0.2792 top5 0.5744
    [04:30:31] step 11000/11249 | avg train loss 2.4604 top1 0.2792 top5 0.5744
    [04:30:54] step 11100/11249 | avg train loss 2.4601 top1 0.2793 top5 0.5741
    [04:31:16] step 11200/11249 | avg train loss 2.4595 top1 0.2795 top5 0.5748
    [04:31:27] step 11249/11249 | avg train loss 2.4607 top1 0.2792 top5 0.5745
Epoch 6/60 | train loss 2.4607 top1 0.2792 | val loss 2.5609 top1 0.2867 top5 0.6344 | ema val top1 0.3730 top5 0.7239
  Saved new best checkpoint (ema): /Data/romain.poggi/smth2smth/checkpoints/track_a/hc/shc_n4_s42_ft.pt (val top1=0.3730)
    [04:34:56] step 100/11249 | avg train loss 2.4224 top1 0.2425 top5 0.5575
    [04:35:18] step 200/11249 | avg train loss 2.4477 top1 0.2512 top5 0.5613
    [04:35:41] step 300/11249 | avg train loss 2.4509 top1 0.2633 top5 0.5600
    [04:36:02] step 400/11249 | avg train loss 2.4807 top1 0.2594 top5 0.5569
    [04:36:25] step 500/11249 | avg train loss 2.4474 top1 0.2695 top5 0.5750
    [04:36:48] step 600/11249 | avg train loss 2.4155 top1 0.2879 top5 0.5887
    [04:37:09] step 700/11249 | avg train loss 2.4089 top1 0.2850 top5 0.5857
    [04:37:32] step 800/11249 | avg train loss 2.4032 top1 0.2869 top5 0.5906
    [04:37:55] step 900/11249 | avg train loss 2.4103 top1 0.2856 top5 0.5892
    [04:38:16] step 1000/11249 | avg train loss 2.3998 top1 0.2860 top5 0.5883
    [04:38:39] step 1100/11249 | avg train loss 2.4021 top1 0.2864 top5 0.5905
    [04:39:00] step 1200/11249 | avg train loss 2.3976 top1 0.2852 top5 0.5908
    [04:39:23] step 1300/11249 | avg train loss 2.3987 top1 0.2900 top5 0.5944
    [04:39:46] step 1400/11249 | avg train loss 2.3987 top1 0.2904 top5 0.5943
    [04:40:07] step 1500/11249 | avg train loss 2.3905 top1 0.2925 top5 0.5948
    [04:40:30] step 1600/11249 | avg train loss 2.3873 top1 0.2925 top5 0.5952
    [04:40:52] step 1700/11249 | avg train loss 2.3867 top1 0.2943 top5 0.5941
    [04:41:14] step 1800/11249 | avg train loss 2.3824 top1 0.2971 top5 0.5953
    [04:41:37] step 1900/11249 | avg train loss 2.3683 top1 0.3000 top5 0.5987
    [04:41:58] step 2000/11249 | avg train loss 2.3810 top1 0.2976 top5 0.5970
    [04:42:21] step 2100/11249 | avg train loss 2.3807 top1 0.2990 top5 0.5975
    [04:42:43] step 2200/11249 | avg train loss 2.3790 top1 0.2997 top5 0.6002
    [04:43:05] step 2300/11249 | avg train loss 2.3763 top1 0.3002 top5 0.5996
    [04:43:28] step 2400/11249 | avg train loss 2.3772 top1 0.2996 top5 0.6004
    [04:43:50] step 2500/11249 | avg train loss 2.3870 top1 0.2993 top5 0.5988
    [04:44:12] step 2600/11249 | avg train loss 2.3910 top1 0.2987 top5 0.5973
    [04:44:34] step 2700/11249 | avg train loss 2.3880 top1 0.2988 top5 0.5981
    [04:44:56] step 2800/11249 | avg train loss 2.3839 top1 0.2997 top5 0.5998
    [04:45:19] step 2900/11249 | avg train loss 2.3895 top1 0.2977 top5 0.5984
    [04:45:41] step 3000/11249 | avg train loss 2.3983 top1 0.2961 top5 0.5968
    [04:46:03] step 3100/11249 | avg train loss 2.4005 top1 0.2961 top5 0.5960
    [04:46:25] step 3200/11249 | avg train loss 2.4002 top1 0.2964 top5 0.5967
    [04:46:48] step 3300/11249 | avg train loss 2.4038 top1 0.2952 top5 0.5945
    [04:47:09] step 3400/11249 | avg train loss 2.4056 top1 0.2945 top5 0.5929
    [04:47:32] step 3500/11249 | avg train loss 2.4031 top1 0.2951 top5 0.5927
    [04:47:54] step 3600/11249 | avg train loss 2.4049 top1 0.2942 top5 0.5914
    [04:48:17] step 3700/11249 | avg train loss 2.4004 top1 0.2958 top5 0.5927
    [04:48:39] step 3800/11249 | avg train loss 2.4012 top1 0.2947 top5 0.5922
    [04:49:00] step 3900/11249 | avg train loss 2.4017 top1 0.2946 top5 0.5929
    [04:49:23] step 4000/11249 | avg train loss 2.4032 top1 0.2948 top5 0.5914
    [04:49:45] step 4100/11249 | avg train loss 2.4006 top1 0.2959 top5 0.5927
    [04:50:07] step 4200/11249 | avg train loss 2.3994 top1 0.2957 top5 0.5918
    [04:50:30] step 4300/11249 | avg train loss 2.4017 top1 0.2947 top5 0.5916
    [04:50:51] step 4400/11249 | avg train loss 2.4014 top1 0.2948 top5 0.5916
    [04:51:14] step 4500/11249 | avg train loss 2.4000 top1 0.2950 top5 0.5914
    [04:51:36] step 4600/11249 | avg train loss 2.4024 top1 0.2949 top5 0.5906
    [04:51:58] step 4700/11249 | avg train loss 2.4028 top1 0.2948 top5 0.5906
    [04:52:21] step 4800/11249 | avg train loss 2.4022 top1 0.2950 top5 0.5904
    [04:52:43] step 4900/11249 | avg train loss 2.4019 top1 0.2943 top5 0.5899
    [04:53:05] step 5000/11249 | avg train loss 2.4018 top1 0.2940 top5 0.5901
    [04:53:27] step 5100/11249 | avg train loss 2.4038 top1 0.2933 top5 0.5900
    [04:53:49] step 5200/11249 | avg train loss 2.4049 top1 0.2929 top5 0.5899
    [04:54:12] step 5300/11249 | avg train loss 2.4052 top1 0.2928 top5 0.5901
    [04:54:34] step 5400/11249 | avg train loss 2.4065 top1 0.2926 top5 0.5900
    [04:54:56] step 5500/11249 | avg train loss 2.4069 top1 0.2923 top5 0.5899
    [04:55:19] step 5600/11249 | avg train loss 2.4040 top1 0.2929 top5 0.5906
    [04:55:41] step 5700/11249 | avg train loss 2.4015 top1 0.2940 top5 0.5915
    [04:56:02] step 5800/11249 | avg train loss 2.4007 top1 0.2945 top5 0.5913
    [04:56:25] step 5900/11249 | avg train loss 2.4005 top1 0.2943 top5 0.5922
    [04:56:47] step 6000/11249 | avg train loss 2.3987 top1 0.2952 top5 0.5924
    [04:57:10] step 6100/11249 | avg train loss 2.3963 top1 0.2952 top5 0.5927
    [04:57:32] step 6200/11249 | avg train loss 2.3976 top1 0.2950 top5 0.5922
    [04:57:54] step 6300/11249 | avg train loss 2.3957 top1 0.2950 top5 0.5922
    [04:58:17] step 6400/11249 | avg train loss 2.3959 top1 0.2947 top5 0.5918
    [04:58:39] step 6500/11249 | avg train loss 2.3957 top1 0.2945 top5 0.5919
    [04:59:00] step 6600/11249 | avg train loss 2.3962 top1 0.2948 top5 0.5923
    [04:59:23] step 6700/11249 | avg train loss 2.3949 top1 0.2951 top5 0.5928
    [04:59:44] step 6800/11249 | avg train loss 2.3960 top1 0.2946 top5 0.5928
    [05:00:08] step 6900/11249 | avg train loss 2.3955 top1 0.2946 top5 0.5925
    [05:00:30] step 7000/11249 | avg train loss 2.3961 top1 0.2945 top5 0.5928
    [05:00:51] step 7100/11249 | avg train loss 2.3962 top1 0.2942 top5 0.5924
    [05:01:13] step 7200/11249 | avg train loss 2.3991 top1 0.2934 top5 0.5915
    [05:01:36] step 7300/11249 | avg train loss 2.3994 top1 0.2937 top5 0.5909
    [05:01:58] step 7400/11249 | avg train loss 2.3993 top1 0.2936 top5 0.5907
    [05:02:20] step 7500/11249 | avg train loss 2.3968 top1 0.2942 top5 0.5911
    [05:02:41] step 7600/11249 | avg train loss 2.3967 top1 0.2948 top5 0.5910
    [05:03:04] step 7700/11249 | avg train loss 2.3961 top1 0.2956 top5 0.5915
    [05:03:27] step 7800/11249 | avg train loss 2.3968 top1 0.2947 top5 0.5916
    [05:03:48] step 7900/11249 | avg train loss 2.3980 top1 0.2947 top5 0.5911
    [05:04:11] step 8000/11249 | avg train loss 2.3980 top1 0.2951 top5 0.5912
    [05:04:33] step 8100/11249 | avg train loss 2.3986 top1 0.2950 top5 0.5908
    [05:04:55] step 8200/11249 | avg train loss 2.3981 top1 0.2952 top5 0.5912
    [05:05:18] step 8300/11249 | avg train loss 2.3979 top1 0.2952 top5 0.5911
    [05:05:39] step 8400/11249 | avg train loss 2.3971 top1 0.2952 top5 0.5913
    [05:06:02] step 8500/11249 | avg train loss 2.3972 top1 0.2953 top5 0.5912
    [05:06:24] step 8600/11249 | avg train loss 2.3944 top1 0.2964 top5 0.5919
    [05:06:46] step 8700/11249 | avg train loss 2.3927 top1 0.2966 top5 0.5918
    [05:07:08] step 8800/11249 | avg train loss 2.3947 top1 0.2966 top5 0.5916
    [05:07:31] step 8900/11249 | avg train loss 2.3957 top1 0.2963 top5 0.5912
    [05:07:53] step 9000/11249 | avg train loss 2.3951 top1 0.2966 top5 0.5915
    [05:08:15] step 9100/11249 | avg train loss 2.3967 top1 0.2958 top5 0.5909
    [05:08:37] step 9200/11249 | avg train loss 2.3967 top1 0.2958 top5 0.5908
    [05:08:59] step 9300/11249 | avg train loss 2.3976 top1 0.2955 top5 0.5904
    [05:09:22] step 9400/11249 | avg train loss 2.3981 top1 0.2952 top5 0.5899
    [05:09:43] step 9500/11249 | avg train loss 2.3988 top1 0.2950 top5 0.5896
    [05:10:06] step 9600/11249 | avg train loss 2.3974 top1 0.2954 top5 0.5897
    [05:10:28] step 9700/11249 | avg train loss 2.3990 top1 0.2952 top5 0.5893
    [05:10:50] step 9800/11249 | avg train loss 2.3997 top1 0.2946 top5 0.5889
    [05:11:13] step 9900/11249 | avg train loss 2.3983 top1 0.2951 top5 0.5895
    [05:11:34] step 10000/11249 | avg train loss 2.3995 top1 0.2950 top5 0.5893
    [05:11:57] step 10100/11249 | avg train loss 2.3990 top1 0.2950 top5 0.5896
    [05:12:19] step 10200/11249 | avg train loss 2.3983 top1 0.2954 top5 0.5896
    [05:12:41] step 10300/11249 | avg train loss 2.3986 top1 0.2954 top5 0.5895
    [05:13:03] step 10400/11249 | avg train loss 2.3984 top1 0.2955 top5 0.5895
    [05:13:26] step 10500/11249 | avg train loss 2.3978 top1 0.2960 top5 0.5896
    [05:13:48] step 10600/11249 | avg train loss 2.3988 top1 0.2955 top5 0.5893
    [05:14:10] step 10700/11249 | avg train loss 2.3991 top1 0.2957 top5 0.5893
    [05:14:32] step 10800/11249 | avg train loss 2.3978 top1 0.2961 top5 0.5899
    [05:14:55] step 10900/11249 | avg train loss 2.3976 top1 0.2961 top5 0.5899
    [05:15:17] step 11000/11249 | avg train loss 2.3988 top1 0.2957 top5 0.5892
    [05:15:38] step 11100/11249 | avg train loss 2.3987 top1 0.2959 top5 0.5891
    [05:16:01] step 11200/11249 | avg train loss 2.4000 top1 0.2955 top5 0.5887
    [05:16:12] step 11249/11249 | avg train loss 2.3991 top1 0.2959 top5 0.5889
Epoch 7/60 | train loss 2.3991 top1 0.2959 | val loss 2.4118 top1 0.3235 top5 0.6669 | ema val top1 0.3856 top5 0.7349
  Saved new best checkpoint (ema): /Data/romain.poggi/smth2smth/checkpoints/track_a/hc/shc_n4_s42_ft.pt (val top1=0.3856)
    [05:19:42] step 100/11249 | avg train loss 2.4607 top1 0.2850 top5 0.5550
    [05:20:05] step 200/11249 | avg train loss 2.3671 top1 0.2988 top5 0.6000
    [05:20:26] step 300/11249 | avg train loss 2.3164 top1 0.3108 top5 0.6150
    [05:20:49] step 400/11249 | avg train loss 2.3325 top1 0.3237 top5 0.6238
    [05:21:11] step 500/11249 | avg train loss 2.3378 top1 0.3175 top5 0.6125
    [05:21:34] step 600/11249 | avg train loss 2.3444 top1 0.3071 top5 0.6008
    [05:21:56] step 700/11249 | avg train loss 2.3130 top1 0.3139 top5 0.6118
    [05:22:18] step 800/11249 | avg train loss 2.2954 top1 0.3187 top5 0.6147
    [05:22:40] step 900/11249 | avg train loss 2.2950 top1 0.3153 top5 0.6089
    [05:23:03] step 1000/11249 | avg train loss 2.3010 top1 0.3155 top5 0.6102
    [05:23:24] step 1100/11249 | avg train loss 2.3151 top1 0.3114 top5 0.6057
    [05:23:47] step 1200/11249 | avg train loss 2.3140 top1 0.3081 top5 0.6075
    [05:24:09] step 1300/11249 | avg train loss 2.3068 top1 0.3098 top5 0.6090
    [05:24:32] step 1400/11249 | avg train loss 2.3101 top1 0.3089 top5 0.6109
    [05:24:55] step 1500/11249 | avg train loss 2.3197 top1 0.3075 top5 0.6122
    [05:25:16] step 1600/11249 | avg train loss 2.3273 top1 0.3048 top5 0.6103
    [05:25:39] step 1700/11249 | avg train loss 2.3332 top1 0.3051 top5 0.6088
    [05:26:02] step 1800/11249 | avg train loss 2.3410 top1 0.3043 top5 0.6067
    [05:26:23] step 1900/11249 | avg train loss 2.3400 top1 0.3064 top5 0.6080
    [05:26:46] step 2000/11249 | avg train loss 2.3453 top1 0.3064 top5 0.6059
    [05:27:08] step 2100/11249 | avg train loss 2.3430 top1 0.3086 top5 0.6064
    [05:27:31] step 2200/11249 | avg train loss 2.3377 top1 0.3106 top5 0.6056
    [05:27:53] step 2300/11249 | avg train loss 2.3396 top1 0.3084 top5 0.6048
    [05:28:15] step 2400/11249 | avg train loss 2.3336 top1 0.3097 top5 0.6053
    [05:28:37] step 2500/11249 | avg train loss 2.3330 top1 0.3105 top5 0.6056
    [05:29:00] step 2600/11249 | avg train loss 2.3348 top1 0.3101 top5 0.6039
    [05:29:21] step 2700/11249 | avg train loss 2.3387 top1 0.3094 top5 0.6032
    [05:29:44] step 2800/11249 | avg train loss 2.3405 top1 0.3081 top5 0.6039
    [05:30:06] step 2900/11249 | avg train loss 2.3397 top1 0.3093 top5 0.6048
    [05:30:29] step 3000/11249 | avg train loss 2.3392 top1 0.3094 top5 0.6042
    [05:30:51] step 3100/11249 | avg train loss 2.3404 top1 0.3094 top5 0.6049
    [05:31:12] step 3200/11249 | avg train loss 2.3409 top1 0.3095 top5 0.6045
    [05:31:35] step 3300/11249 | avg train loss 2.3437 top1 0.3085 top5 0.6041
    [05:31:58] step 3400/11249 | avg train loss 2.3399 top1 0.3096 top5 0.6049
    [05:32:19] step 3500/11249 | avg train loss 2.3417 top1 0.3083 top5 0.6037
    [05:32:42] step 3600/11249 | avg train loss 2.3418 top1 0.3086 top5 0.6039
    [05:33:04] step 3700/11249 | avg train loss 2.3410 top1 0.3086 top5 0.6036
    [05:33:27] step 3800/11249 | avg train loss 2.3398 top1 0.3093 top5 0.6036
    [05:33:49] step 3900/11249 | avg train loss 2.3366 top1 0.3108 top5 0.6048
    [05:34:10] step 4000/11249 | avg train loss 2.3340 top1 0.3108 top5 0.6052
    [05:34:33] step 4100/11249 | avg train loss 2.3316 top1 0.3113 top5 0.6054
    [05:34:55] step 4200/11249 | avg train loss 2.3304 top1 0.3108 top5 0.6051
    [05:35:17] step 4300/11249 | avg train loss 2.3338 top1 0.3098 top5 0.6046
    [05:35:39] step 4400/11249 | avg train loss 2.3363 top1 0.3092 top5 0.6048
    [05:36:01] step 4500/11249 | avg train loss 2.3382 top1 0.3087 top5 0.6054
    [05:36:24] step 4600/11249 | avg train loss 2.3378 top1 0.3089 top5 0.6055
    [05:36:46] step 4700/11249 | avg train loss 2.3379 top1 0.3085 top5 0.6060
    [05:37:08] step 4800/11249 | avg train loss 2.3381 top1 0.3087 top5 0.6060
    [05:37:31] step 4900/11249 | avg train loss 2.3383 top1 0.3079 top5 0.6054
    [05:37:53] step 5000/11249 | avg train loss 2.3365 top1 0.3081 top5 0.6057
    [05:38:15] step 5100/11249 | avg train loss 2.3356 top1 0.3090 top5 0.6058
    [05:38:38] step 5200/11249 | avg train loss 2.3345 top1 0.3085 top5 0.6053
    [05:38:59] step 5300/11249 | avg train loss 2.3335 top1 0.3086 top5 0.6058
    [05:39:22] step 5400/11249 | avg train loss 2.3349 top1 0.3085 top5 0.6056
    [05:39:45] step 5500/11249 | avg train loss 2.3326 top1 0.3093 top5 0.6066
    [05:40:06] step 5600/11249 | avg train loss 2.3357 top1 0.3084 top5 0.6055
    [05:40:29] step 5700/11249 | avg train loss 2.3377 top1 0.3078 top5 0.6046
    [05:40:51] step 5800/11249 | avg train loss 2.3405 top1 0.3072 top5 0.6045
    [05:41:13] step 5900/11249 | avg train loss 2.3390 top1 0.3072 top5 0.6047
    [05:41:36] step 6000/11249 | avg train loss 2.3408 top1 0.3065 top5 0.6041
    [05:41:58] step 6100/11249 | avg train loss 2.3414 top1 0.3064 top5 0.6041
    [05:42:21] step 6200/11249 | avg train loss 2.3419 top1 0.3060 top5 0.6039
    [05:42:43] step 6300/11249 | avg train loss 2.3412 top1 0.3060 top5 0.6042
    [05:43:04] step 6400/11249 | avg train loss 2.3397 top1 0.3062 top5 0.6041
    [05:43:27] step 6500/11249 | avg train loss 2.3417 top1 0.3064 top5 0.6036
    [05:43:50] step 6600/11249 | avg train loss 2.3434 top1 0.3054 top5 0.6028
    [05:44:11] step 6700/11249 | avg train loss 2.3445 top1 0.3051 top5 0.6029
    [05:44:34] step 6800/11249 | avg train loss 2.3442 top1 0.3057 top5 0.6033
    [05:44:56] step 6900/11249 | avg train loss 2.3428 top1 0.3064 top5 0.6039
    [05:45:18] step 7000/11249 | avg train loss 2.3437 top1 0.3059 top5 0.6038
    [05:45:41] step 7100/11249 | avg train loss 2.3421 top1 0.3057 top5 0.6034
    [05:46:02] step 7200/11249 | avg train loss 2.3435 top1 0.3053 top5 0.6032
    [05:46:25] step 7300/11249 | avg train loss 2.3477 top1 0.3041 top5 0.6018
    [05:46:48] step 7400/11249 | avg train loss 2.3484 top1 0.3041 top5 0.6014
    [05:47:09] step 7500/11249 | avg train loss 2.3488 top1 0.3041 top5 0.6013
    [05:47:32] step 7600/11249 | avg train loss 2.3464 top1 0.3041 top5 0.6010
    [05:47:54] step 7700/11249 | avg train loss 2.3460 top1 0.3035 top5 0.6010
    [05:48:16] step 7800/11249 | avg train loss 2.3452 top1 0.3040 top5 0.6012
    [05:48:39] step 7900/11249 | avg train loss 2.3452 top1 0.3041 top5 0.6013
    [05:49:00] step 8000/11249 | avg train loss 2.3469 top1 0.3037 top5 0.6010
    [05:49:23] step 8100/11249 | avg train loss 2.3482 top1 0.3035 top5 0.6010
    [05:49:46] step 8200/11249 | avg train loss 2.3485 top1 0.3036 top5 0.6007
    [05:50:08] step 8300/11249 | avg train loss 2.3472 top1 0.3039 top5 0.6009
    [05:50:30] step 8400/11249 | avg train loss 2.3448 top1 0.3045 top5 0.6015
    [05:50:52] step 8500/11249 | avg train loss 2.3442 top1 0.3047 top5 0.6014
    [05:51:14] step 8600/11249 | avg train loss 2.3437 top1 0.3051 top5 0.6015
    [05:51:37] step 8700/11249 | avg train loss 2.3455 top1 0.3046 top5 0.6008
    [05:51:59] step 8800/11249 | avg train loss 2.3460 top1 0.3046 top5 0.6003
    [05:52:22] step 8900/11249 | avg train loss 2.3439 top1 0.3053 top5 0.6012
    [05:52:44] step 9000/11249 | avg train loss 2.3437 top1 0.3057 top5 0.6012
    [05:53:06] step 9100/11249 | avg train loss 2.3421 top1 0.3060 top5 0.6013
    [05:53:28] step 9200/11249 | avg train loss 2.3408 top1 0.3064 top5 0.6017
    [05:53:50] step 9300/11249 | avg train loss 2.3417 top1 0.3060 top5 0.6016
    [05:54:13] step 9400/11249 | avg train loss 2.3404 top1 0.3063 top5 0.6019
    [05:54:35] step 9500/11249 | avg train loss 2.3407 top1 0.3060 top5 0.6019
    [05:54:57] step 9600/11249 | avg train loss 2.3399 top1 0.3061 top5 0.6017
    [05:55:20] step 9700/11249 | avg train loss 2.3391 top1 0.3066 top5 0.6019
    [05:55:42] step 9800/11249 | avg train loss 2.3394 top1 0.3067 top5 0.6016
    [05:56:04] step 9900/11249 | avg train loss 2.3404 top1 0.3064 top5 0.6016
    [05:56:26] step 10000/11249 | avg train loss 2.3411 top1 0.3062 top5 0.6015
    [05:56:48] step 10100/11249 | avg train loss 2.3392 top1 0.3069 top5 0.6019
    [05:57:11] step 10200/11249 | avg train loss 2.3378 top1 0.3071 top5 0.6022
    [05:57:33] step 10300/11249 | avg train loss 2.3379 top1 0.3068 top5 0.6025
    [05:57:55] step 10400/11249 | avg train loss 2.3376 top1 0.3071 top5 0.6028
    [05:58:18] step 10500/11249 | avg train loss 2.3378 top1 0.3067 top5 0.6025
    [05:58:40] step 10600/11249 | avg train loss 2.3382 top1 0.3067 top5 0.6025
    [05:59:02] step 10700/11249 | avg train loss 2.3384 top1 0.3068 top5 0.6026
    [05:59:25] step 10800/11249 | avg train loss 2.3371 top1 0.3071 top5 0.6030
    [05:59:46] step 10900/11249 | avg train loss 2.3369 top1 0.3071 top5 0.6031
    [06:00:09] step 11000/11249 | avg train loss 2.3368 top1 0.3071 top5 0.6032
    [06:00:31] step 11100/11249 | avg train loss 2.3375 top1 0.3069 top5 0.6029
    [06:00:53] step 11200/11249 | avg train loss 2.3377 top1 0.3070 top5 0.6031
    [06:01:04] step 11249/11249 | avg train loss 2.3385 top1 0.3068 top5 0.6031
Epoch 8/60 | train loss 2.3385 top1 0.3068 | val loss 2.3902 top1 0.3306 top5 0.6771 | ema val top1 0.3942 top5 0.7429
  Saved new best checkpoint (ema): /Data/romain.poggi/smth2smth/checkpoints/track_a/hc/shc_n4_s42_ft.pt (val top1=0.3942)
    [06:04:34] step 100/11249 | avg train loss 2.3164 top1 0.2850 top5 0.6150
    [06:04:57] step 200/11249 | avg train loss 2.3189 top1 0.2975 top5 0.6238
    [06:05:20] step 300/11249 | avg train loss 2.2910 top1 0.3083 top5 0.6233
    [06:05:41] step 400/11249 | avg train loss 2.2966 top1 0.3137 top5 0.6156
    [06:06:04] step 500/11249 | avg train loss 2.2948 top1 0.3155 top5 0.6215
    [06:06:25] step 600/11249 | avg train loss 2.2960 top1 0.3113 top5 0.6175
    [06:06:48] step 700/11249 | avg train loss 2.2963 top1 0.3104 top5 0.6161
    [06:07:11] step 800/11249 | avg train loss 2.3068 top1 0.3100 top5 0.6131
    [06:07:32] step 900/11249 | avg train loss 2.2999 top1 0.3094 top5 0.6144
    [06:07:55] step 1000/11249 | avg train loss 2.2882 top1 0.3162 top5 0.6142
    [06:08:17] step 1100/11249 | avg train loss 2.2932 top1 0.3164 top5 0.6118
    [06:08:39] step 1200/11249 | avg train loss 2.3078 top1 0.3123 top5 0.6075
    [06:09:02] step 1300/11249 | avg train loss 2.3135 top1 0.3119 top5 0.6063
    [06:09:23] step 1400/11249 | avg train loss 2.3050 top1 0.3137 top5 0.6104
    [06:09:46] step 1500/11249 | avg train loss 2.3016 top1 0.3127 top5 0.6093
    [06:10:09] step 1600/11249 | avg train loss 2.3083 top1 0.3122 top5 0.6052
    [06:10:30] step 1700/11249 | avg train loss 2.3266 top1 0.3091 top5 0.6034
    [06:10:53] step 1800/11249 | avg train loss 2.3275 top1 0.3107 top5 0.6035
    [06:11:15] step 1900/11249 | avg train loss 2.3276 top1 0.3100 top5 0.6042
    [06:11:37] step 2000/11249 | avg train loss 2.3134 top1 0.3116 top5 0.6076
    [06:12:00] step 2100/11249 | avg train loss 2.3132 top1 0.3119 top5 0.6074
    [06:12:22] step 2200/11249 | avg train loss 2.3174 top1 0.3117 top5 0.6058
    [06:12:45] step 2300/11249 | avg train loss 2.3140 top1 0.3136 top5 0.6079
    [06:13:07] step 2400/11249 | avg train loss 2.3067 top1 0.3158 top5 0.6088
    [06:13:28] step 2500/11249 | avg train loss 2.3071 top1 0.3162 top5 0.6080
    [06:13:51] step 2600/11249 | avg train loss 2.3114 top1 0.3167 top5 0.6068
    [06:14:13] step 2700/11249 | avg train loss 2.3123 top1 0.3156 top5 0.6066
    [06:14:35] step 2800/11249 | avg train loss 2.3112 top1 0.3148 top5 0.6071
    [06:14:58] step 2900/11249 | avg train loss 2.3089 top1 0.3157 top5 0.6070
    [06:15:20] step 3000/11249 | avg train loss 2.3015 top1 0.3177 top5 0.6079
    [06:15:43] step 3100/11249 | avg train loss 2.3036 top1 0.3185 top5 0.6077
    [06:16:05] step 3200/11249 | avg train loss 2.3097 top1 0.3163 top5 0.6058
    [06:16:26] step 3300/11249 | avg train loss 2.3083 top1 0.3177 top5 0.6061
    [06:16:50] step 3400/11249 | avg train loss 2.3082 top1 0.3167 top5 0.6061
    [06:17:12] step 3500/11249 | avg train loss 2.3056 top1 0.3171 top5 0.6059
    [06:17:33] step 3600/11249 | avg train loss 2.3075 top1 0.3165 top5 0.6063
    [06:17:56] step 3700/11249 | avg train loss 2.3061 top1 0.3171 top5 0.6074
    [06:18:18] step 3800/11249 | avg train loss 2.3060 top1 0.3173 top5 0.6073
    [06:18:41] step 3900/11249 | avg train loss 2.3029 top1 0.3176 top5 0.6078
    [06:19:03] step 4000/11249 | avg train loss 2.3004 top1 0.3184 top5 0.6083
    [06:19:24] step 4100/11249 | avg train loss 2.2994 top1 0.3195 top5 0.6087
    [06:19:48] step 4200/11249 | avg train loss 2.3003 top1 0.3189 top5 0.6090
    [06:20:10] step 4300/11249 | avg train loss 2.2959 top1 0.3199 top5 0.6101
    [06:20:32] step 4400/11249 | avg train loss 2.2959 top1 0.3198 top5 0.6098
    [06:20:54] step 4500/11249 | avg train loss 2.2965 top1 0.3196 top5 0.6090
    [06:21:16] step 4600/11249 | avg train loss 2.2947 top1 0.3193 top5 0.6093
    [06:21:39] step 4700/11249 | avg train loss 2.2944 top1 0.3193 top5 0.6096
    [06:22:01] step 4800/11249 | avg train loss 2.2955 top1 0.3201 top5 0.6100
    [06:22:23] step 4900/11249 | avg train loss 2.2938 top1 0.3207 top5 0.6103
    [06:22:46] step 5000/11249 | avg train loss 2.2917 top1 0.3210 top5 0.6105
    [06:23:08] step 5100/11249 | avg train loss 2.2924 top1 0.3207 top5 0.6105
    [06:23:30] step 5200/11249 | avg train loss 2.2963 top1 0.3196 top5 0.6100
    [06:23:52] step 5300/11249 | avg train loss 2.2966 top1 0.3198 top5 0.6098
    [06:24:14] step 5400/11249 | avg train loss 2.2967 top1 0.3196 top5 0.6111
    [06:24:37] step 5500/11249 | avg train loss 2.2953 top1 0.3194 top5 0.6105
    [06:24:59] step 5600/11249 | avg train loss 2.2918 top1 0.3196 top5 0.6106
    [06:25:21] step 5700/11249 | avg train loss 2.2918 top1 0.3201 top5 0.6102
    [06:25:44] step 5800/11249 | avg train loss 2.2927 top1 0.3204 top5 0.6107
    [06:26:07] step 5900/11249 | avg train loss 2.2913 top1 0.3214 top5 0.6112
    [06:26:28] step 6000/11249 | avg train loss 2.2931 top1 0.3213 top5 0.6109
    [06:26:51] step 6100/11249 | avg train loss 2.2907 top1 0.3224 top5 0.6120
    [06:27:13] step 6200/11249 | avg train loss 2.2890 top1 0.3230 top5 0.6124
    [06:27:36] step 6300/11249 | avg train loss 2.2883 top1 0.3229 top5 0.6124
    [06:27:58] step 6400/11249 | avg train loss 2.2873 top1 0.3235 top5 0.6127
    [06:28:20] step 6500/11249 | avg train loss 2.2897 top1 0.3231 top5 0.6119
    [06:28:43] step 6600/11249 | avg train loss 2.2918 top1 0.3223 top5 0.6114
    [06:29:05] step 6700/11249 | avg train loss 2.2939 top1 0.3217 top5 0.6107
    [06:29:27] step 6800/11249 | avg train loss 2.2926 top1 0.3219 top5 0.6108
    [06:29:50] step 6900/11249 | avg train loss 2.2939 top1 0.3218 top5 0.6109
    [06:30:11] step 7000/11249 | avg train loss 2.2954 top1 0.3216 top5 0.6111
    [06:30:34] step 7100/11249 | avg train loss 2.2965 top1 0.3218 top5 0.6114
    [06:30:57] step 7200/11249 | avg train loss 2.2980 top1 0.3211 top5 0.6111
    [06:31:18] step 7300/11249 | avg train loss 2.2979 top1 0.3213 top5 0.6106
    [06:31:41] step 7400/11249 | avg train loss 2.2974 top1 0.3209 top5 0.6103
    [06:32:03] step 7500/11249 | avg train loss 2.2976 top1 0.3208 top5 0.6094
    [06:32:25] step 7600/11249 | avg train loss 2.2997 top1 0.3204 top5 0.6086
    [06:32:48] step 7700/11249 | avg train loss 2.3003 top1 0.3201 top5 0.6082
    [06:32:55] step 7800/11249 | avg train loss 2.2979 top1 0.3179 top5 0.6105
