model:
  name: video_mae_vit
  variant: vit_b
  num_classes: ${num_classes}
  tube_t: 1
  patch_size: 16
  mlp_ratio: 4.0
  drop_path_rate: 0.1
  dropout: 0.5
  head: attn
  head_num_heads: 4
  init_from: ${hydra:runtime.cwd}/checkpoints/track_a/ssl/sole_encoder.pt
  interpolate_pos_embed: false
  interpolate_src_image_size: 224
  interpolate_src_num_frames: ${dataset.num_frames}
  gradient_checkpointing: false
  freeze_backbone: false
  residual_variant: prenorm
  hc_n: 4
  hc_sk_iters: 3
  hc_sk_tau: 1.0
dataset:
  root: ${hydra:runtime.cwd}/data
  train_dir: ${dataset.root}/train
  val_dir: ${dataset.root}/val
  test_dir: ${dataset.root}/test
  augmented_dirs: []
  test_manifest: null
  submission_output: ${hydra:runtime.cwd}/submissions/track_a.csv
  num_frames: 4
  val_ratio: 0.2
  use_official_val: true
  include_val_in_train: false
  seed: ${seed}
  max_samples: null
  max_samples_per_class: null
  image_size: 224
  time_reversal_prob: 0.0
  temporal_reversal_augment:
    enabled: false
    prob: 0.5
  class_boosting:
    enabled: false
training:
  batch_size: 8
  epochs: 60
  optimizer: adamw
  lr: 0.0005
  layer_decay: 0.75
  weight_decay: 0.05
  scheduler: cosine
  scheduler_cosine: true
  warmup_epochs: 6
  min_lr: 1.0e-06
  label_smoothing: 0.1
  videomix_mode: mixup_cutmix_switch
  videomix_mixup_alpha: 0.8
  videomix_cutmix_alpha: 1.0
  videomix_prob: 1.0
  videomix_switch_prob: 0.5
  repeated_aug: 2
  amp: true
  amp_dtype: bf16
  ema_enabled: true
  ema_decay: 0.9999
  early_stopping_enabled: true
  early_stopping_patience: 25
  early_stopping_min_delta: 0.001
  num_workers: 4
  log_interval_steps: 100
  device: cuda
  checkpoint_path: ${hydra:runtime.cwd}/checkpoints/track_a/hc/baseline_s${seed}_ft.pt
  tta: true
  tta_flip: true
  tta_scales:
  - 0.857
  - 1.0
  - 1.143
  stability_log_path: ${hydra:runtime.cwd}/logs/hc/baseline_s${seed}_stability.csv
  stability_log_every: 1
  stability_log_per_block: true
  stability_log_hc_drift: true
augment:
  name: champion_ft
  random_horizontal_flip: true
  random_horizontal_flip_prob: 0.5
  random_crop: true
  crop_padding: 32
  color_jitter: false
  sync_across_frames: true
  randaugment:
    enabled: true
    'n': 2
    m: 9.0
    mode: temporal_plus
    magnitude_max: 30.0
    ops: null
pretrain:
  epochs: 100
  batch_size: 64
  lr: 0.0005
  weight_decay: 0.04
  log_interval_steps: 50
  checkpoint_path: ${hydra:runtime.cwd}/ssl_trunk.pt
  max_frames: null
  image_size: 224
  local_image_size: 96
  num_local_views: 6
  out_dim: 4096
  hidden_dim: 2048
  bottleneck_dim: 256
  n_layers: 3
  teacher_temp: 0.04
  student_temp: 0.1
  center_momentum: 0.9
  teacher_momentum_base: 0.996
  teacher_momentum_final: 1.0
track:
  name: a
  description: 'Closed-world track: train from scratch.'
seed: 42
num_classes: 33

[cuda] cache emptied (run-start). Free: 23.15 / 23.54 GiB
[data] use_official_val=true: train=44993 (train_dir=44993), val=6745 (from /Data/romain.poggi/smth2smth/data/val)
[data] repeated_aug=2: each clip drawn up to 2x per epoch with independent augmentations.
[init_from] loaded 149 encoder tensors from /Data/romain.poggi/smth2smth/checkpoints/track_a/ssl/sole_encoder.pt. encoder-missing=0, unexpected=0
[optim] LLRD: layer_decay=0.75, depth=12, 28 param groups.
[optim] trainable 88,638,753 / total 88,638,753 params (100.00%)
[amp] mixed-precision (torch.bfloat16 + GradScaler) enabled.
[ema] enabled (decay=0.9999); will eval both live and EMA each epoch.
[stability] per-step logging -> /Data/romain.poggi/smth2smth/logs/hc/baseline_s42_stability.csv (every 1 step(s))
    [14:36:15] step 100/5625 | avg train loss 3.7381 top1 0.0400 top5 0.2013
    [14:36:28] step 200/5625 | avg train loss 3.6807 top1 0.0488 top5 0.2112
    [14:36:40] step 300/5625 | avg train loss 3.6451 top1 0.0458 top5 0.2092
    [14:36:53] step 400/5625 | avg train loss 3.6096 top1 0.0537 top5 0.2244
    [14:37:05] step 500/5625 | avg train loss 3.5887 top1 0.0537 top5 0.2248
    [14:37:18] step 600/5625 | avg train loss 3.5742 top1 0.0556 top5 0.2296
    [14:37:30] step 700/5625 | avg train loss 3.5550 top1 0.0577 top5 0.2386
    [14:37:43] step 800/5625 | avg train loss 3.5415 top1 0.0595 top5 0.2394
    [14:37:55] step 900/5625 | avg train loss 3.5367 top1 0.0603 top5 0.2426
    [14:38:08] step 1000/5625 | avg train loss 3.5265 top1 0.0611 top5 0.2459
    [14:38:21] step 1100/5625 | avg train loss 3.5179 top1 0.0602 top5 0.2457
    [14:38:33] step 1200/5625 | avg train loss 3.5060 top1 0.0619 top5 0.2495
    [14:38:46] step 1300/5625 | avg train loss 3.4953 top1 0.0613 top5 0.2524
    [14:38:59] step 1400/5625 | avg train loss 3.4896 top1 0.0616 top5 0.2521
    [14:39:11] step 1500/5625 | avg train loss 3.4778 top1 0.0628 top5 0.2552
    [14:39:24] step 1600/5625 | avg train loss 3.4689 top1 0.0641 top5 0.2575
    [14:39:36] step 1700/5625 | avg train loss 3.4592 top1 0.0657 top5 0.2601
    [14:39:49] step 1800/5625 | avg train loss 3.4511 top1 0.0662 top5 0.2624
    [14:40:02] step 1900/5625 | avg train loss 3.4397 top1 0.0686 top5 0.2666
    [14:40:14] step 2000/5625 | avg train loss 3.4330 top1 0.0710 top5 0.2684
    [14:40:27] step 2100/5625 | avg train loss 3.4262 top1 0.0713 top5 0.2705
    [14:40:40] step 2200/5625 | avg train loss 3.4148 top1 0.0736 top5 0.2751
    [14:40:52] step 2300/5625 | avg train loss 3.4100 top1 0.0743 top5 0.2751
    [14:41:05] step 2400/5625 | avg train loss 3.4020 top1 0.0758 top5 0.2783
    [14:41:18] step 2500/5625 | avg train loss 3.3930 top1 0.0769 top5 0.2819
    [14:41:30] step 2600/5625 | avg train loss 3.3893 top1 0.0764 top5 0.2819
    [14:41:43] step 2700/5625 | avg train loss 3.3824 top1 0.0774 top5 0.2846
    [14:41:56] step 2800/5625 | avg train loss 3.3753 top1 0.0782 top5 0.2871
    [14:42:08] step 2900/5625 | avg train loss 3.3687 top1 0.0790 top5 0.2892
    [14:42:21] step 3000/5625 | avg train loss 3.3594 top1 0.0804 top5 0.2925
    [14:42:34] step 3100/5625 | avg train loss 3.3536 top1 0.0822 top5 0.2957
    [14:42:46] step 3200/5625 | avg train loss 3.3456 top1 0.0829 top5 0.2978
    [14:42:59] step 3300/5625 | avg train loss 3.3390 top1 0.0844 top5 0.3001
    [14:43:12] step 3400/5625 | avg train loss 3.3345 top1 0.0851 top5 0.3010
    [14:43:24] step 3500/5625 | avg train loss 3.3296 top1 0.0864 top5 0.3021
    [14:43:37] step 3600/5625 | avg train loss 3.3236 top1 0.0871 top5 0.3035
    [14:43:49] step 3700/5625 | avg train loss 3.3190 top1 0.0876 top5 0.3052
    [14:44:02] step 3800/5625 | avg train loss 3.3138 top1 0.0882 top5 0.3061
    [14:44:15] step 3900/5625 | avg train loss 3.3076 top1 0.0889 top5 0.3077
    [14:44:27] step 4000/5625 | avg train loss 3.3000 top1 0.0903 top5 0.3092
    [14:44:40] step 4100/5625 | avg train loss 3.2965 top1 0.0910 top5 0.3100
    [14:44:53] step 4200/5625 | avg train loss 3.2875 top1 0.0930 top5 0.3121
    [14:45:05] step 4300/5625 | avg train loss 3.2809 top1 0.0942 top5 0.3141
    [14:45:18] step 4400/5625 | avg train loss 3.2751 top1 0.0951 top5 0.3157
    [14:45:30] step 4500/5625 | avg train loss 3.2690 top1 0.0965 top5 0.3180
    [14:45:43] step 4600/5625 | avg train loss 3.2636 top1 0.0973 top5 0.3195
    [14:45:56] step 4700/5625 | avg train loss 3.2569 top1 0.0985 top5 0.3223
    [14:46:08] step 4800/5625 | avg train loss 3.2512 top1 0.1004 top5 0.3246
    [14:46:21] step 4900/5625 | avg train loss 3.2466 top1 0.1014 top5 0.3262
    [14:46:33] step 5000/5625 | avg train loss 3.2418 top1 0.1022 top5 0.3280
    [14:46:46] step 5100/5625 | avg train loss 3.2374 top1 0.1036 top5 0.3295
    [14:46:59] step 5200/5625 | avg train loss 3.2344 top1 0.1040 top5 0.3301
    [14:47:11] step 5300/5625 | avg train loss 3.2302 top1 0.1048 top5 0.3315
    [14:47:24] step 5400/5625 | avg train loss 3.2262 top1 0.1057 top5 0.3330
    [14:47:37] step 5500/5625 | avg train loss 3.2231 top1 0.1059 top5 0.3337
    [14:47:49] step 5600/5625 | avg train loss 3.2188 top1 0.1068 top5 0.3352
    [14:47:52] step 5625/5625 | avg train loss 3.2174 top1 0.1071 top5 0.3357
[2026-05-17T14:48:53] Epoch 1/60 | train loss 3.2174 top1 0.1071 | val loss 2.8456 top1 0.2061 top5 0.5219 | ema val top1 0.1346 top5 0.4113
  Saved new best checkpoint (live): /Data/romain.poggi/smth2smth/checkpoints/track_a/hc/baseline_s42_ft.pt (val top1=0.2061)
    [14:49:07] step 100/5625 | avg train loss 3.0274 top1 0.1300 top5 0.4025
    [14:49:20] step 200/5625 | avg train loss 3.0520 top1 0.1263 top5 0.3956
    [14:49:32] step 300/5625 | avg train loss 3.0587 top1 0.1271 top5 0.3967
    [14:49:45] step 400/5625 | avg train loss 3.0561 top1 0.1359 top5 0.3969
    [14:49:58] step 500/5625 | avg train loss 3.0639 top1 0.1323 top5 0.3897
    [14:50:11] step 600/5625 | avg train loss 3.0703 top1 0.1313 top5 0.3856
    [14:50:23] step 700/5625 | avg train loss 3.0725 top1 0.1302 top5 0.3802
    [14:50:36] step 800/5625 | avg train loss 3.0727 top1 0.1286 top5 0.3834
    [14:50:49] step 900/5625 | avg train loss 3.0747 top1 0.1306 top5 0.3847
    [14:51:01] step 1000/5625 | avg train loss 3.0706 top1 0.1324 top5 0.3812
    [14:51:14] step 1100/5625 | avg train loss 3.0730 top1 0.1326 top5 0.3791
    [14:51:27] step 1200/5625 | avg train loss 3.0676 top1 0.1344 top5 0.3839
    [14:51:39] step 1300/5625 | avg train loss 3.0632 top1 0.1344 top5 0.3850
    [14:51:52] step 1400/5625 | avg train loss 3.0615 top1 0.1345 top5 0.3865
    [14:52:05] step 1500/5625 | avg train loss 3.0605 top1 0.1338 top5 0.3871
    [14:52:18] step 1600/5625 | avg train loss 3.0611 top1 0.1334 top5 0.3852
    [14:52:30] step 1700/5625 | avg train loss 3.0605 top1 0.1333 top5 0.3848
    [14:52:43] step 1800/5625 | avg train loss 3.0542 top1 0.1351 top5 0.3869
    [14:52:56] step 1900/5625 | avg train loss 3.0495 top1 0.1368 top5 0.3874
    [14:53:08] step 2000/5625 | avg train loss 3.0474 top1 0.1382 top5 0.3879
    [14:53:21] step 2100/5625 | avg train loss 3.0412 top1 0.1390 top5 0.3899
    [14:53:34] step 2200/5625 | avg train loss 3.0377 top1 0.1406 top5 0.3920
    [14:53:46] step 2300/5625 | avg train loss 3.0363 top1 0.1403 top5 0.3910
    [14:53:59] step 2400/5625 | avg train loss 3.0330 top1 0.1398 top5 0.3907
    [14:54:12] step 2500/5625 | avg train loss 3.0292 top1 0.1402 top5 0.3927
    [14:54:25] step 2600/5625 | avg train loss 3.0276 top1 0.1408 top5 0.3925
    [14:54:37] step 2700/5625 | avg train loss 3.0240 top1 0.1413 top5 0.3937
    [14:54:50] step 2800/5625 | avg train loss 3.0232 top1 0.1417 top5 0.3933
    [14:55:03] step 2900/5625 | avg train loss 3.0227 top1 0.1416 top5 0.3927
    [14:55:15] step 3000/5625 | avg train loss 3.0233 top1 0.1418 top5 0.3926
    [14:55:28] step 3100/5625 | avg train loss 3.0225 top1 0.1416 top5 0.3934
    [14:55:41] step 3200/5625 | avg train loss 3.0213 top1 0.1424 top5 0.3943
    [14:55:53] step 3300/5625 | avg train loss 3.0208 top1 0.1429 top5 0.3950
    [14:56:06] step 3400/5625 | avg train loss 3.0238 top1 0.1423 top5 0.3943
    [14:56:19] step 3500/5625 | avg train loss 3.0217 top1 0.1426 top5 0.3951
    [14:56:32] step 3600/5625 | avg train loss 3.0199 top1 0.1432 top5 0.3951
    [14:56:44] step 3700/5625 | avg train loss 3.0194 top1 0.1427 top5 0.3951
    [14:56:57] step 3800/5625 | avg train loss 3.0189 top1 0.1430 top5 0.3950
    [14:57:10] step 3900/5625 | avg train loss 3.0177 top1 0.1438 top5 0.3957
    [14:57:22] step 4000/5625 | avg train loss 3.0171 top1 0.1443 top5 0.3962
    [14:57:35] step 4100/5625 | avg train loss 3.0149 top1 0.1444 top5 0.3957
    [14:57:48] step 4200/5625 | avg train loss 3.0151 top1 0.1444 top5 0.3954
    [14:58:00] step 4300/5625 | avg train loss 3.0114 top1 0.1451 top5 0.3964
    [14:58:13] step 4400/5625 | avg train loss 3.0083 top1 0.1453 top5 0.3972
    [14:58:26] step 4500/5625 | avg train loss 3.0056 top1 0.1455 top5 0.3982
    [14:58:38] step 4600/5625 | avg train loss 3.0025 top1 0.1454 top5 0.3982
    [14:58:51] step 4700/5625 | avg train loss 3.0023 top1 0.1450 top5 0.3979
    [14:59:04] step 4800/5625 | avg train loss 3.0009 top1 0.1453 top5 0.3979
    [14:59:17] step 4900/5625 | avg train loss 3.0000 top1 0.1455 top5 0.3982
    [14:59:29] step 5000/5625 | avg train loss 2.9992 top1 0.1457 top5 0.3987
    [14:59:42] step 5100/5625 | avg train loss 2.9960 top1 0.1467 top5 0.3997
    [14:59:55] step 5200/5625 | avg train loss 2.9933 top1 0.1475 top5 0.4006
    [15:00:07] step 5300/5625 | avg train loss 2.9915 top1 0.1479 top5 0.4012
    [15:00:20] step 5400/5625 | avg train loss 2.9894 top1 0.1483 top5 0.4019
    [15:00:33] step 5500/5625 | avg train loss 2.9878 top1 0.1490 top5 0.4027
    [15:00:46] step 5600/5625 | avg train loss 2.9871 top1 0.1485 top5 0.4022
    [15:00:49] step 5625/5625 | avg train loss 2.9867 top1 0.1486 top5 0.4025
Epoch 2/60 | train loss 2.9867 top1 0.1486 | val loss 2.7349 top1 0.2368 top5 0.5709 | ema val top1 0.2322 top5 0.5532
  Saved new best checkpoint (live): /Data/romain.poggi/smth2smth/checkpoints/track_a/hc/baseline_s42_ft.pt (val top1=0.2368)
    [15:02:04] step 100/5625 | avg train loss 2.9394 top1 0.1575 top5 0.4125
    [15:02:16] step 200/5625 | avg train loss 2.9716 top1 0.1487 top5 0.4000
    [15:02:29] step 300/5625 | avg train loss 2.9489 top1 0.1646 top5 0.4146
    [15:02:42] step 400/5625 | avg train loss 2.9726 top1 0.1622 top5 0.4037
    [15:02:54] step 500/5625 | avg train loss 2.9721 top1 0.1635 top5 0.3990
    [15:03:07] step 600/5625 | avg train loss 2.9681 top1 0.1613 top5 0.3960
    [15:03:20] step 700/5625 | avg train loss 2.9639 top1 0.1588 top5 0.3991
    [15:03:32] step 800/5625 | avg train loss 2.9696 top1 0.1537 top5 0.3986
    [15:03:45] step 900/5625 | avg train loss 2.9610 top1 0.1551 top5 0.4028
    [15:03:58] step 1000/5625 | avg train loss 2.9604 top1 0.1551 top5 0.4075
    [15:04:10] step 1100/5625 | avg train loss 2.9598 top1 0.1537 top5 0.4074
    [15:04:23] step 1200/5625 | avg train loss 2.9649 top1 0.1535 top5 0.4058
    [15:04:36] step 1300/5625 | avg train loss 2.9665 top1 0.1519 top5 0.4031
    [15:04:48] step 1400/5625 | avg train loss 2.9636 top1 0.1509 top5 0.4038
    [15:05:01] step 1500/5625 | avg train loss 2.9629 top1 0.1502 top5 0.4066
    [15:05:14] step 1600/5625 | avg train loss 2.9663 top1 0.1501 top5 0.4066
    [15:05:26] step 1700/5625 | avg train loss 2.9675 top1 0.1493 top5 0.4066
    [15:05:39] step 1800/5625 | avg train loss 2.9667 top1 0.1503 top5 0.4079
    [15:05:52] step 1900/5625 | avg train loss 2.9651 top1 0.1519 top5 0.4112
    [15:06:04] step 2000/5625 | avg train loss 2.9673 top1 0.1512 top5 0.4099
    [15:06:17] step 2100/5625 | avg train loss 2.9648 top1 0.1520 top5 0.4121
    [15:06:29] step 2200/5625 | avg train loss 2.9657 top1 0.1521 top5 0.4128
    [15:06:42] step 2300/5625 | avg train loss 2.9652 top1 0.1529 top5 0.4140
    [15:06:55] step 2400/5625 | avg train loss 2.9665 top1 0.1530 top5 0.4130
    [15:07:07] step 2500/5625 | avg train loss 2.9613 top1 0.1535 top5 0.4145
    [15:07:20] step 2600/5625 | avg train loss 2.9628 top1 0.1525 top5 0.4134
    [15:07:33] step 2700/5625 | avg train loss 2.9623 top1 0.1528 top5 0.4144
    [15:07:45] step 2800/5625 | avg train loss 2.9616 top1 0.1527 top5 0.4141
    [15:07:58] step 2900/5625 | avg train loss 2.9623 top1 0.1526 top5 0.4149
    [15:08:11] step 3000/5625 | avg train loss 2.9637 top1 0.1526 top5 0.4144
    [15:08:23] step 3100/5625 | avg train loss 2.9650 top1 0.1528 top5 0.4145
    [15:08:36] step 3200/5625 | avg train loss 2.9639 top1 0.1537 top5 0.4158
    [15:08:49] step 3300/5625 | avg train loss 2.9650 top1 0.1542 top5 0.4163
    [15:09:01] step 3400/5625 | avg train loss 2.9653 top1 0.1537 top5 0.4155
    [15:09:14] step 3500/5625 | avg train loss 2.9645 top1 0.1540 top5 0.4162
    [15:09:27] step 3600/5625 | avg train loss 2.9661 top1 0.1530 top5 0.4151
    [15:09:39] step 3700/5625 | avg train loss 2.9655 top1 0.1528 top5 0.4147
    [15:09:52] step 3800/5625 | avg train loss 2.9663 top1 0.1524 top5 0.4140
    [15:10:05] step 3900/5625 | avg train loss 2.9657 top1 0.1529 top5 0.4142
    [15:10:17] step 4000/5625 | avg train loss 2.9677 top1 0.1527 top5 0.4136
    [15:10:30] step 4100/5625 | avg train loss 2.9660 top1 0.1527 top5 0.4136
    [15:10:43] step 4200/5625 | avg train loss 2.9662 top1 0.1523 top5 0.4133
    [15:10:55] step 4300/5625 | avg train loss 2.9674 top1 0.1524 top5 0.4135
    [15:11:08] step 4400/5625 | avg train loss 2.9666 top1 0.1526 top5 0.4134
    [15:11:21] step 4500/5625 | avg train loss 2.9662 top1 0.1524 top5 0.4131
    [15:11:33] step 4600/5625 | avg train loss 2.9654 top1 0.1524 top5 0.4130
    [15:11:46] step 4700/5625 | avg train loss 2.9654 top1 0.1526 top5 0.4126
    [15:11:59] step 4800/5625 | avg train loss 2.9628 top1 0.1536 top5 0.4137
    [15:12:11] step 4900/5625 | avg train loss 2.9616 top1 0.1541 top5 0.4135
    [15:12:24] step 5000/5625 | avg train loss 2.9608 top1 0.1540 top5 0.4138
    [15:12:37] step 5100/5625 | avg train loss 2.9605 top1 0.1540 top5 0.4138
    [15:12:49] step 5200/5625 | avg train loss 2.9593 top1 0.1541 top5 0.4135
    [15:13:02] step 5300/5625 | avg train loss 2.9599 top1 0.1539 top5 0.4136
    [15:13:15] step 5400/5625 | avg train loss 2.9616 top1 0.1538 top5 0.4137
    [15:13:27] step 5500/5625 | avg train loss 2.9608 top1 0.1538 top5 0.4144
    [15:13:40] step 5600/5625 | avg train loss 2.9600 top1 0.1537 top5 0.4151
    [15:13:43] step 5625/5625 | avg train loss 2.9595 top1 0.1539 top5 0.4153
Epoch 3/60 | train loss 2.9595 top1 0.1539 | val loss 2.7858 top1 0.2252 top5 0.5594 | ema val top1 0.2575 top5 0.6019
  Saved new best checkpoint (ema): /Data/romain.poggi/smth2smth/checkpoints/track_a/hc/baseline_s42_ft.pt (val top1=0.2575)
    [15:14:58] step 100/5625 | avg train loss 2.9761 top1 0.1375 top5 0.3862
    [15:15:11] step 200/5625 | avg train loss 2.9746 top1 0.1406 top5 0.3812
    [15:15:24] step 300/5625 | avg train loss 2.9801 top1 0.1421 top5 0.3879
    [15:15:36] step 400/5625 | avg train loss 2.9810 top1 0.1453 top5 0.3937
    [15:15:49] step 500/5625 | avg train loss 2.9828 top1 0.1485 top5 0.3932
    [15:16:02] step 600/5625 | avg train loss 2.9735 top1 0.1510 top5 0.4031
    [15:16:14] step 700/5625 | avg train loss 2.9816 top1 0.1545 top5 0.4045
    [15:16:27] step 800/5625 | avg train loss 2.9756 top1 0.1566 top5 0.4055
    [15:16:40] step 900/5625 | avg train loss 2.9655 top1 0.1621 top5 0.4115
    [15:16:53] step 1000/5625 | avg train loss 2.9723 top1 0.1613 top5 0.4108
    [15:17:05] step 1100/5625 | avg train loss 2.9700 top1 0.1602 top5 0.4097
    [15:17:18] step 1200/5625 | avg train loss 2.9685 top1 0.1614 top5 0.4118
    [15:17:31] step 1300/5625 | avg train loss 2.9657 top1 0.1616 top5 0.4118
    [15:17:44] step 1400/5625 | avg train loss 2.9656 top1 0.1612 top5 0.4137
    [15:17:56] step 1500/5625 | avg train loss 2.9680 top1 0.1597 top5 0.4129
    [15:18:09] step 1600/5625 | avg train loss 2.9699 top1 0.1588 top5 0.4109
    [15:18:22] step 1700/5625 | avg train loss 2.9756 top1 0.1580 top5 0.4093
    [15:18:34] step 1800/5625 | avg train loss 2.9760 top1 0.1592 top5 0.4109
    [15:18:47] step 1900/5625 | avg train loss 2.9747 top1 0.1586 top5 0.4093
    [15:19:00] step 2000/5625 | avg train loss 2.9751 top1 0.1596 top5 0.4109
    [15:19:12] step 2100/5625 | avg train loss 2.9746 top1 0.1589 top5 0.4108
    [15:19:25] step 2200/5625 | avg train loss 2.9722 top1 0.1583 top5 0.4102
    [15:19:38] step 2300/5625 | avg train loss 2.9750 top1 0.1574 top5 0.4095
    [15:19:50] step 2400/5625 | avg train loss 2.9754 top1 0.1569 top5 0.4086
    [15:20:03] step 2500/5625 | avg train loss 2.9774 top1 0.1562 top5 0.4088
    [15:20:16] step 2600/5625 | avg train loss 2.9789 top1 0.1561 top5 0.4097
    [15:20:29] step 2700/5625 | avg train loss 2.9777 top1 0.1561 top5 0.4099
    [15:20:41] step 2800/5625 | avg train loss 2.9772 top1 0.1559 top5 0.4099
    [15:20:54] step 2900/5625 | avg train loss 2.9776 top1 0.1556 top5 0.4089
    [15:21:07] step 3000/5625 | avg train loss 2.9797 top1 0.1557 top5 0.4087
    [15:21:19] step 3100/5625 | avg train loss 2.9788 top1 0.1560 top5 0.4093
    [15:21:32] step 3200/5625 | avg train loss 2.9778 top1 0.1558 top5 0.4088
    [15:21:45] step 3300/5625 | avg train loss 2.9768 top1 0.1555 top5 0.4088
    [15:21:57] step 3400/5625 | avg train loss 2.9744 top1 0.1564 top5 0.4109
    [15:22:10] step 3500/5625 | avg train loss 2.9754 top1 0.1562 top5 0.4105
    [15:22:23] step 3600/5625 | avg train loss 2.9770 top1 0.1558 top5 0.4097
    [15:22:36] step 3700/5625 | avg train loss 2.9778 top1 0.1552 top5 0.4091
    [15:22:48] step 3800/5625 | avg train loss 2.9797 top1 0.1550 top5 0.4091
    [15:23:01] step 3900/5625 | avg train loss 2.9790 top1 0.1553 top5 0.4093
    [15:23:14] step 4000/5625 | avg train loss 2.9795 top1 0.1553 top5 0.4089
    [15:23:26] step 4100/5625 | avg train loss 2.9804 top1 0.1546 top5 0.4091
    [15:23:39] step 4200/5625 | avg train loss 2.9817 top1 0.1543 top5 0.4088
    [15:23:52] step 4300/5625 | avg train loss 2.9801 top1 0.1545 top5 0.4097
    [15:24:04] step 4400/5625 | avg train loss 2.9808 top1 0.1546 top5 0.4100
    [15:24:17] step 4500/5625 | avg train loss 2.9818 top1 0.1550 top5 0.4102
    [15:24:30] step 4600/5625 | avg train loss 2.9810 top1 0.1552 top5 0.4099
    [15:24:43] step 4700/5625 | avg train loss 2.9804 top1 0.1554 top5 0.4098
    [15:24:55] step 4800/5625 | avg train loss 2.9809 top1 0.1548 top5 0.4092
    [15:25:08] step 4900/5625 | avg train loss 2.9803 top1 0.1548 top5 0.4089
    [15:25:21] step 5000/5625 | avg train loss 2.9798 top1 0.1548 top5 0.4092
    [15:25:33] step 5100/5625 | avg train loss 2.9779 top1 0.1552 top5 0.4090
    [15:25:46] step 5200/5625 | avg train loss 2.9779 top1 0.1550 top5 0.4098
    [15:25:59] step 5300/5625 | avg train loss 2.9775 top1 0.1550 top5 0.4098
    [15:26:11] step 5400/5625 | avg train loss 2.9774 top1 0.1547 top5 0.4103
    [15:26:24] step 5500/5625 | avg train loss 2.9774 top1 0.1546 top5 0.4100
    [15:26:37] step 5600/5625 | avg train loss 2.9778 top1 0.1544 top5 0.4104
    [15:26:40] step 5625/5625 | avg train loss 2.9781 top1 0.1543 top5 0.4104
Epoch 4/60 | train loss 2.9781 top1 0.1543 | val loss 2.8919 top1 0.1970 top5 0.5023 | ema val top1 0.2606 top5 0.5981
  Saved new best checkpoint (ema): /Data/romain.poggi/smth2smth/checkpoints/track_a/hc/baseline_s42_ft.pt (val top1=0.2606)
    [15:27:55] step 100/5625 | avg train loss 2.9468 top1 0.1275 top5 0.4062
    [15:28:08] step 200/5625 | avg train loss 2.9936 top1 0.1425 top5 0.4225
    [15:28:20] step 300/5625 | avg train loss 2.9983 top1 0.1512 top5 0.4167
    [15:28:33] step 400/5625 | avg train loss 2.9832 top1 0.1584 top5 0.4228
    [15:28:46] step 500/5625 | avg train loss 2.9777 top1 0.1588 top5 0.4168
    [15:28:58] step 600/5625 | avg train loss 2.9790 top1 0.1592 top5 0.4154
    [15:29:11] step 700/5625 | avg train loss 2.9932 top1 0.1573 top5 0.4143
    [15:29:24] step 800/5625 | avg train loss 2.9971 top1 0.1575 top5 0.4081
    [15:29:36] step 900/5625 | avg train loss 2.9998 top1 0.1569 top5 0.4079
    [15:29:49] step 1000/5625 | avg train loss 3.0025 top1 0.1559 top5 0.4032
    [15:30:02] step 1100/5625 | avg train loss 3.0007 top1 0.1556 top5 0.4016
    [15:30:14] step 1200/5625 | avg train loss 2.9985 top1 0.1546 top5 0.4034
    [15:30:27] step 1300/5625 | avg train loss 3.0042 top1 0.1518 top5 0.4014
    [15:30:40] step 1400/5625 | avg train loss 3.0010 top1 0.1509 top5 0.4026
    [15:30:52] step 1500/5625 | avg train loss 3.0081 top1 0.1501 top5 0.3992
    [15:31:05] step 1600/5625 | avg train loss 3.0075 top1 0.1495 top5 0.3999
    [15:31:18] step 1700/5625 | avg train loss 3.0117 top1 0.1476 top5 0.3986
    [15:31:30] step 1800/5625 | avg train loss 3.0136 top1 0.1465 top5 0.3998
    [15:31:43] step 1900/5625 | avg train loss 3.0142 top1 0.1460 top5 0.3986
    [15:31:55] step 2000/5625 | avg train loss 3.0125 top1 0.1450 top5 0.3991
    [15:32:08] step 2100/5625 | avg train loss 3.0112 top1 0.1448 top5 0.3992
    [15:32:21] step 2200/5625 | avg train loss 3.0123 top1 0.1460 top5 0.4004
    [15:32:33] step 2300/5625 | avg train loss 3.0108 top1 0.1470 top5 0.4007
    [15:32:46] step 2400/5625 | avg train loss 3.0085 top1 0.1487 top5 0.4023
    [15:32:59] step 2500/5625 | avg train loss 3.0077 top1 0.1490 top5 0.4027
    [15:33:11] step 2600/5625 | avg train loss 3.0069 top1 0.1501 top5 0.4035
    [15:33:24] step 2700/5625 | avg train loss 3.0059 top1 0.1506 top5 0.4041
    [15:33:37] step 2800/5625 | avg train loss 3.0036 top1 0.1509 top5 0.4053
    [15:33:49] step 2900/5625 | avg train loss 3.0033 top1 0.1511 top5 0.4049
    [15:34:02] step 3000/5625 | avg train loss 3.0023 top1 0.1511 top5 0.4045
    [15:34:15] step 3100/5625 | avg train loss 3.0025 top1 0.1508 top5 0.4033
    [15:34:27] step 3200/5625 | avg train loss 3.0034 top1 0.1501 top5 0.4028
    [15:34:40] step 3300/5625 | avg train loss 3.0039 top1 0.1500 top5 0.4016
    [15:34:52] step 3400/5625 | avg train loss 3.0077 top1 0.1491 top5 0.4006
    [15:35:05] step 3500/5625 | avg train loss 3.0081 top1 0.1489 top5 0.3999
    [15:35:18] step 3600/5625 | avg train loss 3.0109 top1 0.1484 top5 0.3991
    [15:35:30] step 3700/5625 | avg train loss 3.0113 top1 0.1477 top5 0.3998
    [15:35:43] step 3800/5625 | avg train loss 3.0113 top1 0.1479 top5 0.4000
    [15:35:56] step 3900/5625 | avg train loss 3.0114 top1 0.1474 top5 0.3995
    [15:36:08] step 4000/5625 | avg train loss 3.0115 top1 0.1472 top5 0.3991
    [15:36:21] step 4100/5625 | avg train loss 3.0124 top1 0.1475 top5 0.3988
    [15:36:34] step 4200/5625 | avg train loss 3.0136 top1 0.1470 top5 0.3982
    [15:36:46] step 4300/5625 | avg train loss 3.0121 top1 0.1472 top5 0.3982
    [15:36:59] step 4400/5625 | avg train loss 3.0131 top1 0.1469 top5 0.3976
    [15:37:12] step 4500/5625 | avg train loss 3.0143 top1 0.1469 top5 0.3972
    [15:37:24] step 4600/5625 | avg train loss 3.0138 top1 0.1473 top5 0.3978
    [15:37:37] step 4700/5625 | avg train loss 3.0147 top1 0.1468 top5 0.3977
    [15:37:50] step 4800/5625 | avg train loss 3.0135 top1 0.1477 top5 0.3992
    [15:38:02] step 4900/5625 | avg train loss 3.0141 top1 0.1477 top5 0.3987
    [15:38:15] step 5000/5625 | avg train loss 3.0137 top1 0.1475 top5 0.3991
    [15:38:28] step 5100/5625 | avg train loss 3.0131 top1 0.1477 top5 0.3996
    [15:38:40] step 5200/5625 | avg train loss 3.0132 top1 0.1470 top5 0.3992
    [15:38:53] step 5300/5625 | avg train loss 3.0143 top1 0.1467 top5 0.3986
    [15:39:06] step 5400/5625 | avg train loss 3.0143 top1 0.1469 top5 0.3989
    [15:39:18] step 5500/5625 | avg train loss 3.0147 top1 0.1466 top5 0.3995
    [15:39:31] step 5600/5625 | avg train loss 3.0157 top1 0.1464 top5 0.3996
    [15:39:34] step 5625/5625 | avg train loss 3.0160 top1 0.1460 top5 0.3993
Epoch 5/60 | train loss 3.0160 top1 0.1460 | val loss 3.0228 top1 0.1674 top5 0.4387 | ema val top1 0.2452 top5 0.5800
  No val top1 improvement (1/25); best remains 0.2606
    [15:40:49] step 100/5625 | avg train loss 2.9323 top1 0.1450 top5 0.3937
    [15:41:02] step 200/5625 | avg train loss 3.0028 top1 0.1525 top5 0.3869
    [15:41:14] step 300/5625 | avg train loss 3.0123 top1 0.1583 top5 0.3887
    [15:41:27] step 400/5625 | avg train loss 3.0360 top1 0.1522 top5 0.3866
    [15:41:40] step 500/5625 | avg train loss 3.0430 top1 0.1482 top5 0.3850
    [15:41:52] step 600/5625 | avg train loss 3.0512 top1 0.1487 top5 0.3881
    [15:42:05] step 700/5625 | avg train loss 3.0536 top1 0.1462 top5 0.3873
    [15:42:18] step 800/5625 | avg train loss 3.0589 top1 0.1439 top5 0.3877
    [15:42:30] step 900/5625 | avg train loss 3.0634 top1 0.1433 top5 0.3832
    [15:42:43] step 1000/5625 | avg train loss 3.0624 top1 0.1419 top5 0.3839
    [15:42:56] step 1100/5625 | avg train loss 3.0684 top1 0.1400 top5 0.3812
    [15:43:08] step 1200/5625 | avg train loss 3.0750 top1 0.1376 top5 0.3776
    [15:43:21] step 1300/5625 | avg train loss 3.0734 top1 0.1385 top5 0.3814
    [15:43:34] step 1400/5625 | avg train loss 3.0717 top1 0.1388 top5 0.3826
    [15:43:47] step 1500/5625 | avg train loss 3.0693 top1 0.1382 top5 0.3811
    [15:43:59] step 1600/5625 | avg train loss 3.0750 top1 0.1373 top5 0.3802
    [15:44:12] step 1700/5625 | avg train loss 3.0724 top1 0.1379 top5 0.3808
    [15:44:25] step 1800/5625 | avg train loss 3.0776 top1 0.1356 top5 0.3785
    [15:44:37] step 1900/5625 | avg train loss 3.0809 top1 0.1357 top5 0.3775
    [15:44:50] step 2000/5625 | avg train loss 3.0813 top1 0.1357 top5 0.3791
    [15:45:03] step 2100/5625 | avg train loss 3.0832 top1 0.1347 top5 0.3785
    [15:45:15] step 2200/5625 | avg train loss 3.0814 top1 0.1344 top5 0.3785
    [15:45:28] step 2300/5625 | avg train loss 3.0832 top1 0.1336 top5 0.3793
    [15:45:41] step 2400/5625 | avg train loss 3.0827 top1 0.1339 top5 0.3805
    [15:45:54] step 2500/5625 | avg train loss 3.0815 top1 0.1340 top5 0.3804
    [15:46:06] step 2600/5625 | avg train loss 3.0841 top1 0.1338 top5 0.3798
    [15:46:19] step 2700/5625 | avg train loss 3.0855 top1 0.1327 top5 0.3795
    [15:46:32] step 2800/5625 | avg train loss 3.0836 top1 0.1336 top5 0.3802
    [15:46:44] step 2900/5625 | avg train loss 3.0846 top1 0.1337 top5 0.3806
    [15:46:57] step 3000/5625 | avg train loss 3.0845 top1 0.1336 top5 0.3810
    [15:47:10] step 3100/5625 | avg train loss 3.0852 top1 0.1334 top5 0.3809
    [15:47:23] step 3200/5625 | avg train loss 3.0855 top1 0.1332 top5 0.3805
    [15:47:35] step 3300/5625 | avg train loss 3.0865 top1 0.1328 top5 0.3808
    [15:47:48] step 3400/5625 | avg train loss 3.0875 top1 0.1322 top5 0.3796
    [15:48:01] step 3500/5625 | avg train loss 3.0893 top1 0.1315 top5 0.3784
    [15:48:13] step 3600/5625 | avg train loss 3.0921 top1 0.1313 top5 0.3772
    [15:48:26] step 3700/5625 | avg train loss 3.0938 top1 0.1307 top5 0.3763
    [15:48:39] step 3800/5625 | avg train loss 3.0937 top1 0.1306 top5 0.3764
    [15:48:51] step 3900/5625 | avg train loss 3.0953 top1 0.1301 top5 0.3753
    [15:49:04] step 4000/5625 | avg train loss 3.0959 top1 0.1302 top5 0.3751
    [15:49:17] step 4100/5625 | avg train loss 3.0973 top1 0.1296 top5 0.3741
    [15:49:30] step 4200/5625 | avg train loss 3.0995 top1 0.1290 top5 0.3735
    [15:49:42] step 4300/5625 | avg train loss 3.0998 top1 0.1287 top5 0.3728
    [15:49:55] step 4400/5625 | avg train loss 3.1012 top1 0.1282 top5 0.3724
    [15:50:08] step 4500/5625 | avg train loss 3.1020 top1 0.1282 top5 0.3719
    [15:50:20] step 4600/5625 | avg train loss 3.1000 top1 0.1286 top5 0.3731
    [15:50:33] step 4700/5625 | avg train loss 3.0988 top1 0.1290 top5 0.3728
    [15:50:46] step 4800/5625 | avg train loss 3.0973 top1 0.1288 top5 0.3739
    [15:50:58] step 4900/5625 | avg train loss 3.0976 top1 0.1281 top5 0.3736
    [15:51:11] step 5000/5625 | avg train loss 3.0961 top1 0.1286 top5 0.3743
    [15:51:24] step 5100/5625 | avg train loss 3.0960 top1 0.1292 top5 0.3747
    [15:51:36] step 5200/5625 | avg train loss 3.0973 top1 0.1289 top5 0.3746
    [15:51:49] step 5300/5625 | avg train loss 3.0980 top1 0.1288 top5 0.3743
    [15:52:02] step 5400/5625 | avg train loss 3.0982 top1 0.1285 top5 0.3742
    [15:52:14] step 5500/5625 | avg train loss 3.0975 top1 0.1288 top5 0.3746
    [15:52:27] step 5600/5625 | avg train loss 3.0978 top1 0.1290 top5 0.3746
    [15:52:30] step 5625/5625 | avg train loss 3.0978 top1 0.1291 top5 0.3749
Epoch 6/60 | train loss 3.0978 top1 0.1291 | val loss 3.0715 top1 0.1511 top5 0.4394 | ema val top1 0.2267 top5 0.5431
  No val top1 improvement (2/25); best remains 0.2606
    [15:53:44] step 100/5625 | avg train loss 3.1567 top1 0.1275 top5 0.3488
    [15:53:57] step 200/5625 | avg train loss 3.1344 top1 0.1338 top5 0.3694
    [15:54:10] step 300/5625 | avg train loss 3.1042 top1 0.1367 top5 0.3904
    [15:54:22] step 400/5625 | avg train loss 3.1158 top1 0.1319 top5 0.3803
    [15:54:35] step 500/5625 | avg train loss 3.1235 top1 0.1250 top5 0.3755
    [15:54:48] step 600/5625 | avg train loss 3.1252 top1 0.1277 top5 0.3738
    [15:55:00] step 700/5625 | avg train loss 3.1280 top1 0.1250 top5 0.3684
    [15:55:13] step 800/5625 | avg train loss 3.1143 top1 0.1258 top5 0.3722
    [15:55:26] step 900/5625 | avg train loss 3.1157 top1 0.1251 top5 0.3719
    [15:55:38] step 1000/5625 | avg train loss 3.1140 top1 0.1229 top5 0.3719
    [15:55:51] step 1100/5625 | avg train loss 3.1151 top1 0.1243 top5 0.3722
    [15:56:03] step 1200/5625 | avg train loss 3.1171 top1 0.1241 top5 0.3733
    [15:56:16] step 1300/5625 | avg train loss 3.1156 top1 0.1250 top5 0.3737
    [15:56:29] step 1400/5625 | avg train loss 3.1156 top1 0.1247 top5 0.3736
    [15:56:41] step 1500/5625 | avg train loss 3.1151 top1 0.1239 top5 0.3731
    [15:56:54] step 1600/5625 | avg train loss 3.1146 top1 0.1237 top5 0.3725
    [15:57:07] step 1700/5625 | avg train loss 3.1096 top1 0.1247 top5 0.3730
    [15:57:19] step 1800/5625 | avg train loss 3.1137 top1 0.1237 top5 0.3696
    [15:57:32] step 1900/5625 | avg train loss 3.1128 top1 0.1242 top5 0.3699
    [15:57:45] step 2000/5625 | avg train loss 3.1114 top1 0.1244 top5 0.3682
    [15:57:57] step 2100/5625 | avg train loss 3.1110 top1 0.1244 top5 0.3683
    [15:58:10] step 2200/5625 | avg train loss 3.1117 top1 0.1246 top5 0.3690
    [15:58:23] step 2300/5625 | avg train loss 3.1134 top1 0.1236 top5 0.3680
    [15:58:35] step 2400/5625 | avg train loss 3.1130 top1 0.1235 top5 0.3683
    [15:58:48] step 2500/5625 | avg train loss 3.1116 top1 0.1244 top5 0.3695
    [15:59:01] step 2600/5625 | avg train loss 3.1102 top1 0.1241 top5 0.3696
    [15:59:13] step 2700/5625 | avg train loss 3.1127 top1 0.1234 top5 0.3679
    [15:59:26] step 2800/5625 | avg train loss 3.1104 top1 0.1233 top5 0.3692
    [15:59:39] step 2900/5625 | avg train loss 3.1134 top1 0.1225 top5 0.3678
    [15:59:51] step 3000/5625 | avg train loss 3.1154 top1 0.1218 top5 0.3674
    [16:00:04] step 3100/5625 | avg train loss 3.1136 top1 0.1227 top5 0.3677
    [16:00:16] step 3200/5625 | avg train loss 3.1132 top1 0.1234 top5 0.3681
    [16:00:29] step 3300/5625 | avg train loss 3.1138 top1 0.1230 top5 0.3672
    [16:00:42] step 3400/5625 | avg train loss 3.1132 top1 0.1233 top5 0.3672
    [16:00:54] step 3500/5625 | avg train loss 3.1124 top1 0.1236 top5 0.3682
    [16:01:07] step 3600/5625 | avg train loss 3.1112 top1 0.1239 top5 0.3682
    [16:01:20] step 3700/5625 | avg train loss 3.1123 top1 0.1235 top5 0.3684
    [16:01:32] step 3800/5625 | avg train loss 3.1121 top1 0.1232 top5 0.3676
    [16:01:45] step 3900/5625 | avg train loss 3.1115 top1 0.1237 top5 0.3686
    [16:01:58] step 4000/5625 | avg train loss 3.1129 top1 0.1231 top5 0.3679
    [16:02:10] step 4100/5625 | avg train loss 3.1121 top1 0.1237 top5 0.3686
    [16:02:23] step 4200/5625 | avg train loss 3.1127 top1 0.1236 top5 0.3680
    [16:02:36] step 4300/5625 | avg train loss 3.1131 top1 0.1233 top5 0.3681
    [16:02:48] step 4400/5625 | avg train loss 3.1152 top1 0.1229 top5 0.3674
    [16:03:01] step 4500/5625 | avg train loss 3.1161 top1 0.1229 top5 0.3678
    [16:03:14] step 4600/5625 | avg train loss 3.1168 top1 0.1225 top5 0.3674
    [16:03:26] step 4700/5625 | avg train loss 3.1178 top1 0.1222 top5 0.3670
    [16:03:39] step 4800/5625 | avg train loss 3.1194 top1 0.1219 top5 0.3666
    [16:03:52] step 4900/5625 | avg train loss 3.1208 top1 0.1217 top5 0.3663
    [16:04:04] step 5000/5625 | avg train loss 3.1218 top1 0.1215 top5 0.3656
    [16:04:17] step 5100/5625 | avg train loss 3.1222 top1 0.1214 top5 0.3658
    [16:04:30] step 5200/5625 | avg train loss 3.1211 top1 0.1219 top5 0.3661
    [16:04:42] step 5300/5625 | avg train loss 3.1216 top1 0.1216 top5 0.3659
    [16:04:55] step 5400/5625 | avg train loss 3.1216 top1 0.1215 top5 0.3660
    [16:05:08] step 5500/5625 | avg train loss 3.1221 top1 0.1212 top5 0.3657
    [16:05:20] step 5600/5625 | avg train loss 3.1216 top1 0.1215 top5 0.3659
    [16:05:23] step 5625/5625 | avg train loss 3.1212 top1 0.1216 top5 0.3664
Epoch 7/60 | train loss 3.1212 top1 0.1216 | val loss 3.2204 top1 0.1269 top5 0.3779 | ema val top1 0.2074 top5 0.5161
  No val top1 improvement (3/25); best remains 0.2606
    [16:06:38] step 100/5625 | avg train loss 3.1011 top1 0.1113 top5 0.3613
    [16:06:50] step 200/5625 | avg train loss 3.1486 top1 0.1037 top5 0.3538
    [16:07:03] step 300/5625 | avg train loss 3.1493 top1 0.1104 top5 0.3542
    [16:07:16] step 400/5625 | avg train loss 3.1292 top1 0.1153 top5 0.3628
    [16:07:28] step 500/5625 | avg train loss 3.1404 top1 0.1120 top5 0.3518
    [16:07:41] step 600/5625 | avg train loss 3.1398 top1 0.1127 top5 0.3498
    [16:07:54] step 700/5625 | avg train loss 3.1407 top1 0.1150 top5 0.3504
    [16:08:06] step 800/5625 | avg train loss 3.1387 top1 0.1133 top5 0.3519
    [16:08:19] step 900/5625 | avg train loss 3.1410 top1 0.1133 top5 0.3519
    [16:08:32] step 1000/5625 | avg train loss 3.1400 top1 0.1143 top5 0.3526
    [16:08:45] step 1100/5625 | avg train loss 3.1324 top1 0.1158 top5 0.3563
    [16:08:57] step 1200/5625 | avg train loss 3.1330 top1 0.1158 top5 0.3563
    [16:09:10] step 1300/5625 | avg train loss 3.1288 top1 0.1166 top5 0.3580
    [16:09:23] step 1400/5625 | avg train loss 3.1303 top1 0.1170 top5 0.3583
    [16:09:35] step 1500/5625 | avg train loss 3.1232 top1 0.1183 top5 0.3601
    [16:09:48] step 1600/5625 | avg train loss 3.1205 top1 0.1186 top5 0.3613
    [16:10:01] step 1700/5625 | avg train loss 3.1156 top1 0.1201 top5 0.3632
    [16:10:13] step 1800/5625 | avg train loss 3.1171 top1 0.1199 top5 0.3616
    [16:10:26] step 1900/5625 | avg train loss 3.1175 top1 0.1192 top5 0.3605
    [16:10:39] step 2000/5625 | avg train loss 3.1164 top1 0.1201 top5 0.3627
    [16:10:51] step 2100/5625 | avg train loss 3.1150 top1 0.1211 top5 0.3637
    [16:11:04] step 2200/5625 | avg train loss 3.1155 top1 0.1214 top5 0.3640
    [16:11:17] step 2300/5625 | avg train loss 3.1183 top1 0.1205 top5 0.3622
    [16:11:29] step 2400/5625 | avg train loss 3.1173 top1 0.1211 top5 0.3625
    [16:11:42] step 2500/5625 | avg train loss 3.1134 top1 0.1217 top5 0.3638
    [16:11:55] step 2600/5625 | avg train loss 3.1134 top1 0.1217 top5 0.3635
    [16:12:08] step 2700/5625 | avg train loss 3.1128 top1 0.1212 top5 0.3632
    [16:12:20] step 2800/5625 | avg train loss 3.1135 top1 0.1206 top5 0.3627
    [16:12:33] step 2900/5625 | avg train loss 3.1117 top1 0.1213 top5 0.3638
    [16:12:46] step 3000/5625 | avg train loss 3.1121 top1 0.1209 top5 0.3643
    [16:12:58] step 3100/5625 | avg train loss 3.1131 top1 0.1204 top5 0.3640
    [16:13:11] step 3200/5625 | avg train loss 3.1121 top1 0.1207 top5 0.3648
    [16:13:24] step 3300/5625 | avg train loss 3.1125 top1 0.1204 top5 0.3652
    [16:13:36] step 3400/5625 | avg train loss 3.1151 top1 0.1199 top5 0.3644
    [16:13:49] step 3500/5625 | avg train loss 3.1164 top1 0.1197 top5 0.3639
    [16:14:02] step 3600/5625 | avg train loss 3.1178 top1 0.1198 top5 0.3630
    [16:14:14] step 3700/5625 | avg train loss 3.1207 top1 0.1195 top5 0.3615
    [16:14:27] step 3800/5625 | avg train loss 3.1224 top1 0.1191 top5 0.3605
    [16:14:40] step 3900/5625 | avg train loss 3.1231 top1 0.1193 top5 0.3600
    [16:14:52] step 4000/5625 | avg train loss 3.1254 top1 0.1187 top5 0.3589
    [16:15:05] step 4100/5625 | avg train loss 3.1265 top1 0.1188 top5 0.3594
    [16:15:18] step 4200/5625 | avg train loss 3.1261 top1 0.1190 top5 0.3599
    [16:15:30] step 4300/5625 | avg train loss 3.1267 top1 0.1190 top5 0.3595
    [16:15:43] step 4400/5625 | avg train loss 3.1259 top1 0.1194 top5 0.3597
    [16:15:56] step 4500/5625 | avg train loss 3.1261 top1 0.1195 top5 0.3595
    [16:16:09] step 4600/5625 | avg train loss 3.1261 top1 0.1188 top5 0.3594
    [16:16:21] step 4700/5625 | avg train loss 3.1245 top1 0.1194 top5 0.3602
    [16:16:34] step 4800/5625 | avg train loss 3.1245 top1 0.1192 top5 0.3603
    [16:16:47] step 4900/5625 | avg train loss 3.1236 top1 0.1195 top5 0.3609
    [16:16:59] step 5000/5625 | avg train loss 3.1233 top1 0.1198 top5 0.3610
    [16:17:12] step 5100/5625 | avg train loss 3.1221 top1 0.1198 top5 0.3616
    [16:17:25] step 5200/5625 | avg train loss 3.1215 top1 0.1200 top5 0.3620
    [16:17:37] step 5300/5625 | avg train loss 3.1208 top1 0.1202 top5 0.3627
    [16:17:50] step 5400/5625 | avg train loss 3.1205 top1 0.1205 top5 0.3626
    [16:18:03] step 5500/5625 | avg train loss 3.1210 top1 0.1202 top5 0.3623
    [16:18:16] step 5600/5625 | avg train loss 3.1206 top1 0.1201 top5 0.3623
    [16:18:19] step 5625/5625 | avg train loss 3.1212 top1 0.1200 top5 0.3620
Epoch 8/60 | train loss 3.1212 top1 0.1200 | val loss 3.1816 top1 0.1185 top5 0.3761 | ema val top1 0.1950 top5 0.4930
  No val top1 improvement (4/25); best remains 0.2606
    [16:19:33] step 100/5625 | avg train loss 3.1449 top1 0.1138 top5 0.3638
    [16:19:45] step 200/5625 | avg train loss 3.1327 top1 0.1237 top5 0.3563
    [16:19:58] step 300/5625 | avg train loss 3.1057 top1 0.1258 top5 0.3733
    [16:20:11] step 400/5625 | avg train loss 3.1066 top1 0.1225 top5 0.3709
    [16:20:23] step 500/5625 | avg train loss 3.1183 top1 0.1207 top5 0.3705
    [16:20:36] step 600/5625 | avg train loss 3.1237 top1 0.1196 top5 0.3675
    [16:20:49] step 700/5625 | avg train loss 3.1212 top1 0.1214 top5 0.3680
    [16:21:01] step 800/5625 | avg train loss 3.1237 top1 0.1197 top5 0.3648
    [16:21:14] step 900/5625 | avg train loss 3.1176 top1 0.1224 top5 0.3676
    [16:21:27] step 1000/5625 | avg train loss 3.1147 top1 0.1221 top5 0.3673
    [16:21:39] step 1100/5625 | avg train loss 3.1135 top1 0.1226 top5 0.3659
    [16:21:52] step 1200/5625 | avg train loss 3.1069 top1 0.1245 top5 0.3671
    [16:22:05] step 1300/5625 | avg train loss 3.1053 top1 0.1236 top5 0.3662
    [16:22:17] step 1400/5625 | avg train loss 3.1002 top1 0.1246 top5 0.3679
    [16:22:30] step 1500/5625 | avg train loss 3.1035 top1 0.1232 top5 0.3677
    [16:22:43] step 1600/5625 | avg train loss 3.1045 top1 0.1223 top5 0.3660
    [16:22:55] step 1700/5625 | avg train loss 3.1084 top1 0.1226 top5 0.3646
    [16:23:08] step 1800/5625 | avg train loss 3.1073 top1 0.1230 top5 0.3656
    [16:23:20] step 1900/5625 | avg train loss 3.1089 top1 0.1226 top5 0.3655
    [16:23:33] step 2000/5625 | avg train loss 3.1078 top1 0.1234 top5 0.3658
    [16:23:46] step 2100/5625 | avg train loss 3.1102 top1 0.1223 top5 0.3652
    [16:23:58] step 2200/5625 | avg train loss 3.1126 top1 0.1216 top5 0.3636
    [16:24:11] step 2300/5625 | avg train loss 3.1110 top1 0.1216 top5 0.3633
    [16:24:24] step 2400/5625 | avg train loss 3.1134 top1 0.1211 top5 0.3622
    [16:24:36] step 2500/5625 | avg train loss 3.1143 top1 0.1208 top5 0.3609
    [16:24:49] step 2600/5625 | avg train loss 3.1185 top1 0.1203 top5 0.3600
    [16:25:02] step 2700/5625 | avg train loss 3.1218 top1 0.1194 top5 0.3589
    [16:25:14] step 2800/5625 | avg train loss 3.1245 top1 0.1188 top5 0.3583
    [16:25:27] step 2900/5625 | avg train loss 3.1269 top1 0.1175 top5 0.3575
    [16:25:40] step 3000/5625 | avg train loss 3.1296 top1 0.1170 top5 0.3559
    [16:25:52] step 3100/5625 | avg train loss 3.1300 top1 0.1167 top5 0.3555
    [16:26:05] step 3200/5625 | avg train loss 3.1302 top1 0.1170 top5 0.3560
    [16:26:18] step 3300/5625 | avg train loss 3.1293 top1 0.1167 top5 0.3561
    [16:26:30] step 3400/5625 | avg train loss 3.1279 top1 0.1163 top5 0.3576
    [16:26:43] step 3500/5625 | avg train loss 3.1266 top1 0.1167 top5 0.3581
    [16:26:56] step 3600/5625 | avg train loss 3.1259 top1 0.1171 top5 0.3584
    [16:27:08] step 3700/5625 | avg train loss 3.1252 top1 0.1176 top5 0.3589
    [16:27:21] step 3800/5625 | avg train loss 3.1251 top1 0.1177 top5 0.3586
    [16:27:34] step 3900/5625 | avg train loss 3.1244 top1 0.1179 top5 0.3591
    [16:27:46] step 4000/5625 | avg train loss 3.1255 top1 0.1177 top5 0.3590
    [16:27:59] step 4100/5625 | avg train loss 3.1251 top1 0.1178 top5 0.3593
    [16:28:12] step 4200/5625 | avg train loss 3.1244 top1 0.1179 top5 0.3596
    [16:28:24] step 4300/5625 | avg train loss 3.1242 top1 0.1184 top5 0.3595
    [16:28:37] step 4400/5625 | avg train loss 3.1236 top1 0.1189 top5 0.3601
    [16:28:49] step 4500/5625 | avg train loss 3.1213 top1 0.1196 top5 0.3609
    [16:29:02] step 4600/5625 | avg train loss 3.1206 top1 0.1195 top5 0.3605
    [16:29:15] step 4700/5625 | avg train loss 3.1205 top1 0.1191 top5 0.3603
    [16:29:27] step 4800/5625 | avg train loss 3.1212 top1 0.1188 top5 0.3599
    [16:29:40] step 4900/5625 | avg train loss 3.1214 top1 0.1185 top5 0.3598
    [16:29:53] step 5000/5625 | avg train loss 3.1182 top1 0.1193 top5 0.3610
    [16:30:05] step 5100/5625 | avg train loss 3.1190 top1 0.1189 top5 0.3603
    [16:30:18] step 5200/5625 | avg train loss 3.1182 top1 0.1194 top5 0.3608
    [16:30:31] step 5300/5625 | avg train loss 3.1175 top1 0.1194 top5 0.3611
    [16:30:43] step 5400/5625 | avg train loss 3.1185 top1 0.1191 top5 0.3606
    [16:30:56] step 5500/5625 | avg train loss 3.1181 top1 0.1191 top5 0.3609
    [16:31:08] step 5600/5625 | avg train loss 3.1189 top1 0.1192 top5 0.3606
    [16:31:11] step 5625/5625 | avg train loss 3.1189 top1 0.1192 top5 0.3604
Epoch 9/60 | train loss 3.1189 top1 0.1192 | val loss 3.1670 top1 0.1284 top5 0.4065 | ema val top1 0.1874 top5 0.4864
  No val top1 improvement (5/25); best remains 0.2606
    [16:32:26] step 100/5625 | avg train loss 3.1482 top1 0.1175 top5 0.3463
    [16:32:39] step 200/5625 | avg train loss 3.1111 top1 0.1288 top5 0.3588
    [16:32:51] step 300/5625 | avg train loss 3.1186 top1 0.1237 top5 0.3579
    [16:33:04] step 400/5625 | avg train loss 3.1179 top1 0.1247 top5 0.3559
    [16:33:17] step 500/5625 | avg train loss 3.1077 top1 0.1280 top5 0.3588
    [16:33:29] step 600/5625 | avg train loss 3.1130 top1 0.1260 top5 0.3583
    [16:33:42] step 700/5625 | avg train loss 3.1147 top1 0.1221 top5 0.3523
    [16:33:55] step 800/5625 | avg train loss 3.1128 top1 0.1233 top5 0.3561
    [16:34:08] step 900/5625 | avg train loss 3.1155 top1 0.1237 top5 0.3569
    [16:34:20] step 1000/5625 | avg train loss 3.1128 top1 0.1250 top5 0.3598
    [16:34:33] step 1100/5625 | avg train loss 3.1128 top1 0.1222 top5 0.3591
    [16:34:46] step 1200/5625 | avg train loss 3.1122 top1 0.1206 top5 0.3594
    [16:34:59] step 1300/5625 | avg train loss 3.1119 top1 0.1219 top5 0.3608
    [16:35:11] step 1400/5625 | avg train loss 3.1103 top1 0.1212 top5 0.3613
    [16:35:24] step 1500/5625 | avg train loss 3.1114 top1 0.1202 top5 0.3603
    [16:35:37] step 1600/5625 | avg train loss 3.1076 top1 0.1216 top5 0.3616
    [16:35:49] step 1700/5625 | avg train loss 3.1026 top1 0.1220 top5 0.3655
    [16:36:02] step 1800/5625 | avg train loss 3.1018 top1 0.1228 top5 0.3667
    [16:36:15] step 1900/5625 | avg train loss 3.1013 top1 0.1234 top5 0.3675
    [16:36:27] step 2000/5625 | avg train loss 3.1020 top1 0.1234 top5 0.3677
    [16:36:40] step 2100/5625 | avg train loss 3.0945 top1 0.1255 top5 0.3705
    [16:36:53] step 2200/5625 | avg train loss 3.0919 top1 0.1270 top5 0.3720
    [16:37:05] step 2300/5625 | avg train loss 3.0919 top1 0.1270 top5 0.3707
    [16:37:18] step 2400/5625 | avg train loss 3.0905 top1 0.1276 top5 0.3721
    [16:37:31] step 2500/5625 | avg train loss 3.0893 top1 0.1277 top5 0.3718
    [16:37:43] step 2600/5625 | avg train loss 3.0915 top1 0.1272 top5 0.3714
    [16:37:56] step 2700/5625 | avg train loss 3.0919 top1 0.1277 top5 0.3718
    [16:38:09] step 2800/5625 | avg train loss 3.0933 top1 0.1272 top5 0.3715
    [16:38:21] step 2900/5625 | avg train loss 3.0964 top1 0.1269 top5 0.3707
    [16:38:34] step 3000/5625 | avg train loss 3.0976 top1 0.1263 top5 0.3708
    [16:38:47] step 3100/5625 | avg train loss 3.0990 top1 0.1252 top5 0.3698
    [16:38:59] step 3200/5625 | avg train loss 3.1008 top1 0.1249 top5 0.3695
    [16:39:12] step 3300/5625 | avg train loss 3.0980 top1 0.1262 top5 0.3706
    [16:39:25] step 3400/5625 | avg train loss 3.0986 top1 0.1258 top5 0.3704
    [16:39:37] step 3500/5625 | avg train loss 3.1001 top1 0.1254 top5 0.3696
    [16:39:50] step 3600/5625 | avg train loss 3.1029 top1 0.1251 top5 0.3690
    [16:40:03] step 3700/5625 | avg train loss 3.1033 top1 0.1246 top5 0.3689
    [16:40:15] step 3800/5625 | avg train loss 3.1031 top1 0.1243 top5 0.3695
    [16:40:28] step 3900/5625 | avg train loss 3.1028 top1 0.1243 top5 0.3701
    [16:40:41] step 4000/5625 | avg train loss 3.1020 top1 0.1247 top5 0.3707
    [16:40:53] step 4100/5625 | avg train loss 3.1028 top1 0.1248 top5 0.3708
    [16:41:06] step 4200/5625 | avg train loss 3.1031 top1 0.1248 top5 0.3701
    [16:41:19] step 4300/5625 | avg train loss 3.1010 top1 0.1254 top5 0.3714
    [16:41:31] step 4400/5625 | avg train loss 3.0998 top1 0.1261 top5 0.3719
    [16:41:44] step 4500/5625 | avg train loss 3.0996 top1 0.1263 top5 0.3722
    [16:41:57] step 4600/5625 | avg train loss 3.0983 top1 0.1266 top5 0.3724
    [16:42:09] step 4700/5625 | avg train loss 3.0984 top1 0.1264 top5 0.3723
    [16:42:22] step 4800/5625 | avg train loss 3.0983 top1 0.1260 top5 0.3719
    [16:42:35] step 4900/5625 | avg train loss 3.0974 top1 0.1264 top5 0.3720
    [16:42:48] step 5000/5625 | avg train loss 3.0980 top1 0.1262 top5 0.3716
    [16:43:00] step 5100/5625 | avg train loss 3.0980 top1 0.1267 top5 0.3714
    [16:43:13] step 5200/5625 | avg train loss 3.0969 top1 0.1270 top5 0.3712
    [16:43:26] step 5300/5625 | avg train loss 3.0964 top1 0.1269 top5 0.3712
    [16:43:38] step 5400/5625 | avg train loss 3.0972 top1 0.1264 top5 0.3706
    [16:43:51] step 5500/5625 | avg train loss 3.0966 top1 0.1266 top5 0.3710
    [16:44:04] step 5600/5625 | avg train loss 3.0971 top1 0.1263 top5 0.3706
    [16:44:07] step 5625/5625 | avg train loss 3.0966 top1 0.1262 top5 0.3707
Epoch 10/60 | train loss 3.0966 top1 0.1262 | val loss 3.1749 top1 0.1330 top5 0.4001 | ema val top1 0.1868 top5 0.4826
  No val top1 improvement (6/25); best remains 0.2606
    [16:45:21] step 100/5625 | avg train loss 3.1771 top1 0.1050 top5 0.3225
    [16:45:34] step 200/5625 | avg train loss 3.1326 top1 0.1138 top5 0.3506
    [16:45:47] step 300/5625 | avg train loss 3.1089 top1 0.1254 top5 0.3592
    [16:45:59] step 400/5625 | avg train loss 3.0979 top1 0.1300 top5 0.3681
    [16:46:12] step 500/5625 | avg train loss 3.1059 top1 0.1290 top5 0.3618
    [16:46:24] step 600/5625 | avg train loss 3.1032 top1 0.1288 top5 0.3648
    [16:46:37] step 700/5625 | avg train loss 3.1080 top1 0.1266 top5 0.3636
    [16:46:50] step 800/5625 | avg train loss 3.1050 top1 0.1252 top5 0.3661
    [16:47:02] step 900/5625 | avg train loss 3.1019 top1 0.1251 top5 0.3668
    [16:47:15] step 1000/5625 | avg train loss 3.0995 top1 0.1234 top5 0.3681
    [16:47:28] step 1100/5625 | avg train loss 3.1004 top1 0.1245 top5 0.3688
    [16:47:40] step 1200/5625 | avg train loss 3.0990 top1 0.1245 top5 0.3659
    [16:47:53] step 1300/5625 | avg train loss 3.0987 top1 0.1252 top5 0.3639
    [16:48:06] step 1400/5625 | avg train loss 3.0991 top1 0.1243 top5 0.3632
    [16:48:18] step 1500/5625 | avg train loss 3.1001 top1 0.1253 top5 0.3628
    [16:48:31] step 1600/5625 | avg train loss 3.0987 top1 0.1252 top5 0.3624
    [16:48:44] step 1700/5625 | avg train loss 3.0946 top1 0.1256 top5 0.3642
    [16:48:56] step 1800/5625 | avg train loss 3.1000 top1 0.1242 top5 0.3633
    [16:49:09] step 1900/5625 | avg train loss 3.0987 top1 0.1241 top5 0.3636
    [16:49:21] step 2000/5625 | avg train loss 3.1031 top1 0.1230 top5 0.3619
    [16:49:34] step 2100/5625 | avg train loss 3.1007 top1 0.1225 top5 0.3636
    [16:49:47] step 2200/5625 | avg train loss 3.1029 top1 0.1218 top5 0.3616
    [16:49:59] step 2300/5625 | avg train loss 3.1029 top1 0.1221 top5 0.3622
    [16:50:12] step 2400/5625 | avg train loss 3.1005 top1 0.1235 top5 0.3634
    [16:50:25] step 2500/5625 | avg train loss 3.1005 top1 0.1237 top5 0.3635
    [16:50:37] step 2600/5625 | avg train loss 3.1018 top1 0.1231 top5 0.3625
    [16:50:50] step 2700/5625 | avg train loss 3.1019 top1 0.1239 top5 0.3618
    [16:51:02] step 2800/5625 | avg train loss 3.1000 top1 0.1243 top5 0.3628
    [16:51:15] step 2900/5625 | avg train loss 3.1013 top1 0.1244 top5 0.3634
    [16:51:28] step 3000/5625 | avg train loss 3.1004 top1 0.1242 top5 0.3646
    [16:51:40] step 3100/5625 | avg train loss 3.1016 top1 0.1243 top5 0.3648
    [16:51:53] step 3200/5625 | avg train loss 3.1027 top1 0.1240 top5 0.3646
    [16:52:06] step 3300/5625 | avg train loss 3.1031 top1 0.1239 top5 0.3646
    [16:52:18] step 3400/5625 | avg train loss 3.1047 top1 0.1233 top5 0.3645
    [16:52:31] step 3500/5625 | avg train loss 3.1041 top1 0.1240 top5 0.3651
    [16:52:43] step 3600/5625 | avg train loss 3.1038 top1 0.1245 top5 0.3652
    [16:52:56] step 3700/5625 | avg train loss 3.1007 top1 0.1247 top5 0.3660
    [16:53:09] step 3800/5625 | avg train loss 3.0998 top1 0.1245 top5 0.3669
    [16:53:21] step 3900/5625 | avg train loss 3.0991 top1 0.1247 top5 0.3670
    [16:53:34] step 4000/5625 | avg train loss 3.0976 top1 0.1248 top5 0.3679
    [16:53:47] step 4100/5625 | avg train loss 3.0974 top1 0.1251 top5 0.3684
    [16:53:59] step 4200/5625 | avg train loss 3.0986 top1 0.1248 top5 0.3679
    [16:54:12] step 4300/5625 | avg train loss 3.0986 top1 0.1245 top5 0.3676
    [16:54:25] step 4400/5625 | avg train loss 3.0978 top1 0.1245 top5 0.3679
    [16:54:37] step 4500/5625 | avg train loss 3.0985 top1 0.1246 top5 0.3675
    [16:54:50] step 4600/5625 | avg train loss 3.0987 top1 0.1243 top5 0.3671
    [16:55:02] step 4700/5625 | avg train loss 3.0978 top1 0.1244 top5 0.3676
    [16:55:15] step 4800/5625 | avg train loss 3.0966 top1 0.1248 top5 0.3681
    [16:55:28] step 4900/5625 | avg train loss 3.0966 top1 0.1246 top5 0.3684
    [16:55:40] step 5000/5625 | avg train loss 3.0944 top1 0.1248 top5 0.3684
    [16:55:53] step 5100/5625 | avg train loss 3.0937 top1 0.1250 top5 0.3691
    [16:56:06] step 5200/5625 | avg train loss 3.0928 top1 0.1251 top5 0.3697
    [16:56:18] step 5300/5625 | avg train loss 3.0919 top1 0.1254 top5 0.3702
    [16:56:31] step 5400/5625 | avg train loss 3.0922 top1 0.1254 top5 0.3700
    [16:56:43] step 5500/5625 | avg train loss 3.0921 top1 0.1257 top5 0.3705
    [16:56:56] step 5600/5625 | avg train loss 3.0922 top1 0.1258 top5 0.3705
    [16:56:59] step 5625/5625 | avg train loss 3.0921 top1 0.1258 top5 0.3706
Epoch 11/60 | train loss 3.0921 top1 0.1258 | val loss 3.0961 top1 0.1370 top5 0.4159 | ema val top1 0.1883 top5 0.4851
  No val top1 improvement (7/25); best remains 0.2606
    [16:58:14] step 100/5625 | avg train loss 3.0664 top1 0.1212 top5 0.3625
    [16:58:26] step 200/5625 | avg train loss 3.0794 top1 0.1275 top5 0.3912
    [16:58:39] step 300/5625 | avg train loss 3.0866 top1 0.1325 top5 0.3933
    [16:58:52] step 400/5625 | avg train loss 3.0532 top1 0.1403 top5 0.3969
    [16:59:04] step 500/5625 | avg train loss 3.0724 top1 0.1335 top5 0.3862
    [16:59:17] step 600/5625 | avg train loss 3.0695 top1 0.1331 top5 0.3865
    [16:59:30] step 700/5625 | avg train loss 3.0658 top1 0.1318 top5 0.3843
    [16:59:43] step 800/5625 | avg train loss 3.0657 top1 0.1323 top5 0.3844
    [16:59:55] step 900/5625 | avg train loss 3.0617 top1 0.1303 top5 0.3831
    [17:00:08] step 1000/5625 | avg train loss 3.0584 top1 0.1330 top5 0.3859
    [17:00:21] step 1100/5625 | avg train loss 3.0615 top1 0.1332 top5 0.3848
    [17:00:33] step 1200/5625 | avg train loss 3.0562 top1 0.1354 top5 0.3868
    [17:00:46] step 1300/5625 | avg train loss 3.0498 top1 0.1383 top5 0.3915
    [17:00:59] step 1400/5625 | avg train loss 3.0547 top1 0.1373 top5 0.3904
    [17:01:11] step 1500/5625 | avg train loss 3.0525 top1 0.1371 top5 0.3884
    [17:01:24] step 1600/5625 | avg train loss 3.0508 top1 0.1381 top5 0.3902
    [17:01:37] step 1700/5625 | avg train loss 3.0471 top1 0.1380 top5 0.3907
    [17:01:49] step 1800/5625 | avg train loss 3.0461 top1 0.1389 top5 0.3909
    [17:02:02] step 1900/5625 | avg train loss 3.0497 top1 0.1376 top5 0.3876
    [17:02:15] step 2000/5625 | avg train loss 3.0479 top1 0.1375 top5 0.3879
    [17:02:27] step 2100/5625 | avg train loss 3.0508 top1 0.1361 top5 0.3864
    [17:02:40] step 2200/5625 | avg train loss 3.0504 top1 0.1365 top5 0.3865
    [17:02:53] step 2300/5625 | avg train loss 3.0498 top1 0.1353 top5 0.3858
    [17:03:06] step 2400/5625 | avg train loss 3.0496 top1 0.1358 top5 0.3865
    [17:03:18] step 2500/5625 | avg train loss 3.0484 top1 0.1376 top5 0.3879
    [17:03:31] step 2600/5625 | avg train loss 3.0457 top1 0.1375 top5 0.3889
    [17:03:44] step 2700/5625 | avg train loss 3.0468 top1 0.1379 top5 0.3897
    [17:03:56] step 2800/5625 | avg train loss 3.0458 top1 0.1379 top5 0.3894
    [17:04:09] step 2900/5625 | avg train loss 3.0447 top1 0.1372 top5 0.3888
    [17:04:22] step 3000/5625 | avg train loss 3.0455 top1 0.1371 top5 0.3879
    [17:04:34] step 3100/5625 | avg train loss 3.0460 top1 0.1369 top5 0.3875
    [17:04:47] step 3200/5625 | avg train loss 3.0487 top1 0.1364 top5 0.3863
    [17:05:00] step 3300/5625 | avg train loss 3.0480 top1 0.1371 top5 0.3864
    [17:05:12] step 3400/5625 | avg train loss 3.0498 top1 0.1370 top5 0.3865
    [17:05:25] step 3500/5625 | avg train loss 3.0509 top1 0.1371 top5 0.3864
    [17:05:38] step 3600/5625 | avg train loss 3.0520 top1 0.1368 top5 0.3856
    [17:05:50] step 3700/5625 | avg train loss 3.0541 top1 0.1361 top5 0.3846
    [17:06:03] step 3800/5625 | avg train loss 3.0557 top1 0.1354 top5 0.3843
    [17:06:16] step 3900/5625 | avg train loss 3.0554 top1 0.1353 top5 0.3837
    [17:06:28] step 4000/5625 | avg train loss 3.0554 top1 0.1351 top5 0.3839
    [17:06:41] step 4100/5625 | avg train loss 3.0585 top1 0.1341 top5 0.3832
    [17:06:54] step 4200/5625 | avg train loss 3.0579 top1 0.1345 top5 0.3837
    [17:07:06] step 4300/5625 | avg train loss 3.0562 top1 0.1346 top5 0.3840
    [17:07:19] step 4400/5625 | avg train loss 3.0557 top1 0.1341 top5 0.3843
    [17:07:32] step 4500/5625 | avg train loss 3.0559 top1 0.1339 top5 0.3840
    [17:07:44] step 4600/5625 | avg train loss 3.0528 top1 0.1342 top5 0.3844
    [17:07:57] step 4700/5625 | avg train loss 3.0533 top1 0.1341 top5 0.3841
    [17:08:10] step 4800/5625 | avg train loss 3.0528 top1 0.1341 top5 0.3843
    [17:08:23] step 4900/5625 | avg train loss 3.0532 top1 0.1339 top5 0.3839
    [17:08:35] step 5000/5625 | avg train loss 3.0523 top1 0.1345 top5 0.3844
    [17:08:48] step 5100/5625 | avg train loss 3.0513 top1 0.1345 top5 0.3840
    [17:09:01] step 5200/5625 | avg train loss 3.0526 top1 0.1344 top5 0.3841
    [17:09:13] step 5300/5625 | avg train loss 3.0530 top1 0.1344 top5 0.3841
    [17:09:26] step 5400/5625 | avg train loss 3.0530 top1 0.1342 top5 0.3836
    [17:09:39] step 5500/5625 | avg train loss 3.0536 top1 0.1340 top5 0.3830
    [17:09:51] step 5600/5625 | avg train loss 3.0531 top1 0.1337 top5 0.3831
