model:
  name: cnn_baseline
  pretrained: true
  num_classes: ${num_classes}
dataset:
  root: ${hydra:runtime.cwd}/data
  train_dir: ${dataset.root}/train
  val_dir: ${dataset.root}/val
  test_dir: ${dataset.root}/test
  augmented_dirs: []
  test_manifest: null
  submission_output: /Data/romain.poggi/smth2smth/submissions/track_a_hc_shc_s44_ft_20260519.csv
  num_frames: 8
  val_ratio: 0.2
  use_official_val: false
  include_val_in_train: false
  official_val_holdout_ratio: 0.0
  seed: ${seed}
  max_samples: null
  max_samples_per_class: null
  image_size: 224
  time_reversal_prob: 0.0
  temporal_reversal_augment:
    enabled: false
    prob: 0.5
  class_boosting:
    enabled: false
training:
  batch_size: 8
  lr: 0.0001
  epochs: 5
  num_workers: 2
  checkpoint_path: /Data/romain.poggi/smth2smth/checkpoints/track_a/hc/shc_n4_s44_ft.pt
  resume_from: null
  lora_lr: null
  lora_lr_ratio: 0.25
  motion_lr: null
  motion_lr_ratio: null
  resume_apply_cfg_lr: false
  amp: false
  device: cuda
  optimizer: adam
  momentum: 0.9
  nesterov: false
  weight_decay: 0.0
  scheduler_cosine: false
  warmup_epochs: 0
  min_lr: 0.0
  label_smoothing: 0.0
  videomix_alpha: 0.0
  videomix_prob: 1.0
  videomix_mode: cube_cutmix
  videomix_mixup_alpha: null
  videomix_cutmix_alpha: null
  videomix_switch_prob: 0.5
  layer_decay: null
  repeated_aug: 1
  grad_accum_steps: 1
  amp_dtype: float16
  scheduler: none
  sgdr_T0: 30
  sgdr_save_snapshots: false
  early_stopping_enabled: false
  early_stopping_patience: 10
  early_stopping_min_delta: 0.0
  log_interval_steps: 0
  ema_enabled: false
  ema_decay: 0.999
  eval_every_n_epochs: 1
  eval_ema: true
  save_last_checkpoint: true
  last_checkpoint_path: null
  resume_reset_scheduler: false
  continuation_warmup_epochs: 0
  continuation_rewarm_lr: false
  continuation_peak_lr_ratio: 0.4
  tta: true
  tta_flip: true
  tta_temporal_shift: 0
  tta_scales:
  - 0.875
  - 1.0
  - 1.125
  tta_logit_adjust: 0.0
  class_balance_sampler: none
  class_balance_loss: none
  class_balance_beta: 0.999
augment:
  name: none
  random_horizontal_flip: true
  random_crop: false
  crop_padding: 0
  color_jitter: false
  color_jitter_brightness: 0.0
  color_jitter_contrast: 0.0
  color_jitter_saturation: 0.0
  color_jitter_hue: 0.0
  random_grayscale: false
  random_grayscale_prob: 0.0
  gaussian_blur: false
  gaussian_blur_prob: 0.0
  gaussian_blur_radius_min: 0.1
  gaussian_blur_radius_max: 2.0
pretrain:
  epochs: 100
  batch_size: 64
  lr: 0.0005
  weight_decay: 0.04
  log_interval_steps: 50
  checkpoint_path: ${hydra:runtime.cwd}/ssl_trunk.pt
  max_frames: null
  image_size: 224
  local_image_size: 96
  num_local_views: 6
  out_dim: 4096
  hidden_dim: 2048
  bottleneck_dim: 256
  n_layers: 3
  teacher_temp: 0.04
  student_temp: 0.1
  center_momentum: 0.9
  teacher_momentum_base: 0.996
  teacher_momentum_final: 1.0
test:
  num_segment: 1
  num_crop: 1
  flip_tta: false
track:
  name: a
  description: 'Closed-world track: train from scratch.'
num_classes: 33
seed: 42

Indexing video folders under: /Data/romain.poggi/smth2smth/data/test
Found 6913 test videos.
[submit] masking 1 never-trained class index/indices: [27]
[tta] flip-pair remap: [(18, 19)] (others identity).
[tta] ViT scale 0.875 -> 192x192 (patch_size=16)
[tta] ViT scale 1 -> 224x224 (patch_size=16)
[tta] ViT scale 1.125 -> 256x256 (patch_size=16)
Error executing job with overrides: ['track=a', 'training.checkpoint_path=/Data/romain.poggi/smth2smth/checkpoints/track_a/hc/shc_n4_s44_ft.pt', 'dataset.submission_output=/Data/romain.poggi/smth2smth/submissions/track_a_hc_shc_s44_ft_20260519.csv']
Traceback (most recent call last):
  File "/Data/romain.poggi/smth2smth/src/smth2smth/pipelines/submit.py", line 638, in main
    run(cfg)
  File "/Data/romain.poggi/smth2smth/src/smth2smth/pipelines/submit.py", line 218, in run
    predictions = _predict(
                  ^^^^^^^^^
  File "/Data/romain.poggi/smth2smth/.venv/lib/python3.12/site-packages/torch/utils/_contextlib.py", line 124, in decorate_context
    return func(*args, **kwargs)
           ^^^^^^^^^^^^^^^^^^^^^
  File "/Data/romain.poggi/smth2smth/src/smth2smth/pipelines/submit.py", line 560, in _predict
    scaled_logits = _logits_for_batch(
                    ^^^^^^^^^^^^^^^^^^
  File "/Data/romain.poggi/smth2smth/.venv/lib/python3.12/site-packages/torch/utils/_contextlib.py", line 124, in decorate_context
    return func(*args, **kwargs)
           ^^^^^^^^^^^^^^^^^^^^^
  File "/Data/romain.poggi/smth2smth/src/smth2smth/pipelines/submit.py", line 467, in _logits_for_batch
    logits = model(video_batch)
             ^^^^^^^^^^^^^^^^^^
  File "/Data/romain.poggi/smth2smth/.venv/lib/python3.12/site-packages/torch/nn/modules/module.py", line 1779, in _wrapped_call_impl
    return self._call_impl(*args, **kwargs)
           ^^^^^^^^^^^^^^^^^^^^^^^^^^^^^^^^
  File "/Data/romain.poggi/smth2smth/.venv/lib/python3.12/site-packages/torch/nn/modules/module.py", line 1790, in _call_impl
    return forward_call(*args, **kwargs)
           ^^^^^^^^^^^^^^^^^^^^^^^^^^^^^
  File "/Data/romain.poggi/smth2smth/src/smth2smth/shared/models/video_mae.py", line 605, in forward
    features = self.encoder(x)  # (B, N, D) — already layer-normed
               ^^^^^^^^^^^^^^^
  File "/Data/romain.poggi/smth2smth/.venv/lib/python3.12/site-packages/torch/nn/modules/module.py", line 1779, in _wrapped_call_impl
    return self._call_impl(*args, **kwargs)
           ^^^^^^^^^^^^^^^^^^^^^^^^^^^^^^^^
  File "/Data/romain.poggi/smth2smth/.venv/lib/python3.12/site-packages/torch/nn/modules/module.py", line 1790, in _call_impl
    return forward_call(*args, **kwargs)
           ^^^^^^^^^^^^^^^^^^^^^^^^^^^^^
  File "/Data/romain.poggi/smth2smth/src/smth2smth/shared/models/video_mae.py", line 479, in forward
    tokens = self.patch_embed(x) + self.pos_embed  # (B, N, D)
             ~~~~~~~~~~~~~~~~~~~~^~~~~~~~~~~~~~~~
RuntimeError: The size of tensor a (576) must match the size of tensor b (784) at non-singleton dimension 1

Set the environment variable HYDRA_FULL_ERROR=1 for a complete stack trace.
model:
  name: video_mae_vit
  variant: vit_b
  num_classes: ${num_classes}
  tube_t: 1
  patch_size: 16
  mlp_ratio: 4.0
  drop_path_rate: 0.1
  dropout: 0.0
  head: attn
  head_num_heads: 4
  init_from: ${hydra:runtime.cwd}/checkpoints/track_a/ssl/sole_encoder.pt
  interpolate_pos_embed: false
  interpolate_src_image_size: 224
  interpolate_src_num_frames: ${dataset.num_frames}
  gradient_checkpointing: true
  freeze_backbone: false
  residual_variant: shc
  hc_n: 4
  hc_sk_iters: 3
  hc_sk_tau: 1.0
dataset:
  root: ${hydra:runtime.cwd}/data
  train_dir: ${dataset.root}/train
  val_dir: ${dataset.root}/val
  test_dir: ${dataset.root}/test
  augmented_dirs: []
  test_manifest: null
  submission_output: /Data/romain.poggi/smth2smth/submissions/track_a_hc_shc_s44_ft_20260519.csv
  num_frames: 4
  val_ratio: 0.2
  use_official_val: true
  include_val_in_train: false
  official_val_holdout_ratio: 0.0
  seed: ${seed}
  max_samples: null
  max_samples_per_class: null
  image_size: 224
  time_reversal_prob: 0.0
  temporal_reversal_augment:
    enabled: false
    prob: 0.5
  class_boosting:
    enabled: false
training:
  batch_size: 4
  epochs: 60
  optimizer: adamw
  lr: 0.0005
  layer_decay: 0.75
  weight_decay: 0.05
  scheduler: cosine
  scheduler_cosine: true
  warmup_epochs: 5
  min_lr: 1.0e-06
  label_smoothing: 0.1
  videomix_mode: mixup_cutmix_switch
  videomix_alpha: 1.0
  videomix_mixup_alpha: 0.8
  videomix_cutmix_alpha: 1.0
  videomix_prob: 1.0
  videomix_switch_prob: 0.5
  repeated_aug: 2
  amp: true
  amp_dtype: bf16
  ema_enabled: true
  ema_decay: 0.999
  early_stopping_enabled: true
  early_stopping_patience: 25
  early_stopping_min_delta: 0.001
  num_workers: 4
  log_interval_steps: 100
  device: cuda
  checkpoint_path: /Data/romain.poggi/smth2smth/checkpoints/track_a/hc/shc_n4_s44_ft.pt
  tta: true
  tta_flip: true
  tta_scales:
  - 1.0
  grad_accum_steps: 16
  stability_log_path: ${hydra:runtime.cwd}/logs/hc/shc_n4_s${seed}_stability.csv
  stability_log_every: 10
  stability_log_per_block: true
  stability_log_hc_drift: true
augment:
  name: champion_ft
  random_horizontal_flip: true
  random_horizontal_flip_prob: 0.5
  random_crop: true
  crop_padding: 32
  color_jitter: false
  sync_across_frames: true
  randaugment:
    enabled: true
    'n': 2
    m: 9.0
    mode: temporal_plus
    magnitude_max: 30.0
    ops: null
pretrain:
  epochs: 100
  batch_size: 64
  lr: 0.0005
  weight_decay: 0.04
  log_interval_steps: 50
  checkpoint_path: ${hydra:runtime.cwd}/ssl_trunk.pt
  max_frames: null
  image_size: 224
  local_image_size: 96
  num_local_views: 6
  out_dim: 4096
  hidden_dim: 2048
  bottleneck_dim: 256
  n_layers: 3
  teacher_temp: 0.04
  student_temp: 0.1
  center_momentum: 0.9
  teacher_momentum_base: 0.996
  teacher_momentum_final: 1.0
test:
  num_segment: 1
  num_crop: 1
  flip_tta: false
track:
  name: a
  description: 'Closed-world track: train from scratch.'
seed: 44
num_classes: 33

Indexing video folders under: /Data/romain.poggi/smth2smth/data/test
Found 6913 test videos.
[submit] masking 1 never-trained class index/indices: [27]
[tta] flip-pair remap: [(18, 19)] (others identity).
[tta] ViT scale 1 -> 224x224 (patch_size=16)
[submit] inference autocast fp16 enabled (matches training.amp).
Wrote 6913 rows to /Data/romain.poggi/smth2smth/submissions/track_a_hc_shc_s44_ft_20260519.csv
