model:
  name: vjepa2
  pretrained: true
  num_classes: ${num_classes}
  hf_repo: facebook/vjepa2-vitg-fpc64-384-ssv2
  head_type: attentive
  head_num_heads: 16
  head_dropout: 0.1
  freeze_backbone: true
  attn_implementation: sdpa
dataset:
  root: ${hydra:runtime.cwd}/data
  train_dir: ${dataset.root}/train
  val_dir: ${dataset.root}/val
  test_dir: ${dataset.root}/test
  augmented_dirs: []
  test_manifest: null
  submission_output: ${hydra:runtime.cwd}/submissions/track_b.csv
  num_frames: 16
  val_ratio: 0.2
  use_official_val: true
  seed: ${seed}
  max_samples: null
  max_samples_per_class: 100
  image_size: 384
training:
  batch_size: 4
  lr: 0.0003
  epochs: 20
  num_workers: 4
  checkpoint_path: ${hydra:runtime.cwd}/checkpoints/track_b/best_model.pt
  resume_from: checkpoints/track_b/vitg384_heavy_aug.last.pt
  amp: true
  device: cuda
  optimizer: adamw
  momentum: 0.9
  nesterov: false
  weight_decay: 0.05
  scheduler_cosine: false
  warmup_epochs: 0
  min_lr: 1.0e-06
  label_smoothing: 0.1
  videomix_alpha: 1.0
  videomix_prob: 0.5
  videomix_mode: cube_cutmix
  early_stopping_enabled: false
  early_stopping_patience: 10
  early_stopping_min_delta: 0.0
  log_interval_steps: 50
  ema_enabled: false
  ema_decay: 0.999
  eval_every_n_epochs: 1
  eval_ema: false
  save_last_checkpoint: true
  last_checkpoint_path: null
  tta: true
  tta_flip: true
  tta_temporal_shift: 0
augment:
  name: vjepa2_heavy
  random_horizontal_flip: true
  random_crop: true
  crop_padding: 32
  color_jitter: true
  color_jitter_brightness: 0.3
  color_jitter_contrast: 0.3
  color_jitter_saturation: 0.3
  color_jitter_hue: 0.05
  sync_across_frames: true
  randaugment:
    enabled: true
    'n': 2
    m: 9.0
    mode: temporal_plus
    magnitude_max: 30.0
    ops: null
pretrain:
  epochs: 100
  batch_size: 64
  lr: 0.0005
  weight_decay: 0.04
  log_interval_steps: 50
  checkpoint_path: ${hydra:runtime.cwd}/ssl_trunk.pt
  max_frames: null
  image_size: 224
  local_image_size: 96
  num_local_views: 6
  out_dim: 4096
  hidden_dim: 2048
  bottleneck_dim: 256
  n_layers: 3
  teacher_temp: 0.04
  student_temp: 0.1
  center_momentum: 0.9
  teacher_momentum_base: 0.996
  teacher_momentum_final: 1.0
track:
  name: b
  description: 'Open-world track: pretrained backbone allowed.'
num_classes: 33
seed: 42

[cuda] cache emptied (run-start). Free: 11.57 / 15.58 GiB
[data] balanced subsample: kept 3200 clips (at most 100 per class, seed=42)
[data] use_official_val=true: train=3200 (from /Data/romain.poggi/Modal/project/smth2smth/data/train), val=6745 (from /Data/romain.poggi/Modal/project/smth2smth/data/val)
[2026-05-12 13:21:43,844][httpx][INFO] - HTTP Request: HEAD https://huggingface.co/facebook/vjepa2-vitg-fpc64-384-ssv2/resolve/main/config.json "HTTP/1.1 307 Temporary Redirect"
[2026-05-12 13:21:43,850][httpx][INFO] - HTTP Request: HEAD https://huggingface.co/api/resolve-cache/models/facebook/vjepa2-vitg-fpc64-384-ssv2/9f5fd615cb6f79065a28edcf1cc3ef25010dddfa/config.json "HTTP/1.1 200 OK"
Loading weights:   0%|          | 0/843 [00:00<?, ?it/s]Loading weights: 100%|██████████| 843/843 [00:00<00:00, 17406.15it/s]
[transformers] [1mVJEPA2Model LOAD REPORT[0m from: facebook/vjepa2-vitg-fpc64-384-ssv2
Key                                                              | Status     |  | 
-----------------------------------------------------------------+------------+--+-
pooler.cross_attention_layer.cross_attn.k_proj.bias              | UNEXPECTED |  | 
pooler.cross_attention_layer.mlp.fc2.weight                      | UNEXPECTED |  | 
pooler.self_attention_layers.{0, 1, 2}.self_attn.v_proj.bias     | UNEXPECTED |  | 
pooler.self_attention_layers.{0, 1, 2}.layer_norm2.bias          | UNEXPECTED |  | 
pooler.self_attention_layers.{0, 1, 2}.mlp.fc1.weight            | UNEXPECTED |  | 
pooler.self_attention_layers.{0, 1, 2}.mlp.fc1.bias              | UNEXPECTED |  | 
pooler.self_attention_layers.{0, 1, 2}.self_attn.q_proj.bias     | UNEXPECTED |  | 
pooler.query_tokens                                              | UNEXPECTED |  | 
pooler.self_attention_layers.{0, 1, 2}.self_attn.out_proj.bias   | UNEXPECTED |  | 
pooler.self_attention_layers.{0, 1, 2}.mlp.fc2.weight            | UNEXPECTED |  | 
pooler.cross_attention_layer.cross_attn.q_proj.bias              | UNEXPECTED |  | 
pooler.self_attention_layers.{0, 1, 2}.self_attn.out_proj.weight | UNEXPECTED |  | 
classifier.bias                                                  | UNEXPECTED |  | 
pooler.cross_attention_layer.layer_norm1.bias                    | UNEXPECTED |  | 
pooler.self_attention_layers.{0, 1, 2}.self_attn.q_proj.weight   | UNEXPECTED |  | 
pooler.self_attention_layers.{0, 1, 2}.self_attn.k_proj.weight   | UNEXPECTED |  | 
pooler.self_attention_layers.{0, 1, 2}.self_attn.v_proj.weight   | UNEXPECTED |  | 
pooler.cross_attention_layer.cross_attn.v_proj.bias              | UNEXPECTED |  | 
pooler.cross_attention_layer.layer_norm2.bias                    | UNEXPECTED |  | 
pooler.cross_attention_layer.cross_attn.k_proj.weight            | UNEXPECTED |  | 
pooler.self_attention_layers.{0, 1, 2}.layer_norm1.bias          | UNEXPECTED |  | 
pooler.self_attention_layers.{0, 1, 2}.layer_norm2.weight        | UNEXPECTED |  | 
pooler.self_attention_layers.{0, 1, 2}.layer_norm1.weight        | UNEXPECTED |  | 
pooler.cross_attention_layer.mlp.fc1.bias                        | UNEXPECTED |  | 
pooler.self_attention_layers.{0, 1, 2}.self_attn.k_proj.bias     | UNEXPECTED |  | 
pooler.cross_attention_layer.mlp.fc2.bias                        | UNEXPECTED |  | 
pooler.self_attention_layers.{0, 1, 2}.mlp.fc2.bias              | UNEXPECTED |  | 
pooler.cross_attention_layer.layer_norm1.weight                  | UNEXPECTED |  | 
pooler.cross_attention_layer.cross_attn.q_proj.weight            | UNEXPECTED |  | 
pooler.cross_attention_layer.layer_norm2.weight                  | UNEXPECTED |  | 
pooler.cross_attention_layer.cross_attn.v_proj.weight            | UNEXPECTED |  | 
classifier.weight                                                | UNEXPECTED |  | 
pooler.cross_attention_layer.mlp.fc1.weight                      | UNEXPECTED |  | 

Notes:
- UNEXPECTED:	can be ignored when loading from different task/architecture; not ok if you expect identical arch.
[optim] trainable 7,986,209 / total 1,042,541,473 params (0.77%)
[amp] mixed-precision (fp16 + GradScaler) enabled.
Resuming from checkpoint: /Data/romain.poggi/Modal/project/smth2smth/checkpoints/track_b/vitg384_heavy_aug.last.pt
  Resumed at epoch 10/20; best val top1 so far = 0.5368
  Optimizer state restored from checkpoint.
  GradScaler state restored from checkpoint.
