model:
  name: vjepa2
  pretrained: true
  num_classes: ${num_classes}
  hf_repo: facebook/vjepa2-vitl-fpc16-256-ssv2
  head_type: attentive
  head_num_heads: 8
  head_dropout: 0.1
  freeze_backbone: true
  attn_implementation: sdpa
dataset:
  root: ${hydra:runtime.cwd}/data
  train_dir: ${dataset.root}/train
  val_dir: ${dataset.root}/val
  test_dir: ${dataset.root}/test
  augmented_dirs: []
  test_manifest: null
  submission_output: ${hydra:runtime.cwd}/submissions/track_b.csv
  num_frames: 16
  val_ratio: 0.2
  use_official_val: true
  seed: ${seed}
  max_samples: null
  max_samples_per_class: 50
  image_size: 256
training:
  batch_size: 8
  lr: 0.0003
  epochs: 12
  num_workers: 4
  checkpoint_path: checkpoints/track_b/heavy_aug_vitl_ssv2.pt
  resume_from: null
  amp: true
  device: cuda
  optimizer: adamw
  momentum: 0.9
  nesterov: false
  weight_decay: 0.05
  scheduler_cosine: true
  warmup_epochs: 1
  min_lr: 1.0e-05
  label_smoothing: 0.1
  videomix_alpha: 1.0
  videomix_prob: 0.5
  videomix_mode: cube_cutmix
  early_stopping_enabled: false
  early_stopping_patience: 10
  early_stopping_min_delta: 0.0
  log_interval_steps: 20
  ema_enabled: true
  ema_decay: 0.999
  eval_every_n_epochs: 3
  eval_ema: false
  tta: true
  tta_flip: true
  tta_temporal_shift: 0
augment:
  name: vjepa2_heavy
  random_horizontal_flip: true
  random_crop: true
  crop_padding: 32
  color_jitter: true
  color_jitter_brightness: 0.3
  color_jitter_contrast: 0.3
  color_jitter_saturation: 0.3
  color_jitter_hue: 0.05
  sync_across_frames: true
  randaugment:
    enabled: true
    'n': 2
    m: 9.0
    mode: temporal_plus
    magnitude_max: 30.0
    ops: null
pretrain:
  epochs: 100
  batch_size: 64
  lr: 0.0005
  weight_decay: 0.04
  log_interval_steps: 50
  checkpoint_path: ${hydra:runtime.cwd}/ssl_trunk.pt
  max_frames: null
  image_size: 224
  local_image_size: 96
  num_local_views: 6
  out_dim: 4096
  hidden_dim: 2048
  bottleneck_dim: 256
  n_layers: 3
  teacher_temp: 0.04
  student_temp: 0.1
  center_momentum: 0.9
  teacher_momentum_base: 0.996
  teacher_momentum_final: 1.0
track:
  name: b
  description: 'Open-world track: pretrained backbone allowed.'
num_classes: 33
seed: 42

[cuda] cache emptied (run-start). Free: 1.32 / 15.58 GiB
[data] balanced subsample: kept 1600 clips (at most 50 per class, seed=42)
[data] use_official_val=true: train=1600 (from /Data/romain.poggi/Modal/project/smth2smth/data/train), val=6745 (from /Data/romain.poggi/Modal/project/smth2smth/data/val)
[2026-05-11 19:04:58,486][httpx][INFO] - HTTP Request: HEAD https://huggingface.co/facebook/vjepa2-vitl-fpc16-256-ssv2/resolve/main/config.json "HTTP/1.1 307 Temporary Redirect"
[2026-05-11 19:04:58,492][httpx][INFO] - HTTP Request: HEAD https://huggingface.co/api/resolve-cache/models/facebook/vjepa2-vitl-fpc16-256-ssv2/4aa02df83918538fc21cfaf576382fa20e489a80/config.json "HTTP/1.1 200 OK"
Loading weights:   0%|          | 0/587 [00:00<?, ?it/s]Loading weights: 100%|██████████| 587/587 [00:00<00:00, 18387.14it/s]
[transformers] [1mVJEPA2Model LOAD REPORT[0m from: facebook/vjepa2-vitl-fpc16-256-ssv2
Key                                                              | Status     |  | 
-----------------------------------------------------------------+------------+--+-
pooler.cross_attention_layer.mlp.fc1.bias                        | UNEXPECTED |  | 
pooler.cross_attention_layer.cross_attn.v_proj.weight            | UNEXPECTED |  | 
pooler.self_attention_layers.{0, 1, 2}.mlp.fc1.weight            | UNEXPECTED |  | 
pooler.self_attention_layers.{0, 1, 2}.mlp.fc2.weight            | UNEXPECTED |  | 
pooler.self_attention_layers.{0, 1, 2}.layer_norm2.bias          | UNEXPECTED |  | 
pooler.self_attention_layers.{0, 1, 2}.self_attn.k_proj.bias     | UNEXPECTED |  | 
pooler.cross_attention_layer.cross_attn.k_proj.bias              | UNEXPECTED |  | 
pooler.query_tokens                                              | UNEXPECTED |  | 
pooler.self_attention_layers.{0, 1, 2}.self_attn.out_proj.bias   | UNEXPECTED |  | 
pooler.self_attention_layers.{0, 1, 2}.self_attn.q_proj.weight   | UNEXPECTED |  | 
pooler.self_attention_layers.{0, 1, 2}.layer_norm1.bias          | UNEXPECTED |  | 
pooler.cross_attention_layer.mlp.fc2.bias                        | UNEXPECTED |  | 
pooler.self_attention_layers.{0, 1, 2}.self_attn.v_proj.bias     | UNEXPECTED |  | 
pooler.self_attention_layers.{0, 1, 2}.mlp.fc1.bias              | UNEXPECTED |  | 
pooler.cross_attention_layer.cross_attn.v_proj.bias              | UNEXPECTED |  | 
pooler.cross_attention_layer.layer_norm1.bias                    | UNEXPECTED |  | 
pooler.self_attention_layers.{0, 1, 2}.layer_norm1.weight        | UNEXPECTED |  | 
pooler.cross_attention_layer.layer_norm2.bias                    | UNEXPECTED |  | 
pooler.self_attention_layers.{0, 1, 2}.self_attn.q_proj.bias     | UNEXPECTED |  | 
pooler.self_attention_layers.{0, 1, 2}.self_attn.v_proj.weight   | UNEXPECTED |  | 
pooler.cross_attention_layer.mlp.fc2.weight                      | UNEXPECTED |  | 
classifier.weight                                                | UNEXPECTED |  | 
pooler.self_attention_layers.{0, 1, 2}.self_attn.k_proj.weight   | UNEXPECTED |  | 
pooler.self_attention_layers.{0, 1, 2}.self_attn.out_proj.weight | UNEXPECTED |  | 
pooler.cross_attention_layer.cross_attn.q_proj.bias              | UNEXPECTED |  | 
pooler.self_attention_layers.{0, 1, 2}.mlp.fc2.bias              | UNEXPECTED |  | 
pooler.cross_attention_layer.mlp.fc1.weight                      | UNEXPECTED |  | 
pooler.self_attention_layers.{0, 1, 2}.layer_norm2.weight        | UNEXPECTED |  | 
pooler.cross_attention_layer.cross_attn.q_proj.weight            | UNEXPECTED |  | 
pooler.cross_attention_layer.cross_attn.k_proj.weight            | UNEXPECTED |  | 
pooler.cross_attention_layer.layer_norm1.weight                  | UNEXPECTED |  | 
classifier.bias                                                  | UNEXPECTED |  | 
pooler.cross_attention_layer.layer_norm2.weight                  | UNEXPECTED |  | 

Notes:
- UNEXPECTED:	can be ignored when loading from different task/architecture; not ok if you expect identical arch.
[optim] trainable 4,235,297 / total 330,206,625 params (1.28%)
[amp] mixed-precision (fp16 + GradScaler) enabled.
Error executing job with overrides: ['track=b', 'experiment=track_b_vjepa2_heavy_aug', 'training.checkpoint_path=checkpoints/track_b/heavy_aug_vitl_ssv2.pt']
Traceback (most recent call last):
  File "/Data/romain.poggi/Modal/project/smth2smth/src/smth2smth/pipelines/train.py", line 570, in main
    run(cfg)
  File "/Data/romain.poggi/Modal/project/smth2smth/src/smth2smth/pipelines/train.py", line 354, in run
    ema_model = torch.optim.swa_utils.AveragedModel(
                ^^^^^^^^^^^^^^^^^^^^^^^^^^^^^^^^^^^^
  File "/Data/romain.poggi/Modal/project/smth2smth/.venv/lib/python3.12/site-packages/torch/optim/swa_utils.py", line 275, in __init__
    self.module = deepcopy(model)
                  ^^^^^^^^^^^^^^^
  File "/users/eleves-a/2021/romain.poggi/.local/share/uv/python/cpython-3.12.9-linux-x86_64-gnu/lib/python3.12/copy.py", line 162, in deepcopy
    y = _reconstruct(x, memo, *rv)
        ^^^^^^^^^^^^^^^^^^^^^^^^^^
  File "/users/eleves-a/2021/romain.poggi/.local/share/uv/python/cpython-3.12.9-linux-x86_64-gnu/lib/python3.12/copy.py", line 259, in _reconstruct
    state = deepcopy(state, memo)
            ^^^^^^^^^^^^^^^^^^^^^
  File "/users/eleves-a/2021/romain.poggi/.local/share/uv/python/cpython-3.12.9-linux-x86_64-gnu/lib/python3.12/copy.py", line 136, in deepcopy
    y = copier(x, memo)
        ^^^^^^^^^^^^^^^
  File "/users/eleves-a/2021/romain.poggi/.local/share/uv/python/cpython-3.12.9-linux-x86_64-gnu/lib/python3.12/copy.py", line 221, in _deepcopy_dict
    y[deepcopy(key, memo)] = deepcopy(value, memo)
                             ^^^^^^^^^^^^^^^^^^^^^
  File "/users/eleves-a/2021/romain.poggi/.local/share/uv/python/cpython-3.12.9-linux-x86_64-gnu/lib/python3.12/copy.py", line 136, in deepcopy
    y = copier(x, memo)
        ^^^^^^^^^^^^^^^
  File "/users/eleves-a/2021/romain.poggi/.local/share/uv/python/cpython-3.12.9-linux-x86_64-gnu/lib/python3.12/copy.py", line 221, in _deepcopy_dict
    y[deepcopy(key, memo)] = deepcopy(value, memo)
                             ^^^^^^^^^^^^^^^^^^^^^
  File "/users/eleves-a/2021/romain.poggi/.local/share/uv/python/cpython-3.12.9-linux-x86_64-gnu/lib/python3.12/copy.py", line 162, in deepcopy
    y = _reconstruct(x, memo, *rv)
        ^^^^^^^^^^^^^^^^^^^^^^^^^^
  File "/users/eleves-a/2021/romain.poggi/.local/share/uv/python/cpython-3.12.9-linux-x86_64-gnu/lib/python3.12/copy.py", line 259, in _reconstruct
    state = deepcopy(state, memo)
            ^^^^^^^^^^^^^^^^^^^^^
  File "/users/eleves-a/2021/romain.poggi/.local/share/uv/python/cpython-3.12.9-linux-x86_64-gnu/lib/python3.12/copy.py", line 136, in deepcopy
    y = copier(x, memo)
        ^^^^^^^^^^^^^^^
  File "/users/eleves-a/2021/romain.poggi/.local/share/uv/python/cpython-3.12.9-linux-x86_64-gnu/lib/python3.12/copy.py", line 221, in _deepcopy_dict
    y[deepcopy(key, memo)] = deepcopy(value, memo)
                             ^^^^^^^^^^^^^^^^^^^^^
  File "/users/eleves-a/2021/romain.poggi/.local/share/uv/python/cpython-3.12.9-linux-x86_64-gnu/lib/python3.12/copy.py", line 136, in deepcopy
    y = copier(x, memo)
        ^^^^^^^^^^^^^^^
  File "/users/eleves-a/2021/romain.poggi/.local/share/uv/python/cpython-3.12.9-linux-x86_64-gnu/lib/python3.12/copy.py", line 221, in _deepcopy_dict
    y[deepcopy(key, memo)] = deepcopy(value, memo)
                             ^^^^^^^^^^^^^^^^^^^^^
  File "/users/eleves-a/2021/romain.poggi/.local/share/uv/python/cpython-3.12.9-linux-x86_64-gnu/lib/python3.12/copy.py", line 162, in deepcopy
    y = _reconstruct(x, memo, *rv)
        ^^^^^^^^^^^^^^^^^^^^^^^^^^
  File "/users/eleves-a/2021/romain.poggi/.local/share/uv/python/cpython-3.12.9-linux-x86_64-gnu/lib/python3.12/copy.py", line 259, in _reconstruct
    state = deepcopy(state, memo)
            ^^^^^^^^^^^^^^^^^^^^^
  File "/users/eleves-a/2021/romain.poggi/.local/share/uv/python/cpython-3.12.9-linux-x86_64-gnu/lib/python3.12/copy.py", line 136, in deepcopy
    y = copier(x, memo)
        ^^^^^^^^^^^^^^^
  File "/users/eleves-a/2021/romain.poggi/.local/share/uv/python/cpython-3.12.9-linux-x86_64-gnu/lib/python3.12/copy.py", line 221, in _deepcopy_dict
    y[deepcopy(key, memo)] = deepcopy(value, memo)
                             ^^^^^^^^^^^^^^^^^^^^^
  File "/users/eleves-a/2021/romain.poggi/.local/share/uv/python/cpython-3.12.9-linux-x86_64-gnu/lib/python3.12/copy.py", line 136, in deepcopy
    y = copier(x, memo)
        ^^^^^^^^^^^^^^^
  File "/users/eleves-a/2021/romain.poggi/.local/share/uv/python/cpython-3.12.9-linux-x86_64-gnu/lib/python3.12/copy.py", line 221, in _deepcopy_dict
    y[deepcopy(key, memo)] = deepcopy(value, memo)
                             ^^^^^^^^^^^^^^^^^^^^^
  File "/users/eleves-a/2021/romain.poggi/.local/share/uv/python/cpython-3.12.9-linux-x86_64-gnu/lib/python3.12/copy.py", line 162, in deepcopy
    y = _reconstruct(x, memo, *rv)
        ^^^^^^^^^^^^^^^^^^^^^^^^^^
  File "/users/eleves-a/2021/romain.poggi/.local/share/uv/python/cpython-3.12.9-linux-x86_64-gnu/lib/python3.12/copy.py", line 259, in _reconstruct
    state = deepcopy(state, memo)
            ^^^^^^^^^^^^^^^^^^^^^
  File "/users/eleves-a/2021/romain.poggi/.local/share/uv/python/cpython-3.12.9-linux-x86_64-gnu/lib/python3.12/copy.py", line 136, in deepcopy
    y = copier(x, memo)
        ^^^^^^^^^^^^^^^
  File "/users/eleves-a/2021/romain.poggi/.local/share/uv/python/cpython-3.12.9-linux-x86_64-gnu/lib/python3.12/copy.py", line 221, in _deepcopy_dict
    y[deepcopy(key, memo)] = deepcopy(value, memo)
                             ^^^^^^^^^^^^^^^^^^^^^
  File "/users/eleves-a/2021/romain.poggi/.local/share/uv/python/cpython-3.12.9-linux-x86_64-gnu/lib/python3.12/copy.py", line 136, in deepcopy
    y = copier(x, memo)
        ^^^^^^^^^^^^^^^
  File "/users/eleves-a/2021/romain.poggi/.local/share/uv/python/cpython-3.12.9-linux-x86_64-gnu/lib/python3.12/copy.py", line 221, in _deepcopy_dict
    y[deepcopy(key, memo)] = deepcopy(value, memo)
                             ^^^^^^^^^^^^^^^^^^^^^
  File "/users/eleves-a/2021/romain.poggi/.local/share/uv/python/cpython-3.12.9-linux-x86_64-gnu/lib/python3.12/copy.py", line 162, in deepcopy
    y = _reconstruct(x, memo, *rv)
        ^^^^^^^^^^^^^^^^^^^^^^^^^^
  File "/users/eleves-a/2021/romain.poggi/.local/share/uv/python/cpython-3.12.9-linux-x86_64-gnu/lib/python3.12/copy.py", line 259, in _reconstruct
    state = deepcopy(state, memo)
            ^^^^^^^^^^^^^^^^^^^^^
  File "/users/eleves-a/2021/romain.poggi/.local/share/uv/python/cpython-3.12.9-linux-x86_64-gnu/lib/python3.12/copy.py", line 136, in deepcopy
    y = copier(x, memo)
        ^^^^^^^^^^^^^^^
  File "/users/eleves-a/2021/romain.poggi/.local/share/uv/python/cpython-3.12.9-linux-x86_64-gnu/lib/python3.12/copy.py", line 221, in _deepcopy_dict
    y[deepcopy(key, memo)] = deepcopy(value, memo)
                             ^^^^^^^^^^^^^^^^^^^^^
  File "/users/eleves-a/2021/romain.poggi/.local/share/uv/python/cpython-3.12.9-linux-x86_64-gnu/lib/python3.12/copy.py", line 136, in deepcopy
    y = copier(x, memo)
        ^^^^^^^^^^^^^^^
  File "/users/eleves-a/2021/romain.poggi/.local/share/uv/python/cpython-3.12.9-linux-x86_64-gnu/lib/python3.12/copy.py", line 221, in _deepcopy_dict
    y[deepcopy(key, memo)] = deepcopy(value, memo)
                             ^^^^^^^^^^^^^^^^^^^^^
  File "/users/eleves-a/2021/romain.poggi/.local/share/uv/python/cpython-3.12.9-linux-x86_64-gnu/lib/python3.12/copy.py", line 162, in deepcopy
    y = _reconstruct(x, memo, *rv)
        ^^^^^^^^^^^^^^^^^^^^^^^^^^
  File "/users/eleves-a/2021/romain.poggi/.local/share/uv/python/cpython-3.12.9-linux-x86_64-gnu/lib/python3.12/copy.py", line 259, in _reconstruct
    state = deepcopy(state, memo)
            ^^^^^^^^^^^^^^^^^^^^^
  File "/users/eleves-a/2021/romain.poggi/.local/share/uv/python/cpython-3.12.9-linux-x86_64-gnu/lib/python3.12/copy.py", line 136, in deepcopy
    y = copier(x, memo)
        ^^^^^^^^^^^^^^^
  File "/users/eleves-a/2021/romain.poggi/.local/share/uv/python/cpython-3.12.9-linux-x86_64-gnu/lib/python3.12/copy.py", line 221, in _deepcopy_dict
    y[deepcopy(key, memo)] = deepcopy(value, memo)
                             ^^^^^^^^^^^^^^^^^^^^^
  File "/users/eleves-a/2021/romain.poggi/.local/share/uv/python/cpython-3.12.9-linux-x86_64-gnu/lib/python3.12/copy.py", line 136, in deepcopy
    y = copier(x, memo)
        ^^^^^^^^^^^^^^^
  File "/users/eleves-a/2021/romain.poggi/.local/share/uv/python/cpython-3.12.9-linux-x86_64-gnu/lib/python3.12/copy.py", line 221, in _deepcopy_dict
    y[deepcopy(key, memo)] = deepcopy(value, memo)
                             ^^^^^^^^^^^^^^^^^^^^^
  File "/users/eleves-a/2021/romain.poggi/.local/share/uv/python/cpython-3.12.9-linux-x86_64-gnu/lib/python3.12/copy.py", line 162, in deepcopy
    y = _reconstruct(x, memo, *rv)
        ^^^^^^^^^^^^^^^^^^^^^^^^^^
  File "/users/eleves-a/2021/romain.poggi/.local/share/uv/python/cpython-3.12.9-linux-x86_64-gnu/lib/python3.12/copy.py", line 259, in _reconstruct
    state = deepcopy(state, memo)
            ^^^^^^^^^^^^^^^^^^^^^
  File "/users/eleves-a/2021/romain.poggi/.local/share/uv/python/cpython-3.12.9-linux-x86_64-gnu/lib/python3.12/copy.py", line 136, in deepcopy
    y = copier(x, memo)
        ^^^^^^^^^^^^^^^
  File "/users/eleves-a/2021/romain.poggi/.local/share/uv/python/cpython-3.12.9-linux-x86_64-gnu/lib/python3.12/copy.py", line 221, in _deepcopy_dict
    y[deepcopy(key, memo)] = deepcopy(value, memo)
                             ^^^^^^^^^^^^^^^^^^^^^
  File "/users/eleves-a/2021/romain.poggi/.local/share/uv/python/cpython-3.12.9-linux-x86_64-gnu/lib/python3.12/copy.py", line 136, in deepcopy
    y = copier(x, memo)
        ^^^^^^^^^^^^^^^
  File "/users/eleves-a/2021/romain.poggi/.local/share/uv/python/cpython-3.12.9-linux-x86_64-gnu/lib/python3.12/copy.py", line 221, in _deepcopy_dict
    y[deepcopy(key, memo)] = deepcopy(value, memo)
                             ^^^^^^^^^^^^^^^^^^^^^
  File "/users/eleves-a/2021/romain.poggi/.local/share/uv/python/cpython-3.12.9-linux-x86_64-gnu/lib/python3.12/copy.py", line 143, in deepcopy
    y = copier(memo)
        ^^^^^^^^^^^^
  File "/Data/romain.poggi/Modal/project/smth2smth/.venv/lib/python3.12/site-packages/torch/nn/parameter.py", line 79, in __deepcopy__
    self.data.clone(memory_format=torch.preserve_format), self.requires_grad
    ^^^^^^^^^^^^^^^^^^^^^^^^^^^^^^^^^^^^^^^^^^^^^^^^^^^^
torch.OutOfMemoryError: CUDA out of memory. Tried to allocate 16.00 MiB. GPU 0 has a total capacity of 15.58 GiB of which 2.75 MiB is free. Process 845244 has 1.51 GiB memory in use. Process 857221 has 2.25 GiB memory in use. Process 794968 has 10.18 GiB memory in use. Including non-PyTorch memory, this process has 1.47 GiB memory in use. Of the allocated memory 1.30 GiB is allocated by PyTorch, and 18.53 MiB is reserved by PyTorch but unallocated. If reserved but unallocated memory is large try setting PYTORCH_CUDA_ALLOC_CONF=expandable_segments:True to avoid fragmentation.  See documentation for Memory Management  (https://docs.pytorch.org/docs/stable/notes/cuda.html#optimizing-memory-usage-with-pytorch-cuda-alloc-conf)

Set the environment variable HYDRA_FULL_ERROR=1 for a complete stack trace.
