model:
  name: vjepa2_hf_clf
  pretrained: true
  num_classes: ${num_classes}
  hf_repo: facebook/vjepa2-vitl-fpc16-256-ssv2
  lora_enabled: true
  lora_r: 16
  lora_alpha: 32
  lora_dropout: 0.05
  lora_target_modules: .*\.encoder\.layer\.\d+\.attention\.(query|key|value|proj)
  freeze_backbone: true
  attn_implementation: sdpa
dataset:
  root: ${hydra:runtime.cwd}/data
  train_dir: ${dataset.root}/train
  val_dir: ${dataset.root}/val
  test_dir: ${dataset.root}/test
  augmented_dirs: []
  test_manifest: null
  submission_output: ${hydra:runtime.cwd}/submissions/track_b.csv
  num_frames: 8
  val_ratio: 0.2
  use_official_val: true
  include_val_in_train: false
  official_val_holdout_ratio: 0.0
  seed: ${seed}
  max_samples: null
  max_samples_per_class: null
  image_size: 256
  time_reversal_prob: 0.0
  temporal_reversal_augment:
    enabled: false
    prob: 0.5
  class_boosting:
    enabled: false
training:
  batch_size: 8
  lr: 0.0001
  epochs: 15
  num_workers: 4
  checkpoint_path: checkpoints/track_b/vitl_fpc16ssv2_8f_lora_r16.pt
  resume_from: checkpoints/track_b/vitl_fpc16ssv2_8f_lora_r16.last.pt
  lora_lr: 0.0001
  lora_lr_ratio: 0.25
  motion_lr: null
  motion_lr_ratio: null
  resume_apply_cfg_lr: false
  amp: true
  device: cuda
  optimizer: adamw
  momentum: 0.9
  nesterov: false
  weight_decay: 0.05
  scheduler_cosine: true
  warmup_epochs: 1
  min_lr: 1.0e-05
  label_smoothing: 0.1
  videomix_alpha: 0.0
  videomix_prob: 1.0
  videomix_mode: cube_cutmix
  videomix_mixup_alpha: null
  videomix_cutmix_alpha: null
  videomix_switch_prob: 0.5
  layer_decay: null
  repeated_aug: 1
  grad_accum_steps: 3
  amp_dtype: bf16
  scheduler: none
  sgdr_T0: 30
  sgdr_save_snapshots: false
  early_stopping_enabled: false
  early_stopping_patience: 10
  early_stopping_min_delta: 0.0
  log_interval_steps: 25
  ema_enabled: false
  ema_decay: 0.999
  eval_every_n_epochs: 1
  eval_ema: false
  save_last_checkpoint: true
  last_checkpoint_path: null
  resume_reset_scheduler: false
  continuation_warmup_epochs: 0
  continuation_rewarm_lr: false
  continuation_peak_lr_ratio: 0.4
  val_eval_tta: false
  tta: true
  tta_flip: false
  tta_temporal_shift: 0
  tta_scales: null
  tta_logit_adjust: 0.0
  class_balance_sampler: none
  class_balance_loss: none
  class_balance_beta: 0.999
augment:
  name: vjepa2_heavy
  random_horizontal_flip: false
  random_crop: true
  crop_padding: 32
  color_jitter: true
  color_jitter_brightness: 0.3
  color_jitter_contrast: 0.3
  color_jitter_saturation: 0.3
  color_jitter_hue: 0.05
  sync_across_frames: true
  randaugment:
    enabled: true
    'n': 2
    m: 9.0
    mode: temporal_plus
    magnitude_max: 30.0
    ops: null
pretrain:
  epochs: 100
  batch_size: 64
  lr: 0.0005
  weight_decay: 0.04
  log_interval_steps: 50
  checkpoint_path: ${hydra:runtime.cwd}/ssl_trunk.pt
  max_frames: null
  image_size: 224
  local_image_size: 96
  num_local_views: 6
  out_dim: 4096
  hidden_dim: 2048
  bottleneck_dim: 256
  n_layers: 3
  teacher_temp: 0.04
  student_temp: 0.1
  center_momentum: 0.9
  teacher_momentum_base: 0.996
  teacher_momentum_final: 1.0
test:
  num_segment: 1
  num_crop: 1
  flip_tta: false
track:
  name: b
  description: 'Open-world track: pretrained backbone allowed.'
num_classes: 33
seed: 42

[cuda] cache emptied (run-start). Free: 23.15 / 23.54 GiB
[data] use_official_val=true: train=44993 (train_dir=44993), val=6745 (from /Data/romain.poggi/smth2smth/data/val)
[2026-05-22 00:34:01,605][httpx][INFO] - HTTP Request: HEAD https://huggingface.co/facebook/vjepa2-vitl-fpc16-256-ssv2/resolve/main/config.json "HTTP/1.1 307 Temporary Redirect"
Warning: You are sending unauthenticated requests to the HF Hub. Please set a HF_TOKEN to enable higher rate limits and faster downloads.
[2026-05-22 00:34:01,606][huggingface_hub.utils._http][WARNING] - Warning: You are sending unauthenticated requests to the HF Hub. Please set a HF_TOKEN to enable higher rate limits and faster downloads.
[2026-05-22 00:34:01,611][httpx][INFO] - HTTP Request: HEAD https://huggingface.co/api/resolve-cache/models/facebook/vjepa2-vitl-fpc16-256-ssv2/4aa02df83918538fc21cfaf576382fa20e489a80/config.json "HTTP/1.1 200 OK"
[2026-05-22 00:34:01,710][httpx][INFO] - HTTP Request: HEAD https://huggingface.co/facebook/vjepa2-vitl-fpc16-256-ssv2/resolve/main/config.json "HTTP/1.1 307 Temporary Redirect"
[2026-05-22 00:34:01,715][httpx][INFO] - HTTP Request: HEAD https://huggingface.co/api/resolve-cache/models/facebook/vjepa2-vitl-fpc16-256-ssv2/4aa02df83918538fc21cfaf576382fa20e489a80/config.json "HTTP/1.1 200 OK"
[2026-05-22 00:34:01,819][httpx][INFO] - HTTP Request: HEAD https://huggingface.co/facebook/vjepa2-vitl-fpc16-256-ssv2/resolve/main/model.safetensors "HTTP/1.1 302 Found"
Loading weights:   0%|          | 0/652 [00:00<?, ?it/s]Loading weights: 100%|██████████| 652/652 [00:00<00:00, 14594.80it/s]
[vjepa2_hf_clf] head-slice: 32/33 local classes resolved to SSv2 ids; 1 missing -> zero rows.
[model] freeze_backbone ignored (only supported for video_mae_vit).
[optim] two param groups: head lr=0.0001 (n=65), lora lr=0.0001 (n=192)
[optim] trainable 52,515,873 / total 378,487,201 params (13.88%)
[amp] mixed-precision (torch.bfloat16 + GradScaler) enabled.
[train] grad_accum_steps=3 (effective batch scales up).
Resuming from checkpoint: /Data/romain.poggi/smth2smth/checkpoints/track_b/vitl_fpc16ssv2_8f_lora_r16.last.pt
  Resumed at epoch 13/15; best val top1 so far = 0.7060
  Optimizer state restored from checkpoint.
  Cosine scheduler state restored; resumed LR=1.44564e-05
  GradScaler state restored from checkpoint.
  LR after resume: head=1.44564e-05, lora=1.44564e-05 (cosine will step after each train epoch).
    [00:34:16] step 25/5625 | avg train loss 0.7643 top1 0.9800 top5 1.0000
    [00:34:28] step 50/5625 | avg train loss 0.7593 top1 0.9825 top5 1.0000
    [00:34:40] step 75/5625 | avg train loss 0.7539 top1 0.9850 top5 1.0000
    [00:34:52] step 100/5625 | avg train loss 0.7552 top1 0.9862 top5 1.0000
    [00:35:04] step 125/5625 | avg train loss 0.7538 top1 0.9870 top5 1.0000
    [00:35:16] step 150/5625 | avg train loss 0.7519 top1 0.9883 top5 1.0000
    [00:35:28] step 175/5625 | avg train loss 0.7532 top1 0.9879 top5 1.0000
    [00:35:40] step 200/5625 | avg train loss 0.7523 top1 0.9875 top5 1.0000
    [00:35:52] step 225/5625 | avg train loss 0.7495 top1 0.9889 top5 1.0000
    [00:36:04] step 250/5625 | avg train loss 0.7470 top1 0.9900 top5 1.0000
    [00:36:16] step 275/5625 | avg train loss 0.7458 top1 0.9900 top5 1.0000
    [00:36:28] step 300/5625 | avg train loss 0.7462 top1 0.9904 top5 0.9996
    [00:36:40] step 325/5625 | avg train loss 0.7446 top1 0.9912 top5 0.9996
    [00:36:52] step 350/5625 | avg train loss 0.7434 top1 0.9918 top5 0.9996
    [00:37:04] step 375/5625 | avg train loss 0.7425 top1 0.9923 top5 0.9997
    [00:37:16] step 400/5625 | avg train loss 0.7434 top1 0.9919 top5 0.9997
    [00:37:28] step 425/5625 | avg train loss 0.7430 top1 0.9918 top5 0.9997
    [00:37:40] step 450/5625 | avg train loss 0.7432 top1 0.9919 top5 0.9997
    [00:37:52] step 475/5625 | avg train loss 0.7424 top1 0.9921 top5 0.9997
    [00:38:04] step 500/5625 | avg train loss 0.7422 top1 0.9920 top5 0.9998
    [00:38:16] step 525/5625 | avg train loss 0.7424 top1 0.9919 top5 0.9998
    [00:38:28] step 550/5625 | avg train loss 0.7428 top1 0.9918 top5 0.9998
    [00:38:40] step 575/5625 | avg train loss 0.7424 top1 0.9917 top5 0.9998
    [00:38:52] step 600/5625 | avg train loss 0.7417 top1 0.9921 top5 0.9998
    [00:39:04] step 625/5625 | avg train loss 0.7422 top1 0.9916 top5 0.9998
    [00:39:17] step 650/5625 | avg train loss 0.7418 top1 0.9917 top5 0.9998
    [00:39:29] step 675/5625 | avg train loss 0.7415 top1 0.9919 top5 0.9998
    [00:39:41] step 700/5625 | avg train loss 0.7425 top1 0.9912 top5 0.9998
    [00:39:53] step 725/5625 | avg train loss 0.7421 top1 0.9916 top5 0.9998
    [00:40:05] step 750/5625 | avg train loss 0.7418 top1 0.9917 top5 0.9998
    [00:40:17] step 775/5625 | avg train loss 0.7424 top1 0.9915 top5 0.9998
    [00:40:29] step 800/5625 | avg train loss 0.7427 top1 0.9911 top5 0.9998
    [00:40:41] step 825/5625 | avg train loss 0.7425 top1 0.9912 top5 0.9998
    [00:40:53] step 850/5625 | avg train loss 0.7428 top1 0.9907 top5 0.9999
    [00:41:05] step 875/5625 | avg train loss 0.7431 top1 0.9906 top5 0.9999
    [00:41:17] step 900/5625 | avg train loss 0.7431 top1 0.9904 top5 0.9999
    [00:41:29] step 925/5625 | avg train loss 0.7430 top1 0.9903 top5 0.9999
    [00:41:41] step 950/5625 | avg train loss 0.7426 top1 0.9905 top5 0.9999
    [00:41:53] step 975/5625 | avg train loss 0.7429 top1 0.9903 top5 0.9999
    [00:42:05] step 1000/5625 | avg train loss 0.7432 top1 0.9902 top5 0.9999
    [00:42:17] step 1025/5625 | avg train loss 0.7431 top1 0.9904 top5 0.9999
    [00:42:29] step 1050/5625 | avg train loss 0.7434 top1 0.9902 top5 0.9999
    [00:42:41] step 1075/5625 | avg train loss 0.7433 top1 0.9903 top5 0.9999
    [00:42:53] step 1100/5625 | avg train loss 0.7431 top1 0.9903 top5 0.9999
    [00:43:05] step 1125/5625 | avg train loss 0.7431 top1 0.9902 top5 0.9999
    [00:43:17] step 1150/5625 | avg train loss 0.7426 top1 0.9904 top5 0.9999
    [00:43:29] step 1175/5625 | avg train loss 0.7426 top1 0.9905 top5 0.9999
    [00:43:41] step 1200/5625 | avg train loss 0.7424 top1 0.9906 top5 0.9999
    [00:43:53] step 1225/5625 | avg train loss 0.7425 top1 0.9905 top5 0.9999
    [00:44:05] step 1250/5625 | avg train loss 0.7422 top1 0.9907 top5 0.9999
    [00:44:17] step 1275/5625 | avg train loss 0.7424 top1 0.9906 top5 0.9999
    [00:44:29] step 1300/5625 | avg train loss 0.7422 top1 0.9908 top5 0.9999
    [00:44:41] step 1325/5625 | avg train loss 0.7423 top1 0.9907 top5 0.9999
    [00:44:53] step 1350/5625 | avg train loss 0.7421 top1 0.9908 top5 0.9999
    [00:45:05] step 1375/5625 | avg train loss 0.7420 top1 0.9908 top5 0.9999
    [00:45:17] step 1400/5625 | avg train loss 0.7418 top1 0.9909 top5 0.9999
    [00:45:29] step 1425/5625 | avg train loss 0.7417 top1 0.9909 top5 0.9998
    [00:45:41] step 1450/5625 | avg train loss 0.7418 top1 0.9909 top5 0.9998
    [00:45:53] step 1475/5625 | avg train loss 0.7417 top1 0.9910 top5 0.9998
    [00:46:05] step 1500/5625 | avg train loss 0.7414 top1 0.9911 top5 0.9998
    [00:46:17] step 1525/5625 | avg train loss 0.7414 top1 0.9911 top5 0.9998
    [00:46:29] step 1550/5625 | avg train loss 0.7413 top1 0.9910 top5 0.9998
    [00:46:41] step 1575/5625 | avg train loss 0.7417 top1 0.9910 top5 0.9998
    [00:46:53] step 1600/5625 | avg train loss 0.7416 top1 0.9912 top5 0.9998
    [00:47:05] step 1625/5625 | avg train loss 0.7417 top1 0.9911 top5 0.9998
    [00:47:17] step 1650/5625 | avg train loss 0.7421 top1 0.9907 top5 0.9998
    [00:47:29] step 1675/5625 | avg train loss 0.7420 top1 0.9906 top5 0.9999
    [00:47:41] step 1700/5625 | avg train loss 0.7417 top1 0.9907 top5 0.9999
    [00:47:54] step 1725/5625 | avg train loss 0.7419 top1 0.9905 top5 0.9999
    [00:48:06] step 1750/5625 | avg train loss 0.7417 top1 0.9906 top5 0.9999
    [00:48:18] step 1775/5625 | avg train loss 0.7418 top1 0.9905 top5 0.9999
    [00:48:30] step 1800/5625 | avg train loss 0.7418 top1 0.9905 top5 0.9999
    [00:48:42] step 1825/5625 | avg train loss 0.7417 top1 0.9905 top5 0.9999
    [00:48:54] step 1850/5625 | avg train loss 0.7417 top1 0.9905 top5 0.9999
    [00:49:06] step 1875/5625 | avg train loss 0.7416 top1 0.9905 top5 0.9999
    [00:49:18] step 1900/5625 | avg train loss 0.7418 top1 0.9905 top5 0.9999
    [00:49:30] step 1925/5625 | avg train loss 0.7422 top1 0.9902 top5 0.9999
    [00:49:42] step 1950/5625 | avg train loss 0.7424 top1 0.9900 top5 0.9999
    [00:49:54] step 1975/5625 | avg train loss 0.7422 top1 0.9900 top5 0.9999
    [00:50:06] step 2000/5625 | avg train loss 0.7423 top1 0.9900 top5 0.9999
    [00:50:26] step 2025/5625 | avg train loss 0.7425 top1 0.9900 top5 0.9999
    [00:50:52] step 2050/5625 | avg train loss 0.7425 top1 0.9899 top5 0.9999
    [00:51:17] step 2075/5625 | avg train loss 0.7424 top1 0.9901 top5 0.9999
    [00:51:42] step 2100/5625 | avg train loss 0.7423 top1 0.9902 top5 0.9999
    [00:52:08] step 2125/5625 | avg train loss 0.7424 top1 0.9901 top5 0.9999
    [00:52:33] step 2150/5625 | avg train loss 0.7425 top1 0.9900 top5 0.9999
    [00:52:58] step 2175/5625 | avg train loss 0.7426 top1 0.9900 top5 0.9999
    [00:53:24] step 2200/5625 | avg train loss 0.7425 top1 0.9901 top5 0.9999
    [00:53:49] step 2225/5625 | avg train loss 0.7426 top1 0.9901 top5 0.9999
    [00:54:14] step 2250/5625 | avg train loss 0.7427 top1 0.9901 top5 0.9999
    [00:54:40] step 2275/5625 | avg train loss 0.7426 top1 0.9901 top5 0.9999
    [00:55:05] step 2300/5625 | avg train loss 0.7426 top1 0.9901 top5 0.9999
    [00:55:30] step 2325/5625 | avg train loss 0.7424 top1 0.9902 top5 0.9999
    [00:55:55] step 2350/5625 | avg train loss 0.7424 top1 0.9902 top5 0.9999
    [00:56:21] step 2375/5625 | avg train loss 0.7426 top1 0.9901 top5 0.9999
    [00:56:46] step 2400/5625 | avg train loss 0.7424 top1 0.9901 top5 0.9999
    [00:57:11] step 2425/5625 | avg train loss 0.7424 top1 0.9901 top5 0.9999
    [00:57:37] step 2450/5625 | avg train loss 0.7422 top1 0.9902 top5 0.9999
    [00:58:02] step 2475/5625 | avg train loss 0.7424 top1 0.9901 top5 0.9999
    [00:58:27] step 2500/5625 | avg train loss 0.7424 top1 0.9900 top5 0.9999
    [00:58:53] step 2525/5625 | avg train loss 0.7424 top1 0.9901 top5 0.9999
    [00:59:18] step 2550/5625 | avg train loss 0.7424 top1 0.9901 top5 0.9999
    [00:59:43] step 2575/5625 | avg train loss 0.7424 top1 0.9902 top5 0.9999
    [01:00:09] step 2600/5625 | avg train loss 0.7423 top1 0.9902 top5 0.9999
    [01:00:34] step 2625/5625 | avg train loss 0.7424 top1 0.9901 top5 0.9999
    [01:00:59] step 2650/5625 | avg train loss 0.7423 top1 0.9901 top5 0.9999
    [01:01:25] step 2675/5625 | avg train loss 0.7424 top1 0.9900 top5 0.9999
    [01:01:49] step 2700/5625 | avg train loss 0.7423 top1 0.9901 top5 0.9999
    [01:02:15] step 2725/5625 | avg train loss 0.7424 top1 0.9901 top5 0.9999
    [01:02:40] step 2750/5625 | avg train loss 0.7424 top1 0.9901 top5 0.9999
    [01:03:05] step 2775/5625 | avg train loss 0.7426 top1 0.9900 top5 0.9999
    [01:03:30] step 2800/5625 | avg train loss 0.7425 top1 0.9901 top5 0.9999
    [01:03:55] step 2825/5625 | avg train loss 0.7427 top1 0.9900 top5 0.9999
    [01:04:20] step 2850/5625 | avg train loss 0.7427 top1 0.9901 top5 0.9999
    [01:04:46] step 2875/5625 | avg train loss 0.7428 top1 0.9901 top5 0.9999
    [01:05:11] step 2900/5625 | avg train loss 0.7427 top1 0.9901 top5 0.9999
    [01:05:36] step 2925/5625 | avg train loss 0.7427 top1 0.9901 top5 0.9999
    [01:06:02] step 2950/5625 | avg train loss 0.7427 top1 0.9902 top5 0.9999
    [01:06:27] step 2975/5625 | avg train loss 0.7426 top1 0.9902 top5 0.9999
    [01:06:52] step 3000/5625 | avg train loss 0.7426 top1 0.9902 top5 0.9999
    [01:07:18] step 3025/5625 | avg train loss 0.7427 top1 0.9902 top5 0.9999
    [01:07:43] step 3050/5625 | avg train loss 0.7426 top1 0.9903 top5 0.9999
    [01:08:08] step 3075/5625 | avg train loss 0.7426 top1 0.9902 top5 0.9999
    [01:08:34] step 3100/5625 | avg train loss 0.7426 top1 0.9902 top5 0.9999
    [01:08:59] step 3125/5625 | avg train loss 0.7425 top1 0.9902 top5 0.9999
    [01:09:24] step 3150/5625 | avg train loss 0.7425 top1 0.9902 top5 0.9999
    [01:09:50] step 3175/5625 | avg train loss 0.7426 top1 0.9902 top5 0.9999
    [01:10:15] step 3200/5625 | avg train loss 0.7426 top1 0.9902 top5 0.9999
    [01:10:40] step 3225/5625 | avg train loss 0.7426 top1 0.9903 top5 0.9999
    [01:11:06] step 3250/5625 | avg train loss 0.7425 top1 0.9903 top5 0.9999
    [01:11:31] step 3275/5625 | avg train loss 0.7424 top1 0.9904 top5 0.9999
    [01:11:56] step 3300/5625 | avg train loss 0.7423 top1 0.9904 top5 0.9999
    [01:12:22] step 3325/5625 | avg train loss 0.7422 top1 0.9904 top5 0.9999
    [01:12:47] step 3350/5625 | avg train loss 0.7423 top1 0.9903 top5 0.9999
    [01:13:12] step 3375/5625 | avg train loss 0.7423 top1 0.9903 top5 0.9999
    [01:13:38] step 3400/5625 | avg train loss 0.7424 top1 0.9902 top5 0.9999
    [01:14:03] step 3425/5625 | avg train loss 0.7424 top1 0.9902 top5 0.9999
    [01:14:28] step 3450/5625 | avg train loss 0.7423 top1 0.9903 top5 0.9999
    [01:14:53] step 3475/5625 | avg train loss 0.7423 top1 0.9903 top5 0.9999
    [01:15:18] step 3500/5625 | avg train loss 0.7422 top1 0.9903 top5 0.9999
    [01:15:43] step 3525/5625 | avg train loss 0.7421 top1 0.9903 top5 0.9999
    [01:16:08] step 3550/5625 | avg train loss 0.7422 top1 0.9903 top5 0.9999
    [01:16:33] step 3575/5625 | avg train loss 0.7421 top1 0.9903 top5 0.9999
    [01:16:59] step 3600/5625 | avg train loss 0.7420 top1 0.9904 top5 0.9999
    [01:17:24] step 3625/5625 | avg train loss 0.7419 top1 0.9904 top5 0.9999
    [01:17:49] step 3650/5625 | avg train loss 0.7420 top1 0.9904 top5 0.9999
    [01:18:15] step 3675/5625 | avg train loss 0.7420 top1 0.9903 top5 0.9999
    [01:18:40] step 3700/5625 | avg train loss 0.7419 top1 0.9904 top5 0.9999
    [01:19:05] step 3725/5625 | avg train loss 0.7419 top1 0.9904 top5 0.9999
    [01:19:31] step 3750/5625 | avg train loss 0.7419 top1 0.9903 top5 0.9999
    [01:19:56] step 3775/5625 | avg train loss 0.7419 top1 0.9903 top5 0.9999
    [01:20:21] step 3800/5625 | avg train loss 0.7421 top1 0.9902 top5 0.9999
    [01:20:47] step 3825/5625 | avg train loss 0.7420 top1 0.9902 top5 0.9999
    [01:21:12] step 3850/5625 | avg train loss 0.7420 top1 0.9902 top5 0.9999
    [01:21:37] step 3875/5625 | avg train loss 0.7420 top1 0.9902 top5 0.9999
    [01:22:03] step 3900/5625 | avg train loss 0.7420 top1 0.9902 top5 0.9999
    [01:22:28] step 3925/5625 | avg train loss 0.7420 top1 0.9902 top5 0.9999
    [01:22:53] step 3950/5625 | avg train loss 0.7420 top1 0.9902 top5 0.9999
    [01:23:19] step 3975/5625 | avg train loss 0.7421 top1 0.9902 top5 0.9999
    [01:23:44] step 4000/5625 | avg train loss 0.7420 top1 0.9902 top5 0.9999
    [01:24:09] step 4025/5625 | avg train loss 0.7420 top1 0.9902 top5 0.9999
    [01:24:35] step 4050/5625 | avg train loss 0.7421 top1 0.9902 top5 0.9999
    [01:25:00] step 4075/5625 | avg train loss 0.7421 top1 0.9901 top5 0.9999
    [01:25:25] step 4100/5625 | avg train loss 0.7420 top1 0.9902 top5 0.9999
    [01:25:51] step 4125/5625 | avg train loss 0.7422 top1 0.9901 top5 0.9999
    [01:26:16] step 4150/5625 | avg train loss 0.7421 top1 0.9901 top5 0.9999
    [01:26:41] step 4175/5625 | avg train loss 0.7422 top1 0.9901 top5 0.9999
    [01:27:06] step 4200/5625 | avg train loss 0.7421 top1 0.9901 top5 0.9999
    [01:27:32] step 4225/5625 | avg train loss 0.7421 top1 0.9901 top5 0.9999
    [01:27:57] step 4250/5625 | avg train loss 0.7420 top1 0.9901 top5 0.9999
    [01:28:22] step 4275/5625 | avg train loss 0.7420 top1 0.9902 top5 0.9999
    [01:28:47] step 4300/5625 | avg train loss 0.7419 top1 0.9902 top5 0.9999
    [01:29:12] step 4325/5625 | avg train loss 0.7421 top1 0.9901 top5 0.9999
    [01:29:38] step 4350/5625 | avg train loss 0.7421 top1 0.9901 top5 0.9999
    [01:30:03] step 4375/5625 | avg train loss 0.7422 top1 0.9901 top5 0.9999
    [01:30:28] step 4400/5625 | avg train loss 0.7422 top1 0.9901 top5 0.9999
    [01:30:54] step 4425/5625 | avg train loss 0.7423 top1 0.9900 top5 0.9999
    [01:31:19] step 4450/5625 | avg train loss 0.7423 top1 0.9900 top5 0.9999
    [01:31:44] step 4475/5625 | avg train loss 0.7422 top1 0.9901 top5 0.9999
    [01:32:10] step 4500/5625 | avg train loss 0.7422 top1 0.9901 top5 0.9999
    [01:32:35] step 4525/5625 | avg train loss 0.7422 top1 0.9901 top5 0.9999
    [01:33:00] step 4550/5625 | avg train loss 0.7422 top1 0.9901 top5 0.9999
    [01:33:26] step 4575/5625 | avg train loss 0.7422 top1 0.9901 top5 0.9999
    [01:33:51] step 4600/5625 | avg train loss 0.7423 top1 0.9900 top5 0.9999
    [01:34:16] step 4625/5625 | avg train loss 0.7423 top1 0.9901 top5 0.9999
    [01:34:42] step 4650/5625 | avg train loss 0.7423 top1 0.9900 top5 0.9999
    [01:35:07] step 4675/5625 | avg train loss 0.7422 top1 0.9900 top5 0.9999
    [01:35:30] step 4700/5625 | avg train loss 0.7424 top1 0.9900 top5 0.9999
    [01:35:42] step 4725/5625 | avg train loss 0.7424 top1 0.9900 top5 0.9999
    [01:35:54] step 4750/5625 | avg train loss 0.7424 top1 0.9900 top5 0.9999
    [01:36:06] step 4775/5625 | avg train loss 0.7423 top1 0.9901 top5 0.9999
    [01:36:18] step 4800/5625 | avg train loss 0.7422 top1 0.9901 top5 0.9999
    [01:36:30] step 4825/5625 | avg train loss 0.7422 top1 0.9901 top5 0.9999
    [01:36:43] step 4850/5625 | avg train loss 0.7423 top1 0.9900 top5 0.9999
    [01:36:55] step 4875/5625 | avg train loss 0.7423 top1 0.9901 top5 0.9999
    [01:37:07] step 4900/5625 | avg train loss 0.7422 top1 0.9901 top5 0.9999
    [01:37:19] step 4925/5625 | avg train loss 0.7422 top1 0.9901 top5 0.9999
    [01:37:31] step 4950/5625 | avg train loss 0.7422 top1 0.9901 top5 0.9999
    [01:37:43] step 4975/5625 | avg train loss 0.7421 top1 0.9901 top5 0.9999
    [01:37:55] step 5000/5625 | avg train loss 0.7422 top1 0.9900 top5 0.9999
    [01:38:07] step 5025/5625 | avg train loss 0.7424 top1 0.9900 top5 0.9999
    [01:38:19] step 5050/5625 | avg train loss 0.7424 top1 0.9899 top5 0.9999
    [01:38:31] step 5075/5625 | avg train loss 0.7424 top1 0.9899 top5 0.9999
    [01:38:43] step 5100/5625 | avg train loss 0.7423 top1 0.9900 top5 0.9999
    [01:38:55] step 5125/5625 | avg train loss 0.7425 top1 0.9899 top5 0.9999
    [01:39:07] step 5150/5625 | avg train loss 0.7425 top1 0.9899 top5 0.9999
    [01:39:19] step 5175/5625 | avg train loss 0.7426 top1 0.9898 top5 0.9999
    [01:39:31] step 5200/5625 | avg train loss 0.7426 top1 0.9898 top5 0.9999
    [01:39:43] step 5225/5625 | avg train loss 0.7425 top1 0.9898 top5 0.9999
    [01:39:55] step 5250/5625 | avg train loss 0.7426 top1 0.9898 top5 0.9999
    [01:40:07] step 5275/5625 | avg train loss 0.7426 top1 0.9898 top5 0.9999
    [01:40:19] step 5300/5625 | avg train loss 0.7426 top1 0.9897 top5 0.9999
    [01:40:31] step 5325/5625 | avg train loss 0.7426 top1 0.9898 top5 0.9999
    [01:40:54] step 5350/5625 | avg train loss 0.7426 top1 0.9898 top5 0.9999
    [01:41:19] step 5375/5625 | avg train loss 0.7426 top1 0.9898 top5 0.9999
    [01:41:44] step 5400/5625 | avg train loss 0.7426 top1 0.9898 top5 0.9999
    [01:42:10] step 5425/5625 | avg train loss 0.7426 top1 0.9898 top5 0.9999
    [01:42:35] step 5450/5625 | avg train loss 0.7424 top1 0.9898 top5 0.9999
    [01:43:00] step 5475/5625 | avg train loss 0.7424 top1 0.9898 top5 0.9999
    [01:43:26] step 5500/5625 | avg train loss 0.7425 top1 0.9897 top5 0.9999
    [01:43:51] step 5525/5625 | avg train loss 0.7424 top1 0.9898 top5 0.9999
    [01:44:16] step 5550/5625 | avg train loss 0.7424 top1 0.9898 top5 0.9999
    [01:44:42] step 5575/5625 | avg train loss 0.7424 top1 0.9898 top5 0.9999
    [01:45:07] step 5600/5625 | avg train loss 0.7423 top1 0.9898 top5 0.9999
    [01:45:32] step 5625/5625 | avg train loss 0.7424 top1 0.9898 top5 0.9999
Epoch 14/15 | train loss 0.7424 top1 0.9898 | val loss 1.2142 top1 0.7033 top5 0.8944
    [01:52:01] step 25/5625 | avg train loss 0.7377 top1 0.9950 top5 1.0000
    [01:52:26] step 50/5625 | avg train loss 0.7470 top1 0.9875 top5 1.0000
    [01:52:51] step 75/5625 | avg train loss 0.7463 top1 0.9883 top5 1.0000
    [01:53:16] step 100/5625 | avg train loss 0.7505 top1 0.9862 top5 1.0000
    [01:53:41] step 125/5625 | avg train loss 0.7510 top1 0.9840 top5 1.0000
    [01:54:07] step 150/5625 | avg train loss 0.7488 top1 0.9850 top5 1.0000
    [01:54:32] step 175/5625 | avg train loss 0.7520 top1 0.9857 top5 0.9993
    [01:54:57] step 200/5625 | avg train loss 0.7508 top1 0.9862 top5 0.9994
    [01:55:23] step 225/5625 | avg train loss 0.7496 top1 0.9872 top5 0.9994
    [01:55:48] step 250/5625 | avg train loss 0.7472 top1 0.9880 top5 0.9995
    [01:56:13] step 275/5625 | avg train loss 0.7455 top1 0.9886 top5 0.9995
    [01:56:38] step 300/5625 | avg train loss 0.7438 top1 0.9892 top5 0.9996
    [01:57:04] step 325/5625 | avg train loss 0.7424 top1 0.9900 top5 0.9996
    [01:57:16] step 350/5625 | avg train loss 0.7415 top1 0.9900 top5 0.9996
    [01:57:28] step 375/5625 | avg train loss 0.7417 top1 0.9903 top5 0.9997
    [01:57:40] step 400/5625 | avg train loss 0.7407 top1 0.9903 top5 0.9997
    [01:57:52] step 425/5625 | avg train loss 0.7398 top1 0.9906 top5 0.9997
    [01:58:04] step 450/5625 | avg train loss 0.7391 top1 0.9908 top5 0.9997
    [01:58:16] step 475/5625 | avg train loss 0.7382 top1 0.9913 top5 0.9997
    [01:58:28] step 500/5625 | avg train loss 0.7383 top1 0.9915 top5 0.9998
    [01:58:40] step 525/5625 | avg train loss 0.7381 top1 0.9917 top5 0.9998
    [01:58:52] step 550/5625 | avg train loss 0.7375 top1 0.9918 top5 0.9998
    [01:59:04] step 575/5625 | avg train loss 0.7383 top1 0.9911 top5 0.9998
    [01:59:16] step 600/5625 | avg train loss 0.7376 top1 0.9915 top5 0.9998
    [01:59:28] step 625/5625 | avg train loss 0.7369 top1 0.9918 top5 0.9998
    [01:59:40] step 650/5625 | avg train loss 0.7369 top1 0.9915 top5 0.9998
    [01:59:52] step 675/5625 | avg train loss 0.7374 top1 0.9909 top5 0.9998
    [02:00:04] step 700/5625 | avg train loss 0.7374 top1 0.9905 top5 0.9998
    [02:00:16] step 725/5625 | avg train loss 0.7367 top1 0.9909 top5 0.9998
    [02:00:28] step 750/5625 | avg train loss 0.7365 top1 0.9910 top5 0.9998
    [02:00:40] step 775/5625 | avg train loss 0.7361 top1 0.9913 top5 0.9998
    [02:00:52] step 800/5625 | avg train loss 0.7360 top1 0.9914 top5 0.9998
    [02:01:04] step 825/5625 | avg train loss 0.7362 top1 0.9915 top5 0.9998
    [02:01:16] step 850/5625 | avg train loss 0.7364 top1 0.9915 top5 0.9999
    [02:01:28] step 875/5625 | avg train loss 0.7360 top1 0.9917 top5 0.9999
    [02:01:40] step 900/5625 | avg train loss 0.7356 top1 0.9918 top5 0.9999
    [02:01:53] step 925/5625 | avg train loss 0.7356 top1 0.9919 top5 0.9997
    [02:02:05] step 950/5625 | avg train loss 0.7355 top1 0.9920 top5 0.9997
    [02:02:17] step 975/5625 | avg train loss 0.7353 top1 0.9919 top5 0.9997
    [02:02:29] step 1000/5625 | avg train loss 0.7356 top1 0.9919 top5 0.9998
    [02:02:41] step 1025/5625 | avg train loss 0.7354 top1 0.9918 top5 0.9998
    [02:02:53] step 1050/5625 | avg train loss 0.7352 top1 0.9919 top5 0.9998
    [02:03:05] step 1075/5625 | avg train loss 0.7350 top1 0.9919 top5 0.9998
    [02:03:17] step 1100/5625 | avg train loss 0.7348 top1 0.9918 top5 0.9998
    [02:03:29] step 1125/5625 | avg train loss 0.7349 top1 0.9918 top5 0.9998
    [02:03:41] step 1150/5625 | avg train loss 0.7354 top1 0.9915 top5 0.9998
    [02:03:53] step 1175/5625 | avg train loss 0.7352 top1 0.9917 top5 0.9998
    [02:04:05] step 1200/5625 | avg train loss 0.7354 top1 0.9918 top5 0.9998
    [02:04:17] step 1225/5625 | avg train loss 0.7355 top1 0.9916 top5 0.9998
    [02:04:29] step 1250/5625 | avg train loss 0.7355 top1 0.9916 top5 0.9998
    [02:04:41] step 1275/5625 | avg train loss 0.7354 top1 0.9916 top5 0.9998
    [02:04:53] step 1300/5625 | avg train loss 0.7358 top1 0.9914 top5 0.9997
    [02:05:05] step 1325/5625 | avg train loss 0.7359 top1 0.9914 top5 0.9997
    [02:05:17] step 1350/5625 | avg train loss 0.7358 top1 0.9916 top5 0.9997
    [02:05:29] step 1375/5625 | avg train loss 0.7359 top1 0.9915 top5 0.9997
    [02:05:41] step 1400/5625 | avg train loss 0.7358 top1 0.9916 top5 0.9997
    [02:05:53] step 1425/5625 | avg train loss 0.7360 top1 0.9915 top5 0.9997
    [02:06:05] step 1450/5625 | avg train loss 0.7357 top1 0.9916 top5 0.9997
    [02:06:17] step 1475/5625 | avg train loss 0.7359 top1 0.9916 top5 0.9997
    [02:06:29] step 1500/5625 | avg train loss 0.7357 top1 0.9918 top5 0.9998
    [02:06:41] step 1525/5625 | avg train loss 0.7355 top1 0.9919 top5 0.9998
    [02:06:53] step 1550/5625 | avg train loss 0.7358 top1 0.9917 top5 0.9998
    [02:07:05] step 1575/5625 | avg train loss 0.7361 top1 0.9915 top5 0.9998
    [02:07:18] step 1600/5625 | avg train loss 0.7365 top1 0.9914 top5 0.9998
    [02:07:30] step 1625/5625 | avg train loss 0.7364 top1 0.9915 top5 0.9998
    [02:07:42] step 1650/5625 | avg train loss 0.7368 top1 0.9912 top5 0.9998
    [02:07:54] step 1675/5625 | avg train loss 0.7369 top1 0.9912 top5 0.9998
    [02:08:06] step 1700/5625 | avg train loss 0.7368 top1 0.9911 top5 0.9998
    [02:08:18] step 1725/5625 | avg train loss 0.7367 top1 0.9912 top5 0.9998
    [02:08:30] step 1750/5625 | avg train loss 0.7368 top1 0.9911 top5 0.9998
    [02:08:42] step 1775/5625 | avg train loss 0.7368 top1 0.9911 top5 0.9998
    [02:08:54] step 1800/5625 | avg train loss 0.7368 top1 0.9911 top5 0.9998
    [02:09:06] step 1825/5625 | avg train loss 0.7371 top1 0.9911 top5 0.9997
    [02:09:18] step 1850/5625 | avg train loss 0.7373 top1 0.9909 top5 0.9997
    [02:09:30] step 1875/5625 | avg train loss 0.7375 top1 0.9908 top5 0.9997
    [02:09:42] step 1900/5625 | avg train loss 0.7375 top1 0.9908 top5 0.9997
    [02:09:54] step 1925/5625 | avg train loss 0.7374 top1 0.9908 top5 0.9997
    [02:10:06] step 1950/5625 | avg train loss 0.7377 top1 0.9906 top5 0.9997
    [02:10:18] step 1975/5625 | avg train loss 0.7380 top1 0.9906 top5 0.9997
    [02:10:30] step 2000/5625 | avg train loss 0.7379 top1 0.9906 top5 0.9998
    [02:10:42] step 2025/5625 | avg train loss 0.7379 top1 0.9907 top5 0.9998
    [02:10:54] step 2050/5625 | avg train loss 0.7378 top1 0.9907 top5 0.9998
    [02:11:06] step 2075/5625 | avg train loss 0.7378 top1 0.9907 top5 0.9998
    [02:11:18] step 2100/5625 | avg train loss 0.7378 top1 0.9907 top5 0.9998
    [02:11:30] step 2125/5625 | avg train loss 0.7376 top1 0.9907 top5 0.9998
    [02:11:42] step 2150/5625 | avg train loss 0.7378 top1 0.9905 top5 0.9998
    [02:11:54] step 2175/5625 | avg train loss 0.7379 top1 0.9905 top5 0.9998
    [02:12:06] step 2200/5625 | avg train loss 0.7379 top1 0.9905 top5 0.9998
    [02:12:18] step 2225/5625 | avg train loss 0.7377 top1 0.9906 top5 0.9998
    [02:12:31] step 2250/5625 | avg train loss 0.7375 top1 0.9906 top5 0.9998
    [02:12:43] step 2275/5625 | avg train loss 0.7374 top1 0.9906 top5 0.9998
    [02:12:55] step 2300/5625 | avg train loss 0.7375 top1 0.9905 top5 0.9998
    [02:13:07] step 2325/5625 | avg train loss 0.7373 top1 0.9906 top5 0.9998
    [02:13:19] step 2350/5625 | avg train loss 0.7375 top1 0.9906 top5 0.9998
    [02:13:31] step 2375/5625 | avg train loss 0.7374 top1 0.9906 top5 0.9998
    [02:13:43] step 2400/5625 | avg train loss 0.7373 top1 0.9907 top5 0.9998
    [02:13:55] step 2425/5625 | avg train loss 0.7374 top1 0.9907 top5 0.9998
    [02:14:07] step 2450/5625 | avg train loss 0.7375 top1 0.9907 top5 0.9998
    [02:14:19] step 2475/5625 | avg train loss 0.7374 top1 0.9906 top5 0.9998
    [02:14:31] step 2500/5625 | avg train loss 0.7374 top1 0.9907 top5 0.9998
    [02:14:43] step 2525/5625 | avg train loss 0.7374 top1 0.9906 top5 0.9998
    [02:14:55] step 2550/5625 | avg train loss 0.7375 top1 0.9904 top5 0.9998
    [02:15:07] step 2575/5625 | avg train loss 0.7376 top1 0.9904 top5 0.9998
    [02:15:19] step 2600/5625 | avg train loss 0.7375 top1 0.9904 top5 0.9998
    [02:15:31] step 2625/5625 | avg train loss 0.7379 top1 0.9903 top5 0.9998
    [02:15:43] step 2650/5625 | avg train loss 0.7377 top1 0.9904 top5 0.9998
    [02:15:55] step 2675/5625 | avg train loss 0.7377 top1 0.9904 top5 0.9998
    [02:16:07] step 2700/5625 | avg train loss 0.7376 top1 0.9904 top5 0.9998
    [02:16:19] step 2725/5625 | avg train loss 0.7377 top1 0.9905 top5 0.9998
    [02:16:31] step 2750/5625 | avg train loss 0.7378 top1 0.9905 top5 0.9998
    [02:16:43] step 2775/5625 | avg train loss 0.7378 top1 0.9905 top5 0.9998
    [02:16:55] step 2800/5625 | avg train loss 0.7378 top1 0.9905 top5 0.9998
    [02:17:07] step 2825/5625 | avg train loss 0.7377 top1 0.9905 top5 0.9998
    [02:17:19] step 2850/5625 | avg train loss 0.7376 top1 0.9906 top5 0.9998
    [02:17:31] step 2875/5625 | avg train loss 0.7375 top1 0.9906 top5 0.9998
    [02:17:44] step 2900/5625 | avg train loss 0.7374 top1 0.9907 top5 0.9998
    [02:17:56] step 2925/5625 | avg train loss 0.7374 top1 0.9907 top5 0.9998
    [02:18:08] step 2950/5625 | avg train loss 0.7373 top1 0.9908 top5 0.9998
    [02:18:20] step 2975/5625 | avg train loss 0.7374 top1 0.9908 top5 0.9998
    [02:18:32] step 3000/5625 | avg train loss 0.7373 top1 0.9908 top5 0.9998
    [02:18:44] step 3025/5625 | avg train loss 0.7374 top1 0.9907 top5 0.9998
    [02:18:56] step 3050/5625 | avg train loss 0.7373 top1 0.9908 top5 0.9998
    [02:19:08] step 3075/5625 | avg train loss 0.7373 top1 0.9908 top5 0.9998
    [02:19:20] step 3100/5625 | avg train loss 0.7374 top1 0.9908 top5 0.9998
    [02:19:32] step 3125/5625 | avg train loss 0.7373 top1 0.9908 top5 0.9998
    [02:19:44] step 3150/5625 | avg train loss 0.7372 top1 0.9909 top5 0.9998
    [02:19:56] step 3175/5625 | avg train loss 0.7373 top1 0.9908 top5 0.9998
    [02:20:08] step 3200/5625 | avg train loss 0.7373 top1 0.9909 top5 0.9998
    [02:20:20] step 3225/5625 | avg train loss 0.7372 top1 0.9909 top5 0.9998
    [02:20:32] step 3250/5625 | avg train loss 0.7372 top1 0.9910 top5 0.9998
    [02:20:44] step 3275/5625 | avg train loss 0.7371 top1 0.9910 top5 0.9998
    [02:20:56] step 3300/5625 | avg train loss 0.7372 top1 0.9909 top5 0.9998
    [02:21:08] step 3325/5625 | avg train loss 0.7371 top1 0.9910 top5 0.9998
    [02:21:20] step 3350/5625 | avg train loss 0.7372 top1 0.9910 top5 0.9998
    [02:21:32] step 3375/5625 | avg train loss 0.7371 top1 0.9910 top5 0.9998
    [02:21:44] step 3400/5625 | avg train loss 0.7371 top1 0.9910 top5 0.9998
    [02:21:56] step 3425/5625 | avg train loss 0.7369 top1 0.9911 top5 0.9998
    [02:22:08] step 3450/5625 | avg train loss 0.7369 top1 0.9911 top5 0.9998
    [02:22:20] step 3475/5625 | avg train loss 0.7368 top1 0.9911 top5 0.9998
    [02:22:33] step 3500/5625 | avg train loss 0.7368 top1 0.9911 top5 0.9998
    [02:22:51] step 3525/5625 | avg train loss 0.7369 top1 0.9910 top5 0.9998
    [02:23:16] step 3550/5625 | avg train loss 0.7368 top1 0.9910 top5 0.9998
    [02:23:41] step 3575/5625 | avg train loss 0.7369 top1 0.9910 top5 0.9998
    [02:24:07] step 3600/5625 | avg train loss 0.7369 top1 0.9910 top5 0.9998
    [02:24:32] step 3625/5625 | avg train loss 0.7368 top1 0.9910 top5 0.9998
    [02:24:57] step 3650/5625 | avg train loss 0.7368 top1 0.9910 top5 0.9998
    [02:25:23] step 3675/5625 | avg train loss 0.7368 top1 0.9911 top5 0.9998
    [02:25:48] step 3700/5625 | avg train loss 0.7367 top1 0.9911 top5 0.9998
    [02:26:13] step 3725/5625 | avg train loss 0.7367 top1 0.9912 top5 0.9998
    [02:26:39] step 3750/5625 | avg train loss 0.7368 top1 0.9912 top5 0.9998
    [02:27:04] step 3775/5625 | avg train loss 0.7367 top1 0.9912 top5 0.9998
    [02:27:29] step 3800/5625 | avg train loss 0.7367 top1 0.9912 top5 0.9998
    [02:27:55] step 3825/5625 | avg train loss 0.7367 top1 0.9912 top5 0.9998
    [02:28:20] step 3850/5625 | avg train loss 0.7366 top1 0.9913 top5 0.9998
    [02:28:45] step 3875/5625 | avg train loss 0.7366 top1 0.9913 top5 0.9998
    [02:29:11] step 3900/5625 | avg train loss 0.7366 top1 0.9912 top5 0.9998
    [02:29:36] step 3925/5625 | avg train loss 0.7366 top1 0.9912 top5 0.9998
    [02:30:01] step 3950/5625 | avg train loss 0.7365 top1 0.9913 top5 0.9998
    [02:30:26] step 3975/5625 | avg train loss 0.7366 top1 0.9912 top5 0.9998
    [02:30:52] step 4000/5625 | avg train loss 0.7366 top1 0.9912 top5 0.9998
    [02:31:17] step 4025/5625 | avg train loss 0.7366 top1 0.9912 top5 0.9998
    [02:31:42] step 4050/5625 | avg train loss 0.7366 top1 0.9913 top5 0.9998
    [02:32:08] step 4075/5625 | avg train loss 0.7367 top1 0.9912 top5 0.9998
    [02:32:33] step 4100/5625 | avg train loss 0.7366 top1 0.9912 top5 0.9998
    [02:32:58] step 4125/5625 | avg train loss 0.7367 top1 0.9912 top5 0.9998
    [02:33:24] step 4150/5625 | avg train loss 0.7366 top1 0.9912 top5 0.9998
    [02:33:49] step 4175/5625 | avg train loss 0.7367 top1 0.9912 top5 0.9999
    [02:34:14] step 4200/5625 | avg train loss 0.7367 top1 0.9911 top5 0.9999
    [02:34:39] step 4225/5625 | avg train loss 0.7367 top1 0.9911 top5 0.9999
    [02:35:04] step 4250/5625 | avg train loss 0.7368 top1 0.9911 top5 0.9999
    [02:35:29] step 4275/5625 | avg train loss 0.7368 top1 0.9911 top5 0.9999
    [02:35:54] step 4300/5625 | avg train loss 0.7368 top1 0.9910 top5 0.9999
    [02:36:20] step 4325/5625 | avg train loss 0.7368 top1 0.9910 top5 0.9999
    [02:36:45] step 4350/5625 | avg train loss 0.7368 top1 0.9911 top5 0.9999
    [02:37:10] step 4375/5625 | avg train loss 0.7367 top1 0.9911 top5 0.9999
    [02:37:36] step 4400/5625 | avg train loss 0.7367 top1 0.9911 top5 0.9999
    [02:38:01] step 4425/5625 | avg train loss 0.7368 top1 0.9910 top5 0.9999
    [02:38:26] step 4450/5625 | avg train loss 0.7368 top1 0.9910 top5 0.9999
    [02:38:52] step 4475/5625 | avg train loss 0.7368 top1 0.9911 top5 0.9999
    [02:39:17] step 4500/5625 | avg train loss 0.7369 top1 0.9910 top5 0.9999
    [02:39:42] step 4525/5625 | avg train loss 0.7370 top1 0.9910 top5 0.9999
    [02:40:08] step 4550/5625 | avg train loss 0.7370 top1 0.9910 top5 0.9999
    [02:40:33] step 4575/5625 | avg train loss 0.7371 top1 0.9910 top5 0.9999
    [02:40:58] step 4600/5625 | avg train loss 0.7371 top1 0.9910 top5 0.9999
    [02:41:23] step 4625/5625 | avg train loss 0.7370 top1 0.9910 top5 0.9999
    [02:41:49] step 4650/5625 | avg train loss 0.7370 top1 0.9910 top5 0.9999
    [02:42:14] step 4675/5625 | avg train loss 0.7370 top1 0.9910 top5 0.9999
    [02:42:39] step 4700/5625 | avg train loss 0.7369 top1 0.9910 top5 0.9999
    [02:43:05] step 4725/5625 | avg train loss 0.7369 top1 0.9911 top5 0.9999
    [02:43:30] step 4750/5625 | avg train loss 0.7370 top1 0.9911 top5 0.9999
    [02:43:55] step 4775/5625 | avg train loss 0.7369 top1 0.9911 top5 0.9999
    [02:44:21] step 4800/5625 | avg train loss 0.7369 top1 0.9911 top5 0.9999
    [02:44:46] step 4825/5625 | avg train loss 0.7370 top1 0.9911 top5 0.9999
    [02:45:11] step 4850/5625 | avg train loss 0.7369 top1 0.9911 top5 0.9999
    [02:45:37] step 4875/5625 | avg train loss 0.7368 top1 0.9912 top5 0.9999
    [02:46:02] step 4900/5625 | avg train loss 0.7368 top1 0.9912 top5 0.9999
    [02:46:27] step 4925/5625 | avg train loss 0.7368 top1 0.9913 top5 0.9999
    [02:46:52] step 4950/5625 | avg train loss 0.7368 top1 0.9913 top5 0.9999
    [02:47:18] step 4975/5625 | avg train loss 0.7367 top1 0.9913 top5 0.9999
    [02:47:43] step 5000/5625 | avg train loss 0.7368 top1 0.9912 top5 0.9999
    [02:48:08] step 5025/5625 | avg train loss 0.7368 top1 0.9912 top5 0.9999
    [02:48:33] step 5050/5625 | avg train loss 0.7368 top1 0.9912 top5 0.9999
    [02:48:58] step 5075/5625 | avg train loss 0.7368 top1 0.9912 top5 0.9999
    [02:49:23] step 5100/5625 | avg train loss 0.7368 top1 0.9912 top5 0.9999
    [02:49:49] step 5125/5625 | avg train loss 0.7368 top1 0.9912 top5 0.9999
    [02:50:14] step 5150/5625 | avg train loss 0.7367 top1 0.9912 top5 0.9999
    [02:50:39] step 5175/5625 | avg train loss 0.7367 top1 0.9912 top5 0.9999
    [02:51:05] step 5200/5625 | avg train loss 0.7366 top1 0.9912 top5 0.9999
    [02:51:30] step 5225/5625 | avg train loss 0.7366 top1 0.9912 top5 0.9999
    [02:51:55] step 5250/5625 | avg train loss 0.7366 top1 0.9912 top5 0.9999
    [02:52:21] step 5275/5625 | avg train loss 0.7366 top1 0.9912 top5 0.9999
    [02:52:46] step 5300/5625 | avg train loss 0.7367 top1 0.9912 top5 0.9999
    [02:53:11] step 5325/5625 | avg train loss 0.7366 top1 0.9912 top5 0.9999
    [02:53:37] step 5350/5625 | avg train loss 0.7367 top1 0.9913 top5 0.9999
    [02:54:02] step 5375/5625 | avg train loss 0.7366 top1 0.9913 top5 0.9999
    [02:54:27] step 5400/5625 | avg train loss 0.7367 top1 0.9912 top5 0.9999
    [02:54:53] step 5425/5625 | avg train loss 0.7367 top1 0.9912 top5 0.9999
    [02:55:18] step 5450/5625 | avg train loss 0.7367 top1 0.9912 top5 0.9999
    [02:55:43] step 5475/5625 | avg train loss 0.7367 top1 0.9912 top5 0.9999
    [02:56:09] step 5500/5625 | avg train loss 0.7368 top1 0.9912 top5 0.9999
    [02:56:34] step 5525/5625 | avg train loss 0.7367 top1 0.9912 top5 0.9999
    [02:56:59] step 5550/5625 | avg train loss 0.7367 top1 0.9912 top5 0.9999
    [02:57:25] step 5575/5625 | avg train loss 0.7367 top1 0.9912 top5 0.9999
    [02:57:50] step 5600/5625 | avg train loss 0.7368 top1 0.9912 top5 0.9999
    [02:58:15] step 5625/5625 | avg train loss 0.7367 top1 0.9912 top5 0.9999
[2026-05-22T03:04:16] Epoch 15/15 | train loss 0.7367 top1 0.9912 | val loss 1.2223 top1 0.7035 top5 0.8934
[cuda] cache emptied (run-end). Free: 11.05 / 23.54 GiB
Done. Best val top1: 0.7060. Checkpoint: /Data/romain.poggi/smth2smth/checkpoints/track_b/vitl_fpc16ssv2_8f_lora_r16.last.pt
