model:
  name: vjepa2
  pretrained: true
  num_classes: ${num_classes}
  hf_repo: facebook/vjepa2-vitl-fpc64-256
  head_type: attentive
  head_num_heads: 8
  head_num_queries: 1
  head_dropout: 0.0
  lora_enabled: false
  lora_r: 8
  lora_alpha: 16
  lora_dropout: 0.05
  lora_target_modules: null
  freeze_backbone: true
  attn_implementation: sdpa
dataset:
  root: ${hydra:runtime.cwd}/data
  train_dir: ${dataset.root}/train
  val_dir: ${dataset.root}/val
  test_dir: ${dataset.root}/test
  augmented_dirs: []
  test_manifest: null
  submission_output: ${hydra:runtime.cwd}/submissions/track_b.csv
  num_frames: 16
  val_ratio: 0.2
  use_official_val: true
  seed: ${seed}
  max_samples: null
  max_samples_per_class: null
  image_size: 256
training:
  batch_size: 4
  lr: 0.001
  epochs: 30
  num_workers: 2
  checkpoint_path: checkpoints/track_b/vitl_30e_warmup.pt
  resume_from: null
  amp: true
  device: cuda
  optimizer: adamw
  momentum: 0.9
  nesterov: false
  weight_decay: 0.05
  scheduler_cosine: true
  warmup_epochs: 3
  min_lr: 1.0e-05
  label_smoothing: 0.1
  videomix_alpha: 0.0
  videomix_prob: 1.0
  videomix_mode: cube_cutmix
  early_stopping_enabled: false
  early_stopping_patience: 8
  early_stopping_min_delta: 0.001
  log_interval_steps: 50
  ema_enabled: false
  ema_decay: 0.999
  eval_every_n_epochs: 1
  eval_ema: false
  save_last_checkpoint: true
  last_checkpoint_path: null
  tta: true
  tta_flip: true
  tta_temporal_shift: 0
augment:
  name: none
  random_horizontal_flip: true
  random_crop: false
  crop_padding: 0
  color_jitter: false
  color_jitter_brightness: 0.0
  color_jitter_contrast: 0.0
  color_jitter_saturation: 0.0
  color_jitter_hue: 0.0
pretrain:
  epochs: 100
  batch_size: 64
  lr: 0.0005
  weight_decay: 0.04
  log_interval_steps: 50
  checkpoint_path: ${hydra:runtime.cwd}/ssl_trunk.pt
  max_frames: null
  image_size: 224
  local_image_size: 96
  num_local_views: 6
  out_dim: 4096
  hidden_dim: 2048
  bottleneck_dim: 256
  n_layers: 3
  teacher_temp: 0.04
  student_temp: 0.1
  center_momentum: 0.9
  teacher_momentum_base: 0.996
  teacher_momentum_final: 1.0
track:
  name: b
  description: 'Open-world track: pretrained backbone allowed.'
num_classes: 33
seed: 42

[cuda] cache emptied (run-start). Free: 15.28 / 15.58 GiB
[data] use_official_val=true: train=44993 (from /Data/romain.poggi/Modal/project/smth2smth/data/train), val=6745 (from /Data/romain.poggi/Modal/project/smth2smth/data/val)
[2026-05-14 15:28:14,087][httpx][INFO] - HTTP Request: HEAD https://huggingface.co/facebook/vjepa2-vitl-fpc64-256/resolve/main/config.json "HTTP/1.1 307 Temporary Redirect"
[2026-05-14 15:28:14,247][httpx][INFO] - HTTP Request: HEAD https://huggingface.co/api/resolve-cache/models/facebook/vjepa2-vitl-fpc64-256/b3c1679b7c34d3255ef3547f27c7b226aefab26f/config.json "HTTP/1.1 200 OK"
[2026-05-14 15:28:14,402][httpx][INFO] - HTTP Request: GET https://huggingface.co/api/resolve-cache/models/facebook/vjepa2-vitl-fpc64-256/b3c1679b7c34d3255ef3547f27c7b226aefab26f/config.json "HTTP/1.1 200 OK"
[2026-05-14 15:28:14,560][httpx][INFO] - HTTP Request: HEAD https://huggingface.co/facebook/vjepa2-vitl-fpc64-256/resolve/main/adapter_config.json "HTTP/1.1 404 Not Found"
[2026-05-14 15:28:14,766][httpx][INFO] - HTTP Request: HEAD https://huggingface.co/facebook/vjepa2-vitl-fpc64-256/resolve/main/config.json "HTTP/1.1 307 Temporary Redirect"
[2026-05-14 15:28:14,773][httpx][INFO] - HTTP Request: HEAD https://huggingface.co/api/resolve-cache/models/facebook/vjepa2-vitl-fpc64-256/b3c1679b7c34d3255ef3547f27c7b226aefab26f/config.json "HTTP/1.1 200 OK"
[2026-05-14 15:28:14,949][httpx][INFO] - HTTP Request: HEAD https://huggingface.co/facebook/vjepa2-vitl-fpc64-256/resolve/main/model.safetensors "HTTP/1.1 302 Found"
[2026-05-14 15:28:15,096][httpx][INFO] - HTTP Request: GET https://huggingface.co/api/models/facebook/vjepa2-vitl-fpc64-256/xet-read-token/b3c1679b7c34d3255ef3547f27c7b226aefab26f "HTTP/1.1 200 OK"
Loading weights:   0%|          | 0/587 [00:00<?, ?it/s]Loading weights: 100%|██████████| 587/587 [00:00<00:00, 23860.60it/s]
[optim] trainable 4,235,297 / total 330,206,625 params (1.28%)
[amp] mixed-precision (fp16 + GradScaler) enabled.
    step 50/11249 | avg train loss 3.8688 top1 0.0600 top5 0.2200
    step 100/11249 | avg train loss 3.6711 top1 0.0800 top5 0.2850
    step 150/11249 | avg train loss 3.6402 top1 0.0667 top5 0.2750
    step 200/11249 | avg train loss 3.5729 top1 0.0838 top5 0.2950
    step 250/11249 | avg train loss 3.5068 top1 0.0990 top5 0.3200
    step 300/11249 | avg train loss 3.4550 top1 0.1042 top5 0.3300
    step 350/11249 | avg train loss 3.4100 top1 0.1093 top5 0.3450
    step 400/11249 | avg train loss 3.3634 top1 0.1175 top5 0.3600
    step 450/11249 | avg train loss 3.3242 top1 0.1272 top5 0.3739
    step 500/11249 | avg train loss 3.2956 top1 0.1325 top5 0.3885
    step 550/11249 | avg train loss 3.2617 top1 0.1405 top5 0.4068
    step 600/11249 | avg train loss 3.2329 top1 0.1446 top5 0.4196
    step 650/11249 | avg train loss 3.1918 top1 0.1550 top5 0.4396
    step 700/11249 | avg train loss 3.1731 top1 0.1607 top5 0.4489
    step 750/11249 | avg train loss 3.1431 top1 0.1693 top5 0.4627
    step 800/11249 | avg train loss 3.1221 top1 0.1741 top5 0.4722
    step 850/11249 | avg train loss 3.0954 top1 0.1797 top5 0.4826
    step 900/11249 | avg train loss 3.0731 top1 0.1872 top5 0.4894
    step 950/11249 | avg train loss 3.0604 top1 0.1926 top5 0.4961
    step 1000/11249 | avg train loss 3.0335 top1 0.1993 top5 0.5060
    step 1050/11249 | avg train loss 3.0135 top1 0.2060 top5 0.5138
    step 1100/11249 | avg train loss 2.9995 top1 0.2098 top5 0.5198
    step 1150/11249 | avg train loss 2.9865 top1 0.2117 top5 0.5263
    step 1200/11249 | avg train loss 2.9686 top1 0.2171 top5 0.5340
    step 1250/11249 | avg train loss 2.9523 top1 0.2216 top5 0.5404
    step 1300/11249 | avg train loss 2.9314 top1 0.2263 top5 0.5487
    step 1350/11249 | avg train loss 2.9200 top1 0.2296 top5 0.5531
