[cache] val=/Data/thomas.turkieh/smth2smth/data/val train=/Data/thomas.turkieh/smth2smth/data/train test=/Data/thomas.turkieh/smth2smth/data/test
[cache] holdout N=676 split_seed=42
[cache] test N=6913
[cache] holdout seed=42 official_2x3 ...
[submit] masking 1 never-trained class index/indices: [27]
[cache] wrote logits_s42_official_2x3_logits.npy probs_s42_official_2x3_probs.npy (676, 33)
[cache] test seed=42 official_2x3 ...
[submit] masking 1 never-trained class index/indices: [27]
[cache] wrote logits_test_s42_official_2x3_logits.npy probs_test_s42_official_2x3_probs.npy (6913, 33)
[cache] holdout seed=43 official_2x3 ...
[submit] masking 1 never-trained class index/indices: [27]
[cache] wrote logits_s43_official_2x3_logits.npy probs_s43_official_2x3_probs.npy (676, 33)
[cache] test seed=43 official_2x3 ...
[submit] masking 1 never-trained class index/indices: [27]
[cache] wrote logits_test_s43_official_2x3_logits.npy probs_test_s43_official_2x3_probs.npy (6913, 33)
[cache] holdout seed=44 official_2x3 ...
[submit] masking 1 never-trained class index/indices: [27]
[cache] wrote logits_s44_official_2x3_logits.npy probs_s44_official_2x3_probs.npy (676, 33)
[cache] test seed=44 official_2x3 ...
[submit] masking 1 never-trained class index/indices: [27]
[cache] wrote logits_test_s44_official_2x3_logits.npy probs_test_s44_official_2x3_probs.npy (6913, 33)
