model:
  name: video_mae_vit
  variant: vit_b
  num_classes: ${num_classes}
  tube_t: 1
  patch_size: 16
  mlp_ratio: 4.0
  drop_path_rate: 0.2
  dropout: 0.0
  head: mean
  head_num_heads: 4
  init_from: ${hydra:runtime.cwd}/checkpoints/track_a/ssl/espadon_t16_encoder_e25.pt
  interpolate_pos_embed: false
  interpolate_src_image_size: 224
  interpolate_src_num_frames: 16
  gradient_checkpointing: true
  freeze_backbone: false
  residual_variant: prenorm
  hc_n: 4
  hc_sk_iters: 3
  hc_sk_tau: 1.0
dataset:
  root: /Data/thomas.turkieh/smth2smth/data
  train_dir: ${dataset.root}/train
  val_dir: ${dataset.root}/val
  test_dir: ${dataset.root}/test
  augmented_dirs: []
  test_manifest: null
  submission_output: ${hydra:runtime.cwd}/submissions/track_a.csv
  num_frames: 16
  val_ratio: 0.2
  use_official_val: true
  include_val_in_train: false
  official_val_holdout_ratio: 0.0
  seed: ${seed}
  use_extra: false
  train_extra_dir: ${dataset.root}/train_extra
  max_samples: 64
  max_samples_per_class: null
  image_size: 224
  time_reversal_prob: 0.0
  temporal_reversal_augment:
    enabled: false
    prob: 0.5
  class_boosting:
    enabled: false
training:
  batch_size: 2
  grad_accum_steps: 1
  epochs: 1
  optimizer: adamw
  lr: 0.0005
  layer_decay: 0.75
  weight_decay: 0.05
  scheduler: cosine
  scheduler_cosine: true
  warmup_epochs: 5
  min_lr: 1.0e-06
  label_smoothing: 0.1
  videomix_mode: mixup_cutmix_switch
  videomix_alpha: 1.0
  videomix_mixup_alpha: 0.8
  videomix_cutmix_alpha: 1.0
  videomix_prob: 1.0
  videomix_switch_prob: 0.5
  repeated_aug: 2
  amp: true
  amp_dtype: bf16
  ema_enabled: true
  ema_decay: 0.9999
  early_stopping_enabled: false
  early_stopping_patience: 25
  early_stopping_min_delta: 0.001
  num_workers: 2
  log_interval_steps: 100
  device: cuda
  tta: true
  tta_flip: true
  tta_scales:
  - 0.875
  - 1.0
  - 1.125
  wandb:
    enabled: true
    project: smth2smth-track-a
    entity: null
    name: espadon_official_dryrun_20260523_050041
    tags:
    - dry-run
    - rq4
    - espadon
    mode: online
    log_interval_epochs: 1
  checkpoint_path: /Data/romain.poggi/smth2smth/checkpoints/track_a/videomaev2+ft/_dryrun_espadon_official.pt
augment:
  name: official_videomae_ssv2
  random_horizontal_flip: false
  random_crop: false
  multiscale_crop: true
  multiscale_scale:
  - 0.08
  - 1.0
  multiscale_aspect:
  - 0.75
  - 1.3333
  color_jitter: false
  sync_across_frames: true
  randaugment:
    enabled: true
    'n': 4
    m: 7.0
    mode: spatial
    magnitude_max: 30.0
    ops: null
  random_erase:
    enabled: true
    prob: 0.25
    mode: pixel
    count: 1
pretrain:
  epochs: 100
  batch_size: 64
  lr: 0.0005
  weight_decay: 0.04
  log_interval_steps: 50
  checkpoint_path: ${hydra:runtime.cwd}/ssl_trunk.pt
  max_frames: null
  image_size: 224
  local_image_size: 96
  num_local_views: 6
  out_dim: 4096
  hidden_dim: 2048
  bottleneck_dim: 256
  n_layers: 3
  teacher_temp: 0.04
  student_temp: 0.1
  center_momentum: 0.9
  teacher_momentum_base: 0.996
  teacher_momentum_final: 1.0
test:
  num_segment: 1
  num_crop: 1
  flip_tta: false
track:
  name: a
  description: 'Closed-world track: train from scratch.'
seed: 42
num_classes: 33

wandb: [wandb.login()] Loaded credentials for https://api.wandb.ai from WANDB_API_KEY.
wandb: Currently logged in as: romain-poggi (romain-poggi-ecole-polytechnique) to https://api.wandb.ai. Use `wandb login --relogin` to force relogin
wandb: setting up run rmnj9f1e
wandb: Tracking run with wandb version 0.27.0
wandb: Run data is saved locally in /Data/romain.poggi/smth2smth/wandb/run-20260523_050044-rmnj9f1e
wandb: Run `wandb offline` to turn off syncing.
wandb: Syncing run espadon_official_dryrun_20260523_050041
wandb: ⭐️ View project at https://wandb.ai/romain-poggi-ecole-polytechnique/smth2smth-track-a
wandb: 🚀 View run at https://wandb.ai/romain-poggi-ecole-polytechnique/smth2smth-track-a/runs/rmnj9f1e
[cuda] cache emptied (run-start). Free: 7.79 / 23.54 GiB
[data] use_official_val=true: train=64 (train_dir=64), val=64 (from /Data/thomas.turkieh/smth2smth/data/val)
[data] repeated_aug=2: each clip drawn up to 2x per epoch with independent augmentations.
[init_from] loaded 149 encoder tensors from /Data/romain.poggi/smth2smth/checkpoints/track_a/ssl/espadon_t16_encoder_e25.pt. encoder-missing=0, unexpected=0
[optim] LLRD: layer_decay=0.75, depth=12, 28 param groups.
[optim] trainable 88,080,417 / total 88,080,417 params (100.00%)
[amp] mixed-precision (torch.bfloat16 + GradScaler) enabled.
[ema] enabled (decay=0.9999); will eval both live and EMA each epoch.
    [05:01:01] step 32/32 | avg train loss 0.3548 top1 0.9688 top5 0.9688
[2026-05-23T05:01:06] Epoch 1/1 | train loss 0.3548 top1 0.9688 | val loss 0.0004 top1 1.0000 top5 1.0000 | ema val top1 1.0000 top5 1.0000
  Saved new best checkpoint (live): /Data/romain.poggi/smth2smth/checkpoints/track_a/videomaev2+ft/_dryrun_espadon_official.pt (val top1=1.0000)
wandb: updating run metadata
wandb: uploading output.log; uploading wandb-summary.json; uploading config.yaml
wandb: 
wandb: Run history:
wandb: best/val_top1 ▁
wandb:         epoch ▁
wandb:            lr ▁
wandb:    train/loss ▁
wandb:    train/top1 ▁
wandb:    train/top5 ▁
wandb:  val/ema_top1 ▁
wandb:  val/ema_top5 ▁
wandb:      val/loss ▁
wandb:      val/top1 ▁
wandb:            +1 ...
wandb: 
wandb: Run summary:
wandb: best/val_top1 1
wandb:         epoch 1
wandb:            lr 0.0
wandb:    train/loss 0.35483
wandb:    train/top1 0.96875
wandb:    train/top5 0.96875
wandb:  val/ema_top1 1
wandb:  val/ema_top5 1
wandb:      val/loss 0.00035
wandb:      val/top1 1
wandb:            +1 ...
wandb: 
wandb: 🚀 View run espadon_official_dryrun_20260523_050041 at: https://wandb.ai/romain-poggi-ecole-polytechnique/smth2smth-track-a/runs/rmnj9f1e
wandb: ⭐️ View project at: https://wandb.ai/romain-poggi-ecole-polytechnique/smth2smth-track-a
wandb: Synced 5 W&B file(s), 0 media file(s), 0 artifact file(s) and 0 other file(s)
wandb: Find logs at: ./wandb/run-20260523_050044-rmnj9f1e/logs
[cuda] cache emptied (run-end). Free: 5.79 / 23.54 GiB
Done. Best val top1: 1.0000. Checkpoint: /Data/romain.poggi/smth2smth/checkpoints/track_a/videomaev2+ft/_dryrun_espadon_official.pt
