nohup: ignoring input
[2026-04-28 02:18:24] Repo: /Data/romain.poggi/Modal/project/smth2smth
[2026-04-28 02:18:24] EPOCHS=20  LRS_A=1e-3,5e-4,1e-4  LRS_B=5e-4,1e-4,5e-5
Tue Apr 28 02:18:24 2026       
+-----------------------------------------------------------------------------------------+
| NVIDIA-SMI 595.58.03              Driver Version: 595.58.03      CUDA Version: 13.2     |
+-----------------------------------------+------------------------+----------------------+
| GPU  Name                 Persistence-M | Bus-Id          Disp.A | Volatile Uncorr. ECC |
| Fan  Temp   Perf          Pwr:Usage/Cap |           Memory-Usage | GPU-Util  Compute M. |
|                                         |                        |               MIG M. |
|=========================================+========================+======================|
|   0  NVIDIA RTX A4000               Off |   00000000:01:00.0 Off |                  Off |
| 41%   41C    P8             13W /  140W |     138MiB /  16376MiB |      0%      Default |
|                                         |                        |                  N/A |
+-----------------------------------------+------------------------+----------------------+

+-----------------------------------------------------------------------------------------+
| Processes:                                                                              |
|  GPU   GI   CI              PID   Type   Process name                        GPU Memory |
|        ID   ID                                                               Usage      |
|=========================================================================================|
|    0   N/A  N/A          955546      G   /usr/libexec/Xorg                        94MiB |
|    0   N/A  N/A          955574      G   /usr/bin/gnome-shell                      8MiB |
+-----------------------------------------------------------------------------------------+
[2026-04-28 02:18:24] === Track A x {augment=none, augment=strong} x {lr in 1e-3,5e-4,1e-4} ===
[2026-04-28 02:18:26,005][HYDRA] Launching 6 jobs locally
[2026-04-28 02:18:26,005][HYDRA] 	#0 : track=a experiment=baseline_from_scratch augment=none training.lr=0.001 training.epochs=20 training.checkpoint_path=$\{hydra\:runtime.cwd\}/checkpoints/runs/track_a_aug-$\{augment.name\}_lr$\{training.lr\}.pt
model:
  name: cnn_baseline
  pretrained: false
  num_classes: ${num_classes}
dataset:
  root: ${hydra:runtime.cwd}/data
  train_dir: ${dataset.root}/train
  val_dir: ${dataset.root}/val
  test_dir: ${dataset.root}/test
  augmented_dirs: []
  test_manifest: null
  submission_output: ${hydra:runtime.cwd}/submissions/track_a.csv
  num_frames: 8
  val_ratio: 0.2
  seed: ${seed}
  max_samples: null
  image_size: 224
training:
  batch_size: 8
  lr: 0.001
  epochs: 20
  num_workers: 2
  checkpoint_path: ${hydra:runtime.cwd}/checkpoints/runs/track_a_aug-${augment.name}_lr${training.lr}.pt
  device: cuda
augment:
  name: none
  random_horizontal_flip: true
  random_crop: false
  crop_padding: 0
  color_jitter: false
  color_jitter_brightness: 0.0
  color_jitter_contrast: 0.0
  color_jitter_saturation: 0.0
  color_jitter_hue: 0.0
track:
  name: a
  description: 'Closed-world track: train from scratch.'
num_classes: 33
seed: 42

[cuda] cache emptied (run-start). Free: 15.28 / 15.58 GiB
Epoch 1/20 | train loss 3.3578 top1 0.0648 | val loss 3.3159 top1 0.0686 top5 0.3089
  Saved new best checkpoint: /Data/romain.poggi/Modal/project/smth2smth/checkpoints/runs/track_a_aug-none_lr0.001.pt (val top1=0.0686)
Epoch 2/20 | train loss 3.2825 top1 0.0847 | val loss 3.2320 top1 0.0993 top5 0.3564
  Saved new best checkpoint: /Data/romain.poggi/Modal/project/smth2smth/checkpoints/runs/track_a_aug-none_lr0.001.pt (val top1=0.0993)
Epoch 3/20 | train loss 3.1888 top1 0.1166 | val loss 3.1121 top1 0.1426 top5 0.4145
  Saved new best checkpoint: /Data/romain.poggi/Modal/project/smth2smth/checkpoints/runs/track_a_aug-none_lr0.001.pt (val top1=0.1426)
Epoch 4/20 | train loss 3.0492 top1 0.1579 | val loss 3.0404 top1 0.1565 top5 0.4546
  Saved new best checkpoint: /Data/romain.poggi/Modal/project/smth2smth/checkpoints/runs/track_a_aug-none_lr0.001.pt (val top1=0.1565)
Epoch 5/20 | train loss 2.9106 top1 0.1932 | val loss 2.9269 top1 0.1971 top5 0.4986
  Saved new best checkpoint: /Data/romain.poggi/Modal/project/smth2smth/checkpoints/runs/track_a_aug-none_lr0.001.pt (val top1=0.1971)
Epoch 6/20 | train loss 2.7906 top1 0.2238 | val loss 2.8842 top1 0.2169 top5 0.5231
  Saved new best checkpoint: /Data/romain.poggi/Modal/project/smth2smth/checkpoints/runs/track_a_aug-none_lr0.001.pt (val top1=0.2169)
Epoch 7/20 | train loss 2.6825 top1 0.2541 | val loss 2.9479 top1 0.2305 top5 0.5442
  Saved new best checkpoint: /Data/romain.poggi/Modal/project/smth2smth/checkpoints/runs/track_a_aug-none_lr0.001.pt (val top1=0.2305)
Epoch 8/20 | train loss 2.5665 top1 0.2807 | val loss 2.8925 top1 0.2478 top5 0.5533
  Saved new best checkpoint: /Data/romain.poggi/Modal/project/smth2smth/checkpoints/runs/track_a_aug-none_lr0.001.pt (val top1=0.2478)
Epoch 9/20 | train loss 2.4401 top1 0.3142 | val loss 2.7381 top1 0.2661 top5 0.5796
  Saved new best checkpoint: /Data/romain.poggi/Modal/project/smth2smth/checkpoints/runs/track_a_aug-none_lr0.001.pt (val top1=0.2661)
Epoch 10/20 | train loss 2.2930 top1 0.3480 | val loss 3.0779 top1 0.2694 top5 0.5643
  Saved new best checkpoint: /Data/romain.poggi/Modal/project/smth2smth/checkpoints/runs/track_a_aug-none_lr0.001.pt (val top1=0.2694)
Epoch 11/20 | train loss 2.1246 top1 0.3915 | val loss 3.1633 top1 0.2778 top5 0.5725
  Saved new best checkpoint: /Data/romain.poggi/Modal/project/smth2smth/checkpoints/runs/track_a_aug-none_lr0.001.pt (val top1=0.2778)
Epoch 12/20 | train loss 1.9404 top1 0.4367 | val loss 3.4762 top1 0.2731 top5 0.5750
Epoch 13/20 | train loss 1.6904 top1 0.5006 | val loss 3.1162 top1 0.2877 top5 0.5811
  Saved new best checkpoint: /Data/romain.poggi/Modal/project/smth2smth/checkpoints/runs/track_a_aug-none_lr0.001.pt (val top1=0.2877)
Epoch 14/20 | train loss 1.4259 top1 0.5693 | val loss 3.3593 top1 0.2727 top5 0.5535
Epoch 15/20 | train loss 1.1541 top1 0.6420 | val loss 4.1790 top1 0.2668 top5 0.5612
Epoch 16/20 | train loss 0.9099 top1 0.7177 | val loss 4.5575 top1 0.2601 top5 0.5426
Epoch 17/20 | train loss 0.7196 top1 0.7760 | val loss 4.4815 top1 0.2671 top5 0.5527
Epoch 18/20 | train loss 0.5853 top1 0.8160 | val loss 4.8805 top1 0.2575 top5 0.5367
Epoch 19/20 | train loss 0.4689 top1 0.8512 | val loss 5.2842 top1 0.2538 top5 0.5326
Epoch 20/20 | train loss 0.4083 top1 0.8720 | val loss 5.2956 top1 0.2573 top5 0.5424
[cuda] cache emptied (run-end). Free: 14.87 / 15.58 GiB
Done. Best val top1: 0.2877. Checkpoint: /Data/romain.poggi/Modal/project/smth2smth/checkpoints/runs/track_a_aug-none_lr0.001.pt
[2026-04-28 04:24:09,948][HYDRA] 	#1 : track=a experiment=baseline_from_scratch augment=none training.lr=0.0005 training.epochs=20 training.checkpoint_path=$\{hydra\:runtime.cwd\}/checkpoints/runs/track_a_aug-$\{augment.name\}_lr$\{training.lr\}.pt
model:
  name: cnn_baseline
  pretrained: false
  num_classes: ${num_classes}
dataset:
  root: ${hydra:runtime.cwd}/data
  train_dir: ${dataset.root}/train
  val_dir: ${dataset.root}/val
  test_dir: ${dataset.root}/test
  augmented_dirs: []
  test_manifest: null
  submission_output: ${hydra:runtime.cwd}/submissions/track_a.csv
  num_frames: 8
  val_ratio: 0.2
  seed: ${seed}
  max_samples: null
  image_size: 224
training:
  batch_size: 8
  lr: 0.0005
  epochs: 20
  num_workers: 2
  checkpoint_path: ${hydra:runtime.cwd}/checkpoints/runs/track_a_aug-${augment.name}_lr${training.lr}.pt
  device: cuda
augment:
  name: none
  random_horizontal_flip: true
  random_crop: false
  crop_padding: 0
  color_jitter: false
  color_jitter_brightness: 0.0
  color_jitter_contrast: 0.0
  color_jitter_saturation: 0.0
  color_jitter_hue: 0.0
track:
  name: a
  description: 'Closed-world track: train from scratch.'
num_classes: 33
seed: 42

[cuda] cache emptied (run-start). Free: 15.19 / 15.58 GiB
Epoch 1/20 | train loss 3.3371 top1 0.0726 | val loss 3.3373 top1 0.0857 top5 0.3283
  Saved new best checkpoint: /Data/romain.poggi/Modal/project/smth2smth/checkpoints/runs/track_a_aug-none_lr0.0005.pt (val top1=0.0857)
Epoch 2/20 | train loss 3.2361 top1 0.1024 | val loss 3.2416 top1 0.1186 top5 0.3777
  Saved new best checkpoint: /Data/romain.poggi/Modal/project/smth2smth/checkpoints/runs/track_a_aug-none_lr0.0005.pt (val top1=0.1186)
Epoch 3/20 | train loss 3.1029 top1 0.1423 | val loss 3.6736 top1 0.1518 top5 0.4138
  Saved new best checkpoint: /Data/romain.poggi/Modal/project/smth2smth/checkpoints/runs/track_a_aug-none_lr0.0005.pt (val top1=0.1518)
Epoch 4/20 | train loss 2.9717 top1 0.1775 | val loss 3.5428 top1 0.1717 top5 0.4765
  Saved new best checkpoint: /Data/romain.poggi/Modal/project/smth2smth/checkpoints/runs/track_a_aug-none_lr0.0005.pt (val top1=0.1717)
Epoch 5/20 | train loss 2.8286 top1 0.2148 | val loss 2.9283 top1 0.2132 top5 0.5232
  Saved new best checkpoint: /Data/romain.poggi/Modal/project/smth2smth/checkpoints/runs/track_a_aug-none_lr0.0005.pt (val top1=0.2132)
Epoch 6/20 | train loss 2.6996 top1 0.2448 | val loss 3.0926 top1 0.2341 top5 0.5447
  Saved new best checkpoint: /Data/romain.poggi/Modal/project/smth2smth/checkpoints/runs/track_a_aug-none_lr0.0005.pt (val top1=0.2341)
Epoch 7/20 | train loss 2.5861 top1 0.2740 | val loss 3.0785 top1 0.2557 top5 0.5660
  Saved new best checkpoint: /Data/romain.poggi/Modal/project/smth2smth/checkpoints/runs/track_a_aug-none_lr0.0005.pt (val top1=0.2557)
Epoch 8/20 | train loss 2.4722 top1 0.3029 | val loss 3.3733 top1 0.2654 top5 0.5852
  Saved new best checkpoint: /Data/romain.poggi/Modal/project/smth2smth/checkpoints/runs/track_a_aug-none_lr0.0005.pt (val top1=0.2654)
Epoch 9/20 | train loss 2.3493 top1 0.3378 | val loss 2.9758 top1 0.2854 top5 0.5998
  Saved new best checkpoint: /Data/romain.poggi/Modal/project/smth2smth/checkpoints/runs/track_a_aug-none_lr0.0005.pt (val top1=0.2854)
Epoch 10/20 | train loss 2.2140 top1 0.3671 | val loss 2.9471 top1 0.2954 top5 0.6074
  Saved new best checkpoint: /Data/romain.poggi/Modal/project/smth2smth/checkpoints/runs/track_a_aug-none_lr0.0005.pt (val top1=0.2954)
Epoch 11/20 | train loss 2.0509 top1 0.4024 | val loss 3.3715 top1 0.2886 top5 0.5932
Epoch 12/20 | train loss 1.8882 top1 0.4457 | val loss 3.8430 top1 0.3020 top5 0.5966
  Saved new best checkpoint: /Data/romain.poggi/Modal/project/smth2smth/checkpoints/runs/track_a_aug-none_lr0.0005.pt (val top1=0.3020)
Epoch 13/20 | train loss 1.6720 top1 0.4970 | val loss 3.5755 top1 0.3006 top5 0.6133
Epoch 14/20 | train loss 1.4492 top1 0.5610 | val loss 3.9101 top1 0.2899 top5 0.5833
Epoch 15/20 | train loss 1.2138 top1 0.6220 | val loss 5.7156 top1 0.2448 top5 0.5369
Epoch 16/20 | train loss 1.0035 top1 0.6823 | val loss 5.7416 top1 0.2785 top5 0.5791
Epoch 17/20 | train loss 0.7951 top1 0.7463 | val loss 5.1287 top1 0.2807 top5 0.5785
Epoch 18/20 | train loss 0.6454 top1 0.7922 | val loss 5.7893 top1 0.2685 top5 0.5636
Epoch 19/20 | train loss 0.5336 top1 0.8273 | val loss 9.4794 top1 0.2601 top5 0.5544
Epoch 20/20 | train loss 0.4463 top1 0.8566 | val loss 9.1531 top1 0.2661 top5 0.5503
[cuda] cache emptied (run-end). Free: 14.89 / 15.58 GiB
Done. Best val top1: 0.3020. Checkpoint: /Data/romain.poggi/Modal/project/smth2smth/checkpoints/runs/track_a_aug-none_lr0.0005.pt
[2026-04-28 06:30:05,867][HYDRA] 	#2 : track=a experiment=baseline_from_scratch augment=none training.lr=0.0001 training.epochs=20 training.checkpoint_path=$\{hydra\:runtime.cwd\}/checkpoints/runs/track_a_aug-$\{augment.name\}_lr$\{training.lr\}.pt
model:
  name: cnn_baseline
  pretrained: false
  num_classes: ${num_classes}
dataset:
  root: ${hydra:runtime.cwd}/data
  train_dir: ${dataset.root}/train
  val_dir: ${dataset.root}/val
  test_dir: ${dataset.root}/test
  augmented_dirs: []
  test_manifest: null
  submission_output: ${hydra:runtime.cwd}/submissions/track_a.csv
  num_frames: 8
  val_ratio: 0.2
  seed: ${seed}
  max_samples: null
  image_size: 224
training:
  batch_size: 8
  lr: 0.0001
  epochs: 20
  num_workers: 2
  checkpoint_path: ${hydra:runtime.cwd}/checkpoints/runs/track_a_aug-${augment.name}_lr${training.lr}.pt
  device: cuda
augment:
  name: none
  random_horizontal_flip: true
  random_crop: false
  crop_padding: 0
  color_jitter: false
  color_jitter_brightness: 0.0
  color_jitter_contrast: 0.0
  color_jitter_saturation: 0.0
  color_jitter_hue: 0.0
track:
  name: a
  description: 'Closed-world track: train from scratch.'
num_classes: 33
seed: 42

[cuda] cache emptied (run-start). Free: 15.19 / 15.58 GiB
Epoch 1/20 | train loss 3.2081 top1 0.1158 | val loss 3.0655 top1 0.1660 top5 0.4379
  Saved new best checkpoint: /Data/romain.poggi/Modal/project/smth2smth/checkpoints/runs/track_a_aug-none_lr0.0001.pt (val top1=0.1660)
Epoch 2/20 | train loss 2.9405 top1 0.1866 | val loss 2.8197 top1 0.2230 top5 0.5221
  Saved new best checkpoint: /Data/romain.poggi/Modal/project/smth2smth/checkpoints/runs/track_a_aug-none_lr0.0001.pt (val top1=0.2230)
Epoch 3/20 | train loss 2.7621 top1 0.2326 | val loss 2.7414 top1 0.2460 top5 0.5486
  Saved new best checkpoint: /Data/romain.poggi/Modal/project/smth2smth/checkpoints/runs/track_a_aug-none_lr0.0001.pt (val top1=0.2460)
Epoch 4/20 | train loss 2.6287 top1 0.2697 | val loss 2.6392 top1 0.2751 top5 0.5818
  Saved new best checkpoint: /Data/romain.poggi/Modal/project/smth2smth/checkpoints/runs/track_a_aug-none_lr0.0001.pt (val top1=0.2751)
Epoch 5/20 | train loss 2.5035 top1 0.3009 | val loss 2.5690 top1 0.2979 top5 0.6080
  Saved new best checkpoint: /Data/romain.poggi/Modal/project/smth2smth/checkpoints/runs/track_a_aug-none_lr0.0001.pt (val top1=0.2979)
Epoch 6/20 | train loss 2.3791 top1 0.3298 | val loss 2.6089 top1 0.3004 top5 0.6026
  Saved new best checkpoint: /Data/romain.poggi/Modal/project/smth2smth/checkpoints/runs/track_a_aug-none_lr0.0001.pt (val top1=0.3004)
Epoch 7/20 | train loss 2.2565 top1 0.3605 | val loss 2.5729 top1 0.3095 top5 0.6136
  Saved new best checkpoint: /Data/romain.poggi/Modal/project/smth2smth/checkpoints/runs/track_a_aug-none_lr0.0001.pt (val top1=0.3095)
Epoch 8/20 | train loss 2.1214 top1 0.3921 | val loss 2.5381 top1 0.3217 top5 0.6293
  Saved new best checkpoint: /Data/romain.poggi/Modal/project/smth2smth/checkpoints/runs/track_a_aug-none_lr0.0001.pt (val top1=0.3217)
Epoch 9/20 | train loss 1.9548 top1 0.4376 | val loss 2.5886 top1 0.3284 top5 0.6270
  Saved new best checkpoint: /Data/romain.poggi/Modal/project/smth2smth/checkpoints/runs/track_a_aug-none_lr0.0001.pt (val top1=0.3284)
Epoch 10/20 | train loss 1.7931 top1 0.4769 | val loss 2.6445 top1 0.3200 top5 0.6185
Epoch 11/20 | train loss 1.5826 top1 0.5314 | val loss 2.6836 top1 0.3373 top5 0.6274
  Saved new best checkpoint: /Data/romain.poggi/Modal/project/smth2smth/checkpoints/runs/track_a_aug-none_lr0.0001.pt (val top1=0.3373)
Epoch 12/20 | train loss 1.3786 top1 0.5910 | val loss 2.9967 top1 0.3063 top5 0.5941
Epoch 13/20 | train loss 1.1645 top1 0.6466 | val loss 3.1049 top1 0.3083 top5 0.6037
Epoch 14/20 | train loss 0.9740 top1 0.7074 | val loss 3.4133 top1 0.2953 top5 0.5898
Epoch 15/20 | train loss 0.8015 top1 0.7539 | val loss 3.4899 top1 0.3114 top5 0.6046
Epoch 16/20 | train loss 0.6676 top1 0.7967 | val loss 3.5542 top1 0.3054 top5 0.5944
Epoch 17/20 | train loss 0.5447 top1 0.8319 | val loss 3.9211 top1 0.3024 top5 0.5907
Epoch 18/20 | train loss 0.4657 top1 0.8599 | val loss 4.0572 top1 0.3084 top5 0.5942
Epoch 19/20 | train loss 0.3983 top1 0.8812 | val loss 4.3326 top1 0.2865 top5 0.5737
Epoch 20/20 | train loss 0.3512 top1 0.8927 | val loss 4.4212 top1 0.2959 top5 0.5820
[cuda] cache emptied (run-end). Free: 14.89 / 15.58 GiB
Done. Best val top1: 0.3373. Checkpoint: /Data/romain.poggi/Modal/project/smth2smth/checkpoints/runs/track_a_aug-none_lr0.0001.pt
[2026-04-28 08:36:01,051][HYDRA] 	#3 : track=a experiment=baseline_from_scratch augment=strong training.lr=0.001 training.epochs=20 training.checkpoint_path=$\{hydra\:runtime.cwd\}/checkpoints/runs/track_a_aug-$\{augment.name\}_lr$\{training.lr\}.pt
model:
  name: cnn_baseline
  pretrained: false
  num_classes: ${num_classes}
dataset:
  root: ${hydra:runtime.cwd}/data
  train_dir: ${dataset.root}/train
  val_dir: ${dataset.root}/val
  test_dir: ${dataset.root}/test
  augmented_dirs: []
  test_manifest: null
  submission_output: ${hydra:runtime.cwd}/submissions/track_a.csv
  num_frames: 8
  val_ratio: 0.2
  seed: ${seed}
  max_samples: null
  image_size: 224
training:
  batch_size: 8
  lr: 0.001
  epochs: 20
  num_workers: 2
  checkpoint_path: ${hydra:runtime.cwd}/checkpoints/runs/track_a_aug-${augment.name}_lr${training.lr}.pt
  device: cuda
augment:
  name: strong
  random_horizontal_flip: true
  random_crop: true
  crop_padding: 32
  color_jitter: true
  color_jitter_brightness: 0.2
  color_jitter_contrast: 0.2
  color_jitter_saturation: 0.2
  color_jitter_hue: 0.0
track:
  name: a
  description: 'Closed-world track: train from scratch.'
num_classes: 33
seed: 42

[cuda] cache emptied (run-start). Free: 15.19 / 15.58 GiB
Epoch 1/20 | train loss 3.3441 top1 0.0675 | val loss 3.2968 top1 0.0785 top5 0.3274
  Saved new best checkpoint: /Data/romain.poggi/Modal/project/smth2smth/checkpoints/runs/track_a_aug-strong_lr0.001.pt (val top1=0.0785)
Epoch 2/20 | train loss 3.2522 top1 0.0925 | val loss 3.2500 top1 0.1122 top5 0.3615
  Saved new best checkpoint: /Data/romain.poggi/Modal/project/smth2smth/checkpoints/runs/track_a_aug-strong_lr0.001.pt (val top1=0.1122)
Epoch 3/20 | train loss 3.1495 top1 0.1305 | val loss 3.1175 top1 0.1446 top5 0.4155
  Saved new best checkpoint: /Data/romain.poggi/Modal/project/smth2smth/checkpoints/runs/track_a_aug-strong_lr0.001.pt (val top1=0.1446)
Epoch 4/20 | train loss 3.0366 top1 0.1622 | val loss 3.0115 top1 0.1724 top5 0.4623
  Saved new best checkpoint: /Data/romain.poggi/Modal/project/smth2smth/checkpoints/runs/track_a_aug-strong_lr0.001.pt (val top1=0.1724)
Epoch 5/20 | train loss 2.9030 top1 0.1938 | val loss 2.9071 top1 0.2048 top5 0.5071
  Saved new best checkpoint: /Data/romain.poggi/Modal/project/smth2smth/checkpoints/runs/track_a_aug-strong_lr0.001.pt (val top1=0.2048)
Epoch 6/20 | train loss 2.7857 top1 0.2216 | val loss 2.9709 top1 0.2242 top5 0.5355
  Saved new best checkpoint: /Data/romain.poggi/Modal/project/smth2smth/checkpoints/runs/track_a_aug-strong_lr0.001.pt (val top1=0.2242)
Epoch 7/20 | train loss 2.6810 top1 0.2489 | val loss 2.8812 top1 0.2348 top5 0.5546
  Saved new best checkpoint: /Data/romain.poggi/Modal/project/smth2smth/checkpoints/runs/track_a_aug-strong_lr0.001.pt (val top1=0.2348)
Epoch 8/20 | train loss 2.5859 top1 0.2717 | val loss 2.7459 top1 0.2598 top5 0.5711
  Saved new best checkpoint: /Data/romain.poggi/Modal/project/smth2smth/checkpoints/runs/track_a_aug-strong_lr0.001.pt (val top1=0.2598)
Epoch 9/20 | train loss 2.4857 top1 0.2997 | val loss 2.6117 top1 0.2938 top5 0.6107
  Saved new best checkpoint: /Data/romain.poggi/Modal/project/smth2smth/checkpoints/runs/track_a_aug-strong_lr0.001.pt (val top1=0.2938)
Epoch 10/20 | train loss 2.3938 top1 0.3246 | val loss 2.5847 top1 0.3046 top5 0.6060
  Saved new best checkpoint: /Data/romain.poggi/Modal/project/smth2smth/checkpoints/runs/track_a_aug-strong_lr0.001.pt (val top1=0.3046)
Epoch 11/20 | train loss 2.2914 top1 0.3472 | val loss 2.6601 top1 0.3124 top5 0.6256
  Saved new best checkpoint: /Data/romain.poggi/Modal/project/smth2smth/checkpoints/runs/track_a_aug-strong_lr0.001.pt (val top1=0.3124)
Epoch 12/20 | train loss 2.2026 top1 0.3710 | val loss 5.0169 top1 0.2820 top5 0.5857
Epoch 13/20 | train loss 2.1085 top1 0.3934 | val loss 2.5819 top1 0.3307 top5 0.6437
  Saved new best checkpoint: /Data/romain.poggi/Modal/project/smth2smth/checkpoints/runs/track_a_aug-strong_lr0.001.pt (val top1=0.3307)
Epoch 14/20 | train loss 2.0036 top1 0.4195 | val loss 2.5789 top1 0.3415 top5 0.6521
  Saved new best checkpoint: /Data/romain.poggi/Modal/project/smth2smth/checkpoints/runs/track_a_aug-strong_lr0.001.pt (val top1=0.3415)
Epoch 15/20 | train loss 1.8957 top1 0.4463 | val loss 3.5867 top1 0.3290 top5 0.6445
Epoch 16/20 | train loss 1.7877 top1 0.4731 | val loss 5.0415 top1 0.3327 top5 0.6320
Epoch 17/20 | train loss 1.6693 top1 0.5060 | val loss 3.0459 top1 0.3408 top5 0.6516
Epoch 18/20 | train loss 1.5413 top1 0.5352 | val loss 2.7973 top1 0.3517 top5 0.6600
  Saved new best checkpoint: /Data/romain.poggi/Modal/project/smth2smth/checkpoints/runs/track_a_aug-strong_lr0.001.pt (val top1=0.3517)
Epoch 19/20 | train loss 1.4253 top1 0.5649 | val loss 2.8755 top1 0.3466 top5 0.6551
Epoch 20/20 | train loss 1.3043 top1 0.6010 | val loss 3.0044 top1 0.3481 top5 0.6549
[cuda] cache emptied (run-end). Free: 14.89 / 15.58 GiB
Done. Best val top1: 0.3517. Checkpoint: /Data/romain.poggi/Modal/project/smth2smth/checkpoints/runs/track_a_aug-strong_lr0.001.pt
[2026-04-28 11:58:57,219][HYDRA] 	#4 : track=a experiment=baseline_from_scratch augment=strong training.lr=0.0005 training.epochs=20 training.checkpoint_path=$\{hydra\:runtime.cwd\}/checkpoints/runs/track_a_aug-$\{augment.name\}_lr$\{training.lr\}.pt
model:
  name: cnn_baseline
  pretrained: false
  num_classes: ${num_classes}
dataset:
  root: ${hydra:runtime.cwd}/data
  train_dir: ${dataset.root}/train
  val_dir: ${dataset.root}/val
  test_dir: ${dataset.root}/test
  augmented_dirs: []
  test_manifest: null
  submission_output: ${hydra:runtime.cwd}/submissions/track_a.csv
  num_frames: 8
  val_ratio: 0.2
  seed: ${seed}
  max_samples: null
  image_size: 224
training:
  batch_size: 8
  lr: 0.0005
  epochs: 20
  num_workers: 2
  checkpoint_path: ${hydra:runtime.cwd}/checkpoints/runs/track_a_aug-${augment.name}_lr${training.lr}.pt
  device: cuda
augment:
  name: strong
  random_horizontal_flip: true
  random_crop: true
  crop_padding: 32
  color_jitter: true
  color_jitter_brightness: 0.2
  color_jitter_contrast: 0.2
  color_jitter_saturation: 0.2
  color_jitter_hue: 0.0
track:
  name: a
  description: 'Closed-world track: train from scratch.'
num_classes: 33
seed: 42

[cuda] cache emptied (run-start). Free: 15.19 / 15.58 GiB
Epoch 1/20 | train loss 3.3317 top1 0.0735 | val loss 3.3172 top1 0.0785 top5 0.3157
  Saved new best checkpoint: /Data/romain.poggi/Modal/project/smth2smth/checkpoints/runs/track_a_aug-strong_lr0.0005.pt (val top1=0.0785)
Epoch 2/20 | train loss 3.2388 top1 0.1037 | val loss 3.1777 top1 0.1233 top5 0.3914
  Saved new best checkpoint: /Data/romain.poggi/Modal/project/smth2smth/checkpoints/runs/track_a_aug-strong_lr0.0005.pt (val top1=0.1233)
Epoch 3/20 | train loss 3.1354 top1 0.1365 | val loss 3.1857 top1 0.1607 top5 0.4322
  Saved new best checkpoint: /Data/romain.poggi/Modal/project/smth2smth/checkpoints/runs/track_a_aug-strong_lr0.0005.pt (val top1=0.1607)
Epoch 4/20 | train loss 3.0106 top1 0.1693 | val loss 3.3186 top1 0.1859 top5 0.4859
  Saved new best checkpoint: /Data/romain.poggi/Modal/project/smth2smth/checkpoints/runs/track_a_aug-strong_lr0.0005.pt (val top1=0.1859)
Epoch 5/20 | train loss 2.8757 top1 0.2008 | val loss 2.9745 top1 0.2244 top5 0.5277
  Saved new best checkpoint: /Data/romain.poggi/Modal/project/smth2smth/checkpoints/runs/track_a_aug-strong_lr0.0005.pt (val top1=0.2244)
Epoch 6/20 | train loss 2.7596 top1 0.2299 | val loss 4.0969 top1 0.2342 top5 0.5437
  Saved new best checkpoint: /Data/romain.poggi/Modal/project/smth2smth/checkpoints/runs/track_a_aug-strong_lr0.0005.pt (val top1=0.2342)
Epoch 7/20 | train loss 2.6629 top1 0.2560 | val loss 2.6973 top1 0.2664 top5 0.5774
  Saved new best checkpoint: /Data/romain.poggi/Modal/project/smth2smth/checkpoints/runs/track_a_aug-strong_lr0.0005.pt (val top1=0.2664)
Epoch 8/20 | train loss 2.5681 top1 0.2787 | val loss 3.3037 top1 0.2644 top5 0.5860
Epoch 9/20 | train loss 2.4753 top1 0.3047 | val loss 2.5932 top1 0.3021 top5 0.6197
  Saved new best checkpoint: /Data/romain.poggi/Modal/project/smth2smth/checkpoints/runs/track_a_aug-strong_lr0.0005.pt (val top1=0.3021)
Epoch 10/20 | train loss 2.3890 top1 0.3289 | val loss 2.8854 top1 0.3094 top5 0.6282
  Saved new best checkpoint: /Data/romain.poggi/Modal/project/smth2smth/checkpoints/runs/track_a_aug-strong_lr0.0005.pt (val top1=0.3094)
Epoch 11/20 | train loss 2.2865 top1 0.3486 | val loss 5.5932 top1 0.3297 top5 0.6413
  Saved new best checkpoint: /Data/romain.poggi/Modal/project/smth2smth/checkpoints/runs/track_a_aug-strong_lr0.0005.pt (val top1=0.3297)
Epoch 12/20 | train loss 2.2057 top1 0.3724 | val loss 3.0611 top1 0.3411 top5 0.6515
  Saved new best checkpoint: /Data/romain.poggi/Modal/project/smth2smth/checkpoints/runs/track_a_aug-strong_lr0.0005.pt (val top1=0.3411)
Epoch 13/20 | train loss 2.1112 top1 0.3935 | val loss 2.8283 top1 0.3369 top5 0.6488
Epoch 14/20 | train loss 2.0181 top1 0.4165 | val loss 2.6545 top1 0.3474 top5 0.6550
  Saved new best checkpoint: /Data/romain.poggi/Modal/project/smth2smth/checkpoints/runs/track_a_aug-strong_lr0.0005.pt (val top1=0.3474)
Epoch 15/20 | train loss 1.9176 top1 0.4432 | val loss 2.7952 top1 0.3559 top5 0.6634
  Saved new best checkpoint: /Data/romain.poggi/Modal/project/smth2smth/checkpoints/runs/track_a_aug-strong_lr0.0005.pt (val top1=0.3559)
Epoch 16/20 | train loss 1.8189 top1 0.4637 | val loss 2.4957 top1 0.3632 top5 0.6676
  Saved new best checkpoint: /Data/romain.poggi/Modal/project/smth2smth/checkpoints/runs/track_a_aug-strong_lr0.0005.pt (val top1=0.3632)
Epoch 17/20 | train loss 1.7130 top1 0.4912 | val loss 2.6740 top1 0.3475 top5 0.6675
Epoch 18/20 | train loss 1.5917 top1 0.5204 | val loss 2.9704 top1 0.3544 top5 0.6476
Epoch 19/20 | train loss 1.4741 top1 0.5500 | val loss 2.8547 top1 0.3596 top5 0.6616
Epoch 20/20 | train loss 1.3553 top1 0.5840 | val loss 3.1288 top1 0.3545 top5 0.6514
[cuda] cache emptied (run-end). Free: 14.60 / 15.58 GiB
Done. Best val top1: 0.3632. Checkpoint: /Data/romain.poggi/Modal/project/smth2smth/checkpoints/runs/track_a_aug-strong_lr0.0005.pt
[2026-04-28 14:13:12,612][HYDRA] 	#5 : track=a experiment=baseline_from_scratch augment=strong training.lr=0.0001 training.epochs=20 training.checkpoint_path=$\{hydra\:runtime.cwd\}/checkpoints/runs/track_a_aug-$\{augment.name\}_lr$\{training.lr\}.pt
model:
  name: cnn_baseline
  pretrained: false
  num_classes: ${num_classes}
dataset:
  root: ${hydra:runtime.cwd}/data
  train_dir: ${dataset.root}/train
  val_dir: ${dataset.root}/val
  test_dir: ${dataset.root}/test
  augmented_dirs: []
  test_manifest: null
  submission_output: ${hydra:runtime.cwd}/submissions/track_a.csv
  num_frames: 8
  val_ratio: 0.2
  seed: ${seed}
  max_samples: null
  image_size: 224
training:
  batch_size: 8
  lr: 0.0001
  epochs: 20
  num_workers: 2
  checkpoint_path: ${hydra:runtime.cwd}/checkpoints/runs/track_a_aug-${augment.name}_lr${training.lr}.pt
  device: cuda
augment:
  name: strong
  random_horizontal_flip: true
  random_crop: true
  crop_padding: 32
  color_jitter: true
  color_jitter_brightness: 0.2
  color_jitter_contrast: 0.2
  color_jitter_saturation: 0.2
  color_jitter_hue: 0.0
track:
  name: a
  description: 'Closed-world track: train from scratch.'
num_classes: 33
seed: 42

[cuda] cache emptied (run-start). Free: 14.90 / 15.58 GiB
Epoch 1/20 | train loss 3.2284 top1 0.1097 | val loss 3.1086 top1 0.1511 top5 0.4255
  Saved new best checkpoint: /Data/romain.poggi/Modal/project/smth2smth/checkpoints/runs/track_a_aug-strong_lr0.0001.pt (val top1=0.1511)
Epoch 2/20 | train loss 2.9882 top1 0.1740 | val loss 2.9164 top1 0.1865 top5 0.4962
  Saved new best checkpoint: /Data/romain.poggi/Modal/project/smth2smth/checkpoints/runs/track_a_aug-strong_lr0.0001.pt (val top1=0.1865)
Epoch 3/20 | train loss 2.8397 top1 0.2103 | val loss 2.8225 top1 0.2230 top5 0.5294
  Saved new best checkpoint: /Data/romain.poggi/Modal/project/smth2smth/checkpoints/runs/track_a_aug-strong_lr0.0001.pt (val top1=0.2230)
Epoch 4/20 | train loss 2.7308 top1 0.2379 | val loss 2.7353 top1 0.2388 top5 0.5586
  Saved new best checkpoint: /Data/romain.poggi/Modal/project/smth2smth/checkpoints/runs/track_a_aug-strong_lr0.0001.pt (val top1=0.2388)
Epoch 5/20 | train loss 2.6316 top1 0.2683 | val loss 2.6770 top1 0.2650 top5 0.5747
  Saved new best checkpoint: /Data/romain.poggi/Modal/project/smth2smth/checkpoints/runs/track_a_aug-strong_lr0.0001.pt (val top1=0.2650)
Epoch 6/20 | train loss 2.5359 top1 0.2912 | val loss 2.6715 top1 0.2738 top5 0.5926
  Saved new best checkpoint: /Data/romain.poggi/Modal/project/smth2smth/checkpoints/runs/track_a_aug-strong_lr0.0001.pt (val top1=0.2738)
Epoch 7/20 | train loss 2.4551 top1 0.3094 | val loss 2.5717 top1 0.2957 top5 0.6122
  Saved new best checkpoint: /Data/romain.poggi/Modal/project/smth2smth/checkpoints/runs/track_a_aug-strong_lr0.0001.pt (val top1=0.2957)
Epoch 8/20 | train loss 2.3788 top1 0.3283 | val loss 2.5539 top1 0.3025 top5 0.6246
  Saved new best checkpoint: /Data/romain.poggi/Modal/project/smth2smth/checkpoints/runs/track_a_aug-strong_lr0.0001.pt (val top1=0.3025)
Epoch 9/20 | train loss 2.2939 top1 0.3537 | val loss 2.4860 top1 0.3230 top5 0.6381
  Saved new best checkpoint: /Data/romain.poggi/Modal/project/smth2smth/checkpoints/runs/track_a_aug-strong_lr0.0001.pt (val top1=0.3230)
Epoch 10/20 | train loss 2.2278 top1 0.3710 | val loss 2.4483 top1 0.3383 top5 0.6437
  Saved new best checkpoint: /Data/romain.poggi/Modal/project/smth2smth/checkpoints/runs/track_a_aug-strong_lr0.0001.pt (val top1=0.3383)
Epoch 11/20 | train loss 2.1408 top1 0.3878 | val loss 2.4488 top1 0.3375 top5 0.6532
Epoch 12/20 | train loss 2.0803 top1 0.4043 | val loss 2.4662 top1 0.3399 top5 0.6446
  Saved new best checkpoint: /Data/romain.poggi/Modal/project/smth2smth/checkpoints/runs/track_a_aug-strong_lr0.0001.pt (val top1=0.3399)
Epoch 13/20 | train loss 2.0071 top1 0.4205 | val loss 2.4922 top1 0.3446 top5 0.6582
  Saved new best checkpoint: /Data/romain.poggi/Modal/project/smth2smth/checkpoints/runs/track_a_aug-strong_lr0.0001.pt (val top1=0.3446)
Epoch 14/20 | train loss 1.9344 top1 0.4406 | val loss 2.4313 top1 0.3556 top5 0.6547
  Saved new best checkpoint: /Data/romain.poggi/Modal/project/smth2smth/checkpoints/runs/track_a_aug-strong_lr0.0001.pt (val top1=0.3556)
Epoch 15/20 | train loss 1.8615 top1 0.4595 | val loss 2.5106 top1 0.3596 top5 0.6634
  Saved new best checkpoint: /Data/romain.poggi/Modal/project/smth2smth/checkpoints/runs/track_a_aug-strong_lr0.0001.pt (val top1=0.3596)
Epoch 16/20 | train loss 1.7903 top1 0.4771 | val loss 2.4821 top1 0.3696 top5 0.6670
  Saved new best checkpoint: /Data/romain.poggi/Modal/project/smth2smth/checkpoints/runs/track_a_aug-strong_lr0.0001.pt (val top1=0.3696)
Epoch 17/20 | train loss 1.7093 top1 0.4976 | val loss 2.6237 top1 0.3543 top5 0.6675
Epoch 18/20 | train loss 1.6337 top1 0.5166 | val loss 2.5359 top1 0.3662 top5 0.6724
Epoch 19/20 | train loss 1.5444 top1 0.5437 | val loss 2.6400 top1 0.3600 top5 0.6703
Epoch 20/20 | train loss 1.4717 top1 0.5576 | val loss 2.5995 top1 0.3668 top5 0.6712
[cuda] cache emptied (run-end). Free: 13.14 / 15.58 GiB
Done. Best val top1: 0.3696. Checkpoint: /Data/romain.poggi/Modal/project/smth2smth/checkpoints/runs/track_a_aug-strong_lr0.0001.pt
[2026-04-28 16:46:39] === Track B x {augment=none, augment=strong} x {lr in 5e-4,1e-4,5e-5} ===
[2026-04-28 16:46:41,178][HYDRA] Launching 6 jobs locally
[2026-04-28 16:46:41,179][HYDRA] 	#0 : track=b experiment=baseline_pretrained augment=none training.lr=0.0005 training.epochs=20 training.checkpoint_path=$\{hydra\:runtime.cwd\}/checkpoints/runs/track_b_aug-$\{augment.name\}_lr$\{training.lr\}.pt
model:
  name: cnn_baseline
  pretrained: true
  num_classes: ${num_classes}
dataset:
  root: ${hydra:runtime.cwd}/data
  train_dir: ${dataset.root}/train
  val_dir: ${dataset.root}/val
  test_dir: ${dataset.root}/test
  augmented_dirs: []
  test_manifest: null
  submission_output: ${hydra:runtime.cwd}/submissions/track_b.csv
  num_frames: 8
  val_ratio: 0.2
  seed: ${seed}
  max_samples: null
  image_size: 224
training:
  batch_size: 8
  lr: 0.0005
  epochs: 20
  num_workers: 2
  checkpoint_path: ${hydra:runtime.cwd}/checkpoints/runs/track_b_aug-${augment.name}_lr${training.lr}.pt
  device: cuda
augment:
  name: none
  random_horizontal_flip: true
  random_crop: false
  crop_padding: 0
  color_jitter: false
  color_jitter_brightness: 0.0
  color_jitter_contrast: 0.0
  color_jitter_saturation: 0.0
  color_jitter_hue: 0.0
track:
  name: b
  description: 'Open-world track: pretrained backbone allowed.'
num_classes: 33
seed: 42

[cuda] cache emptied (run-start). Free: 13.54 / 15.58 GiB
Epoch 1/20 | train loss 2.9178 top1 0.1930 | val loss 2.6664 top1 0.2576 top5 0.5903
  Saved new best checkpoint: /Data/romain.poggi/Modal/project/smth2smth/checkpoints/runs/track_b_aug-none_lr0.0005.pt (val top1=0.2576)
Epoch 2/20 | train loss 2.5192 top1 0.2877 | val loss 2.4252 top1 0.3194 top5 0.6645
  Saved new best checkpoint: /Data/romain.poggi/Modal/project/smth2smth/checkpoints/runs/track_b_aug-none_lr0.0005.pt (val top1=0.3194)
Epoch 3/20 | train loss 2.2661 top1 0.3523 | val loss 2.3604 top1 0.3463 top5 0.6961
  Saved new best checkpoint: /Data/romain.poggi/Modal/project/smth2smth/checkpoints/runs/track_b_aug-none_lr0.0005.pt (val top1=0.3463)
Epoch 4/20 | train loss 2.0557 top1 0.4041 | val loss 2.2049 top1 0.3810 top5 0.7189
  Saved new best checkpoint: /Data/romain.poggi/Modal/project/smth2smth/checkpoints/runs/track_b_aug-none_lr0.0005.pt (val top1=0.3810)
Epoch 5/20 | train loss 1.8447 top1 0.4583 | val loss 2.3253 top1 0.3928 top5 0.7259
  Saved new best checkpoint: /Data/romain.poggi/Modal/project/smth2smth/checkpoints/runs/track_b_aug-none_lr0.0005.pt (val top1=0.3928)
Epoch 6/20 | train loss 1.6031 top1 0.5147 | val loss 2.3806 top1 0.4046 top5 0.7345
  Saved new best checkpoint: /Data/romain.poggi/Modal/project/smth2smth/checkpoints/runs/track_b_aug-none_lr0.0005.pt (val top1=0.4046)
Epoch 7/20 | train loss 1.3612 top1 0.5764 | val loss 2.3676 top1 0.4027 top5 0.7215
Epoch 8/20 | train loss 1.1146 top1 0.6463 | val loss 2.6613 top1 0.3960 top5 0.7199
Epoch 9/20 | train loss 0.8784 top1 0.7135 | val loss 3.0426 top1 0.3954 top5 0.7021
Epoch 10/20 | train loss 0.7123 top1 0.7636 | val loss 3.1058 top1 0.3939 top5 0.7069
Epoch 11/20 | train loss 0.5799 top1 0.8055 | val loss 3.5135 top1 0.3813 top5 0.6980
Epoch 12/20 | train loss 0.4996 top1 0.8337 | val loss 3.5236 top1 0.3856 top5 0.6996
Epoch 13/20 | train loss 0.4210 top1 0.8607 | val loss 4.0230 top1 0.3808 top5 0.6831
Epoch 14/20 | train loss 0.3800 top1 0.8764 | val loss 4.0042 top1 0.3699 top5 0.6924
Epoch 15/20 | train loss 0.3393 top1 0.8883 | val loss 3.9830 top1 0.3839 top5 0.7026
Epoch 16/20 | train loss 0.3016 top1 0.9018 | val loss 4.0917 top1 0.3718 top5 0.6787
Epoch 17/20 | train loss 0.2812 top1 0.9100 | val loss 4.5029 top1 0.3667 top5 0.6791
Epoch 18/20 | train loss 0.2523 top1 0.9193 | val loss 4.5257 top1 0.3707 top5 0.6816
Epoch 19/20 | train loss 0.2413 top1 0.9210 | val loss 4.3263 top1 0.3689 top5 0.6880
Epoch 20/20 | train loss 0.2226 top1 0.9275 | val loss 4.4728 top1 0.3827 top5 0.6889
[cuda] cache emptied (run-end). Free: 14.87 / 15.58 GiB
Done. Best val top1: 0.4046. Checkpoint: /Data/romain.poggi/Modal/project/smth2smth/checkpoints/runs/track_b_aug-none_lr0.0005.pt
[2026-04-28 19:11:06,313][HYDRA] 	#1 : track=b experiment=baseline_pretrained augment=none training.lr=0.0001 training.epochs=20 training.checkpoint_path=$\{hydra\:runtime.cwd\}/checkpoints/runs/track_b_aug-$\{augment.name\}_lr$\{training.lr\}.pt
model:
  name: cnn_baseline
  pretrained: true
  num_classes: ${num_classes}
dataset:
  root: ${hydra:runtime.cwd}/data
  train_dir: ${dataset.root}/train
  val_dir: ${dataset.root}/val
  test_dir: ${dataset.root}/test
  augmented_dirs: []
  test_manifest: null
  submission_output: ${hydra:runtime.cwd}/submissions/track_b.csv
  num_frames: 8
  val_ratio: 0.2
  seed: ${seed}
  max_samples: null
  image_size: 224
training:
  batch_size: 8
  lr: 0.0001
  epochs: 20
  num_workers: 2
  checkpoint_path: ${hydra:runtime.cwd}/checkpoints/runs/track_b_aug-${augment.name}_lr${training.lr}.pt
  device: cuda
augment:
  name: none
  random_horizontal_flip: true
  random_crop: false
  crop_padding: 0
  color_jitter: false
  color_jitter_brightness: 0.0
  color_jitter_contrast: 0.0
  color_jitter_saturation: 0.0
  color_jitter_hue: 0.0
track:
  name: b
  description: 'Open-world track: pretrained backbone allowed.'
num_classes: 33
seed: 42

[cuda] cache emptied (run-start). Free: 15.19 / 15.58 GiB
Epoch 1/20 | train loss 2.4220 top1 0.3193 | val loss 2.0849 top1 0.4087 top5 0.7446
  Saved new best checkpoint: /Data/romain.poggi/Modal/project/smth2smth/checkpoints/runs/track_b_aug-none_lr0.0001.pt (val top1=0.4087)
Epoch 2/20 | train loss 1.9145 top1 0.4462 | val loss 1.9432 top1 0.4444 top5 0.7812
  Saved new best checkpoint: /Data/romain.poggi/Modal/project/smth2smth/checkpoints/runs/track_b_aug-none_lr0.0001.pt (val top1=0.4444)
Epoch 3/20 | train loss 1.5982 top1 0.5251 | val loss 1.8692 top1 0.4721 top5 0.7909
  Saved new best checkpoint: /Data/romain.poggi/Modal/project/smth2smth/checkpoints/runs/track_b_aug-none_lr0.0001.pt (val top1=0.4721)
Epoch 4/20 | train loss 1.3260 top1 0.5969 | val loss 1.9022 top1 0.4857 top5 0.8019
  Saved new best checkpoint: /Data/romain.poggi/Modal/project/smth2smth/checkpoints/runs/track_b_aug-none_lr0.0001.pt (val top1=0.4857)
Epoch 5/20 | train loss 1.0592 top1 0.6698 | val loss 2.0280 top1 0.4748 top5 0.7901
Epoch 6/20 | train loss 0.8072 top1 0.7463 | val loss 2.2057 top1 0.4783 top5 0.7835
Epoch 7/20 | train loss 0.6215 top1 0.8020 | val loss 2.3509 top1 0.4549 top5 0.7733
Epoch 8/20 | train loss 0.4768 top1 0.8486 | val loss 2.4767 top1 0.4689 top5 0.7811
Epoch 9/20 | train loss 0.3884 top1 0.8785 | val loss 2.7140 top1 0.4581 top5 0.7664
Epoch 10/20 | train loss 0.3376 top1 0.8933 | val loss 2.6948 top1 0.4636 top5 0.7732
Epoch 11/20 | train loss 0.2896 top1 0.9090 | val loss 2.8914 top1 0.4541 top5 0.7674
Epoch 12/20 | train loss 0.2543 top1 0.9199 | val loss 3.0323 top1 0.4575 top5 0.7601
Epoch 13/20 | train loss 0.2354 top1 0.9264 | val loss 3.1522 top1 0.4477 top5 0.7598
Epoch 14/20 | train loss 0.2193 top1 0.9314 | val loss 3.3022 top1 0.4426 top5 0.7575
Epoch 15/20 | train loss 0.2057 top1 0.9342 | val loss 3.4252 top1 0.4435 top5 0.7526
Epoch 16/20 | train loss 0.1914 top1 0.9407 | val loss 3.4048 top1 0.4427 top5 0.7504
Epoch 17/20 | train loss 0.1827 top1 0.9430 | val loss 3.4847 top1 0.4390 top5 0.7426
Epoch 18/20 | train loss 0.1681 top1 0.9472 | val loss 3.3914 top1 0.4493 top5 0.7525
Epoch 19/20 | train loss 0.1595 top1 0.9496 | val loss 3.5094 top1 0.4427 top5 0.7538
Epoch 20/20 | train loss 0.1518 top1 0.9520 | val loss 3.7149 top1 0.4377 top5 0.7367
[cuda] cache emptied (run-end). Free: 13.64 / 15.58 GiB
Done. Best val top1: 0.4857. Checkpoint: /Data/romain.poggi/Modal/project/smth2smth/checkpoints/runs/track_b_aug-none_lr0.0001.pt
[2026-04-28 21:29:51,591][HYDRA] 	#2 : track=b experiment=baseline_pretrained augment=none training.lr=5e-05 training.epochs=20 training.checkpoint_path=$\{hydra\:runtime.cwd\}/checkpoints/runs/track_b_aug-$\{augment.name\}_lr$\{training.lr\}.pt
model:
  name: cnn_baseline
  pretrained: true
  num_classes: ${num_classes}
dataset:
  root: ${hydra:runtime.cwd}/data
  train_dir: ${dataset.root}/train
  val_dir: ${dataset.root}/val
  test_dir: ${dataset.root}/test
  augmented_dirs: []
  test_manifest: null
  submission_output: ${hydra:runtime.cwd}/submissions/track_b.csv
  num_frames: 8
  val_ratio: 0.2
  seed: ${seed}
  max_samples: null
  image_size: 224
training:
  batch_size: 8
  lr: 5.0e-05
  epochs: 20
  num_workers: 2
  checkpoint_path: ${hydra:runtime.cwd}/checkpoints/runs/track_b_aug-${augment.name}_lr${training.lr}.pt
  device: cuda
augment:
  name: none
  random_horizontal_flip: true
  random_crop: false
  crop_padding: 0
  color_jitter: false
  color_jitter_brightness: 0.0
  color_jitter_contrast: 0.0
  color_jitter_saturation: 0.0
  color_jitter_hue: 0.0
track:
  name: b
  description: 'Open-world track: pretrained backbone allowed.'
num_classes: 33
seed: 42

[cuda] cache emptied (run-start). Free: 13.91 / 15.58 GiB
Epoch 1/20 | train loss 2.4269 top1 0.3203 | val loss 2.0224 top1 0.4220 top5 0.7569
  Saved new best checkpoint: /Data/romain.poggi/Modal/project/smth2smth/checkpoints/runs/track_b_aug-none_lr5e-05.pt (val top1=0.4220)
Epoch 2/20 | train loss 1.8544 top1 0.4636 | val loss 1.8122 top1 0.4737 top5 0.7963
  Saved new best checkpoint: /Data/romain.poggi/Modal/project/smth2smth/checkpoints/runs/track_b_aug-none_lr5e-05.pt (val top1=0.4737)
Epoch 3/20 | train loss 1.5124 top1 0.5533 | val loss 1.7684 top1 0.4886 top5 0.8064
  Saved new best checkpoint: /Data/romain.poggi/Modal/project/smth2smth/checkpoints/runs/track_b_aug-none_lr5e-05.pt (val top1=0.4886)
Epoch 4/20 | train loss 1.2254 top1 0.6339 | val loss 1.7968 top1 0.5033 top5 0.8168
  Saved new best checkpoint: /Data/romain.poggi/Modal/project/smth2smth/checkpoints/runs/track_b_aug-none_lr5e-05.pt (val top1=0.5033)
Epoch 5/20 | train loss 0.9599 top1 0.7097 | val loss 1.8901 top1 0.4869 top5 0.8090
Epoch 6/20 | train loss 0.7147 top1 0.7838 | val loss 2.0302 top1 0.4885 top5 0.7984
Epoch 7/20 | train loss 0.5384 top1 0.8384 | val loss 2.1794 top1 0.4781 top5 0.7846
Epoch 8/20 | train loss 0.4077 top1 0.8803 | val loss 2.2856 top1 0.4736 top5 0.7892
Epoch 9/20 | train loss 0.3220 top1 0.9067 | val loss 2.4205 top1 0.4802 top5 0.7848
Epoch 10/20 | train loss 0.2699 top1 0.9231 | val loss 2.5240 top1 0.4734 top5 0.7794
Epoch 11/20 | train loss 0.2303 top1 0.9350 | val loss 2.6974 top1 0.4648 top5 0.7755
Epoch 12/20 | train loss 0.2012 top1 0.9420 | val loss 2.7312 top1 0.4658 top5 0.7748
Epoch 13/20 | train loss 0.1786 top1 0.9483 | val loss 2.8066 top1 0.4716 top5 0.7750
Epoch 14/20 | train loss 0.1639 top1 0.9515 | val loss 2.8952 top1 0.4594 top5 0.7712
Epoch 15/20 | train loss 0.1512 top1 0.9556 | val loss 2.9955 top1 0.4672 top5 0.7660
Epoch 16/20 | train loss 0.1458 top1 0.9560 | val loss 2.9768 top1 0.4688 top5 0.7673
Epoch 17/20 | train loss 0.1362 top1 0.9601 | val loss 3.1018 top1 0.4562 top5 0.7595
Epoch 18/20 | train loss 0.1305 top1 0.9613 | val loss 3.1690 top1 0.4672 top5 0.7628
Epoch 19/20 | train loss 0.1214 top1 0.9640 | val loss 3.1561 top1 0.4637 top5 0.7555
Epoch 20/20 | train loss 0.1138 top1 0.9663 | val loss 3.2623 top1 0.4557 top5 0.7573
[cuda] cache emptied (run-end). Free: 14.91 / 15.58 GiB
Done. Best val top1: 0.5033. Checkpoint: /Data/romain.poggi/Modal/project/smth2smth/checkpoints/runs/track_b_aug-none_lr5e-05.pt
[2026-04-29 00:02:07,432][HYDRA] 	#3 : track=b experiment=baseline_pretrained augment=strong training.lr=0.0005 training.epochs=20 training.checkpoint_path=$\{hydra\:runtime.cwd\}/checkpoints/runs/track_b_aug-$\{augment.name\}_lr$\{training.lr\}.pt
model:
  name: cnn_baseline
  pretrained: true
  num_classes: ${num_classes}
dataset:
  root: ${hydra:runtime.cwd}/data
  train_dir: ${dataset.root}/train
  val_dir: ${dataset.root}/val
  test_dir: ${dataset.root}/test
  augmented_dirs: []
  test_manifest: null
  submission_output: ${hydra:runtime.cwd}/submissions/track_b.csv
  num_frames: 8
  val_ratio: 0.2
  seed: ${seed}
  max_samples: null
  image_size: 224
training:
  batch_size: 8
  lr: 0.0005
  epochs: 20
  num_workers: 2
  checkpoint_path: ${hydra:runtime.cwd}/checkpoints/runs/track_b_aug-${augment.name}_lr${training.lr}.pt
  device: cuda
augment:
  name: strong
  random_horizontal_flip: true
  random_crop: true
  crop_padding: 32
  color_jitter: true
  color_jitter_brightness: 0.2
  color_jitter_contrast: 0.2
  color_jitter_saturation: 0.2
  color_jitter_hue: 0.0
track:
  name: b
  description: 'Open-world track: pretrained backbone allowed.'
num_classes: 33
seed: 42

[cuda] cache emptied (run-start). Free: 15.19 / 15.58 GiB
Epoch 1/20 | train loss 3.0230 top1 0.1645 | val loss 2.7321 top1 0.2437 top5 0.5702
  Saved new best checkpoint: /Data/romain.poggi/Modal/project/smth2smth/checkpoints/runs/track_b_aug-strong_lr0.0005.pt (val top1=0.2437)
Epoch 2/20 | train loss 2.6326 top1 0.2579 | val loss 2.5848 top1 0.2916 top5 0.6204
  Saved new best checkpoint: /Data/romain.poggi/Modal/project/smth2smth/checkpoints/runs/track_b_aug-strong_lr0.0005.pt (val top1=0.2916)
Epoch 3/20 | train loss 2.4111 top1 0.3144 | val loss 2.4499 top1 0.3309 top5 0.6646
  Saved new best checkpoint: /Data/romain.poggi/Modal/project/smth2smth/checkpoints/runs/track_b_aug-strong_lr0.0005.pt (val top1=0.3309)
Epoch 4/20 | train loss 2.2449 top1 0.3573 | val loss 2.3271 top1 0.3484 top5 0.6985
  Saved new best checkpoint: /Data/romain.poggi/Modal/project/smth2smth/checkpoints/runs/track_b_aug-strong_lr0.0005.pt (val top1=0.3484)
Epoch 5/20 | train loss 2.0894 top1 0.3950 | val loss 2.3127 top1 0.3724 top5 0.7119
  Saved new best checkpoint: /Data/romain.poggi/Modal/project/smth2smth/checkpoints/runs/track_b_aug-strong_lr0.0005.pt (val top1=0.3724)
Epoch 6/20 | train loss 1.9307 top1 0.4358 | val loss 2.3309 top1 0.3847 top5 0.7251
  Saved new best checkpoint: /Data/romain.poggi/Modal/project/smth2smth/checkpoints/runs/track_b_aug-strong_lr0.0005.pt (val top1=0.3847)
Epoch 7/20 | train loss 1.8002 top1 0.4681 | val loss 2.2005 top1 0.4002 top5 0.7337
  Saved new best checkpoint: /Data/romain.poggi/Modal/project/smth2smth/checkpoints/runs/track_b_aug-strong_lr0.0005.pt (val top1=0.4002)
Epoch 8/20 | train loss 1.6624 top1 0.5019 | val loss 2.2728 top1 0.4032 top5 0.7361
  Saved new best checkpoint: /Data/romain.poggi/Modal/project/smth2smth/checkpoints/runs/track_b_aug-strong_lr0.0005.pt (val top1=0.4032)
Epoch 9/20 | train loss 1.5242 top1 0.5398 | val loss 2.3527 top1 0.4279 top5 0.7454
  Saved new best checkpoint: /Data/romain.poggi/Modal/project/smth2smth/checkpoints/runs/track_b_aug-strong_lr0.0005.pt (val top1=0.4279)
Epoch 10/20 | train loss 1.3956 top1 0.5709 | val loss 2.4812 top1 0.4135 top5 0.7296
Epoch 11/20 | train loss 1.2567 top1 0.6050 | val loss 2.5924 top1 0.4113 top5 0.7327
Epoch 12/20 | train loss 1.1309 top1 0.6414 | val loss 2.6374 top1 0.4160 top5 0.7359
Epoch 13/20 | train loss 1.0151 top1 0.6755 | val loss 2.7779 top1 0.4156 top5 0.7277
Epoch 14/20 | train loss 0.9084 top1 0.7072 | val loss 2.8723 top1 0.4110 top5 0.7312
Epoch 15/20 | train loss 0.8092 top1 0.7337 | val loss 3.4821 top1 0.4109 top5 0.7253
Epoch 16/20 | train loss 0.7416 top1 0.7594 | val loss 3.2227 top1 0.4142 top5 0.7254
Epoch 17/20 | train loss 0.6599 top1 0.7817 | val loss 3.4736 top1 0.3996 top5 0.7210
Epoch 18/20 | train loss 0.6066 top1 0.7982 | val loss 3.5417 top1 0.4072 top5 0.7106
Epoch 19/20 | train loss 0.5435 top1 0.8194 | val loss 3.5224 top1 0.4036 top5 0.7163
Epoch 20/20 | train loss 0.5037 top1 0.8315 | val loss 3.9017 top1 0.3947 top5 0.7147
[cuda] cache emptied (run-end). Free: 14.91 / 15.58 GiB
Done. Best val top1: 0.4279. Checkpoint: /Data/romain.poggi/Modal/project/smth2smth/checkpoints/runs/track_b_aug-strong_lr0.0005.pt
[2026-04-29 02:56:09,644][HYDRA] 	#4 : track=b experiment=baseline_pretrained augment=strong training.lr=0.0001 training.epochs=20 training.checkpoint_path=$\{hydra\:runtime.cwd\}/checkpoints/runs/track_b_aug-$\{augment.name\}_lr$\{training.lr\}.pt
model:
  name: cnn_baseline
  pretrained: true
  num_classes: ${num_classes}
dataset:
  root: ${hydra:runtime.cwd}/data
  train_dir: ${dataset.root}/train
  val_dir: ${dataset.root}/val
  test_dir: ${dataset.root}/test
  augmented_dirs: []
  test_manifest: null
  submission_output: ${hydra:runtime.cwd}/submissions/track_b.csv
  num_frames: 8
  val_ratio: 0.2
  seed: ${seed}
  max_samples: null
  image_size: 224
training:
  batch_size: 8
  lr: 0.0001
  epochs: 20
  num_workers: 2
  checkpoint_path: ${hydra:runtime.cwd}/checkpoints/runs/track_b_aug-${augment.name}_lr${training.lr}.pt
  device: cuda
  optimizer: adam
  momentum: 0.9
  nesterov: false
  weight_decay: 0.0
  scheduler_cosine: false
  warmup_epochs: 0
  min_lr: 0.0
  label_smoothing: 0.0
  videomix_alpha: 0.0
  videomix_prob: 1.0
augment:
  name: strong
  random_horizontal_flip: true
  random_crop: true
  crop_padding: 32
  color_jitter: true
  color_jitter_brightness: 0.2
  color_jitter_contrast: 0.2
  color_jitter_saturation: 0.2
  color_jitter_hue: 0.0
track:
  name: b
  description: 'Open-world track: pretrained backbone allowed.'
num_classes: 33
seed: 42

[cuda] cache emptied (run-start). Free: 15.19 / 15.58 GiB
Epoch 1/20 | train loss 2.4645 top1 0.3074 | val loss 2.1626 top1 0.3920 top5 0.7294
  Saved new best checkpoint: /Data/romain.poggi/Modal/project/smth2smth/checkpoints/runs/track_b_aug-strong_lr0.0001.pt (val top1=0.3920)
Epoch 2/20 | train loss 2.0018 top1 0.4262 | val loss 2.0187 top1 0.4364 top5 0.7659
  Saved new best checkpoint: /Data/romain.poggi/Modal/project/smth2smth/checkpoints/runs/track_b_aug-strong_lr0.0001.pt (val top1=0.4364)
Epoch 3/20 | train loss 1.7448 top1 0.4867 | val loss 1.8865 top1 0.4651 top5 0.7890
  Saved new best checkpoint: /Data/romain.poggi/Modal/project/smth2smth/checkpoints/runs/track_b_aug-strong_lr0.0001.pt (val top1=0.4651)
Epoch 4/20 | train loss 1.5483 top1 0.5400 | val loss 1.9574 top1 0.4769 top5 0.7933
  Saved new best checkpoint: /Data/romain.poggi/Modal/project/smth2smth/checkpoints/runs/track_b_aug-strong_lr0.0001.pt (val top1=0.4769)
Epoch 5/20 | train loss 1.3668 top1 0.5847 | val loss 2.0594 top1 0.4661 top5 0.7875
Epoch 6/20 | train loss 1.1895 top1 0.6325 | val loss 2.0841 top1 0.4745 top5 0.7946
Epoch 7/20 | train loss 1.0250 top1 0.6810 | val loss 2.0972 top1 0.4712 top5 0.7879
Epoch 8/20 | train loss 0.8805 top1 0.7210 | val loss 2.2316 top1 0.4735 top5 0.7901
Epoch 9/20 | train loss 0.7539 top1 0.7589 | val loss 2.4110 top1 0.4791 top5 0.7826
  Saved new best checkpoint: /Data/romain.poggi/Modal/project/smth2smth/checkpoints/runs/track_b_aug-strong_lr0.0001.pt (val top1=0.4791)
Epoch 10/20 | train loss 0.6598 top1 0.7877 | val loss 2.4444 top1 0.4737 top5 0.7835
Epoch 11/20 | train loss 0.5704 top1 0.8135 | val loss 2.6308 top1 0.4666 top5 0.7838
Epoch 12/20 | train loss 0.5073 top1 0.8353 | val loss 2.8100 top1 0.4529 top5 0.7741
Epoch 13/20 | train loss 0.4517 top1 0.8521 | val loss 2.8357 top1 0.4722 top5 0.7751
Epoch 14/20 | train loss 0.4108 top1 0.8674 | val loss 2.8583 top1 0.4699 top5 0.7719
Epoch 15/20 | train loss 0.3739 top1 0.8781 | val loss 3.1236 top1 0.4621 top5 0.7632
Epoch 16/20 | train loss 0.3488 top1 0.8859 | val loss 3.1635 top1 0.4555 top5 0.7658
Epoch 17/20 | train loss 0.3208 top1 0.8947 | val loss 3.3983 top1 0.4479 top5 0.7578
Epoch 18/20 | train loss 0.2990 top1 0.9030 | val loss 3.2721 top1 0.4656 top5 0.7610
Epoch 19/20 | train loss 0.2799 top1 0.9086 | val loss 3.4628 top1 0.4518 top5 0.7579
Epoch 20/20 | train loss 0.2672 top1 0.9144 | val loss 3.4477 top1 0.4554 top5 0.7623
[cuda] cache emptied (run-end). Free: 14.91 / 15.58 GiB
Done. Best val top1: 0.4791. Checkpoint: /Data/romain.poggi/Modal/project/smth2smth/checkpoints/runs/track_b_aug-strong_lr0.0001.pt
[2026-04-29 05:06:18,686][HYDRA] 	#5 : track=b experiment=baseline_pretrained augment=strong training.lr=5e-05 training.epochs=20 training.checkpoint_path=$\{hydra\:runtime.cwd\}/checkpoints/runs/track_b_aug-$\{augment.name\}_lr$\{training.lr\}.pt
model:
  name: cnn_baseline
  pretrained: true
  num_classes: ${num_classes}
dataset:
  root: ${hydra:runtime.cwd}/data
  train_dir: ${dataset.root}/train
  val_dir: ${dataset.root}/val
  test_dir: ${dataset.root}/test
  augmented_dirs: []
  test_manifest: null
  submission_output: ${hydra:runtime.cwd}/submissions/track_b.csv
  num_frames: 8
  val_ratio: 0.2
  seed: ${seed}
  max_samples: null
  image_size: 224
training:
  batch_size: 8
  lr: 5.0e-05
  epochs: 20
  num_workers: 2
  checkpoint_path: ${hydra:runtime.cwd}/checkpoints/runs/track_b_aug-${augment.name}_lr${training.lr}.pt
  device: cuda
  optimizer: adam
  momentum: 0.9
  nesterov: false
  weight_decay: 0.0
  scheduler_cosine: false
  warmup_epochs: 0
  min_lr: 0.0
  label_smoothing: 0.0
  videomix_alpha: 0.0
  videomix_prob: 1.0
augment:
  name: strong
  random_horizontal_flip: true
  random_crop: true
  crop_padding: 32
  color_jitter: true
  color_jitter_brightness: 0.2
  color_jitter_contrast: 0.2
  color_jitter_saturation: 0.2
  color_jitter_hue: 0.0
track:
  name: b
  description: 'Open-world track: pretrained backbone allowed.'
num_classes: 33
seed: 42

[cuda] cache emptied (run-start). Free: 15.19 / 15.58 GiB
Epoch 1/20 | train loss 2.4584 top1 0.3102 | val loss 2.0647 top1 0.4107 top5 0.7469
  Saved new best checkpoint: /Data/romain.poggi/Modal/project/smth2smth/checkpoints/runs/track_b_aug-strong_lr5e-05.pt (val top1=0.4107)
Epoch 2/20 | train loss 1.9392 top1 0.4401 | val loss 1.9000 top1 0.4571 top5 0.7839
  Saved new best checkpoint: /Data/romain.poggi/Modal/project/smth2smth/checkpoints/runs/track_b_aug-strong_lr5e-05.pt (val top1=0.4571)
Epoch 3/20 | train loss 1.6595 top1 0.5128 | val loss 1.7822 top1 0.4864 top5 0.8045
  Saved new best checkpoint: /Data/romain.poggi/Modal/project/smth2smth/checkpoints/runs/track_b_aug-strong_lr5e-05.pt (val top1=0.4864)
Epoch 4/20 | train loss 1.4479 top1 0.5706 | val loss 1.8405 top1 0.4931 top5 0.8068
  Saved new best checkpoint: /Data/romain.poggi/Modal/project/smth2smth/checkpoints/runs/track_b_aug-strong_lr5e-05.pt (val top1=0.4931)
Epoch 5/20 | train loss 1.2515 top1 0.6225 | val loss 1.8598 top1 0.4931 top5 0.8084
  Saved new best checkpoint: /Data/romain.poggi/Modal/project/smth2smth/checkpoints/runs/track_b_aug-strong_lr5e-05.pt (val top1=0.4931)
Epoch 6/20 | train loss 1.0658 top1 0.6719 | val loss 1.9647 top1 0.4842 top5 0.7982
Epoch 7/20 | train loss 0.9051 top1 0.7208 | val loss 2.0651 top1 0.4761 top5 0.7899
Epoch 8/20 | train loss 0.7702 top1 0.7614 | val loss 2.0476 top1 0.4869 top5 0.7988
Epoch 9/20 | train loss 0.6423 top1 0.7988 | val loss 2.2544 top1 0.4844 top5 0.7928
Epoch 10/20 | train loss 0.5593 top1 0.8264 | val loss 2.3127 top1 0.4805 top5 0.7873
Epoch 11/20 | train loss 0.4750 top1 0.8503 | val loss 2.4837 top1 0.4715 top5 0.7821
Epoch 12/20 | train loss 0.4181 top1 0.8708 | val loss 2.6385 top1 0.4673 top5 0.7744
Epoch 13/20 | train loss 0.3707 top1 0.8837 | val loss 2.6248 top1 0.4726 top5 0.7814
Epoch 14/20 | train loss 0.3346 top1 0.8977 | val loss 2.7414 top1 0.4706 top5 0.7779
Epoch 15/20 | train loss 0.3040 top1 0.9051 | val loss 2.9249 top1 0.4749 top5 0.7765
Epoch 16/20 | train loss 0.2829 top1 0.9130 | val loss 2.9824 top1 0.4583 top5 0.7698
Epoch 17/20 | train loss 0.2656 top1 0.9172 | val loss 3.1517 top1 0.4609 top5 0.7700
Epoch 18/20 | train loss 0.2403 top1 0.9248 | val loss 3.0238 top1 0.4533 top5 0.7665
Epoch 19/20 | train loss 0.2236 top1 0.9303 | val loss 3.1973 top1 0.4563 top5 0.7590
Epoch 20/20 | train loss 0.2115 top1 0.9341 | val loss 3.1783 top1 0.4647 top5 0.7655
[cuda] cache emptied (run-end). Free: 14.91 / 15.58 GiB
Done. Best val top1: 0.4931. Checkpoint: /Data/romain.poggi/Modal/project/smth2smth/checkpoints/runs/track_b_aug-strong_lr5e-05.pt
