model:
  name: video_mae_vit
  variant: vit_b
  num_classes: ${num_classes}
  tube_t: 2
  patch_size: 16
  mlp_ratio: 4.0
  drop_path_rate: 0.1
  dropout: 0.0
  head: mean
  head_num_heads: 4
  init_from: null
dataset:
  root: ${hydra:runtime.cwd}/data
  train_dir: ${dataset.root}/train
  val_dir: ${dataset.root}/val
  test_dir: ${dataset.root}/test
  augmented_dirs: []
  test_manifest: null
  submission_output: ${hydra:runtime.cwd}/submissions/track_a.csv
  num_frames: 4
  val_ratio: 0.2
  use_official_val: true
  seed: ${seed}
  max_samples: null
  max_samples_per_class: null
  image_size: 224
  time_reversal_prob: 0.0
  temporal_reversal_augment:
    enabled: false
    prob: 0.5
  class_boosting:
    enabled: true
training:
  batch_size: 16
  lr: 0.0005
  epochs: 40
  num_workers: 4
  checkpoint_path: ${hydra:runtime.cwd}/checkpoints/track_a/best_model.pt
  resume_from: null
  lora_lr: null
  lora_lr_ratio: 0.25
  motion_lr: null
  motion_lr_ratio: null
  resume_apply_cfg_lr: false
  amp: true
  device: cuda
  optimizer: adamw
  momentum: 0.9
  nesterov: false
  weight_decay: 0.05
  scheduler_cosine: true
  warmup_epochs: 5
  min_lr: 1.0e-06
  label_smoothing: 0.1
  videomix_alpha: 1.0
  videomix_prob: 0.5
  videomix_mode: cube_cutmix
  early_stopping_enabled: true
  early_stopping_patience: 15
  early_stopping_min_delta: 0.001
  log_interval_steps: 100
  ema_enabled: true
  ema_decay: 0.9999
  eval_every_n_epochs: 1
  eval_ema: true
  save_last_checkpoint: true
  last_checkpoint_path: null
  tta: true
  tta_flip: true
  tta_temporal_shift: 0
  tta_scales:
  - 0.875
  - 1.0
  - 1.125
  tta_logit_adjust: 0.0
  class_balance_sampler: sqrt_inverse
  class_balance_loss: cb
  class_balance_beta: 0.999
augment:
  name: randaugment_t
  random_horizontal_flip: false
  random_crop: true
  crop_padding: 32
  color_jitter: false
  color_jitter_brightness: 0.0
  color_jitter_contrast: 0.0
  color_jitter_saturation: 0.0
  color_jitter_hue: 0.0
  sync_across_frames: true
  randaugment:
    enabled: true
    'n': 4
    m: 7.0
    mode: temporal_plus
    magnitude_max: 30.0
    ops: null
pretrain:
  epochs: 100
  batch_size: 64
  lr: 0.0005
  weight_decay: 0.04
  log_interval_steps: 50
  checkpoint_path: ${hydra:runtime.cwd}/ssl_trunk.pt
  max_frames: null
  image_size: 224
  local_image_size: 96
  num_local_views: 6
  out_dim: 4096
  hidden_dim: 2048
  bottleneck_dim: 256
  n_layers: 3
  teacher_temp: 0.04
  student_temp: 0.1
  center_momentum: 0.9
  teacher_momentum_base: 0.996
  teacher_momentum_final: 1.0
track:
  name: a
  description: 'Closed-world track: train from scratch.'
num_classes: 33
seed: 42

[cuda] cache emptied (run-start). Free: 17.93 / 23.54 GiB
[data] use_official_val=true: train=44993 (from /Data/romain.poggi/smth2smth/data/train), val=6745 (from /Data/romain.poggi/smth2smth/data/val)
[data] class_boosting: expanded train rows 44993 -> 69036 (deterministic paired-verb duplicates)
[class-balance] sampler='sqrt_inverse'; trained classes=32, effective per-class draw equalised by sqrt_inverse.
[class-balance] loss policy='cb', beta=0.999; min=0.628, max=4.188, never-trained classes set to 0: 1.
[optim] trainable 86,562,849 / total 86,562,849 params (100.00%)
[amp] mixed-precision (fp16 + GradScaler) enabled.
[ema] enabled (decay=0.9999); will eval both live and EMA each epoch.
    [20:39:33] step 100/4315 | avg train loss 3.6043 top1 0.0362 top5 0.1713
    [20:39:45] step 200/4315 | avg train loss 3.5600 top1 0.0366 top5 0.1756
    [20:39:56] step 300/4315 | avg train loss 3.5395 top1 0.0387 top5 0.1846
    [20:40:08] step 400/4315 | avg train loss 3.5211 top1 0.0452 top5 0.2058
    [20:40:19] step 500/4315 | avg train loss 3.5132 top1 0.0466 top5 0.2097
    [20:40:31] step 600/4315 | avg train loss 3.5064 top1 0.0468 top5 0.2145
    [20:40:42] step 700/4315 | avg train loss 3.5034 top1 0.0460 top5 0.2182
    [20:40:54] step 800/4315 | avg train loss 3.5008 top1 0.0458 top5 0.2203
    [20:41:05] step 900/4315 | avg train loss 3.4991 top1 0.0460 top5 0.2197
    [20:41:17] step 1000/4315 | avg train loss 3.4972 top1 0.0474 top5 0.2221
    [20:41:29] step 1100/4315 | avg train loss 3.4955 top1 0.0469 top5 0.2208
    [20:41:40] step 1200/4315 | avg train loss 3.4946 top1 0.0477 top5 0.2214
    [20:41:52] step 1300/4315 | avg train loss 3.4925 top1 0.0482 top5 0.2234
    [20:42:03] step 1400/4315 | avg train loss 3.4916 top1 0.0486 top5 0.2237
    [20:42:15] step 1500/4315 | avg train loss 3.4905 top1 0.0486 top5 0.2244
    [20:42:26] step 1600/4315 | avg train loss 3.4888 top1 0.0482 top5 0.2254
    [20:42:38] step 1700/4315 | avg train loss 3.4874 top1 0.0487 top5 0.2263
    [20:42:49] step 1800/4315 | avg train loss 3.4866 top1 0.0492 top5 0.2275
    [20:43:01] step 1900/4315 | avg train loss 3.4863 top1 0.0490 top5 0.2272
    [20:43:12] step 2000/4315 | avg train loss 3.4865 top1 0.0484 top5 0.2269
    [20:43:24] step 2100/4315 | avg train loss 3.4857 top1 0.0490 top5 0.2272
    [20:43:35] step 2200/4315 | avg train loss 3.4851 top1 0.0493 top5 0.2269
    [20:43:47] step 2300/4315 | avg train loss 3.4845 top1 0.0495 top5 0.2274
    [20:43:58] step 2400/4315 | avg train loss 3.4840 top1 0.0494 top5 0.2272
    [20:44:10] step 2500/4315 | avg train loss 3.4839 top1 0.0493 top5 0.2267
    [20:44:21] step 2600/4315 | avg train loss 3.4834 top1 0.0495 top5 0.2276
    [20:44:33] step 2700/4315 | avg train loss 3.4830 top1 0.0495 top5 0.2271
    [20:44:44] step 2800/4315 | avg train loss 3.4824 top1 0.0498 top5 0.2281
    [20:44:56] step 2900/4315 | avg train loss 3.4820 top1 0.0495 top5 0.2278
    [20:45:07] step 3000/4315 | avg train loss 3.4816 top1 0.0494 top5 0.2280
    [20:45:19] step 3100/4315 | avg train loss 3.4813 top1 0.0497 top5 0.2281
    [20:45:30] step 3200/4315 | avg train loss 3.4807 top1 0.0499 top5 0.2290
    [20:45:42] step 3300/4315 | avg train loss 3.4803 top1 0.0501 top5 0.2295
    [20:45:53] step 3400/4315 | avg train loss 3.4800 top1 0.0502 top5 0.2299
    [20:46:05] step 3500/4315 | avg train loss 3.4798 top1 0.0502 top5 0.2304
    [20:46:16] step 3600/4315 | avg train loss 3.4793 top1 0.0502 top5 0.2305
    [20:46:28] step 3700/4315 | avg train loss 3.4788 top1 0.0500 top5 0.2303
    [20:46:39] step 3800/4315 | avg train loss 3.4788 top1 0.0498 top5 0.2295
    [20:46:51] step 3900/4315 | avg train loss 3.4784 top1 0.0501 top5 0.2296
    [20:47:02] step 4000/4315 | avg train loss 3.4780 top1 0.0501 top5 0.2294
    [20:47:14] step 4100/4315 | avg train loss 3.4776 top1 0.0502 top5 0.2296
    [20:47:25] step 4200/4315 | avg train loss 3.4774 top1 0.0501 top5 0.2294
    [20:47:37] step 4300/4315 | avg train loss 3.4772 top1 0.0501 top5 0.2299
    [20:47:39] step 4315/4315 | avg train loss 3.4771 top1 0.0501 top5 0.2299
Epoch 1/40 | train loss 3.4771 top1 0.0501 | val loss 3.4417 top1 0.0534 top5 0.2248 | ema val top1 0.0500 top5 0.2286
  Saved new best checkpoint (live): /Data/romain.poggi/smth2smth/checkpoints/track_a/best_model.pt (val top1=0.0534)
    [20:48:23] step 100/4315 | avg train loss 3.4706 top1 0.0581 top5 0.2288
    [20:48:34] step 200/4315 | avg train loss 3.4755 top1 0.0569 top5 0.2250
    [20:48:46] step 300/4315 | avg train loss 3.4734 top1 0.0529 top5 0.2252
    [20:48:57] step 400/4315 | avg train loss 3.4760 top1 0.0488 top5 0.2125
    [20:49:09] step 500/4315 | avg train loss 3.4749 top1 0.0515 top5 0.2162
    [20:49:20] step 600/4315 | avg train loss 3.4743 top1 0.0501 top5 0.2156
    [20:49:32] step 700/4315 | avg train loss 3.4745 top1 0.0499 top5 0.2167
    [20:49:43] step 800/4315 | avg train loss 3.4742 top1 0.0495 top5 0.2209
    [20:49:55] step 900/4315 | avg train loss 3.4737 top1 0.0493 top5 0.2237
    [20:50:06] step 1000/4315 | avg train loss 3.4736 top1 0.0494 top5 0.2249
    [20:50:18] step 1100/4315 | avg train loss 3.4733 top1 0.0497 top5 0.2251
    [20:50:29] step 1200/4315 | avg train loss 3.4731 top1 0.0497 top5 0.2269
    [20:50:41] step 1300/4315 | avg train loss 3.4733 top1 0.0500 top5 0.2257
    [20:50:52] step 1400/4315 | avg train loss 3.4729 top1 0.0500 top5 0.2262
    [20:51:04] step 1500/4315 | avg train loss 3.4729 top1 0.0500 top5 0.2268
    [20:51:15] step 1600/4315 | avg train loss 3.4729 top1 0.0499 top5 0.2263
    [20:51:27] step 1700/4315 | avg train loss 3.4734 top1 0.0495 top5 0.2248
    [20:51:38] step 1800/4315 | avg train loss 3.4730 top1 0.0498 top5 0.2246
    [20:51:50] step 1900/4315 | avg train loss 3.4731 top1 0.0500 top5 0.2243
    [20:52:02] step 2000/4315 | avg train loss 3.4734 top1 0.0501 top5 0.2240
    [20:52:13] step 2100/4315 | avg train loss 3.4729 top1 0.0498 top5 0.2255
    [20:52:24] step 2200/4315 | avg train loss 3.4723 top1 0.0502 top5 0.2270
    [20:52:36] step 2300/4315 | avg train loss 3.4720 top1 0.0503 top5 0.2266
    [20:52:47] step 2400/4315 | avg train loss 3.4717 top1 0.0502 top5 0.2274
    [20:52:59] step 2500/4315 | avg train loss 3.4714 top1 0.0505 top5 0.2279
    [20:53:10] step 2600/4315 | avg train loss 3.4710 top1 0.0508 top5 0.2282
    [20:53:22] step 2700/4315 | avg train loss 3.4710 top1 0.0506 top5 0.2274
    [20:53:33] step 2800/4315 | avg train loss 3.4709 top1 0.0506 top5 0.2281
    [20:53:45] step 2900/4315 | avg train loss 3.4704 top1 0.0506 top5 0.2293
    [20:53:57] step 3000/4315 | avg train loss 3.4700 top1 0.0506 top5 0.2295
    [20:54:08] step 3100/4315 | avg train loss 3.4698 top1 0.0507 top5 0.2301
    [20:54:20] step 3200/4315 | avg train loss 3.4697 top1 0.0509 top5 0.2303
    [20:54:31] step 3300/4315 | avg train loss 3.4706 top1 0.0504 top5 0.2298
    [20:54:43] step 3400/4315 | avg train loss 3.4711 top1 0.0497 top5 0.2284
    [20:54:54] step 3500/4315 | avg train loss 3.4718 top1 0.0494 top5 0.2282
    [20:55:06] step 3600/4315 | avg train loss 3.4720 top1 0.0491 top5 0.2280
    [20:55:17] step 3700/4315 | avg train loss 3.4722 top1 0.0488 top5 0.2278
    [20:55:29] step 3800/4315 | avg train loss 3.4724 top1 0.0491 top5 0.2276
    [20:55:40] step 3900/4315 | avg train loss 3.4724 top1 0.0491 top5 0.2275
    [20:55:52] step 4000/4315 | avg train loss 3.4723 top1 0.0495 top5 0.2280
    [20:56:03] step 4100/4315 | avg train loss 3.4724 top1 0.0496 top5 0.2279
    [20:56:15] step 4200/4315 | avg train loss 3.4722 top1 0.0497 top5 0.2280
    [20:56:26] step 4300/4315 | avg train loss 3.4721 top1 0.0497 top5 0.2279
    [20:56:28] step 4315/4315 | avg train loss 3.4721 top1 0.0498 top5 0.2282
Epoch 2/40 | train loss 3.4721 top1 0.0498 | val loss 3.4696 top1 0.0480 top5 0.2153 | ema val top1 0.0507 top5 0.2341
  No val top1 improvement (1/15); best remains 0.0534
    [20:57:11] step 100/4315 | avg train loss 3.4774 top1 0.0481 top5 0.2412
    [20:57:23] step 200/4315 | avg train loss 3.4784 top1 0.0528 top5 0.2247
    [20:57:34] step 300/4315 | avg train loss 3.4751 top1 0.0558 top5 0.2319
    [20:57:46] step 400/4315 | avg train loss 3.4729 top1 0.0556 top5 0.2325
    [20:57:57] step 500/4315 | avg train loss 3.4735 top1 0.0539 top5 0.2334
    [20:58:09] step 600/4315 | avg train loss 3.4717 top1 0.0529 top5 0.2333
    [20:58:20] step 700/4315 | avg train loss 3.4706 top1 0.0515 top5 0.2307
    [20:58:32] step 800/4315 | avg train loss 3.4725 top1 0.0521 top5 0.2303
    [20:58:43] step 900/4315 | avg train loss 3.4729 top1 0.0531 top5 0.2294
    [20:58:55] step 1000/4315 | avg train loss 3.4726 top1 0.0522 top5 0.2291
    [20:59:06] step 1100/4315 | avg train loss 3.4723 top1 0.0517 top5 0.2300
    [20:59:18] step 1200/4315 | avg train loss 3.4720 top1 0.0522 top5 0.2314
    [20:59:29] step 1300/4315 | avg train loss 3.4721 top1 0.0520 top5 0.2316
    [20:59:41] step 1400/4315 | avg train loss 3.4717 top1 0.0512 top5 0.2311
    [20:59:52] step 1500/4315 | avg train loss 3.4718 top1 0.0521 top5 0.2310
    [21:00:04] step 1600/4315 | avg train loss 3.4725 top1 0.0520 top5 0.2295
    [21:00:15] step 1700/4315 | avg train loss 3.4724 top1 0.0522 top5 0.2297
    [21:00:27] step 1800/4315 | avg train loss 3.4721 top1 0.0516 top5 0.2294
    [21:00:38] step 1900/4315 | avg train loss 3.4718 top1 0.0516 top5 0.2295
    [21:00:50] step 2000/4315 | avg train loss 3.4718 top1 0.0517 top5 0.2293
    [21:01:01] step 2100/4315 | avg train loss 3.4716 top1 0.0519 top5 0.2294
    [21:01:13] step 2200/4315 | avg train loss 3.4713 top1 0.0516 top5 0.2302
    [21:01:24] step 2300/4315 | avg train loss 3.4716 top1 0.0512 top5 0.2286
    [21:01:36] step 2400/4315 | avg train loss 3.4716 top1 0.0510 top5 0.2276
    [21:01:47] step 2500/4315 | avg train loss 3.4709 top1 0.0513 top5 0.2288
    [21:01:59] step 2600/4315 | avg train loss 3.4708 top1 0.0514 top5 0.2292
    [21:02:10] step 2700/4315 | avg train loss 3.4702 top1 0.0516 top5 0.2304
    [21:02:22] step 2800/4315 | avg train loss 3.4699 top1 0.0516 top5 0.2307
    [21:02:33] step 2900/4315 | avg train loss 3.4693 top1 0.0518 top5 0.2317
    [21:02:45] step 3000/4315 | avg train loss 3.4691 top1 0.0518 top5 0.2323
    [21:02:56] step 3100/4315 | avg train loss 3.4690 top1 0.0518 top5 0.2323
    [21:03:08] step 3200/4315 | avg train loss 3.4686 top1 0.0517 top5 0.2325
    [21:03:19] step 3300/4315 | avg train loss 3.4683 top1 0.0516 top5 0.2327
    [21:03:31] step 3400/4315 | avg train loss 3.4681 top1 0.0520 top5 0.2336
    [21:03:42] step 3500/4315 | avg train loss 3.4681 top1 0.0522 top5 0.2337
    [21:03:54] step 3600/4315 | avg train loss 3.4679 top1 0.0521 top5 0.2336
    [21:04:05] step 3700/4315 | avg train loss 3.4675 top1 0.0520 top5 0.2343
    [21:04:17] step 3800/4315 | avg train loss 3.4673 top1 0.0520 top5 0.2343
    [21:04:28] step 3900/4315 | avg train loss 3.4670 top1 0.0520 top5 0.2347
    [21:04:40] step 4000/4315 | avg train loss 3.4668 top1 0.0523 top5 0.2350
    [21:04:51] step 4100/4315 | avg train loss 3.4668 top1 0.0521 top5 0.2345
    [21:05:03] step 4200/4315 | avg train loss 3.4666 top1 0.0524 top5 0.2350
    [21:05:14] step 4300/4315 | avg train loss 3.4664 top1 0.0522 top5 0.2356
    [21:05:16] step 4315/4315 | avg train loss 3.4664 top1 0.0522 top5 0.2355
Epoch 3/40 | train loss 3.4664 top1 0.0522 | val loss 3.4962 top1 0.0353 top5 0.1551 | ema val top1 0.0471 top5 0.2233
  No val top1 improvement (2/15); best remains 0.0534
    [21:05:59] step 100/4315 | avg train loss 3.4649 top1 0.0488 top5 0.2419
    [21:06:11] step 200/4315 | avg train loss 3.4617 top1 0.0569 top5 0.2519
    [21:06:22] step 300/4315 | avg train loss 3.4639 top1 0.0550 top5 0.2490
    [21:06:34] step 400/4315 | avg train loss 3.4623 top1 0.0567 top5 0.2534
    [21:06:45] step 500/4315 | avg train loss 3.4633 top1 0.0586 top5 0.2544
    [21:06:57] step 600/4315 | avg train loss 3.4630 top1 0.0607 top5 0.2515
    [21:07:08] step 700/4315 | avg train loss 3.4629 top1 0.0590 top5 0.2504
    [21:07:20] step 800/4315 | avg train loss 3.4636 top1 0.0579 top5 0.2498
    [21:07:31] step 900/4315 | avg train loss 3.4635 top1 0.0577 top5 0.2489
    [21:07:43] step 1000/4315 | avg train loss 3.4631 top1 0.0574 top5 0.2492
    [21:07:54] step 1100/4315 | avg train loss 3.4637 top1 0.0572 top5 0.2493
    [21:08:06] step 1200/4315 | avg train loss 3.4637 top1 0.0568 top5 0.2501
    [21:08:17] step 1300/4315 | avg train loss 3.4635 top1 0.0564 top5 0.2491
    [21:08:29] step 1400/4315 | avg train loss 3.4621 top1 0.0567 top5 0.2508
    [21:08:40] step 1500/4315 | avg train loss 3.4620 top1 0.0569 top5 0.2515
    [21:08:52] step 1600/4315 | avg train loss 3.4619 top1 0.0566 top5 0.2513
    [21:09:03] step 1700/4315 | avg train loss 3.4620 top1 0.0553 top5 0.2506
    [21:09:15] step 1800/4315 | avg train loss 3.4623 top1 0.0549 top5 0.2490
    [21:09:26] step 1900/4315 | avg train loss 3.4620 top1 0.0553 top5 0.2498
    [21:09:38] step 2000/4315 | avg train loss 3.4621 top1 0.0553 top5 0.2488
    [21:09:57] step 2100/4315 | avg train loss 3.4623 top1 0.0544 top5 0.2481
    [21:10:18] step 2200/4315 | avg train loss 3.4620 top1 0.0547 top5 0.2482
    [21:10:40] step 2300/4315 | avg train loss 3.4622 top1 0.0545 top5 0.2470
    [21:11:01] step 2400/4315 | avg train loss 3.4621 top1 0.0544 top5 0.2463
    [21:11:23] step 2500/4315 | avg train loss 3.4619 top1 0.0545 top5 0.2471
    [21:11:44] step 2600/4315 | avg train loss 3.4620 top1 0.0546 top5 0.2466
    [21:12:06] step 2700/4315 | avg train loss 3.4619 top1 0.0543 top5 0.2466
    [21:12:27] step 2800/4315 | avg train loss 3.4616 top1 0.0542 top5 0.2464
    [21:12:49] step 2900/4315 | avg train loss 3.4613 top1 0.0542 top5 0.2468
    [21:13:10] step 3000/4315 | avg train loss 3.4612 top1 0.0540 top5 0.2465
    [21:13:32] step 3100/4315 | avg train loss 3.4614 top1 0.0541 top5 0.2460
    [21:13:53] step 3200/4315 | avg train loss 3.4616 top1 0.0538 top5 0.2451
    [21:14:14] step 3300/4315 | avg train loss 3.4615 top1 0.0537 top5 0.2449
    [21:14:36] step 3400/4315 | avg train loss 3.4612 top1 0.0537 top5 0.2452
    [21:14:57] step 3500/4315 | avg train loss 3.4613 top1 0.0538 top5 0.2446
    [21:15:19] step 3600/4315 | avg train loss 3.4613 top1 0.0538 top5 0.2446
    [21:15:40] step 3700/4315 | avg train loss 3.4615 top1 0.0538 top5 0.2448
    [21:16:02] step 3800/4315 | avg train loss 3.4613 top1 0.0534 top5 0.2446
    [21:16:26] step 3900/4315 | avg train loss 3.4612 top1 0.0533 top5 0.2445
    [21:16:48] step 4000/4315 | avg train loss 3.4614 top1 0.0532 top5 0.2443
    [21:17:09] step 4100/4315 | avg train loss 3.4614 top1 0.0533 top5 0.2444
    [21:17:31] step 4200/4315 | avg train loss 3.4615 top1 0.0535 top5 0.2444
    [21:17:52] step 4300/4315 | avg train loss 3.4615 top1 0.0535 top5 0.2444
    [21:17:56] step 4315/4315 | avg train loss 3.4616 top1 0.0534 top5 0.2442
Epoch 4/40 | train loss 3.4616 top1 0.0534 | val loss 3.4336 top1 0.0514 top5 0.2388 | ema val top1 0.0473 top5 0.2394
  No val top1 improvement (3/15); best remains 0.0534
    [21:19:15] step 100/4315 | avg train loss 3.4613 top1 0.0575 top5 0.2544
    [21:19:37] step 200/4315 | avg train loss 3.4604 top1 0.0569 top5 0.2584
    [21:19:59] step 300/4315 | avg train loss 3.4592 top1 0.0587 top5 0.2598
    [21:20:20] step 400/4315 | avg train loss 3.4598 top1 0.0575 top5 0.2558
    [21:20:41] step 500/4315 | avg train loss 3.4591 top1 0.0566 top5 0.2534
    [21:21:03] step 600/4315 | avg train loss 3.4600 top1 0.0563 top5 0.2511
    [21:21:24] step 700/4315 | avg train loss 3.4610 top1 0.0564 top5 0.2512
    [21:21:46] step 800/4315 | avg train loss 3.4599 top1 0.0572 top5 0.2528
    [21:22:07] step 900/4315 | avg train loss 3.4601 top1 0.0574 top5 0.2506
    [21:22:29] step 1000/4315 | avg train loss 3.4602 top1 0.0584 top5 0.2523
    [21:22:51] step 1100/4315 | avg train loss 3.4608 top1 0.0574 top5 0.2484
    [21:23:14] step 1200/4315 | avg train loss 3.4600 top1 0.0572 top5 0.2494
    [21:23:36] step 1300/4315 | avg train loss 3.4598 top1 0.0566 top5 0.2471
    [21:23:58] step 1400/4315 | avg train loss 3.4601 top1 0.0565 top5 0.2466
    [21:24:19] step 1500/4315 | avg train loss 3.4595 top1 0.0556 top5 0.2454
    [21:24:41] step 1600/4315 | avg train loss 3.4594 top1 0.0557 top5 0.2463
    [21:25:02] step 1700/4315 | avg train loss 3.4594 top1 0.0549 top5 0.2444
    [21:25:24] step 1800/4315 | avg train loss 3.4591 top1 0.0553 top5 0.2454
    [21:25:45] step 1900/4315 | avg train loss 3.4587 top1 0.0558 top5 0.2460
    [21:26:07] step 2000/4315 | avg train loss 3.4587 top1 0.0553 top5 0.2454
    [21:26:28] step 2100/4315 | avg train loss 3.4588 top1 0.0546 top5 0.2446
    [21:26:50] step 2200/4315 | avg train loss 3.4588 top1 0.0542 top5 0.2441
    [21:27:11] step 2300/4315 | avg train loss 3.4588 top1 0.0541 top5 0.2447
    [21:27:33] step 2400/4315 | avg train loss 3.4584 top1 0.0544 top5 0.2451
    [21:27:54] step 2500/4315 | avg train loss 3.4580 top1 0.0545 top5 0.2459
    [21:28:15] step 2600/4315 | avg train loss 3.4577 top1 0.0546 top5 0.2468
    [21:28:37] step 2700/4315 | avg train loss 3.4576 top1 0.0547 top5 0.2462
    [21:28:59] step 2800/4315 | avg train loss 3.4577 top1 0.0546 top5 0.2463
    [21:29:20] step 2900/4315 | avg train loss 3.4576 top1 0.0547 top5 0.2462
    [21:29:42] step 3000/4315 | avg train loss 3.4577 top1 0.0546 top5 0.2457
    [21:30:06] step 3100/4315 | avg train loss 3.4574 top1 0.0546 top5 0.2468
    [21:30:28] step 3200/4315 | avg train loss 3.4572 top1 0.0547 top5 0.2471
    [21:30:49] step 3300/4315 | avg train loss 3.4572 top1 0.0547 top5 0.2469
    [21:31:11] step 3400/4315 | avg train loss 3.4568 top1 0.0550 top5 0.2473
    [21:31:32] step 3500/4315 | avg train loss 3.4568 top1 0.0551 top5 0.2474
    [21:31:54] step 3600/4315 | avg train loss 3.4568 top1 0.0553 top5 0.2478
    [21:32:15] step 3700/4315 | avg train loss 3.4567 top1 0.0553 top5 0.2481
    [21:32:37] step 3800/4315 | avg train loss 3.4568 top1 0.0554 top5 0.2480
    [21:32:58] step 3900/4315 | avg train loss 3.4569 top1 0.0554 top5 0.2473
    [21:33:19] step 4000/4315 | avg train loss 3.4569 top1 0.0555 top5 0.2472
    [21:33:41] step 4100/4315 | avg train loss 3.4565 top1 0.0556 top5 0.2477
    [21:34:02] step 4200/4315 | avg train loss 3.4567 top1 0.0554 top5 0.2475
    [21:34:24] step 4300/4315 | avg train loss 3.4567 top1 0.0553 top5 0.2476
    [21:34:27] step 4315/4315 | avg train loss 3.4567 top1 0.0552 top5 0.2476
Epoch 5/40 | train loss 3.4567 top1 0.0552 | val loss 3.4479 top1 0.0460 top5 0.2083 | ema val top1 0.0467 top5 0.2415
  No val top1 improvement (4/15); best remains 0.0534
    [21:35:47] step 100/4315 | avg train loss 3.4553 top1 0.0488 top5 0.2512
    [21:36:08] step 200/4315 | avg train loss 3.4594 top1 0.0494 top5 0.2453
    [21:36:30] step 300/4315 | avg train loss 3.4591 top1 0.0508 top5 0.2469
    [21:36:54] step 400/4315 | avg train loss 3.4584 top1 0.0514 top5 0.2467
    [21:37:16] step 500/4315 | avg train loss 3.4578 top1 0.0527 top5 0.2482
    [21:37:38] step 600/4315 | avg train loss 3.4557 top1 0.0539 top5 0.2521
    [21:37:59] step 700/4315 | avg train loss 3.4566 top1 0.0529 top5 0.2512
    [21:38:21] step 800/4315 | avg train loss 3.4550 top1 0.0540 top5 0.2527
    [21:38:42] step 900/4315 | avg train loss 3.4545 top1 0.0544 top5 0.2527
    [21:39:03] step 1000/4315 | avg train loss 3.4539 top1 0.0546 top5 0.2532
    [21:39:25] step 1100/4315 | avg train loss 3.4532 top1 0.0540 top5 0.2544
    [21:39:46] step 1200/4315 | avg train loss 3.4526 top1 0.0544 top5 0.2550
    [21:40:08] step 1300/4315 | avg train loss 3.4530 top1 0.0544 top5 0.2546
    [21:40:29] step 1400/4315 | avg train loss 3.4537 top1 0.0547 top5 0.2535
    [21:40:51] step 1500/4315 | avg train loss 3.4521 top1 0.0546 top5 0.2553
    [21:41:12] step 1600/4315 | avg train loss 3.4520 top1 0.0549 top5 0.2554
    [21:41:34] step 1700/4315 | avg train loss 3.4523 top1 0.0553 top5 0.2551
    [21:41:55] step 1800/4315 | avg train loss 3.4523 top1 0.0556 top5 0.2546
    [21:42:17] step 1900/4315 | avg train loss 3.4518 top1 0.0558 top5 0.2541
    [21:42:38] step 2000/4315 | avg train loss 3.4518 top1 0.0556 top5 0.2537
    [21:42:59] step 2100/4315 | avg train loss 3.4521 top1 0.0562 top5 0.2540
    [21:43:21] step 2200/4315 | avg train loss 3.4517 top1 0.0561 top5 0.2544
    [21:43:45] step 2300/4315 | avg train loss 3.4520 top1 0.0561 top5 0.2544
    [21:44:07] step 2400/4315 | avg train loss 3.4520 top1 0.0557 top5 0.2546
    [21:44:29] step 2500/4315 | avg train loss 3.4521 top1 0.0558 top5 0.2547
    [21:44:50] step 2600/4315 | avg train loss 3.4522 top1 0.0556 top5 0.2547
    [21:45:12] step 2700/4315 | avg train loss 3.4516 top1 0.0558 top5 0.2554
    [21:45:33] step 2800/4315 | avg train loss 3.4515 top1 0.0558 top5 0.2562
    [21:45:54] step 2900/4315 | avg train loss 3.4516 top1 0.0559 top5 0.2566
    [21:46:16] step 3000/4315 | avg train loss 3.4516 top1 0.0558 top5 0.2565
    [21:46:37] step 3100/4315 | avg train loss 3.4515 top1 0.0556 top5 0.2565
    [21:46:59] step 3200/4315 | avg train loss 3.4516 top1 0.0554 top5 0.2562
    [21:47:20] step 3300/4315 | avg train loss 3.4516 top1 0.0554 top5 0.2556
    [21:47:42] step 3400/4315 | avg train loss 3.4513 top1 0.0557 top5 0.2560
    [21:48:03] step 3500/4315 | avg train loss 3.4513 top1 0.0556 top5 0.2560
    [21:48:24] step 3600/4315 | avg train loss 3.4514 top1 0.0559 top5 0.2557
    [21:48:45] step 3700/4315 | avg train loss 3.4513 top1 0.0559 top5 0.2561
    [21:49:07] step 3800/4315 | avg train loss 3.4513 top1 0.0558 top5 0.2562
    [21:49:28] step 3900/4315 | avg train loss 3.4510 top1 0.0557 top5 0.2569
    [21:49:50] step 4000/4315 | avg train loss 3.4507 top1 0.0558 top5 0.2574
    [21:50:11] step 4100/4315 | avg train loss 3.4505 top1 0.0558 top5 0.2577
    [21:50:35] step 4200/4315 | avg train loss 3.4505 top1 0.0557 top5 0.2579
    [21:50:58] step 4300/4315 | avg train loss 3.4503 top1 0.0558 top5 0.2581
    [21:51:01] step 4315/4315 | avg train loss 3.4504 top1 0.0558 top5 0.2579
Epoch 6/40 | train loss 3.4504 top1 0.0558 | val loss 3.4134 top1 0.0500 top5 0.2480 | ema val top1 0.0529 top5 0.2406
  No val top1 improvement (5/15); best remains 0.0534
    [21:52:21] step 100/4315 | avg train loss 3.4494 top1 0.0569 top5 0.2569
    [21:52:43] step 200/4315 | avg train loss 3.4438 top1 0.0597 top5 0.2647
    [21:53:04] step 300/4315 | avg train loss 3.4453 top1 0.0600 top5 0.2604
    [21:53:26] step 400/4315 | avg train loss 3.4457 top1 0.0584 top5 0.2561
    [21:53:47] step 500/4315 | avg train loss 3.4463 top1 0.0571 top5 0.2547
    [21:54:09] step 600/4315 | avg train loss 3.4479 top1 0.0563 top5 0.2545
    [21:54:30] step 700/4315 | avg train loss 3.4477 top1 0.0574 top5 0.2547
    [21:54:52] step 800/4315 | avg train loss 3.4487 top1 0.0569 top5 0.2551
    [21:55:13] step 900/4315 | avg train loss 3.4490 top1 0.0560 top5 0.2544
    [21:55:35] step 1000/4315 | avg train loss 3.4496 top1 0.0561 top5 0.2539
    [21:55:56] step 1100/4315 | avg train loss 3.4498 top1 0.0555 top5 0.2535
    [21:56:18] step 1200/4315 | avg train loss 3.4490 top1 0.0553 top5 0.2555
    [21:56:39] step 1300/4315 | avg train loss 3.4495 top1 0.0547 top5 0.2544
    [21:57:00] step 1400/4315 | avg train loss 3.4497 top1 0.0539 top5 0.2543
    [21:57:24] step 1500/4315 | avg train loss 3.4498 top1 0.0533 top5 0.2545
    [21:57:47] step 1600/4315 | avg train loss 3.4501 top1 0.0535 top5 0.2542
    [21:58:08] step 1700/4315 | avg train loss 3.4500 top1 0.0530 top5 0.2544
    [21:58:30] step 1800/4315 | avg train loss 3.4502 top1 0.0525 top5 0.2537
    [21:58:51] step 1900/4315 | avg train loss 3.4500 top1 0.0529 top5 0.2537
    [21:59:13] step 2000/4315 | avg train loss 3.4499 top1 0.0528 top5 0.2538
    [21:59:34] step 2100/4315 | avg train loss 3.4496 top1 0.0532 top5 0.2535
    [21:59:56] step 2200/4315 | avg train loss 3.4493 top1 0.0534 top5 0.2545
    [22:00:17] step 2300/4315 | avg train loss 3.4492 top1 0.0532 top5 0.2549
    [22:00:38] step 2400/4315 | avg train loss 3.4494 top1 0.0533 top5 0.2547
    [22:01:00] step 2500/4315 | avg train loss 3.4497 top1 0.0529 top5 0.2549
    [22:01:21] step 2600/4315 | avg train loss 3.4498 top1 0.0530 top5 0.2552
    [22:01:43] step 2700/4315 | avg train loss 3.4499 top1 0.0527 top5 0.2555
    [22:02:04] step 2800/4315 | avg train loss 3.4501 top1 0.0528 top5 0.2558
    [22:02:25] step 2900/4315 | avg train loss 3.4500 top1 0.0527 top5 0.2556
    [22:02:47] step 3000/4315 | avg train loss 3.4499 top1 0.0525 top5 0.2554
    [22:03:09] step 3100/4315 | avg train loss 3.4498 top1 0.0522 top5 0.2555
    [22:03:30] step 3200/4315 | avg train loss 3.4498 top1 0.0524 top5 0.2547
    [22:03:52] step 3300/4315 | avg train loss 3.4496 top1 0.0527 top5 0.2551
    [22:04:15] step 3400/4315 | avg train loss 3.4493 top1 0.0529 top5 0.2556
    [22:04:38] step 3500/4315 | avg train loss 3.4495 top1 0.0528 top5 0.2550
    [22:05:00] step 3600/4315 | avg train loss 3.4495 top1 0.0529 top5 0.2550
    [22:05:21] step 3700/4315 | avg train loss 3.4494 top1 0.0530 top5 0.2557
    [22:05:42] step 3800/4315 | avg train loss 3.4495 top1 0.0530 top5 0.2553
    [22:06:04] step 3900/4315 | avg train loss 3.4495 top1 0.0533 top5 0.2554
    [22:06:25] step 4000/4315 | avg train loss 3.4494 top1 0.0536 top5 0.2554
    [22:06:47] step 4100/4315 | avg train loss 3.4495 top1 0.0535 top5 0.2548
    [22:07:08] step 4200/4315 | avg train loss 3.4495 top1 0.0536 top5 0.2547
    [22:07:29] step 4300/4315 | avg train loss 3.4496 top1 0.0534 top5 0.2543
    [22:07:33] step 4315/4315 | avg train loss 3.4497 top1 0.0535 top5 0.2543
Epoch 7/40 | train loss 3.4497 top1 0.0535 | val loss 3.4358 top1 0.0534 top5 0.2374 | ema val top1 0.0482 top5 0.2448
  No val top1 improvement (6/15); best remains 0.0534
    [22:08:52] step 100/4315 | avg train loss 3.4459 top1 0.0563 top5 0.2556
    [22:09:14] step 200/4315 | avg train loss 3.4486 top1 0.0541 top5 0.2516
    [22:09:35] step 300/4315 | avg train loss 3.4494 top1 0.0533 top5 0.2477
    [22:09:57] step 400/4315 | avg train loss 3.4492 top1 0.0530 top5 0.2473
    [22:10:18] step 500/4315 | avg train loss 3.4505 top1 0.0554 top5 0.2514
    [22:10:39] step 600/4315 | avg train loss 3.4510 top1 0.0548 top5 0.2507
    [22:11:02] step 700/4315 | avg train loss 3.4503 top1 0.0546 top5 0.2514
    [22:11:26] step 800/4315 | avg train loss 3.4500 top1 0.0543 top5 0.2510
    [22:11:47] step 900/4315 | avg train loss 3.4501 top1 0.0547 top5 0.2513
    [22:12:09] step 1000/4315 | avg train loss 3.4505 top1 0.0545 top5 0.2500
    [22:12:30] step 1100/4315 | avg train loss 3.4497 top1 0.0557 top5 0.2516
    [22:12:51] step 1200/4315 | avg train loss 3.4498 top1 0.0552 top5 0.2531
    [22:13:13] step 1300/4315 | avg train loss 3.4498 top1 0.0551 top5 0.2526
    [22:13:34] step 1400/4315 | avg train loss 3.4498 top1 0.0551 top5 0.2525
    [22:13:56] step 1500/4315 | avg train loss 3.4499 top1 0.0553 top5 0.2519
    [22:14:17] step 1600/4315 | avg train loss 3.4494 top1 0.0552 top5 0.2528
    [22:14:38] step 1700/4315 | avg train loss 3.4496 top1 0.0551 top5 0.2520
    [22:15:00] step 1800/4315 | avg train loss 3.4494 top1 0.0551 top5 0.2520
    [22:15:21] step 1900/4315 | avg train loss 3.4492 top1 0.0551 top5 0.2515
    [22:15:43] step 2000/4315 | avg train loss 3.4491 top1 0.0550 top5 0.2518
    [22:16:04] step 2100/4315 | avg train loss 3.4496 top1 0.0550 top5 0.2508
    [22:16:25] step 2200/4315 | avg train loss 3.4495 top1 0.0549 top5 0.2504
    [22:16:47] step 2300/4315 | avg train loss 3.4496 top1 0.0548 top5 0.2507
    [22:17:08] step 2400/4315 | avg train loss 3.4496 top1 0.0548 top5 0.2507
    [22:17:30] step 2500/4315 | avg train loss 3.4497 top1 0.0549 top5 0.2514
    [22:17:52] step 2600/4315 | avg train loss 3.4496 top1 0.0552 top5 0.2519
    [22:18:16] step 2700/4315 | avg train loss 3.4495 top1 0.0551 top5 0.2521
    [22:18:38] step 2800/4315 | avg train loss 3.4499 top1 0.0550 top5 0.2519
    [22:18:59] step 2900/4315 | avg train loss 3.4499 top1 0.0551 top5 0.2519
    [22:19:20] step 3000/4315 | avg train loss 3.4499 top1 0.0553 top5 0.2519
    [22:19:42] step 3100/4315 | avg train loss 3.4499 top1 0.0554 top5 0.2521
    [22:20:03] step 3200/4315 | avg train loss 3.4502 top1 0.0554 top5 0.2520
    [22:20:25] step 3300/4315 | avg train loss 3.4503 top1 0.0552 top5 0.2518
    [22:20:46] step 3400/4315 | avg train loss 3.4505 top1 0.0551 top5 0.2520
    [22:21:07] step 3500/4315 | avg train loss 3.4504 top1 0.0554 top5 0.2523
    [22:21:29] step 3600/4315 | avg train loss 3.4503 top1 0.0555 top5 0.2526
    [22:21:50] step 3700/4315 | avg train loss 3.4505 top1 0.0553 top5 0.2524
    [22:22:12] step 3800/4315 | avg train loss 3.4504 top1 0.0552 top5 0.2530
    [22:22:33] step 3900/4315 | avg train loss 3.4507 top1 0.0552 top5 0.2530
    [22:22:54] step 4000/4315 | avg train loss 3.4506 top1 0.0554 top5 0.2535
    [22:23:16] step 4100/4315 | avg train loss 3.4503 top1 0.0556 top5 0.2540
    [22:23:37] step 4200/4315 | avg train loss 3.4503 top1 0.0556 top5 0.2544
    [22:23:59] step 4300/4315 | avg train loss 3.4503 top1 0.0553 top5 0.2543
    [22:24:02] step 4315/4315 | avg train loss 3.4503 top1 0.0553 top5 0.2544
Epoch 8/40 | train loss 3.4503 top1 0.0553 | val loss 3.4523 top1 0.0474 top5 0.2308 | ema val top1 0.0540 top5 0.2489
  No val top1 improvement (7/15); best remains 0.0534
    [22:25:24] step 100/4315 | avg train loss 3.4566 top1 0.0494 top5 0.2506
    [22:25:46] step 200/4315 | avg train loss 3.4504 top1 0.0484 top5 0.2537
    [22:26:07] step 300/4315 | avg train loss 3.4493 top1 0.0527 top5 0.2523
    [22:26:29] step 400/4315 | avg train loss 3.4498 top1 0.0527 top5 0.2531
    [22:26:50] step 500/4315 | avg train loss 3.4509 top1 0.0531 top5 0.2524
    [22:27:11] step 600/4315 | avg train loss 3.4512 top1 0.0516 top5 0.2507
    [22:27:33] step 700/4315 | avg train loss 3.4519 top1 0.0522 top5 0.2506
    [22:27:54] step 800/4315 | avg train loss 3.4522 top1 0.0530 top5 0.2497
    [22:28:16] step 900/4315 | avg train loss 3.4517 top1 0.0540 top5 0.2503
    [22:28:37] step 1000/4315 | avg train loss 3.4516 top1 0.0541 top5 0.2495
    [22:28:58] step 1100/4315 | avg train loss 3.4512 top1 0.0547 top5 0.2502
    [22:29:20] step 1200/4315 | avg train loss 3.4511 top1 0.0542 top5 0.2497
    [22:29:41] step 1300/4315 | avg train loss 3.4501 top1 0.0543 top5 0.2503
    [22:30:03] step 1400/4315 | avg train loss 3.4503 top1 0.0547 top5 0.2497
    [22:30:24] step 1500/4315 | avg train loss 3.4504 top1 0.0544 top5 0.2493
    [22:30:45] step 1600/4315 | avg train loss 3.4502 top1 0.0548 top5 0.2511
    [22:31:07] step 1700/4315 | avg train loss 3.4501 top1 0.0553 top5 0.2521
    [22:31:29] step 1800/4315 | avg train loss 3.4505 top1 0.0552 top5 0.2516
    [22:31:53] step 1900/4315 | avg train loss 3.4507 top1 0.0556 top5 0.2518
    [22:32:15] step 2000/4315 | avg train loss 3.4507 top1 0.0555 top5 0.2512
    [22:32:36] step 2100/4315 | avg train loss 3.4504 top1 0.0556 top5 0.2516
    [22:32:58] step 2200/4315 | avg train loss 3.4505 top1 0.0559 top5 0.2516
    [22:33:19] step 2300/4315 | avg train loss 3.4505 top1 0.0560 top5 0.2514
    [22:33:41] step 2400/4315 | avg train loss 3.4501 top1 0.0563 top5 0.2522
    [22:34:02] step 2500/4315 | avg train loss 3.4496 top1 0.0566 top5 0.2530
    [22:34:23] step 2600/4315 | avg train loss 3.4497 top1 0.0560 top5 0.2531
    [22:34:45] step 2700/4315 | avg train loss 3.4494 top1 0.0561 top5 0.2535
    [22:35:06] step 2800/4315 | avg train loss 3.4493 top1 0.0562 top5 0.2542
    [22:35:28] step 2900/4315 | avg train loss 3.4493 top1 0.0559 top5 0.2540
    [22:35:49] step 3000/4315 | avg train loss 3.4491 top1 0.0555 top5 0.2537
    [22:36:10] step 3100/4315 | avg train loss 3.4492 top1 0.0553 top5 0.2535
    [22:36:32] step 3200/4315 | avg train loss 3.4494 top1 0.0552 top5 0.2534
    [22:36:53] step 3300/4315 | avg train loss 3.4497 top1 0.0548 top5 0.2526
    [22:37:15] step 3400/4315 | avg train loss 3.4496 top1 0.0551 top5 0.2528
    [22:37:36] step 3500/4315 | avg train loss 3.4497 top1 0.0549 top5 0.2523
    [22:37:57] step 3600/4315 | avg train loss 3.4497 top1 0.0549 top5 0.2525
    [22:38:19] step 3700/4315 | avg train loss 3.4497 top1 0.0548 top5 0.2526
    [22:38:43] step 3800/4315 | avg train loss 3.4497 top1 0.0548 top5 0.2525
    [22:39:05] step 3900/4315 | avg train loss 3.4497 top1 0.0547 top5 0.2529
    [22:39:27] step 4000/4315 | avg train loss 3.4498 top1 0.0548 top5 0.2526
    [22:39:48] step 4100/4315 | avg train loss 3.4496 top1 0.0550 top5 0.2528
    [22:40:09] step 4200/4315 | avg train loss 3.4496 top1 0.0548 top5 0.2526
    [22:40:31] step 4300/4315 | avg train loss 3.4493 top1 0.0547 top5 0.2528
    [22:40:34] step 4315/4315 | avg train loss 3.4492 top1 0.0547 top5 0.2528
Epoch 9/40 | train loss 3.4492 top1 0.0547 | val loss 3.4625 top1 0.0252 top5 0.1915 | ema val top1 0.0509 top5 0.2405
  No val top1 improvement (8/15); best remains 0.0534
    [22:41:53] step 100/4315 | avg train loss 3.4505 top1 0.0506 top5 0.2387
    [22:42:15] step 200/4315 | avg train loss 3.4478 top1 0.0556 top5 0.2537
    [22:42:36] step 300/4315 | avg train loss 3.4451 top1 0.0571 top5 0.2598
    [22:42:58] step 400/4315 | avg train loss 3.4474 top1 0.0552 top5 0.2581
    [22:43:19] step 500/4315 | avg train loss 3.4472 top1 0.0544 top5 0.2547
    [22:43:41] step 600/4315 | avg train loss 3.4483 top1 0.0547 top5 0.2518
    [22:44:02] step 700/4315 | avg train loss 3.4495 top1 0.0551 top5 0.2485
    [22:44:24] step 800/4315 | avg train loss 3.4499 top1 0.0547 top5 0.2457
    [22:44:45] step 900/4315 | avg train loss 3.4490 top1 0.0549 top5 0.2458
    [22:45:07] step 1000/4315 | avg train loss 3.4487 top1 0.0557 top5 0.2459
    [22:45:30] step 1100/4315 | avg train loss 3.4491 top1 0.0556 top5 0.2448
    [22:45:53] step 1200/4315 | avg train loss 3.4494 top1 0.0557 top5 0.2447
    [22:46:14] step 1300/4315 | avg train loss 3.4489 top1 0.0553 top5 0.2462
    [22:46:36] step 1400/4315 | avg train loss 3.4492 top1 0.0553 top5 0.2466
    [22:46:57] step 1500/4315 | avg train loss 3.4492 top1 0.0558 top5 0.2483
    [22:47:18] step 1600/4315 | avg train loss 3.4490 top1 0.0553 top5 0.2483
    [22:47:40] step 1700/4315 | avg train loss 3.4486 top1 0.0558 top5 0.2492
    [22:48:01] step 1800/4315 | avg train loss 3.4489 top1 0.0550 top5 0.2492
    [22:48:23] step 1900/4315 | avg train loss 3.4491 top1 0.0551 top5 0.2494
    [22:48:44] step 2000/4315 | avg train loss 3.4488 top1 0.0551 top5 0.2501
    [22:49:06] step 2100/4315 | avg train loss 3.4489 top1 0.0554 top5 0.2505
    [22:49:27] step 2200/4315 | avg train loss 3.4489 top1 0.0547 top5 0.2497
    [22:49:48] step 2300/4315 | avg train loss 3.4491 top1 0.0547 top5 0.2503
    [22:50:10] step 2400/4315 | avg train loss 3.4490 top1 0.0548 top5 0.2507
    [22:50:31] step 2500/4315 | avg train loss 3.4491 top1 0.0544 top5 0.2509
    [22:50:53] step 2600/4315 | avg train loss 3.4492 top1 0.0544 top5 0.2510
    [22:51:14] step 2700/4315 | avg train loss 3.4492 top1 0.0549 top5 0.2524
    [22:51:35] step 2800/4315 | avg train loss 3.4489 top1 0.0549 top5 0.2530
    [22:51:57] step 2900/4315 | avg train loss 3.4489 top1 0.0552 top5 0.2532
    [22:52:20] step 3000/4315 | avg train loss 3.4493 top1 0.0551 top5 0.2534
    [22:52:43] step 3100/4315 | avg train loss 3.4493 top1 0.0551 top5 0.2534
    [22:53:05] step 3200/4315 | avg train loss 3.4496 top1 0.0552 top5 0.2537
    [22:53:26] step 3300/4315 | avg train loss 3.4499 top1 0.0550 top5 0.2534
    [22:53:48] step 3400/4315 | avg train loss 3.4496 top1 0.0554 top5 0.2537
    [22:54:09] step 3500/4315 | avg train loss 3.4499 top1 0.0555 top5 0.2536
    [22:54:30] step 3600/4315 | avg train loss 3.4498 top1 0.0556 top5 0.2538
    [22:54:52] step 3700/4315 | avg train loss 3.4498 top1 0.0556 top5 0.2538
    [22:55:13] step 3800/4315 | avg train loss 3.4497 top1 0.0556 top5 0.2535
    [22:55:35] step 3900/4315 | avg train loss 3.4494 top1 0.0558 top5 0.2538
    [22:55:56] step 4000/4315 | avg train loss 3.4493 top1 0.0558 top5 0.2539
    [22:56:18] step 4100/4315 | avg train loss 3.4495 top1 0.0557 top5 0.2538
    [22:56:39] step 4200/4315 | avg train loss 3.4495 top1 0.0558 top5 0.2540
    [22:57:00] step 4300/4315 | avg train loss 3.4495 top1 0.0559 top5 0.2537
    [22:57:04] step 4315/4315 | avg train loss 3.4495 top1 0.0559 top5 0.2537
Epoch 10/40 | train loss 3.4495 top1 0.0559 | val loss 3.4319 top1 0.0532 top5 0.2446 | ema val top1 0.0537 top5 0.2451
  No val top1 improvement (9/15); best remains 0.0534
    [22:58:23] step 100/4315 | avg train loss 3.4520 top1 0.0594 top5 0.2469
    [22:58:45] step 200/4315 | avg train loss 3.4517 top1 0.0569 top5 0.2516
    [22:59:08] step 300/4315 | avg train loss 3.4513 top1 0.0579 top5 0.2548
    [22:59:31] step 400/4315 | avg train loss 3.4501 top1 0.0566 top5 0.2547
    [22:59:53] step 500/4315 | avg train loss 3.4505 top1 0.0571 top5 0.2517
    [23:00:14] step 600/4315 | avg train loss 3.4499 top1 0.0589 top5 0.2529
    [23:00:36] step 700/4315 | avg train loss 3.4487 top1 0.0583 top5 0.2521
    [23:00:57] step 800/4315 | avg train loss 3.4474 top1 0.0587 top5 0.2531
    [23:01:18] step 900/4315 | avg train loss 3.4487 top1 0.0581 top5 0.2521
    [23:01:40] step 1000/4315 | avg train loss 3.4491 top1 0.0579 top5 0.2521
    [23:02:01] step 1100/4315 | avg train loss 3.4488 top1 0.0566 top5 0.2528
    [23:02:22] step 1200/4315 | avg train loss 3.4491 top1 0.0554 top5 0.2517
    [23:02:44] step 1300/4315 | avg train loss 3.4492 top1 0.0551 top5 0.2517
    [23:03:05] step 1400/4315 | avg train loss 3.4487 top1 0.0551 top5 0.2530
    [23:03:27] step 1500/4315 | avg train loss 3.4485 top1 0.0548 top5 0.2539
    [23:03:48] step 1600/4315 | avg train loss 3.4484 top1 0.0553 top5 0.2552
    [23:04:10] step 1700/4315 | avg train loss 3.4484 top1 0.0553 top5 0.2546
    [23:04:31] step 1800/4315 | avg train loss 3.4483 top1 0.0553 top5 0.2544
    [23:04:52] step 1900/4315 | avg train loss 3.4478 top1 0.0554 top5 0.2558
    [23:05:14] step 2000/4315 | avg train loss 3.4475 top1 0.0555 top5 0.2561
    [23:05:35] step 2100/4315 | avg train loss 3.4473 top1 0.0554 top5 0.2561
    [23:05:58] step 2200/4315 | avg train loss 3.4479 top1 0.0549 top5 0.2550
    [23:06:21] step 2300/4315 | avg train loss 3.4483 top1 0.0551 top5 0.2544
    [23:06:43] step 2400/4315 | avg train loss 3.4480 top1 0.0551 top5 0.2550
    [23:07:04] step 2500/4315 | avg train loss 3.4480 top1 0.0549 top5 0.2544
    [23:07:26] step 2600/4315 | avg train loss 3.4479 top1 0.0550 top5 0.2547
    [23:07:47] step 2700/4315 | avg train loss 3.4475 top1 0.0551 top5 0.2558
    [23:08:09] step 2800/4315 | avg train loss 3.4473 top1 0.0554 top5 0.2563
    [23:08:30] step 2900/4315 | avg train loss 3.4474 top1 0.0555 top5 0.2562
    [23:08:51] step 3000/4315 | avg train loss 3.4476 top1 0.0558 top5 0.2564
    [23:09:13] step 3100/4315 | avg train loss 3.4478 top1 0.0558 top5 0.2563
    [23:09:34] step 3200/4315 | avg train loss 3.4479 top1 0.0558 top5 0.2563
    [23:09:55] step 3300/4315 | avg train loss 3.4479 top1 0.0558 top5 0.2561
    [23:10:17] step 3400/4315 | avg train loss 3.4481 top1 0.0555 top5 0.2553
    [23:10:38] step 3500/4315 | avg train loss 3.4481 top1 0.0553 top5 0.2553
    [23:10:59] step 3600/4315 | avg train loss 3.4480 top1 0.0553 top5 0.2559
    [23:11:21] step 3700/4315 | avg train loss 3.4479 top1 0.0552 top5 0.2559
    [23:11:42] step 3800/4315 | avg train loss 3.4479 top1 0.0551 top5 0.2562
    [23:12:03] step 3900/4315 | avg train loss 3.4476 top1 0.0554 top5 0.2565
    [23:12:25] step 4000/4315 | avg train loss 3.4475 top1 0.0553 top5 0.2565
    [23:12:47] step 4100/4315 | avg train loss 3.4476 top1 0.0554 top5 0.2564
    [23:13:11] step 4200/4315 | avg train loss 3.4476 top1 0.0554 top5 0.2566
    [23:13:33] step 4300/4315 | avg train loss 3.4476 top1 0.0555 top5 0.2563
    [23:13:36] step 4315/4315 | avg train loss 3.4476 top1 0.0554 top5 0.2563
Epoch 11/40 | train loss 3.4476 top1 0.0554 | val loss 3.4208 top1 0.0504 top5 0.2529 | ema val top1 0.0522 top5 0.2546
  No val top1 improvement (10/15); best remains 0.0534
    [23:14:56] step 100/4315 | avg train loss 3.4473 top1 0.0544 top5 0.2700
    [23:15:17] step 200/4315 | avg train loss 3.4502 top1 0.0541 top5 0.2606
    [23:15:39] step 300/4315 | avg train loss 3.4519 top1 0.0504 top5 0.2515
    [23:16:00] step 400/4315 | avg train loss 3.4516 top1 0.0522 top5 0.2537
    [23:16:21] step 500/4315 | avg train loss 3.4517 top1 0.0537 top5 0.2525
    [23:16:43] step 600/4315 | avg train loss 3.4515 top1 0.0559 top5 0.2536
    [23:17:04] step 700/4315 | avg train loss 3.4512 top1 0.0559 top5 0.2528
    [23:17:26] step 800/4315 | avg train loss 3.4520 top1 0.0567 top5 0.2520
    [23:17:47] step 900/4315 | avg train loss 3.4517 top1 0.0571 top5 0.2539
    [23:18:08] step 1000/4315 | avg train loss 3.4510 top1 0.0563 top5 0.2543
    [23:18:30] step 1100/4315 | avg train loss 3.4506 top1 0.0561 top5 0.2549
    [23:18:51] step 1200/4315 | avg train loss 3.4504 top1 0.0561 top5 0.2552
    [23:19:12] step 1300/4315 | avg train loss 3.4503 top1 0.0562 top5 0.2548
    [23:19:35] step 1400/4315 | avg train loss 3.4501 top1 0.0558 top5 0.2548
    [23:19:58] step 1500/4315 | avg train loss 3.4501 top1 0.0553 top5 0.2544
    [23:20:20] step 1600/4315 | avg train loss 3.4500 top1 0.0551 top5 0.2550
    [23:20:41] step 1700/4315 | avg train loss 3.4498 top1 0.0552 top5 0.2553
    [23:21:03] step 1800/4315 | avg train loss 3.4495 top1 0.0552 top5 0.2561
    [23:21:24] step 1900/4315 | avg train loss 3.4493 top1 0.0555 top5 0.2566
    [23:21:46] step 2000/4315 | avg train loss 3.4489 top1 0.0557 top5 0.2568
    [23:22:07] step 2100/4315 | avg train loss 3.4490 top1 0.0552 top5 0.2564
    [23:22:29] step 2200/4315 | avg train loss 3.4490 top1 0.0555 top5 0.2566
    [23:22:50] step 2300/4315 | avg train loss 3.4494 top1 0.0555 top5 0.2561
    [23:23:12] step 2400/4315 | avg train loss 3.4493 top1 0.0554 top5 0.2566
    [23:23:33] step 2500/4315 | avg train loss 3.4492 top1 0.0556 top5 0.2567
    [23:23:54] step 2600/4315 | avg train loss 3.4491 top1 0.0557 top5 0.2569
    [23:24:16] step 2700/4315 | avg train loss 3.4490 top1 0.0556 top5 0.2565
    [23:24:37] step 2800/4315 | avg train loss 3.4491 top1 0.0555 top5 0.2560
    [23:24:59] step 2900/4315 | avg train loss 3.4491 top1 0.0554 top5 0.2558
    [23:25:20] step 3000/4315 | avg train loss 3.4490 top1 0.0557 top5 0.2563
    [23:25:41] step 3100/4315 | avg train loss 3.4491 top1 0.0554 top5 0.2561
    [23:26:03] step 3200/4315 | avg train loss 3.4490 top1 0.0554 top5 0.2567
    [23:26:25] step 3300/4315 | avg train loss 3.4492 top1 0.0552 top5 0.2567
    [23:26:49] step 3400/4315 | avg train loss 3.4489 top1 0.0553 top5 0.2570
    [23:27:11] step 3500/4315 | avg train loss 3.4490 top1 0.0553 top5 0.2566
    [23:27:32] step 3600/4315 | avg train loss 3.4492 top1 0.0553 top5 0.2569
    [23:27:54] step 3700/4315 | avg train loss 3.4490 top1 0.0556 top5 0.2570
    [23:28:15] step 3800/4315 | avg train loss 3.4491 top1 0.0558 top5 0.2574
    [23:28:37] step 3900/4315 | avg train loss 3.4492 top1 0.0558 top5 0.2571
    [23:28:58] step 4000/4315 | avg train loss 3.4491 top1 0.0558 top5 0.2574
    [23:29:19] step 4100/4315 | avg train loss 3.4491 top1 0.0560 top5 0.2574
    [23:29:41] step 4200/4315 | avg train loss 3.4492 top1 0.0560 top5 0.2572
    [23:30:02] step 4300/4315 | avg train loss 3.4492 top1 0.0561 top5 0.2570
    [23:30:05] step 4315/4315 | avg train loss 3.4492 top1 0.0560 top5 0.2571
Epoch 12/40 | train loss 3.4492 top1 0.0560 | val loss 3.4331 top1 0.0511 top5 0.2308 | ema val top1 0.0549 top5 0.2566
  Saved new best checkpoint (ema): /Data/romain.poggi/smth2smth/checkpoints/track_a/best_model.pt (val top1=0.0549)
    [23:31:26] step 100/4315 | avg train loss 3.4524 top1 0.0481 top5 0.2475
    [23:31:48] step 200/4315 | avg train loss 3.4531 top1 0.0516 top5 0.2422
    [23:32:09] step 300/4315 | avg train loss 3.4498 top1 0.0544 top5 0.2481
    [23:32:31] step 400/4315 | avg train loss 3.4510 top1 0.0527 top5 0.2478
    [23:32:52] step 500/4315 | avg train loss 3.4499 top1 0.0525 top5 0.2494
    [23:33:14] step 600/4315 | avg train loss 3.4492 top1 0.0530 top5 0.2501
    [23:33:38] step 700/4315 | avg train loss 3.4494 top1 0.0527 top5 0.2476
    [23:34:00] step 800/4315 | avg train loss 3.4486 top1 0.0539 top5 0.2495
    [23:34:21] step 900/4315 | avg train loss 3.4488 top1 0.0540 top5 0.2502
    [23:34:43] step 1000/4315 | avg train loss 3.4479 top1 0.0547 top5 0.2506
    [23:35:04] step 1100/4315 | avg train loss 3.4477 top1 0.0544 top5 0.2497
    [23:35:26] step 1200/4315 | avg train loss 3.4476 top1 0.0538 top5 0.2502
    [23:35:47] step 1300/4315 | avg train loss 3.4479 top1 0.0535 top5 0.2497
    [23:36:08] step 1400/4315 | avg train loss 3.4473 top1 0.0538 top5 0.2513
    [23:36:30] step 1500/4315 | avg train loss 3.4475 top1 0.0540 top5 0.2511
    [23:36:51] step 1600/4315 | avg train loss 3.4471 top1 0.0539 top5 0.2522
    [23:37:13] step 1700/4315 | avg train loss 3.4472 top1 0.0539 top5 0.2519
    [23:37:34] step 1800/4315 | avg train loss 3.4474 top1 0.0546 top5 0.2526
    [23:37:55] step 1900/4315 | avg train loss 3.4477 top1 0.0545 top5 0.2525
    [23:38:17] step 2000/4315 | avg train loss 3.4477 top1 0.0546 top5 0.2532
    [23:38:38] step 2100/4315 | avg train loss 3.4471 top1 0.0549 top5 0.2544
    [23:39:00] step 2200/4315 | avg train loss 3.4472 top1 0.0548 top5 0.2545
    [23:39:21] step 2300/4315 | avg train loss 3.4473 top1 0.0548 top5 0.2543
    [23:39:43] step 2400/4315 | avg train loss 3.4471 top1 0.0547 top5 0.2550
    [23:40:05] step 2500/4315 | avg train loss 3.4465 top1 0.0553 top5 0.2560
    [23:40:28] step 2600/4315 | avg train loss 3.4461 top1 0.0556 top5 0.2570
    [23:40:51] step 2700/4315 | avg train loss 3.4460 top1 0.0557 top5 0.2570
    [23:41:12] step 2800/4315 | avg train loss 3.4462 top1 0.0556 top5 0.2571
    [23:41:34] step 2900/4315 | avg train loss 3.4462 top1 0.0556 top5 0.2571
    [23:41:55] step 3000/4315 | avg train loss 3.4460 top1 0.0554 top5 0.2570
    [23:42:17] step 3100/4315 | avg train loss 3.4462 top1 0.0552 top5 0.2562
    [23:42:38] step 3200/4315 | avg train loss 3.4458 top1 0.0554 top5 0.2570
    [23:43:00] step 3300/4315 | avg train loss 3.4458 top1 0.0557 top5 0.2575
    [23:43:21] step 3400/4315 | avg train loss 3.4458 top1 0.0556 top5 0.2579
    [23:43:42] step 3500/4315 | avg train loss 3.4460 top1 0.0555 top5 0.2571
    [23:44:04] step 3600/4315 | avg train loss 3.4461 top1 0.0553 top5 0.2572
    [23:44:25] step 3700/4315 | avg train loss 3.4462 top1 0.0550 top5 0.2568
    [23:44:47] step 3800/4315 | avg train loss 3.4463 top1 0.0550 top5 0.2567
    [23:45:08] step 3900/4315 | avg train loss 3.4464 top1 0.0549 top5 0.2564
    [23:45:29] step 4000/4315 | avg train loss 3.4464 top1 0.0548 top5 0.2565
    [23:45:51] step 4100/4315 | avg train loss 3.4465 top1 0.0550 top5 0.2567
    [23:46:12] step 4200/4315 | avg train loss 3.4463 top1 0.0550 top5 0.2567
    [23:46:34] step 4300/4315 | avg train loss 3.4463 top1 0.0551 top5 0.2566
    [23:46:37] step 4315/4315 | avg train loss 3.4462 top1 0.0552 top5 0.2568
Epoch 13/40 | train loss 3.4462 top1 0.0552 | val loss 3.4054 top1 0.0568 top5 0.2549 | ema val top1 0.0600 top5 0.2480
  Saved new best checkpoint (ema): /Data/romain.poggi/smth2smth/checkpoints/track_a/best_model.pt (val top1=0.0600)
    [23:48:00] step 100/4315 | avg train loss 3.4472 top1 0.0587 top5 0.2631
    [23:48:21] step 200/4315 | avg train loss 3.4435 top1 0.0594 top5 0.2600
    [23:48:43] step 300/4315 | avg train loss 3.4461 top1 0.0581 top5 0.2573
    [23:49:04] step 400/4315 | avg train loss 3.4472 top1 0.0569 top5 0.2498
    [23:49:26] step 500/4315 | avg train loss 3.4453 top1 0.0590 top5 0.2550
    [23:49:47] step 600/4315 | avg train loss 3.4456 top1 0.0585 top5 0.2572
    [23:50:09] step 700/4315 | avg train loss 3.4462 top1 0.0578 top5 0.2571
    [23:50:30] step 800/4315 | avg train loss 3.4461 top1 0.0596 top5 0.2577
    [23:50:52] step 900/4315 | avg train loss 3.4457 top1 0.0603 top5 0.2578
    [23:51:13] step 1000/4315 | avg train loss 3.4447 top1 0.0609 top5 0.2595
    [23:51:34] step 1100/4315 | avg train loss 3.4443 top1 0.0600 top5 0.2598
    [23:51:56] step 1200/4315 | avg train loss 3.4443 top1 0.0598 top5 0.2602
    [23:52:17] step 1300/4315 | avg train loss 3.4435 top1 0.0600 top5 0.2612
    [23:52:39] step 1400/4315 | avg train loss 3.4438 top1 0.0597 top5 0.2598
    [23:53:00] step 1500/4315 | avg train loss 3.4438 top1 0.0591 top5 0.2587
    [23:53:22] step 1600/4315 | avg train loss 3.4443 top1 0.0586 top5 0.2571
    [23:53:43] step 1700/4315 | avg train loss 3.4442 top1 0.0587 top5 0.2574
    [23:54:07] step 1800/4315 | avg train loss 3.4441 top1 0.0589 top5 0.2581
    [23:54:30] step 1900/4315 | avg train loss 3.4435 top1 0.0585 top5 0.2583
    [23:54:51] step 2000/4315 | avg train loss 3.4438 top1 0.0578 top5 0.2576
    [23:55:13] step 2100/4315 | avg train loss 3.4438 top1 0.0578 top5 0.2579
    [23:55:34] step 2200/4315 | avg train loss 3.4443 top1 0.0578 top5 0.2574
    [23:55:56] step 2300/4315 | avg train loss 3.4439 top1 0.0579 top5 0.2577
    [23:56:17] step 2400/4315 | avg train loss 3.4435 top1 0.0579 top5 0.2582
    [23:56:38] step 2500/4315 | avg train loss 3.4437 top1 0.0578 top5 0.2583
    [23:57:00] step 2600/4315 | avg train loss 3.4436 top1 0.0583 top5 0.2592
    [23:57:21] step 2700/4315 | avg train loss 3.4437 top1 0.0581 top5 0.2593
    [23:57:43] step 2800/4315 | avg train loss 3.4438 top1 0.0583 top5 0.2590
    [23:58:04] step 2900/4315 | avg train loss 3.4437 top1 0.0587 top5 0.2593
    [23:58:25] step 3000/4315 | avg train loss 3.4438 top1 0.0588 top5 0.2594
    [23:58:47] step 3100/4315 | avg train loss 3.4433 top1 0.0591 top5 0.2595
    [23:59:08] step 3200/4315 | avg train loss 3.4434 top1 0.0592 top5 0.2593
    [23:59:30] step 3300/4315 | avg train loss 3.4433 top1 0.0595 top5 0.2596
    [23:59:51] step 3400/4315 | avg train loss 3.4433 top1 0.0594 top5 0.2593
    [00:00:13] step 3500/4315 | avg train loss 3.4433 top1 0.0591 top5 0.2592
    [00:00:34] step 3600/4315 | avg train loss 3.4436 top1 0.0591 top5 0.2586
    [00:00:58] step 3700/4315 | avg train loss 3.4433 top1 0.0593 top5 0.2591
    [00:01:20] step 3800/4315 | avg train loss 3.4432 top1 0.0591 top5 0.2589
    [00:01:42] step 3900/4315 | avg train loss 3.4433 top1 0.0592 top5 0.2591
    [00:02:03] step 4000/4315 | avg train loss 3.4430 top1 0.0595 top5 0.2593
    [00:02:25] step 4100/4315 | avg train loss 3.4429 top1 0.0594 top5 0.2590
    [00:02:46] step 4200/4315 | avg train loss 3.4428 top1 0.0592 top5 0.2587
    [00:03:08] step 4300/4315 | avg train loss 3.4429 top1 0.0593 top5 0.2585
    [00:03:11] step 4315/4315 | avg train loss 3.4428 top1 0.0594 top5 0.2585
Epoch 14/40 | train loss 3.4428 top1 0.0594 | val loss 3.4109 top1 0.0541 top5 0.2399 | ema val top1 0.0569 top5 0.2556
  No val top1 improvement (1/15); best remains 0.0600
    [00:04:31] step 100/4315 | avg train loss 3.4340 top1 0.0663 top5 0.2750
    [00:04:52] step 200/4315 | avg train loss 3.4337 top1 0.0628 top5 0.2675
    [00:05:14] step 300/4315 | avg train loss 3.4323 top1 0.0592 top5 0.2650
    [00:05:36] step 400/4315 | avg train loss 3.4368 top1 0.0566 top5 0.2606
    [00:05:57] step 500/4315 | avg train loss 3.4390 top1 0.0571 top5 0.2594
    [00:06:18] step 600/4315 | avg train loss 3.4378 top1 0.0581 top5 0.2642
    [00:06:40] step 700/4315 | avg train loss 3.4372 top1 0.0583 top5 0.2648
    [00:07:01] step 800/4315 | avg train loss 3.4377 top1 0.0578 top5 0.2637
    [00:07:22] step 900/4315 | avg train loss 3.4377 top1 0.0594 top5 0.2666
    [00:07:46] step 1000/4315 | avg train loss 3.4378 top1 0.0602 top5 0.2659
    [00:08:09] step 1100/4315 | avg train loss 3.4384 top1 0.0599 top5 0.2643
    [00:08:30] step 1200/4315 | avg train loss 3.4389 top1 0.0592 top5 0.2631
    [00:08:52] step 1300/4315 | avg train loss 3.4374 top1 0.0590 top5 0.2625
    [00:09:13] step 1400/4315 | avg train loss 3.4369 top1 0.0589 top5 0.2629
    [00:09:35] step 1500/4315 | avg train loss 3.4363 top1 0.0587 top5 0.2630
    [00:09:56] step 1600/4315 | avg train loss 3.4363 top1 0.0582 top5 0.2625
    [00:10:18] step 1700/4315 | avg train loss 3.4368 top1 0.0584 top5 0.2621
    [00:10:39] step 1800/4315 | avg train loss 3.4371 top1 0.0580 top5 0.2615
    [00:11:01] step 1900/4315 | avg train loss 3.4374 top1 0.0579 top5 0.2607
    [00:11:22] step 2000/4315 | avg train loss 3.4380 top1 0.0575 top5 0.2601
    [00:11:43] step 2100/4315 | avg train loss 3.4384 top1 0.0579 top5 0.2605
    [00:12:05] step 2200/4315 | avg train loss 3.4385 top1 0.0578 top5 0.2602
    [00:12:26] step 2300/4315 | avg train loss 3.4389 top1 0.0574 top5 0.2597
    [00:12:48] step 2400/4315 | avg train loss 3.4390 top1 0.0571 top5 0.2592
    [00:13:09] step 2500/4315 | avg train loss 3.4390 top1 0.0576 top5 0.2597
    [00:13:31] step 2600/4315 | avg train loss 3.4393 top1 0.0573 top5 0.2589
    [00:13:52] step 2700/4315 | avg train loss 3.4390 top1 0.0574 top5 0.2594
    [00:14:14] step 2800/4315 | avg train loss 3.4387 top1 0.0574 top5 0.2602
    [00:14:37] step 2900/4315 | avg train loss 3.4387 top1 0.0573 top5 0.2605
    [00:15:00] step 3000/4315 | avg train loss 3.4388 top1 0.0573 top5 0.2605
    [00:15:21] step 3100/4315 | avg train loss 3.4388 top1 0.0575 top5 0.2604
    [00:15:43] step 3200/4315 | avg train loss 3.4388 top1 0.0572 top5 0.2602
    [00:16:05] step 3300/4315 | avg train loss 3.4387 top1 0.0572 top5 0.2602
    [00:16:26] step 3400/4315 | avg train loss 3.4387 top1 0.0570 top5 0.2605
    [00:16:47] step 3500/4315 | avg train loss 3.4385 top1 0.0571 top5 0.2603
    [00:17:09] step 3600/4315 | avg train loss 3.4379 top1 0.0574 top5 0.2613
    [00:17:30] step 3700/4315 | avg train loss 3.4379 top1 0.0575 top5 0.2616
    [00:17:52] step 3800/4315 | avg train loss 3.4381 top1 0.0570 top5 0.2613
    [00:18:13] step 3900/4315 | avg train loss 3.4380 top1 0.0569 top5 0.2612
    [00:18:35] step 4000/4315 | avg train loss 3.4378 top1 0.0569 top5 0.2611
    [00:18:56] step 4100/4315 | avg train loss 3.4380 top1 0.0567 top5 0.2610
    [00:19:17] step 4200/4315 | avg train loss 3.4381 top1 0.0568 top5 0.2608
    [00:19:39] step 4300/4315 | avg train loss 3.4380 top1 0.0567 top5 0.2607
    [00:19:42] step 4315/4315 | avg train loss 3.4380 top1 0.0568 top5 0.2606
Epoch 15/40 | train loss 3.4380 top1 0.0568 | val loss 3.4049 top1 0.0609 top5 0.2485 | ema val top1 0.0586 top5 0.2589
  No val top1 improvement (2/15); best remains 0.0600
    [00:21:02] step 100/4315 | avg train loss 3.4302 top1 0.0550 top5 0.2675
    [00:21:25] step 200/4315 | avg train loss 3.4320 top1 0.0572 top5 0.2678
    [00:21:48] step 300/4315 | avg train loss 3.4338 top1 0.0556 top5 0.2710
    [00:22:10] step 400/4315 | avg train loss 3.4360 top1 0.0564 top5 0.2706
    [00:22:31] step 500/4315 | avg train loss 3.4373 top1 0.0563 top5 0.2674
    [00:22:53] step 600/4315 | avg train loss 3.4377 top1 0.0580 top5 0.2686
    [00:23:14] step 700/4315 | avg train loss 3.4384 top1 0.0578 top5 0.2685
    [00:23:36] step 800/4315 | avg train loss 3.4377 top1 0.0569 top5 0.2677
    [00:23:57] step 900/4315 | avg train loss 3.4374 top1 0.0576 top5 0.2665
    [00:24:18] step 1000/4315 | avg train loss 3.4373 top1 0.0578 top5 0.2672
    [00:24:40] step 1100/4315 | avg train loss 3.4368 top1 0.0576 top5 0.2678
    [00:25:01] step 1200/4315 | avg train loss 3.4373 top1 0.0576 top5 0.2659
