model:
  name: video_mae_vit
  variant: vit_s
  num_classes: ${num_classes}
  tube_t: 2
  patch_size: 16
  mlp_ratio: 4.0
  drop_path_rate: 0.1
  dropout: 0.0
  head: attn
  head_num_heads: 6
  init_from: ${hydra:runtime.cwd}/checkpoints/track_a/ssl/raie_encoder.pt
dataset:
  root: ${hydra:runtime.cwd}/data
  train_dir: ${dataset.root}/train
  val_dir: ${dataset.root}/val
  test_dir: ${dataset.root}/test
  augmented_dirs: []
  test_manifest: null
  submission_output: ${hydra:runtime.cwd}/submissions/track_a.csv
  num_frames: 4
  val_ratio: 0.2
  use_official_val: true
  seed: ${seed}
  max_samples: null
  max_samples_per_class: null
  image_size: 224
  time_reversal_prob: 0.0
  temporal_reversal_augment:
    enabled: false
    prob: 0.5
  class_boosting:
    enabled: false
training:
  batch_size: 16
  lr: 0.0002
  epochs: 30
  num_workers: 4
  checkpoint_path: ${hydra:runtime.cwd}/checkpoints/track_a/ssl/raie_ft.pt
  resume_from: null
  lora_lr: null
  lora_lr_ratio: 0.25
  motion_lr: null
  motion_lr_ratio: null
  resume_apply_cfg_lr: false
  amp: true
  device: cuda
  optimizer: adamw
  momentum: 0.9
  nesterov: false
  weight_decay: 0.05
  scheduler_cosine: true
  warmup_epochs: 5
  min_lr: 1.0e-06
  label_smoothing: 0.1
  videomix_alpha: 1.0
  videomix_prob: 0.5
  videomix_mode: cube_cutmix
  early_stopping_enabled: true
  early_stopping_patience: 15
  early_stopping_min_delta: 0.001
  log_interval_steps: 100
  ema_enabled: true
  ema_decay: 0.9999
  eval_every_n_epochs: 1
  eval_ema: true
  save_last_checkpoint: true
  last_checkpoint_path: null
  tta: true
  tta_flip: true
  tta_temporal_shift: 0
  tta_scales:
  - 0.875
  - 1.0
  - 1.125
  tta_logit_adjust: 0.0
  class_balance_sampler: none
  class_balance_loss: none
  class_balance_beta: 0.999
augment:
  name: randaugment_t
  random_horizontal_flip: false
  random_crop: true
  crop_padding: 32
  color_jitter: false
  color_jitter_brightness: 0.0
  color_jitter_contrast: 0.0
  color_jitter_saturation: 0.0
  color_jitter_hue: 0.0
  sync_across_frames: true
  random_grayscale: false
  random_grayscale_prob: 0.0
  gaussian_blur: false
  gaussian_blur_prob: 0.0
  gaussian_blur_radius_min: 0.1
  gaussian_blur_radius_max: 2.0
  randaugment:
    enabled: true
    'n': 4
    m: 7.0
    mode: temporal_plus
    magnitude_max: 30.0
    ops: null
pretrain:
  epochs: 100
  batch_size: 64
  lr: 0.0005
  weight_decay: 0.04
  log_interval_steps: 50
  checkpoint_path: ${hydra:runtime.cwd}/ssl_trunk.pt
  max_frames: null
  image_size: 224
  local_image_size: 96
  num_local_views: 6
  out_dim: 4096
  hidden_dim: 2048
  bottleneck_dim: 256
  n_layers: 3
  teacher_temp: 0.04
  student_temp: 0.1
  center_momentum: 0.9
  teacher_momentum_base: 0.996
  teacher_momentum_final: 1.0
track:
  name: a
  description: 'Closed-world track: train from scratch.'
seed: 42
num_classes: 33

[cuda] cache emptied (run-start). Free: 17.93 / 23.54 GiB
[data] use_official_val=true: train=44993 (from /Data/romain.poggi/smth2smth/data/train), val=6745 (from /Data/romain.poggi/smth2smth/data/val)
[init_from] loaded 149 encoder tensors from /Data/romain.poggi/smth2smth/checkpoints/track_a/ssl/raie_encoder.pt. encoder-missing=0, unexpected=0
[optim] trainable 22,640,289 / total 22,640,289 params (100.00%)
[amp] mixed-precision (fp16 + GradScaler) enabled.
[ema] enabled (decay=0.9999); will eval both live and EMA each epoch.
    [05:03:39] step 100/2813 | avg train loss 3.3942 top1 0.0569 top5 0.2719
    [05:03:44] step 200/2813 | avg train loss 3.3803 top1 0.0581 top5 0.2872
    [05:03:49] step 300/2813 | avg train loss 3.3797 top1 0.0554 top5 0.2913
    [05:03:55] step 400/2813 | avg train loss 3.3737 top1 0.0598 top5 0.2920
    [05:04:00] step 500/2813 | avg train loss 3.3718 top1 0.0616 top5 0.2899
    [05:04:05] step 600/2813 | avg train loss 3.3680 top1 0.0630 top5 0.2916
    [05:04:10] step 700/2813 | avg train loss 3.3661 top1 0.0639 top5 0.2913
    [05:04:16] step 800/2813 | avg train loss 3.3648 top1 0.0641 top5 0.2885
    [05:04:21] step 900/2813 | avg train loss 3.3634 top1 0.0640 top5 0.2901
    [05:04:26] step 1000/2813 | avg train loss 3.3609 top1 0.0658 top5 0.2914
    [05:04:31] step 1100/2813 | avg train loss 3.3557 top1 0.0676 top5 0.2941
    [05:04:37] step 1200/2813 | avg train loss 3.3516 top1 0.0685 top5 0.2945
    [05:04:42] step 1300/2813 | avg train loss 3.3486 top1 0.0688 top5 0.2951
    [05:04:47] step 1400/2813 | avg train loss 3.3445 top1 0.0700 top5 0.2974
    [05:04:52] step 1500/2813 | avg train loss 3.3399 top1 0.0705 top5 0.3004
    [05:04:58] step 1600/2813 | avg train loss 3.3379 top1 0.0707 top5 0.3010
    [05:05:03] step 1700/2813 | avg train loss 3.3339 top1 0.0725 top5 0.3033
    [05:05:08] step 1800/2813 | avg train loss 3.3311 top1 0.0735 top5 0.3047
    [05:05:13] step 1900/2813 | avg train loss 3.3273 top1 0.0753 top5 0.3068
    [05:05:19] step 2000/2813 | avg train loss 3.3238 top1 0.0758 top5 0.3084
    [05:05:24] step 2100/2813 | avg train loss 3.3188 top1 0.0779 top5 0.3107
    [05:05:29] step 2200/2813 | avg train loss 3.3145 top1 0.0788 top5 0.3122
    [05:05:34] step 2300/2813 | avg train loss 3.3102 top1 0.0804 top5 0.3142
    [05:05:40] step 2400/2813 | avg train loss 3.3068 top1 0.0817 top5 0.3161
    [05:05:45] step 2500/2813 | avg train loss 3.3027 top1 0.0833 top5 0.3180
    [05:05:50] step 2600/2813 | avg train loss 3.2984 top1 0.0844 top5 0.3200
    [05:05:55] step 2700/2813 | avg train loss 3.2937 top1 0.0861 top5 0.3226
    [05:06:01] step 2800/2813 | avg train loss 3.2891 top1 0.0876 top5 0.3243
    [05:06:01] step 2813/2813 | avg train loss 3.2888 top1 0.0877 top5 0.3244
[2026-05-16T05:06:27] Epoch 1/30 | train loss 3.2888 top1 0.0877 | val loss 3.1657 top1 0.1268 top5 0.3915 | ema val top1 0.0520 top5 0.2305
  Saved new best checkpoint (live): /Data/romain.poggi/smth2smth/checkpoints/track_a/ssl/raie_ft.pt (val top1=0.1268)
    [05:06:33] step 100/2813 | avg train loss 3.2135 top1 0.1194 top5 0.3638
    [05:06:38] step 200/2813 | avg train loss 3.1932 top1 0.1247 top5 0.3684
    [05:06:44] step 300/2813 | avg train loss 3.1973 top1 0.1212 top5 0.3671
    [05:06:49] step 400/2813 | avg train loss 3.1945 top1 0.1197 top5 0.3659
    [05:06:54] step 500/2813 | avg train loss 3.1882 top1 0.1197 top5 0.3646
    [05:06:59] step 600/2813 | avg train loss 3.1857 top1 0.1204 top5 0.3670
    [05:07:04] step 700/2813 | avg train loss 3.1858 top1 0.1212 top5 0.3653
    [05:07:10] step 800/2813 | avg train loss 3.1813 top1 0.1239 top5 0.3698
    [05:07:15] step 900/2813 | avg train loss 3.1753 top1 0.1262 top5 0.3730
    [05:07:20] step 1000/2813 | avg train loss 3.1705 top1 0.1269 top5 0.3744
    [05:07:25] step 1100/2813 | avg train loss 3.1680 top1 0.1274 top5 0.3769
    [05:07:30] step 1200/2813 | avg train loss 3.1637 top1 0.1285 top5 0.3790
    [05:07:35] step 1300/2813 | avg train loss 3.1606 top1 0.1293 top5 0.3805
    [05:07:41] step 1400/2813 | avg train loss 3.1584 top1 0.1301 top5 0.3813
    [05:07:46] step 1500/2813 | avg train loss 3.1536 top1 0.1317 top5 0.3854
    [05:07:51] step 1600/2813 | avg train loss 3.1528 top1 0.1314 top5 0.3865
    [05:07:56] step 1700/2813 | avg train loss 3.1478 top1 0.1326 top5 0.3892
    [05:08:01] step 1800/2813 | avg train loss 3.1447 top1 0.1331 top5 0.3899
    [05:08:07] step 1900/2813 | avg train loss 3.1436 top1 0.1332 top5 0.3901
    [05:08:12] step 2000/2813 | avg train loss 3.1397 top1 0.1348 top5 0.3907
    [05:08:17] step 2100/2813 | avg train loss 3.1360 top1 0.1366 top5 0.3925
    [05:08:22] step 2200/2813 | avg train loss 3.1341 top1 0.1368 top5 0.3927
    [05:08:27] step 2300/2813 | avg train loss 3.1292 top1 0.1385 top5 0.3950
    [05:08:33] step 2400/2813 | avg train loss 3.1254 top1 0.1395 top5 0.3961
    [05:08:38] step 2500/2813 | avg train loss 3.1220 top1 0.1407 top5 0.3980
    [05:08:43] step 2600/2813 | avg train loss 3.1186 top1 0.1418 top5 0.3994
    [05:08:48] step 2700/2813 | avg train loss 3.1150 top1 0.1426 top5 0.4010
    [05:08:53] step 2800/2813 | avg train loss 3.1130 top1 0.1432 top5 0.4019
    [05:08:54] step 2813/2813 | avg train loss 3.1126 top1 0.1434 top5 0.4022
Epoch 2/30 | train loss 3.1126 top1 0.1434 | val loss 2.9533 top1 0.1806 top5 0.4802 | ema val top1 0.0847 top5 0.3146
  Saved new best checkpoint (live): /Data/romain.poggi/smth2smth/checkpoints/track_a/ssl/raie_ft.pt (val top1=0.1806)
    [05:09:26] step 100/2813 | avg train loss 3.0555 top1 0.1694 top5 0.4263
    [05:09:31] step 200/2813 | avg train loss 3.0481 top1 0.1762 top5 0.4338
    [05:09:36] step 300/2813 | avg train loss 3.0601 top1 0.1733 top5 0.4310
    [05:09:41] step 400/2813 | avg train loss 3.0611 top1 0.1700 top5 0.4294
    [05:09:47] step 500/2813 | avg train loss 3.0639 top1 0.1664 top5 0.4234
    [05:09:52] step 600/2813 | avg train loss 3.0581 top1 0.1651 top5 0.4209
    [05:09:57] step 700/2813 | avg train loss 3.0574 top1 0.1641 top5 0.4229
    [05:10:02] step 800/2813 | avg train loss 3.0554 top1 0.1633 top5 0.4228
    [05:10:07] step 900/2813 | avg train loss 3.0548 top1 0.1627 top5 0.4233
    [05:10:13] step 1000/2813 | avg train loss 3.0555 top1 0.1629 top5 0.4237
    [05:10:18] step 1100/2813 | avg train loss 3.0531 top1 0.1637 top5 0.4247
    [05:10:23] step 1200/2813 | avg train loss 3.0504 top1 0.1642 top5 0.4253
    [05:10:28] step 1300/2813 | avg train loss 3.0534 top1 0.1626 top5 0.4233
    [05:10:34] step 1400/2813 | avg train loss 3.0513 top1 0.1631 top5 0.4243
    [05:10:39] step 1500/2813 | avg train loss 3.0472 top1 0.1633 top5 0.4249
    [05:10:44] step 1600/2813 | avg train loss 3.0481 top1 0.1629 top5 0.4253
    [05:10:49] step 1700/2813 | avg train loss 3.0478 top1 0.1635 top5 0.4257
    [05:10:55] step 1800/2813 | avg train loss 3.0443 top1 0.1646 top5 0.4272
    [05:11:00] step 1900/2813 | avg train loss 3.0428 top1 0.1641 top5 0.4266
    [05:11:05] step 2000/2813 | avg train loss 3.0440 top1 0.1644 top5 0.4273
    [05:11:10] step 2100/2813 | avg train loss 3.0409 top1 0.1659 top5 0.4294
    [05:11:15] step 2200/2813 | avg train loss 3.0386 top1 0.1662 top5 0.4303
    [05:11:20] step 2300/2813 | avg train loss 3.0359 top1 0.1675 top5 0.4317
    [05:11:26] step 2400/2813 | avg train loss 3.0353 top1 0.1676 top5 0.4319
    [05:11:31] step 2500/2813 | avg train loss 3.0336 top1 0.1683 top5 0.4339
    [05:11:36] step 2600/2813 | avg train loss 3.0311 top1 0.1683 top5 0.4344
    [05:11:41] step 2700/2813 | avg train loss 3.0296 top1 0.1683 top5 0.4344
    [05:11:46] step 2800/2813 | avg train loss 3.0278 top1 0.1693 top5 0.4354
    [05:11:47] step 2813/2813 | avg train loss 3.0279 top1 0.1692 top5 0.4354
Epoch 3/30 | train loss 3.0279 top1 0.1692 | val loss 2.9599 top1 0.1853 top5 0.4729 | ema val top1 0.1168 top5 0.3999
  Saved new best checkpoint (live): /Data/romain.poggi/smth2smth/checkpoints/track_a/ssl/raie_ft.pt (val top1=0.1853)
    [05:12:19] step 100/2813 | avg train loss 3.0386 top1 0.1537 top5 0.4213
    [05:12:24] step 200/2813 | avg train loss 3.0357 top1 0.1675 top5 0.4406
    [05:12:29] step 300/2813 | avg train loss 3.0230 top1 0.1783 top5 0.4475
    [05:12:35] step 400/2813 | avg train loss 3.0136 top1 0.1791 top5 0.4473
    [05:12:40] step 500/2813 | avg train loss 3.0213 top1 0.1750 top5 0.4410
    [05:12:45] step 600/2813 | avg train loss 3.0276 top1 0.1740 top5 0.4373
    [05:12:50] step 700/2813 | avg train loss 3.0256 top1 0.1759 top5 0.4387
    [05:12:55] step 800/2813 | avg train loss 3.0317 top1 0.1723 top5 0.4367
    [05:13:01] step 900/2813 | avg train loss 3.0326 top1 0.1724 top5 0.4385
    [05:13:06] step 1000/2813 | avg train loss 3.0340 top1 0.1712 top5 0.4377
    [05:13:11] step 1100/2813 | avg train loss 3.0336 top1 0.1708 top5 0.4364
    [05:13:16] step 1200/2813 | avg train loss 3.0308 top1 0.1713 top5 0.4381
    [05:13:21] step 1300/2813 | avg train loss 3.0296 top1 0.1711 top5 0.4382
    [05:13:27] step 1400/2813 | avg train loss 3.0284 top1 0.1699 top5 0.4379
    [05:13:32] step 1500/2813 | avg train loss 3.0279 top1 0.1697 top5 0.4380
    [05:13:37] step 1600/2813 | avg train loss 3.0269 top1 0.1700 top5 0.4392
    [05:13:42] step 1700/2813 | avg train loss 3.0268 top1 0.1700 top5 0.4391
    [05:13:47] step 1800/2813 | avg train loss 3.0249 top1 0.1702 top5 0.4393
    [05:13:53] step 1900/2813 | avg train loss 3.0216 top1 0.1714 top5 0.4403
    [05:13:58] step 2000/2813 | avg train loss 3.0214 top1 0.1708 top5 0.4396
    [05:14:03] step 2100/2813 | avg train loss 3.0193 top1 0.1704 top5 0.4398
    [05:14:08] step 2200/2813 | avg train loss 3.0175 top1 0.1705 top5 0.4383
    [05:14:14] step 2300/2813 | avg train loss 3.0158 top1 0.1702 top5 0.4376
    [05:14:19] step 2400/2813 | avg train loss 3.0145 top1 0.1702 top5 0.4376
    [05:14:24] step 2500/2813 | avg train loss 3.0129 top1 0.1711 top5 0.4384
    [05:14:29] step 2600/2813 | avg train loss 3.0094 top1 0.1718 top5 0.4400
    [05:14:34] step 2700/2813 | avg train loss 3.0087 top1 0.1713 top5 0.4394
    [05:14:40] step 2800/2813 | avg train loss 3.0085 top1 0.1714 top5 0.4392
    [05:14:40] step 2813/2813 | avg train loss 3.0080 top1 0.1715 top5 0.4394
Epoch 4/30 | train loss 3.0080 top1 0.1715 | val loss 2.9543 top1 0.1921 top5 0.4784 | ema val top1 0.1616 top5 0.4729
  Saved new best checkpoint (live): /Data/romain.poggi/smth2smth/checkpoints/track_a/ssl/raie_ft.pt (val top1=0.1921)
    [05:15:13] step 100/2813 | avg train loss 2.9717 top1 0.1969 top5 0.4562
    [05:15:18] step 200/2813 | avg train loss 2.9837 top1 0.1819 top5 0.4447
    [05:15:23] step 300/2813 | avg train loss 3.0017 top1 0.1804 top5 0.4462
    [05:15:28] step 400/2813 | avg train loss 3.0084 top1 0.1733 top5 0.4437
    [05:15:33] step 500/2813 | avg train loss 3.0015 top1 0.1742 top5 0.4451
    [05:15:39] step 600/2813 | avg train loss 3.0027 top1 0.1743 top5 0.4458
    [05:15:44] step 700/2813 | avg train loss 3.0040 top1 0.1755 top5 0.4458
    [05:15:49] step 800/2813 | avg train loss 3.0028 top1 0.1748 top5 0.4462
    [05:15:54] step 900/2813 | avg train loss 2.9987 top1 0.1768 top5 0.4485
    [05:15:59] step 1000/2813 | avg train loss 2.9980 top1 0.1766 top5 0.4471
    [05:16:05] step 1100/2813 | avg train loss 2.9986 top1 0.1764 top5 0.4468
    [05:16:10] step 1200/2813 | avg train loss 2.9996 top1 0.1754 top5 0.4458
    [05:16:15] step 1300/2813 | avg train loss 2.9989 top1 0.1752 top5 0.4471
    [05:16:20] step 1400/2813 | avg train loss 2.9970 top1 0.1748 top5 0.4451
    [05:16:25] step 1500/2813 | avg train loss 2.9991 top1 0.1732 top5 0.4424
    [05:16:30] step 1600/2813 | avg train loss 3.0011 top1 0.1737 top5 0.4414
    [05:16:36] step 1700/2813 | avg train loss 3.0011 top1 0.1741 top5 0.4415
    [05:16:41] step 1800/2813 | avg train loss 3.0002 top1 0.1740 top5 0.4423
    [05:16:46] step 1900/2813 | avg train loss 3.0006 top1 0.1747 top5 0.4427
    [05:16:51] step 2000/2813 | avg train loss 2.9991 top1 0.1753 top5 0.4430
    [05:16:56] step 2100/2813 | avg train loss 3.0014 top1 0.1750 top5 0.4424
    [05:17:02] step 2200/2813 | avg train loss 3.0023 top1 0.1744 top5 0.4419
    [05:17:07] step 2300/2813 | avg train loss 3.0031 top1 0.1745 top5 0.4420
    [05:17:12] step 2400/2813 | avg train loss 3.0021 top1 0.1739 top5 0.4410
    [05:17:17] step 2500/2813 | avg train loss 3.0043 top1 0.1734 top5 0.4407
    [05:17:22] step 2600/2813 | avg train loss 3.0052 top1 0.1727 top5 0.4400
    [05:17:28] step 2700/2813 | avg train loss 3.0033 top1 0.1725 top5 0.4395
    [05:17:33] step 2800/2813 | avg train loss 3.0018 top1 0.1733 top5 0.4402
    [05:17:33] step 2813/2813 | avg train loss 3.0012 top1 0.1735 top5 0.4404
Epoch 5/30 | train loss 3.0012 top1 0.1735 | val loss 2.8844 top1 0.1945 top5 0.5159 | ema val top1 0.2000 top5 0.5149
  Saved new best checkpoint (ema): /Data/romain.poggi/smth2smth/checkpoints/track_a/ssl/raie_ft.pt (val top1=0.2000)
    [05:18:05] step 100/2813 | avg train loss 2.9600 top1 0.1706 top5 0.4419
    [05:18:10] step 200/2813 | avg train loss 2.9504 top1 0.1822 top5 0.4497
    [05:18:16] step 300/2813 | avg train loss 2.9499 top1 0.1833 top5 0.4529
    [05:18:21] step 400/2813 | avg train loss 2.9552 top1 0.1803 top5 0.4520
    [05:18:26] step 500/2813 | avg train loss 2.9588 top1 0.1821 top5 0.4526
    [05:18:31] step 600/2813 | avg train loss 2.9586 top1 0.1826 top5 0.4521
    [05:18:37] step 700/2813 | avg train loss 2.9536 top1 0.1853 top5 0.4540
    [05:18:42] step 800/2813 | avg train loss 2.9543 top1 0.1848 top5 0.4552
    [05:18:47] step 900/2813 | avg train loss 2.9557 top1 0.1839 top5 0.4539
    [05:18:53] step 1000/2813 | avg train loss 2.9563 top1 0.1849 top5 0.4559
    [05:18:58] step 1100/2813 | avg train loss 2.9588 top1 0.1857 top5 0.4566
    [05:19:03] step 1200/2813 | avg train loss 2.9565 top1 0.1862 top5 0.4581
    [05:19:08] step 1300/2813 | avg train loss 2.9558 top1 0.1863 top5 0.4575
    [05:19:14] step 1400/2813 | avg train loss 2.9522 top1 0.1886 top5 0.4588
    [05:19:19] step 1500/2813 | avg train loss 2.9518 top1 0.1884 top5 0.4589
    [05:19:24] step 1600/2813 | avg train loss 2.9528 top1 0.1873 top5 0.4584
    [05:19:29] step 1700/2813 | avg train loss 2.9512 top1 0.1876 top5 0.4579
    [05:19:35] step 1800/2813 | avg train loss 2.9510 top1 0.1868 top5 0.4574
    [05:19:40] step 1900/2813 | avg train loss 2.9503 top1 0.1874 top5 0.4573
    [05:19:45] step 2000/2813 | avg train loss 2.9513 top1 0.1871 top5 0.4577
    [05:19:50] step 2100/2813 | avg train loss 2.9503 top1 0.1865 top5 0.4566
    [05:19:56] step 2200/2813 | avg train loss 2.9494 top1 0.1878 top5 0.4585
    [05:20:01] step 2300/2813 | avg train loss 2.9495 top1 0.1881 top5 0.4587
    [05:20:06] step 2400/2813 | avg train loss 2.9483 top1 0.1881 top5 0.4582
    [05:20:11] step 2500/2813 | avg train loss 2.9494 top1 0.1884 top5 0.4585
    [05:20:17] step 2600/2813 | avg train loss 2.9478 top1 0.1880 top5 0.4585
    [05:20:22] step 2700/2813 | avg train loss 2.9471 top1 0.1885 top5 0.4592
    [05:20:27] step 2800/2813 | avg train loss 2.9467 top1 0.1885 top5 0.4594
    [05:20:28] step 2813/2813 | avg train loss 2.9470 top1 0.1884 top5 0.4592
Epoch 6/30 | train loss 2.9470 top1 0.1884 | val loss 2.9046 top1 0.1969 top5 0.4830 | ema val top1 0.2208 top5 0.5435
  Saved new best checkpoint (ema): /Data/romain.poggi/smth2smth/checkpoints/track_a/ssl/raie_ft.pt (val top1=0.2208)
    [05:21:00] step 100/2813 | avg train loss 2.9095 top1 0.1787 top5 0.4562
    [05:21:05] step 200/2813 | avg train loss 2.8828 top1 0.2019 top5 0.4881
    [05:21:11] step 300/2813 | avg train loss 2.8883 top1 0.2042 top5 0.4892
    [05:21:16] step 400/2813 | avg train loss 2.9088 top1 0.1983 top5 0.4841
    [05:21:21] step 500/2813 | avg train loss 2.8973 top1 0.2031 top5 0.4845
    [05:21:26] step 600/2813 | avg train loss 2.9042 top1 0.2009 top5 0.4776
    [05:21:31] step 700/2813 | avg train loss 2.9055 top1 0.2010 top5 0.4749
    [05:21:37] step 800/2813 | avg train loss 2.9085 top1 0.2007 top5 0.4731
    [05:21:42] step 900/2813 | avg train loss 2.9076 top1 0.2019 top5 0.4758
    [05:21:47] step 1000/2813 | avg train loss 2.9017 top1 0.2013 top5 0.4773
    [05:21:52] step 1100/2813 | avg train loss 2.9032 top1 0.1990 top5 0.4741
    [05:21:57] step 1200/2813 | avg train loss 2.9065 top1 0.1992 top5 0.4753
    [05:22:03] step 1300/2813 | avg train loss 2.9010 top1 0.2018 top5 0.4776
    [05:22:08] step 1400/2813 | avg train loss 2.9028 top1 0.2015 top5 0.4775
    [05:22:13] step 1500/2813 | avg train loss 2.9054 top1 0.2005 top5 0.4758
    [05:22:18] step 1600/2813 | avg train loss 2.9022 top1 0.2019 top5 0.4768
    [05:22:23] step 1700/2813 | avg train loss 2.9000 top1 0.2019 top5 0.4756
    [05:22:28] step 1800/2813 | avg train loss 2.8979 top1 0.2013 top5 0.4757
    [05:22:34] step 1900/2813 | avg train loss 2.8983 top1 0.2008 top5 0.4752
    [05:22:39] step 2000/2813 | avg train loss 2.8968 top1 0.2013 top5 0.4766
    [05:22:44] step 2100/2813 | avg train loss 2.8958 top1 0.2013 top5 0.4756
    [05:22:49] step 2200/2813 | avg train loss 2.8978 top1 0.2008 top5 0.4751
    [05:22:55] step 2300/2813 | avg train loss 2.8967 top1 0.2011 top5 0.4762
    [05:23:00] step 2400/2813 | avg train loss 2.8980 top1 0.2007 top5 0.4765
    [05:23:05] step 2500/2813 | avg train loss 2.8961 top1 0.2016 top5 0.4772
    [05:23:10] step 2600/2813 | avg train loss 2.8951 top1 0.2015 top5 0.4767
    [05:23:15] step 2700/2813 | avg train loss 2.8935 top1 0.2022 top5 0.4774
    [05:23:21] step 2800/2813 | avg train loss 2.8917 top1 0.2029 top5 0.4776
    [05:23:21] step 2813/2813 | avg train loss 2.8913 top1 0.2030 top5 0.4776
Epoch 7/30 | train loss 2.8913 top1 0.2030 | val loss 2.7965 top1 0.2270 top5 0.5370 | ema val top1 0.2350 top5 0.5615
  Saved new best checkpoint (ema): /Data/romain.poggi/smth2smth/checkpoints/track_a/ssl/raie_ft.pt (val top1=0.2350)
    [05:23:53] step 100/2813 | avg train loss 2.8607 top1 0.1988 top5 0.4744
    [05:23:58] step 200/2813 | avg train loss 2.8556 top1 0.2119 top5 0.4825
    [05:24:03] step 300/2813 | avg train loss 2.8704 top1 0.2085 top5 0.4827
    [05:24:08] step 400/2813 | avg train loss 2.8675 top1 0.2134 top5 0.4884
    [05:24:14] step 500/2813 | avg train loss 2.8622 top1 0.2162 top5 0.4910
    [05:24:19] step 600/2813 | avg train loss 2.8593 top1 0.2150 top5 0.4901
    [05:24:24] step 700/2813 | avg train loss 2.8530 top1 0.2170 top5 0.4913
    [05:24:30] step 800/2813 | avg train loss 2.8569 top1 0.2162 top5 0.4883
    [05:24:35] step 900/2813 | avg train loss 2.8572 top1 0.2153 top5 0.4866
    [05:24:40] step 1000/2813 | avg train loss 2.8525 top1 0.2161 top5 0.4875
    [05:24:45] step 1100/2813 | avg train loss 2.8538 top1 0.2155 top5 0.4864
    [05:24:51] step 1200/2813 | avg train loss 2.8538 top1 0.2158 top5 0.4872
    [05:24:56] step 1300/2813 | avg train loss 2.8520 top1 0.2161 top5 0.4896
    [05:25:01] step 1400/2813 | avg train loss 2.8552 top1 0.2158 top5 0.4891
    [05:25:07] step 1500/2813 | avg train loss 2.8544 top1 0.2162 top5 0.4886
    [05:25:12] step 1600/2813 | avg train loss 2.8566 top1 0.2166 top5 0.4888
    [05:25:17] step 1700/2813 | avg train loss 2.8558 top1 0.2172 top5 0.4901
    [05:25:22] step 1800/2813 | avg train loss 2.8580 top1 0.2162 top5 0.4891
    [05:25:28] step 1900/2813 | avg train loss 2.8574 top1 0.2160 top5 0.4894
    [05:25:33] step 2000/2813 | avg train loss 2.8575 top1 0.2155 top5 0.4886
    [05:25:38] step 2100/2813 | avg train loss 2.8575 top1 0.2162 top5 0.4888
    [05:25:44] step 2200/2813 | avg train loss 2.8579 top1 0.2160 top5 0.4884
    [05:25:49] step 2300/2813 | avg train loss 2.8589 top1 0.2156 top5 0.4876
    [05:25:54] step 2400/2813 | avg train loss 2.8575 top1 0.2167 top5 0.4892
    [05:26:00] step 2500/2813 | avg train loss 2.8547 top1 0.2177 top5 0.4895
    [05:26:05] step 2600/2813 | avg train loss 2.8550 top1 0.2169 top5 0.4893
    [05:26:10] step 2700/2813 | avg train loss 2.8535 top1 0.2173 top5 0.4893
    [05:26:15] step 2800/2813 | avg train loss 2.8533 top1 0.2176 top5 0.4902
    [05:26:16] step 2813/2813 | avg train loss 2.8529 top1 0.2178 top5 0.4905
Epoch 8/30 | train loss 2.8529 top1 0.2178 | val loss 2.8653 top1 0.2116 top5 0.5193 | ema val top1 0.2428 top5 0.5742
  Saved new best checkpoint (ema): /Data/romain.poggi/smth2smth/checkpoints/track_a/ssl/raie_ft.pt (val top1=0.2428)
    [05:26:48] step 100/2813 | avg train loss 2.8313 top1 0.2394 top5 0.5131
    [05:26:53] step 200/2813 | avg train loss 2.8173 top1 0.2269 top5 0.5009
    [05:26:59] step 300/2813 | avg train loss 2.8005 top1 0.2335 top5 0.5106
    [05:27:04] step 400/2813 | avg train loss 2.8151 top1 0.2250 top5 0.4969
    [05:27:09] step 500/2813 | avg train loss 2.8162 top1 0.2240 top5 0.4999
    [05:27:14] step 600/2813 | avg train loss 2.8146 top1 0.2301 top5 0.5053
    [05:27:19] step 700/2813 | avg train loss 2.8131 top1 0.2289 top5 0.5040
    [05:27:25] step 800/2813 | avg train loss 2.8116 top1 0.2298 top5 0.5041
    [05:27:30] step 900/2813 | avg train loss 2.8135 top1 0.2262 top5 0.5016
    [05:27:35] step 1000/2813 | avg train loss 2.8200 top1 0.2235 top5 0.4991
    [05:27:40] step 1100/2813 | avg train loss 2.8168 top1 0.2244 top5 0.5010
    [05:27:45] step 1200/2813 | avg train loss 2.8164 top1 0.2239 top5 0.4992
    [05:27:51] step 1300/2813 | avg train loss 2.8146 top1 0.2234 top5 0.4992
    [05:27:56] step 1400/2813 | avg train loss 2.8131 top1 0.2234 top5 0.4987
    [05:28:01] step 1500/2813 | avg train loss 2.8163 top1 0.2234 top5 0.4979
    [05:28:06] step 1600/2813 | avg train loss 2.8178 top1 0.2221 top5 0.4961
    [05:28:11] step 1700/2813 | avg train loss 2.8179 top1 0.2223 top5 0.4965
    [05:28:16] step 1800/2813 | avg train loss 2.8160 top1 0.2223 top5 0.4973
    [05:28:22] step 1900/2813 | avg train loss 2.8119 top1 0.2230 top5 0.4987
    [05:28:27] step 2000/2813 | avg train loss 2.8091 top1 0.2243 top5 0.5001
    [05:28:32] step 2100/2813 | avg train loss 2.8099 top1 0.2247 top5 0.5002
    [05:28:37] step 2200/2813 | avg train loss 2.8091 top1 0.2248 top5 0.5013
    [05:28:42] step 2300/2813 | avg train loss 2.8100 top1 0.2243 top5 0.5012
    [05:28:48] step 2400/2813 | avg train loss 2.8071 top1 0.2255 top5 0.5020
    [05:28:53] step 2500/2813 | avg train loss 2.8062 top1 0.2256 top5 0.5027
    [05:28:58] step 2600/2813 | avg train loss 2.8052 top1 0.2258 top5 0.5033
    [05:29:03] step 2700/2813 | avg train loss 2.8038 top1 0.2260 top5 0.5045
    [05:29:08] step 2800/2813 | avg train loss 2.8034 top1 0.2254 top5 0.5038
    [05:29:09] step 2813/2813 | avg train loss 2.8037 top1 0.2254 top5 0.5039
Epoch 9/30 | train loss 2.8037 top1 0.2254 | val loss 2.7597 top1 0.2396 top5 0.5601 | ema val top1 0.2513 top5 0.5809
  Saved new best checkpoint (ema): /Data/romain.poggi/smth2smth/checkpoints/track_a/ssl/raie_ft.pt (val top1=0.2513)
    [05:29:41] step 100/2813 | avg train loss 2.7547 top1 0.2587 top5 0.5356
    [05:29:46] step 200/2813 | avg train loss 2.7616 top1 0.2462 top5 0.5275
    [05:29:51] step 300/2813 | avg train loss 2.7331 top1 0.2558 top5 0.5340
    [05:29:56] step 400/2813 | avg train loss 2.7376 top1 0.2506 top5 0.5303
    [05:30:01] step 500/2813 | avg train loss 2.7531 top1 0.2446 top5 0.5269
    [05:30:07] step 600/2813 | avg train loss 2.7637 top1 0.2422 top5 0.5243
    [05:30:12] step 700/2813 | avg train loss 2.7658 top1 0.2423 top5 0.5251
    [05:30:17] step 800/2813 | avg train loss 2.7703 top1 0.2402 top5 0.5185
    [05:30:22] step 900/2813 | avg train loss 2.7781 top1 0.2361 top5 0.5135
    [05:30:28] step 1000/2813 | avg train loss 2.7776 top1 0.2349 top5 0.5130
    [05:30:33] step 1100/2813 | avg train loss 2.7720 top1 0.2356 top5 0.5174
    [05:30:38] step 1200/2813 | avg train loss 2.7724 top1 0.2353 top5 0.5174
    [05:30:43] step 1300/2813 | avg train loss 2.7689 top1 0.2380 top5 0.5199
    [05:30:48] step 1400/2813 | avg train loss 2.7619 top1 0.2402 top5 0.5225
    [05:30:54] step 1500/2813 | avg train loss 2.7626 top1 0.2393 top5 0.5204
    [05:30:59] step 1600/2813 | avg train loss 2.7591 top1 0.2392 top5 0.5206
    [05:31:04] step 1700/2813 | avg train loss 2.7588 top1 0.2386 top5 0.5200
    [05:31:09] step 1800/2813 | avg train loss 2.7609 top1 0.2386 top5 0.5185
    [05:31:15] step 1900/2813 | avg train loss 2.7611 top1 0.2400 top5 0.5189
    [05:31:20] step 2000/2813 | avg train loss 2.7592 top1 0.2402 top5 0.5196
    [05:31:25] step 2100/2813 | avg train loss 2.7591 top1 0.2402 top5 0.5190
    [05:31:30] step 2200/2813 | avg train loss 2.7598 top1 0.2399 top5 0.5178
    [05:31:35] step 2300/2813 | avg train loss 2.7592 top1 0.2406 top5 0.5182
    [05:31:41] step 2400/2813 | avg train loss 2.7595 top1 0.2408 top5 0.5181
    [05:31:46] step 2500/2813 | avg train loss 2.7623 top1 0.2402 top5 0.5170
    [05:31:51] step 2600/2813 | avg train loss 2.7606 top1 0.2410 top5 0.5183
    [05:31:56] step 2700/2813 | avg train loss 2.7617 top1 0.2410 top5 0.5186
    [05:32:01] step 2800/2813 | avg train loss 2.7617 top1 0.2412 top5 0.5194
    [05:32:02] step 2813/2813 | avg train loss 2.7624 top1 0.2409 top5 0.5191
Epoch 10/30 | train loss 2.7624 top1 0.2409 | val loss 2.7422 top1 0.2431 top5 0.5619 | ema val top1 0.2593 top5 0.5942
  Saved new best checkpoint (ema): /Data/romain.poggi/smth2smth/checkpoints/track_a/ssl/raie_ft.pt (val top1=0.2593)
    [05:32:34] step 100/2813 | avg train loss 2.6973 top1 0.2387 top5 0.5025
    [05:32:39] step 200/2813 | avg train loss 2.6908 top1 0.2444 top5 0.5194
    [05:32:44] step 300/2813 | avg train loss 2.6978 top1 0.2442 top5 0.5238
    [05:32:49] step 400/2813 | avg train loss 2.7103 top1 0.2419 top5 0.5227
    [05:32:54] step 500/2813 | avg train loss 2.7255 top1 0.2339 top5 0.5180
    [05:33:00] step 600/2813 | avg train loss 2.7186 top1 0.2382 top5 0.5210
    [05:33:05] step 700/2813 | avg train loss 2.7240 top1 0.2381 top5 0.5212
    [05:33:10] step 800/2813 | avg train loss 2.7212 top1 0.2395 top5 0.5205
    [05:33:15] step 900/2813 | avg train loss 2.7260 top1 0.2405 top5 0.5221
    [05:33:21] step 1000/2813 | avg train loss 2.7196 top1 0.2445 top5 0.5251
    [05:33:26] step 1100/2813 | avg train loss 2.7185 top1 0.2454 top5 0.5257
    [05:33:31] step 1200/2813 | avg train loss 2.7211 top1 0.2460 top5 0.5251
    [05:33:36] step 1300/2813 | avg train loss 2.7222 top1 0.2452 top5 0.5251
    [05:33:42] step 1400/2813 | avg train loss 2.7235 top1 0.2445 top5 0.5245
    [05:33:47] step 1500/2813 | avg train loss 2.7270 top1 0.2438 top5 0.5228
    [05:33:52] step 1600/2813 | avg train loss 2.7264 top1 0.2439 top5 0.5223
    [05:33:57] step 1700/2813 | avg train loss 2.7259 top1 0.2449 top5 0.5235
    [05:34:03] step 1800/2813 | avg train loss 2.7293 top1 0.2437 top5 0.5223
    [05:34:08] step 1900/2813 | avg train loss 2.7233 top1 0.2453 top5 0.5245
    [05:34:13] step 2000/2813 | avg train loss 2.7245 top1 0.2450 top5 0.5243
    [05:34:19] step 2100/2813 | avg train loss 2.7230 top1 0.2469 top5 0.5265
    [05:34:24] step 2200/2813 | avg train loss 2.7255 top1 0.2467 top5 0.5259
    [05:34:29] step 2300/2813 | avg train loss 2.7260 top1 0.2464 top5 0.5259
    [05:34:34] step 2400/2813 | avg train loss 2.7257 top1 0.2469 top5 0.5262
    [05:34:39] step 2500/2813 | avg train loss 2.7275 top1 0.2460 top5 0.5251
    [05:34:45] step 2600/2813 | avg train loss 2.7263 top1 0.2462 top5 0.5250
    [05:34:50] step 2700/2813 | avg train loss 2.7257 top1 0.2458 top5 0.5253
    [05:34:55] step 2800/2813 | avg train loss 2.7251 top1 0.2464 top5 0.5250
    [05:34:56] step 2813/2813 | avg train loss 2.7248 top1 0.2465 top5 0.5253
Epoch 11/30 | train loss 2.7248 top1 0.2465 | val loss 2.6785 top1 0.2575 top5 0.5933 | ema val top1 0.2645 top5 0.6044
  Saved new best checkpoint (ema): /Data/romain.poggi/smth2smth/checkpoints/track_a/ssl/raie_ft.pt (val top1=0.2645)
    [05:35:28] step 100/2813 | avg train loss 2.7064 top1 0.2637 top5 0.5669
    [05:35:34] step 200/2813 | avg train loss 2.6997 top1 0.2662 top5 0.5463
    [05:35:39] step 300/2813 | avg train loss 2.7094 top1 0.2629 top5 0.5429
    [05:35:44] step 400/2813 | avg train loss 2.7155 top1 0.2627 top5 0.5419
    [05:35:49] step 500/2813 | avg train loss 2.7030 top1 0.2636 top5 0.5451
    [05:35:54] step 600/2813 | avg train loss 2.7080 top1 0.2610 top5 0.5410
    [05:35:59] step 700/2813 | avg train loss 2.7119 top1 0.2568 top5 0.5387
    [05:36:05] step 800/2813 | avg train loss 2.7049 top1 0.2577 top5 0.5404
    [05:36:10] step 900/2813 | avg train loss 2.7022 top1 0.2587 top5 0.5401
    [05:36:15] step 1000/2813 | avg train loss 2.6954 top1 0.2606 top5 0.5422
    [05:36:20] step 1100/2813 | avg train loss 2.6927 top1 0.2615 top5 0.5432
    [05:36:25] step 1200/2813 | avg train loss 2.6918 top1 0.2614 top5 0.5415
    [05:36:30] step 1300/2813 | avg train loss 2.6851 top1 0.2621 top5 0.5407
    [05:36:36] step 1400/2813 | avg train loss 2.6844 top1 0.2627 top5 0.5414
    [05:36:41] step 1500/2813 | avg train loss 2.6871 top1 0.2620 top5 0.5403
    [05:36:46] step 1600/2813 | avg train loss 2.6851 top1 0.2625 top5 0.5402
    [05:36:51] step 1700/2813 | avg train loss 2.6856 top1 0.2618 top5 0.5393
    [05:36:56] step 1800/2813 | avg train loss 2.6847 top1 0.2610 top5 0.5392
    [05:37:02] step 1900/2813 | avg train loss 2.6852 top1 0.2600 top5 0.5392
    [05:37:07] step 2000/2813 | avg train loss 2.6846 top1 0.2595 top5 0.5383
    [05:37:12] step 2100/2813 | avg train loss 2.6840 top1 0.2610 top5 0.5398
    [05:37:17] step 2200/2813 | avg train loss 2.6823 top1 0.2610 top5 0.5380
    [05:37:22] step 2300/2813 | avg train loss 2.6822 top1 0.2615 top5 0.5382
    [05:37:27] step 2400/2813 | avg train loss 2.6849 top1 0.2601 top5 0.5368
    [05:37:33] step 2500/2813 | avg train loss 2.6833 top1 0.2606 top5 0.5375
    [05:37:38] step 2600/2813 | avg train loss 2.6820 top1 0.2606 top5 0.5378
    [05:37:43] step 2700/2813 | avg train loss 2.6810 top1 0.2606 top5 0.5381
    [05:37:48] step 2800/2813 | avg train loss 2.6806 top1 0.2609 top5 0.5390
    [05:37:49] step 2813/2813 | avg train loss 2.6797 top1 0.2612 top5 0.5394
Epoch 12/30 | train loss 2.6797 top1 0.2612 | val loss 2.6648 top1 0.2565 top5 0.5908 | ema val top1 0.2744 top5 0.6142
  Saved new best checkpoint (ema): /Data/romain.poggi/smth2smth/checkpoints/track_a/ssl/raie_ft.pt (val top1=0.2744)
    [05:38:21] step 100/2813 | avg train loss 2.6328 top1 0.2650 top5 0.5437
    [05:38:26] step 200/2813 | avg train loss 2.5903 top1 0.2903 top5 0.5722
    [05:38:31] step 300/2813 | avg train loss 2.6113 top1 0.2854 top5 0.5571
    [05:38:36] step 400/2813 | avg train loss 2.5921 top1 0.2906 top5 0.5648
    [05:38:41] step 500/2813 | avg train loss 2.5927 top1 0.2919 top5 0.5669
    [05:38:47] step 600/2813 | avg train loss 2.6014 top1 0.2910 top5 0.5666
    [05:38:52] step 700/2813 | avg train loss 2.6191 top1 0.2861 top5 0.5603
    [05:38:57] step 800/2813 | avg train loss 2.6263 top1 0.2848 top5 0.5595
    [05:39:02] step 900/2813 | avg train loss 2.6313 top1 0.2809 top5 0.5566
    [05:39:07] step 1000/2813 | avg train loss 2.6321 top1 0.2791 top5 0.5549
    [05:39:12] step 1100/2813 | avg train loss 2.6317 top1 0.2793 top5 0.5546
    [05:39:18] step 1200/2813 | avg train loss 2.6305 top1 0.2793 top5 0.5537
    [05:39:23] step 1300/2813 | avg train loss 2.6349 top1 0.2775 top5 0.5529
    [05:39:28] step 1400/2813 | avg train loss 2.6379 top1 0.2758 top5 0.5508
    [05:39:33] step 1500/2813 | avg train loss 2.6357 top1 0.2750 top5 0.5504
    [05:39:38] step 1600/2813 | avg train loss 2.6379 top1 0.2747 top5 0.5491
    [05:39:44] step 1700/2813 | avg train loss 2.6375 top1 0.2732 top5 0.5476
    [05:39:49] step 1800/2813 | avg train loss 2.6397 top1 0.2734 top5 0.5480
    [05:39:54] step 1900/2813 | avg train loss 2.6380 top1 0.2737 top5 0.5489
    [05:39:59] step 2000/2813 | avg train loss 2.6400 top1 0.2731 top5 0.5488
    [05:40:04] step 2100/2813 | avg train loss 2.6375 top1 0.2736 top5 0.5498
    [05:40:09] step 2200/2813 | avg train loss 2.6355 top1 0.2738 top5 0.5502
    [05:40:15] step 2300/2813 | avg train loss 2.6314 top1 0.2760 top5 0.5524
    [05:40:20] step 2400/2813 | avg train loss 2.6313 top1 0.2766 top5 0.5534
    [05:40:25] step 2500/2813 | avg train loss 2.6316 top1 0.2768 top5 0.5542
    [05:40:30] step 2600/2813 | avg train loss 2.6322 top1 0.2771 top5 0.5548
    [05:40:35] step 2700/2813 | avg train loss 2.6331 top1 0.2765 top5 0.5540
    [05:40:41] step 2800/2813 | avg train loss 2.6348 top1 0.2767 top5 0.5536
    [05:40:41] step 2813/2813 | avg train loss 2.6341 top1 0.2768 top5 0.5538
Epoch 13/30 | train loss 2.6341 top1 0.2768 | val loss 2.6430 top1 0.2618 top5 0.6092 | ema val top1 0.2793 top5 0.6264
  Saved new best checkpoint (ema): /Data/romain.poggi/smth2smth/checkpoints/track_a/ssl/raie_ft.pt (val top1=0.2793)
    [05:41:14] step 100/2813 | avg train loss 2.6077 top1 0.2844 top5 0.5513
    [05:41:19] step 200/2813 | avg train loss 2.6085 top1 0.2809 top5 0.5503
    [05:41:24] step 300/2813 | avg train loss 2.6022 top1 0.2873 top5 0.5700
    [05:41:29] step 400/2813 | avg train loss 2.6017 top1 0.2847 top5 0.5667
    [05:41:34] step 500/2813 | avg train loss 2.5959 top1 0.2878 top5 0.5674
    [05:41:40] step 600/2813 | avg train loss 2.5800 top1 0.2965 top5 0.5793
    [05:41:45] step 700/2813 | avg train loss 2.5851 top1 0.2926 top5 0.5759
    [05:41:50] step 800/2813 | avg train loss 2.5824 top1 0.2894 top5 0.5744
    [05:41:55] step 900/2813 | avg train loss 2.5836 top1 0.2882 top5 0.5731
    [05:42:00] step 1000/2813 | avg train loss 2.5840 top1 0.2879 top5 0.5739
    [05:42:05] step 1100/2813 | avg train loss 2.5872 top1 0.2870 top5 0.5716
    [05:42:11] step 1200/2813 | avg train loss 2.5888 top1 0.2851 top5 0.5687
    [05:42:16] step 1300/2813 | avg train loss 2.5891 top1 0.2842 top5 0.5656
    [05:42:21] step 1400/2813 | avg train loss 2.5914 top1 0.2830 top5 0.5642
    [05:42:26] step 1500/2813 | avg train loss 2.5934 top1 0.2813 top5 0.5634
    [05:42:31] step 1600/2813 | avg train loss 2.5942 top1 0.2816 top5 0.5628
    [05:42:37] step 1700/2813 | avg train loss 2.5922 top1 0.2829 top5 0.5624
    [05:42:42] step 1800/2813 | avg train loss 2.5933 top1 0.2842 top5 0.5647
    [05:42:47] step 1900/2813 | avg train loss 2.5927 top1 0.2845 top5 0.5647
    [05:42:52] step 2000/2813 | avg train loss 2.5915 top1 0.2845 top5 0.5654
    [05:42:57] step 2100/2813 | avg train loss 2.5926 top1 0.2848 top5 0.5658
    [05:43:02] step 2200/2813 | avg train loss 2.5925 top1 0.2846 top5 0.5654
    [05:43:08] step 2300/2813 | avg train loss 2.5925 top1 0.2831 top5 0.5646
    [05:43:13] step 2400/2813 | avg train loss 2.5940 top1 0.2833 top5 0.5640
    [05:43:18] step 2500/2813 | avg train loss 2.5958 top1 0.2831 top5 0.5633
    [05:43:23] step 2600/2813 | avg train loss 2.5945 top1 0.2844 top5 0.5642
    [05:43:28] step 2700/2813 | avg train loss 2.5969 top1 0.2829 top5 0.5632
    [05:43:34] step 2800/2813 | avg train loss 2.5968 top1 0.2828 top5 0.5638
    [05:43:34] step 2813/2813 | avg train loss 2.5966 top1 0.2831 top5 0.5640
Epoch 14/30 | train loss 2.5966 top1 0.2831 | val loss 2.6667 top1 0.2578 top5 0.6034 | ema val top1 0.2872 top5 0.6369
  Saved new best checkpoint (ema): /Data/romain.poggi/smth2smth/checkpoints/track_a/ssl/raie_ft.pt (val top1=0.2872)
    [05:44:06] step 100/2813 | avg train loss 2.5052 top1 0.3056 top5 0.5844
    [05:44:11] step 200/2813 | avg train loss 2.4985 top1 0.3028 top5 0.5806
    [05:44:17] step 300/2813 | avg train loss 2.5117 top1 0.2992 top5 0.5715
    [05:44:22] step 400/2813 | avg train loss 2.5065 top1 0.3070 top5 0.5809
    [05:44:27] step 500/2813 | avg train loss 2.5116 top1 0.3013 top5 0.5747
    [05:44:32] step 600/2813 | avg train loss 2.5334 top1 0.2961 top5 0.5708
    [05:44:38] step 700/2813 | avg train loss 2.5440 top1 0.2952 top5 0.5701
    [05:44:43] step 800/2813 | avg train loss 2.5434 top1 0.2982 top5 0.5736
    [05:44:48] step 900/2813 | avg train loss 2.5427 top1 0.3001 top5 0.5720
    [05:44:53] step 1000/2813 | avg train loss 2.5492 top1 0.2993 top5 0.5719
    [05:44:59] step 1100/2813 | avg train loss 2.5473 top1 0.2983 top5 0.5705
    [05:45:04] step 1200/2813 | avg train loss 2.5478 top1 0.2985 top5 0.5719
    [05:45:09] step 1300/2813 | avg train loss 2.5428 top1 0.2996 top5 0.5723
    [05:45:14] step 1400/2813 | avg train loss 2.5418 top1 0.3003 top5 0.5748
    [05:45:20] step 1500/2813 | avg train loss 2.5460 top1 0.2985 top5 0.5736
    [05:45:25] step 1600/2813 | avg train loss 2.5474 top1 0.2980 top5 0.5732
    [05:45:30] step 1700/2813 | avg train loss 2.5455 top1 0.2979 top5 0.5741
    [05:45:36] step 1800/2813 | avg train loss 2.5456 top1 0.2992 top5 0.5758
    [05:45:41] step 1900/2813 | avg train loss 2.5471 top1 0.2980 top5 0.5742
    [05:45:46] step 2000/2813 | avg train loss 2.5463 top1 0.2982 top5 0.5738
    [05:45:51] step 2100/2813 | avg train loss 2.5480 top1 0.2971 top5 0.5728
    [05:45:57] step 2200/2813 | avg train loss 2.5465 top1 0.2966 top5 0.5716
    [05:46:02] step 2300/2813 | avg train loss 2.5481 top1 0.2955 top5 0.5715
    [05:46:07] step 2400/2813 | avg train loss 2.5492 top1 0.2956 top5 0.5710
    [05:46:12] step 2500/2813 | avg train loss 2.5480 top1 0.2964 top5 0.5716
    [05:46:17] step 2600/2813 | avg train loss 2.5498 top1 0.2957 top5 0.5713
    [05:46:23] step 2700/2813 | avg train loss 2.5520 top1 0.2957 top5 0.5719
    [05:46:28] step 2800/2813 | avg train loss 2.5519 top1 0.2950 top5 0.5712
    [05:46:28] step 2813/2813 | avg train loss 2.5513 top1 0.2953 top5 0.5716
Epoch 15/30 | train loss 2.5513 top1 0.2953 | val loss 2.6427 top1 0.2728 top5 0.6090 | ema val top1 0.2953 top5 0.6437
  Saved new best checkpoint (ema): /Data/romain.poggi/smth2smth/checkpoints/track_a/ssl/raie_ft.pt (val top1=0.2953)
    [05:47:01] step 100/2813 | avg train loss 2.5362 top1 0.2975 top5 0.5906
    [05:47:06] step 200/2813 | avg train loss 2.5091 top1 0.3088 top5 0.5972
    [05:47:11] step 300/2813 | avg train loss 2.5095 top1 0.3177 top5 0.5979
    [05:47:16] step 400/2813 | avg train loss 2.5010 top1 0.3250 top5 0.6008
    [05:47:21] step 500/2813 | avg train loss 2.4951 top1 0.3206 top5 0.5968
    [05:47:26] step 600/2813 | avg train loss 2.4982 top1 0.3173 top5 0.5942
    [05:47:32] step 700/2813 | avg train loss 2.4990 top1 0.3137 top5 0.5903
    [05:47:37] step 800/2813 | avg train loss 2.5029 top1 0.3147 top5 0.5927
    [05:47:42] step 900/2813 | avg train loss 2.5073 top1 0.3142 top5 0.5909
    [05:47:47] step 1000/2813 | avg train loss 2.5014 top1 0.3162 top5 0.5951
    [05:47:52] step 1100/2813 | avg train loss 2.4980 top1 0.3164 top5 0.5948
    [05:47:58] step 1200/2813 | avg train loss 2.5009 top1 0.3169 top5 0.5953
    [05:48:03] step 1300/2813 | avg train loss 2.5053 top1 0.3165 top5 0.5930
    [05:48:08] step 1400/2813 | avg train loss 2.5071 top1 0.3169 top5 0.5928
    [05:48:13] step 1500/2813 | avg train loss 2.5101 top1 0.3150 top5 0.5917
    [05:48:19] step 1600/2813 | avg train loss 2.5105 top1 0.3139 top5 0.5900
    [05:48:24] step 1700/2813 | avg train loss 2.5113 top1 0.3133 top5 0.5894
    [05:48:29] step 1800/2813 | avg train loss 2.5147 top1 0.3109 top5 0.5863
    [05:48:34] step 1900/2813 | avg train loss 2.5162 top1 0.3108 top5 0.5868
    [05:48:39] step 2000/2813 | avg train loss 2.5159 top1 0.3105 top5 0.5867
    [05:48:45] step 2100/2813 | avg train loss 2.5166 top1 0.3089 top5 0.5857
    [05:48:50] step 2200/2813 | avg train loss 2.5149 top1 0.3098 top5 0.5867
    [05:48:55] step 2300/2813 | avg train loss 2.5133 top1 0.3103 top5 0.5873
    [05:49:00] step 2400/2813 | avg train loss 2.5145 top1 0.3092 top5 0.5865
    [05:49:05] step 2500/2813 | avg train loss 2.5133 top1 0.3095 top5 0.5883
    [05:49:11] step 2600/2813 | avg train loss 2.5128 top1 0.3088 top5 0.5875
    [05:49:16] step 2700/2813 | avg train loss 2.5106 top1 0.3097 top5 0.5882
    [05:49:21] step 2800/2813 | avg train loss 2.5098 top1 0.3110 top5 0.5892
    [05:49:22] step 2813/2813 | avg train loss 2.5099 top1 0.3114 top5 0.5896
Epoch 16/30 | train loss 2.5099 top1 0.3114 | val loss 2.5397 top1 0.2893 top5 0.6299 | ema val top1 0.3029 top5 0.6526
  Saved new best checkpoint (ema): /Data/romain.poggi/smth2smth/checkpoints/track_a/ssl/raie_ft.pt (val top1=0.3029)
    [05:49:54] step 100/2813 | avg train loss 2.4146 top1 0.3675 top5 0.6425
    [05:49:59] step 200/2813 | avg train loss 2.4661 top1 0.3303 top5 0.6062
    [05:50:04] step 300/2813 | avg train loss 2.4500 top1 0.3337 top5 0.6171
    [05:50:10] step 400/2813 | avg train loss 2.4503 top1 0.3264 top5 0.6047
    [05:50:15] step 500/2813 | avg train loss 2.4294 top1 0.3309 top5 0.6110
    [05:50:20] step 600/2813 | avg train loss 2.4416 top1 0.3294 top5 0.6077
    [05:50:25] step 700/2813 | avg train loss 2.4362 top1 0.3295 top5 0.6070
    [05:50:30] step 800/2813 | avg train loss 2.4489 top1 0.3279 top5 0.6067
    [05:50:36] step 900/2813 | avg train loss 2.4511 top1 0.3276 top5 0.6077
    [05:50:41] step 1000/2813 | avg train loss 2.4578 top1 0.3262 top5 0.6063
    [05:50:46] step 1100/2813 | avg train loss 2.4583 top1 0.3255 top5 0.6067
    [05:50:51] step 1200/2813 | avg train loss 2.4620 top1 0.3255 top5 0.6074
    [05:50:56] step 1300/2813 | avg train loss 2.4509 top1 0.3273 top5 0.6080
    [05:51:01] step 1400/2813 | avg train loss 2.4514 top1 0.3267 top5 0.6086
    [05:51:07] step 1500/2813 | avg train loss 2.4517 top1 0.3241 top5 0.6042
    [05:51:12] step 1600/2813 | avg train loss 2.4495 top1 0.3260 top5 0.6052
    [05:51:17] step 1700/2813 | avg train loss 2.4550 top1 0.3260 top5 0.6054
    [05:51:22] step 1800/2813 | avg train loss 2.4551 top1 0.3251 top5 0.6050
    [05:51:27] step 1900/2813 | avg train loss 2.4571 top1 0.3244 top5 0.6050
    [05:51:33] step 2000/2813 | avg train loss 2.4550 top1 0.3241 top5 0.6042
    [05:51:38] step 2100/2813 | avg train loss 2.4553 top1 0.3238 top5 0.6043
    [05:51:43] step 2200/2813 | avg train loss 2.4577 top1 0.3220 top5 0.6026
    [05:51:48] step 2300/2813 | avg train loss 2.4582 top1 0.3215 top5 0.6014
    [05:51:53] step 2400/2813 | avg train loss 2.4586 top1 0.3208 top5 0.6010
    [05:51:59] step 2500/2813 | avg train loss 2.4614 top1 0.3207 top5 0.6001
    [05:52:04] step 2600/2813 | avg train loss 2.4593 top1 0.3218 top5 0.6016
    [05:52:09] step 2700/2813 | avg train loss 2.4600 top1 0.3218 top5 0.6023
    [05:52:14] step 2800/2813 | avg train loss 2.4585 top1 0.3212 top5 0.6004
    [05:52:15] step 2813/2813 | avg train loss 2.4585 top1 0.3210 top5 0.6001
Epoch 17/30 | train loss 2.4585 top1 0.3210 | val loss 2.5413 top1 0.2967 top5 0.6310 | ema val top1 0.3075 top5 0.6603
  Saved new best checkpoint (ema): /Data/romain.poggi/smth2smth/checkpoints/track_a/ssl/raie_ft.pt (val top1=0.3075)
    [05:52:47] step 100/2813 | avg train loss 2.3372 top1 0.3844 top5 0.6781
    [05:52:52] step 200/2813 | avg train loss 2.3953 top1 0.3459 top5 0.6359
    [05:52:57] step 300/2813 | avg train loss 2.3895 top1 0.3350 top5 0.6250
    [05:53:02] step 400/2813 | avg train loss 2.3994 top1 0.3325 top5 0.6144
    [05:53:07] step 500/2813 | avg train loss 2.4005 top1 0.3329 top5 0.6124
    [05:53:12] step 600/2813 | avg train loss 2.3954 top1 0.3332 top5 0.6128
    [05:53:18] step 700/2813 | avg train loss 2.4084 top1 0.3310 top5 0.6105
    [05:53:23] step 800/2813 | avg train loss 2.4102 top1 0.3298 top5 0.6113
    [05:53:28] step 900/2813 | avg train loss 2.4138 top1 0.3336 top5 0.6153
    [05:53:33] step 1000/2813 | avg train loss 2.4201 top1 0.3312 top5 0.6126
    [05:53:38] step 1100/2813 | avg train loss 2.4258 top1 0.3294 top5 0.6094
    [05:53:44] step 1200/2813 | avg train loss 2.4186 top1 0.3304 top5 0.6104
    [05:53:49] step 1300/2813 | avg train loss 2.4207 top1 0.3309 top5 0.6114
    [05:53:54] step 1400/2813 | avg train loss 2.4131 top1 0.3325 top5 0.6135
    [05:53:59] step 1500/2813 | avg train loss 2.4089 top1 0.3342 top5 0.6152
    [05:54:04] step 1600/2813 | avg train loss 2.4127 top1 0.3335 top5 0.6137
    [05:54:10] step 1700/2813 | avg train loss 2.4164 top1 0.3323 top5 0.6121
    [05:54:15] step 1800/2813 | avg train loss 2.4176 top1 0.3329 top5 0.6130
    [05:54:20] step 1900/2813 | avg train loss 2.4189 top1 0.3329 top5 0.6138
    [05:54:25] step 2000/2813 | avg train loss 2.4169 top1 0.3319 top5 0.6124
    [05:54:30] step 2100/2813 | avg train loss 2.4182 top1 0.3318 top5 0.6129
    [05:54:36] step 2200/2813 | avg train loss 2.4153 top1 0.3318 top5 0.6125
    [05:54:41] step 2300/2813 | avg train loss 2.4097 top1 0.3339 top5 0.6147
    [05:54:46] step 2400/2813 | avg train loss 2.4078 top1 0.3346 top5 0.6146
    [05:54:51] step 2500/2813 | avg train loss 2.4083 top1 0.3355 top5 0.6162
    [05:54:56] step 2600/2813 | avg train loss 2.4082 top1 0.3359 top5 0.6171
    [05:55:02] step 2700/2813 | avg train loss 2.4075 top1 0.3358 top5 0.6174
    [05:55:07] step 2800/2813 | avg train loss 2.4080 top1 0.3351 top5 0.6167
    [05:55:07] step 2813/2813 | avg train loss 2.4082 top1 0.3348 top5 0.6163
Epoch 18/30 | train loss 2.4082 top1 0.3348 | val loss 2.5457 top1 0.2968 top5 0.6375 | ema val top1 0.3185 top5 0.6649
  Saved new best checkpoint (ema): /Data/romain.poggi/smth2smth/checkpoints/track_a/ssl/raie_ft.pt (val top1=0.3185)
    [05:55:40] step 100/2813 | avg train loss 2.3498 top1 0.3663 top5 0.6488
    [05:55:45] step 200/2813 | avg train loss 2.3572 top1 0.3525 top5 0.6397
    [05:55:50] step 300/2813 | avg train loss 2.3544 top1 0.3375 top5 0.6192
    [05:55:55] step 400/2813 | avg train loss 2.3641 top1 0.3350 top5 0.6152
    [05:56:00] step 500/2813 | avg train loss 2.3498 top1 0.3395 top5 0.6188
    [05:56:06] step 600/2813 | avg train loss 2.3566 top1 0.3396 top5 0.6244
    [05:56:11] step 700/2813 | avg train loss 2.3538 top1 0.3385 top5 0.6224
    [05:56:16] step 800/2813 | avg train loss 2.3583 top1 0.3374 top5 0.6212
    [05:56:21] step 900/2813 | avg train loss 2.3597 top1 0.3392 top5 0.6260
    [05:56:26] step 1000/2813 | avg train loss 2.3655 top1 0.3396 top5 0.6229
    [05:56:32] step 1100/2813 | avg train loss 2.3681 top1 0.3399 top5 0.6226
    [05:56:37] step 1200/2813 | avg train loss 2.3659 top1 0.3406 top5 0.6225
    [05:56:42] step 1300/2813 | avg train loss 2.3653 top1 0.3419 top5 0.6222
    [05:56:47] step 1400/2813 | avg train loss 2.3685 top1 0.3410 top5 0.6215
    [05:56:52] step 1500/2813 | avg train loss 2.3671 top1 0.3444 top5 0.6239
    [05:56:57] step 1600/2813 | avg train loss 2.3714 top1 0.3429 top5 0.6237
    [05:57:03] step 1700/2813 | avg train loss 2.3736 top1 0.3422 top5 0.6225
    [05:57:08] step 1800/2813 | avg train loss 2.3723 top1 0.3434 top5 0.6239
    [05:57:13] step 1900/2813 | avg train loss 2.3720 top1 0.3433 top5 0.6238
    [05:57:18] step 2000/2813 | avg train loss 2.3738 top1 0.3429 top5 0.6233
    [05:57:23] step 2100/2813 | avg train loss 2.3729 top1 0.3449 top5 0.6250
    [05:57:28] step 2200/2813 | avg train loss 2.3684 top1 0.3450 top5 0.6248
    [05:57:34] step 2300/2813 | avg train loss 2.3670 top1 0.3443 top5 0.6228
    [05:57:39] step 2400/2813 | avg train loss 2.3704 top1 0.3437 top5 0.6214
    [05:57:44] step 2500/2813 | avg train loss 2.3737 top1 0.3428 top5 0.6203
    [05:57:49] step 2600/2813 | avg train loss 2.3729 top1 0.3432 top5 0.6207
    [05:57:54] step 2700/2813 | avg train loss 2.3745 top1 0.3431 top5 0.6207
    [05:57:59] step 2800/2813 | avg train loss 2.3745 top1 0.3418 top5 0.6197
    [05:58:00] step 2813/2813 | avg train loss 2.3747 top1 0.3415 top5 0.6197
Epoch 19/30 | train loss 2.3747 top1 0.3415 | val loss 2.5004 top1 0.3045 top5 0.6537 | ema val top1 0.3232 top5 0.6728
  Saved new best checkpoint (ema): /Data/romain.poggi/smth2smth/checkpoints/track_a/ssl/raie_ft.pt (val top1=0.3232)
    [05:58:32] step 100/2813 | avg train loss 2.3594 top1 0.3231 top5 0.5981
    [05:58:37] step 200/2813 | avg train loss 2.3464 top1 0.3409 top5 0.6078
    [05:58:42] step 300/2813 | avg train loss 2.3423 top1 0.3485 top5 0.6269
    [05:58:48] step 400/2813 | avg train loss 2.3367 top1 0.3597 top5 0.6406
    [05:58:53] step 500/2813 | avg train loss 2.3554 top1 0.3571 top5 0.6370
    [05:58:58] step 600/2813 | avg train loss 2.3351 top1 0.3632 top5 0.6409
    [05:59:03] step 700/2813 | avg train loss 2.3253 top1 0.3657 top5 0.6406
    [05:59:08] step 800/2813 | avg train loss 2.3244 top1 0.3598 top5 0.6328
    [05:59:13] step 900/2813 | avg train loss 2.3197 top1 0.3608 top5 0.6349
    [05:59:19] step 1000/2813 | avg train loss 2.3222 top1 0.3616 top5 0.6361
    [05:59:24] step 1100/2813 | avg train loss 2.3128 top1 0.3613 top5 0.6350
    [05:59:29] step 1200/2813 | avg train loss 2.3164 top1 0.3597 top5 0.6348
    [05:59:34] step 1300/2813 | avg train loss 2.3178 top1 0.3585 top5 0.6339
    [05:59:39] step 1400/2813 | avg train loss 2.3180 top1 0.3584 top5 0.6338
    [05:59:45] step 1500/2813 | avg train loss 2.3196 top1 0.3577 top5 0.6340
    [05:59:50] step 1600/2813 | avg train loss 2.3190 top1 0.3605 top5 0.6380
    [05:59:55] step 1700/2813 | avg train loss 2.3176 top1 0.3597 top5 0.6377
    [06:00:00] step 1800/2813 | avg train loss 2.3191 top1 0.3595 top5 0.6388
    [06:00:05] step 1900/2813 | avg train loss 2.3185 top1 0.3608 top5 0.6401
    [06:00:11] step 2000/2813 | avg train loss 2.3218 top1 0.3607 top5 0.6407
    [06:00:16] step 2100/2813 | avg train loss 2.3229 top1 0.3603 top5 0.6399
    [06:00:21] step 2200/2813 | avg train loss 2.3222 top1 0.3604 top5 0.6394
    [06:00:26] step 2300/2813 | avg train loss 2.3226 top1 0.3608 top5 0.6393
    [06:00:31] step 2400/2813 | avg train loss 2.3228 top1 0.3602 top5 0.6390
    [06:00:36] step 2500/2813 | avg train loss 2.3221 top1 0.3602 top5 0.6394
    [06:00:42] step 2600/2813 | avg train loss 2.3225 top1 0.3594 top5 0.6392
    [06:00:47] step 2700/2813 | avg train loss 2.3247 top1 0.3589 top5 0.6397
    [06:00:52] step 2800/2813 | avg train loss 2.3250 top1 0.3595 top5 0.6407
    [06:00:53] step 2813/2813 | avg train loss 2.3261 top1 0.3592 top5 0.6404
Epoch 20/30 | train loss 2.3261 top1 0.3592 | val loss 2.4707 top1 0.3185 top5 0.6586 | ema val top1 0.3297 top5 0.6772
  Saved new best checkpoint (ema): /Data/romain.poggi/smth2smth/checkpoints/track_a/ssl/raie_ft.pt (val top1=0.3297)
    [06:01:25] step 100/2813 | avg train loss 2.2307 top1 0.4006 top5 0.6644
    [06:01:30] step 200/2813 | avg train loss 2.2482 top1 0.3947 top5 0.6713
    [06:01:35] step 300/2813 | avg train loss 2.2616 top1 0.3823 top5 0.6596
    [06:01:40] step 400/2813 | avg train loss 2.2765 top1 0.3759 top5 0.6525
    [06:01:45] step 500/2813 | avg train loss 2.2833 top1 0.3720 top5 0.6459
    [06:01:50] step 600/2813 | avg train loss 2.2822 top1 0.3740 top5 0.6461
    [06:01:56] step 700/2813 | avg train loss 2.2782 top1 0.3735 top5 0.6498
    [06:02:01] step 800/2813 | avg train loss 2.2798 top1 0.3734 top5 0.6487
    [06:02:06] step 900/2813 | avg train loss 2.2716 top1 0.3759 top5 0.6508
    [06:02:11] step 1000/2813 | avg train loss 2.2678 top1 0.3771 top5 0.6518
    [06:02:16] step 1100/2813 | avg train loss 2.2732 top1 0.3757 top5 0.6501
    [06:02:22] step 1200/2813 | avg train loss 2.2727 top1 0.3735 top5 0.6468
    [06:02:27] step 1300/2813 | avg train loss 2.2691 top1 0.3745 top5 0.6463
    [06:02:32] step 1400/2813 | avg train loss 2.2704 top1 0.3726 top5 0.6454
    [06:02:37] step 1500/2813 | avg train loss 2.2706 top1 0.3727 top5 0.6465
    [06:02:43] step 1600/2813 | avg train loss 2.2699 top1 0.3739 top5 0.6478
    [06:02:48] step 1700/2813 | avg train loss 2.2705 top1 0.3735 top5 0.6464
    [06:02:53] step 1800/2813 | avg train loss 2.2722 top1 0.3738 top5 0.6464
    [06:02:58] step 1900/2813 | avg train loss 2.2744 top1 0.3727 top5 0.6450
    [06:03:04] step 2000/2813 | avg train loss 2.2767 top1 0.3716 top5 0.6439
    [06:03:09] step 2100/2813 | avg train loss 2.2749 top1 0.3725 top5 0.6454
    [06:03:14] step 2200/2813 | avg train loss 2.2725 top1 0.3748 top5 0.6474
    [06:03:19] step 2300/2813 | avg train loss 2.2742 top1 0.3731 top5 0.6457
    [06:03:24] step 2400/2813 | avg train loss 2.2762 top1 0.3732 top5 0.6451
    [06:03:30] step 2500/2813 | avg train loss 2.2753 top1 0.3733 top5 0.6451
    [06:03:35] step 2600/2813 | avg train loss 2.2751 top1 0.3740 top5 0.6450
    [06:03:40] step 2700/2813 | avg train loss 2.2772 top1 0.3741 top5 0.6454
    [06:03:45] step 2800/2813 | avg train loss 2.2776 top1 0.3728 top5 0.6440
    [06:03:46] step 2813/2813 | avg train loss 2.2775 top1 0.3731 top5 0.6444
Epoch 21/30 | train loss 2.2775 top1 0.3731 | val loss 2.4746 top1 0.3213 top5 0.6563 | ema val top1 0.3343 top5 0.6824
  Saved new best checkpoint (ema): /Data/romain.poggi/smth2smth/checkpoints/track_a/ssl/raie_ft.pt (val top1=0.3343)
    [06:04:18] step 100/2813 | avg train loss 2.2262 top1 0.4100 top5 0.6881
    [06:04:23] step 200/2813 | avg train loss 2.2117 top1 0.3944 top5 0.6731
    [06:04:28] step 300/2813 | avg train loss 2.1925 top1 0.3958 top5 0.6677
    [06:04:33] step 400/2813 | avg train loss 2.2092 top1 0.3855 top5 0.6602
    [06:04:39] step 500/2813 | avg train loss 2.2155 top1 0.3866 top5 0.6624
    [06:04:44] step 600/2813 | avg train loss 2.2229 top1 0.3807 top5 0.6561
    [06:04:49] step 700/2813 | avg train loss 2.2274 top1 0.3823 top5 0.6582
    [06:04:54] step 800/2813 | avg train loss 2.2324 top1 0.3811 top5 0.6580
    [06:04:59] step 900/2813 | avg train loss 2.2236 top1 0.3828 top5 0.6591
    [06:05:05] step 1000/2813 | avg train loss 2.2242 top1 0.3837 top5 0.6585
    [06:05:10] step 1100/2813 | avg train loss 2.2328 top1 0.3810 top5 0.6560
    [06:05:15] step 1200/2813 | avg train loss 2.2305 top1 0.3807 top5 0.6564
    [06:05:20] step 1300/2813 | avg train loss 2.2297 top1 0.3821 top5 0.6566
    [06:05:25] step 1400/2813 | avg train loss 2.2360 top1 0.3819 top5 0.6569
    [06:05:31] step 1500/2813 | avg train loss 2.2327 top1 0.3820 top5 0.6573
    [06:05:36] step 1600/2813 | avg train loss 2.2302 top1 0.3832 top5 0.6584
    [06:05:41] step 1700/2813 | avg train loss 2.2348 top1 0.3824 top5 0.6575
    [06:05:46] step 1800/2813 | avg train loss 2.2371 top1 0.3800 top5 0.6536
    [06:05:51] step 1900/2813 | avg train loss 2.2412 top1 0.3795 top5 0.6533
    [06:05:57] step 2000/2813 | avg train loss 2.2443 top1 0.3793 top5 0.6534
    [06:06:02] step 2100/2813 | avg train loss 2.2425 top1 0.3798 top5 0.6544
    [06:06:07] step 2200/2813 | avg train loss 2.2397 top1 0.3803 top5 0.6553
    [06:06:12] step 2300/2813 | avg train loss 2.2419 top1 0.3789 top5 0.6532
    [06:06:17] step 2400/2813 | avg train loss 2.2413 top1 0.3792 top5 0.6542
    [06:06:23] step 2500/2813 | avg train loss 2.2384 top1 0.3795 top5 0.6541
    [06:06:28] step 2600/2813 | avg train loss 2.2412 top1 0.3792 top5 0.6538
    [06:06:33] step 2700/2813 | avg train loss 2.2392 top1 0.3789 top5 0.6530
    [06:06:38] step 2800/2813 | avg train loss 2.2419 top1 0.3783 top5 0.6530
    [06:06:39] step 2813/2813 | avg train loss 2.2422 top1 0.3783 top5 0.6531
Epoch 22/30 | train loss 2.2422 top1 0.3783 | val loss 2.4598 top1 0.3282 top5 0.6632 | ema val top1 0.3385 top5 0.6852
  Saved new best checkpoint (ema): /Data/romain.poggi/smth2smth/checkpoints/track_a/ssl/raie_ft.pt (val top1=0.3385)
    [06:07:11] step 100/2813 | avg train loss 2.2060 top1 0.3925 top5 0.6794
    [06:07:16] step 200/2813 | avg train loss 2.2012 top1 0.3881 top5 0.6728
    [06:07:21] step 300/2813 | avg train loss 2.2106 top1 0.3915 top5 0.6754
    [06:07:27] step 400/2813 | avg train loss 2.2180 top1 0.3923 top5 0.6773
    [06:07:32] step 500/2813 | avg train loss 2.2026 top1 0.3984 top5 0.6800
    [06:07:37] step 600/2813 | avg train loss 2.2038 top1 0.3980 top5 0.6779
    [06:07:42] step 700/2813 | avg train loss 2.2052 top1 0.3963 top5 0.6732
    [06:07:47] step 800/2813 | avg train loss 2.2091 top1 0.3975 top5 0.6741
    [06:07:53] step 900/2813 | avg train loss 2.2083 top1 0.3950 top5 0.6699
    [06:07:58] step 1000/2813 | avg train loss 2.2129 top1 0.3943 top5 0.6685
    [06:08:03] step 1100/2813 | avg train loss 2.2125 top1 0.3920 top5 0.6661
    [06:08:08] step 1200/2813 | avg train loss 2.2144 top1 0.3923 top5 0.6651
    [06:08:13] step 1300/2813 | avg train loss 2.2115 top1 0.3911 top5 0.6624
    [06:08:19] step 1400/2813 | avg train loss 2.2125 top1 0.3908 top5 0.6619
    [06:08:24] step 1500/2813 | avg train loss 2.2123 top1 0.3922 top5 0.6638
    [06:08:29] step 1600/2813 | avg train loss 2.2152 top1 0.3921 top5 0.6638
    [06:08:34] step 1700/2813 | avg train loss 2.2169 top1 0.3924 top5 0.6632
    [06:08:39] step 1800/2813 | avg train loss 2.2135 top1 0.3925 top5 0.6633
    [06:08:45] step 1900/2813 | avg train loss 2.2111 top1 0.3935 top5 0.6640
    [06:08:50] step 2000/2813 | avg train loss 2.2073 top1 0.3946 top5 0.6642
    [06:08:55] step 2100/2813 | avg train loss 2.2071 top1 0.3948 top5 0.6648
    [06:09:00] step 2200/2813 | avg train loss 2.2068 top1 0.3943 top5 0.6645
    [06:09:06] step 2300/2813 | avg train loss 2.2086 top1 0.3937 top5 0.6638
    [06:09:11] step 2400/2813 | avg train loss 2.2096 top1 0.3919 top5 0.6620
    [06:09:16] step 2500/2813 | avg train loss 2.2091 top1 0.3918 top5 0.6625
    [06:09:21] step 2600/2813 | avg train loss 2.2116 top1 0.3908 top5 0.6614
    [06:09:26] step 2700/2813 | avg train loss 2.2092 top1 0.3919 top5 0.6622
    [06:09:31] step 2800/2813 | avg train loss 2.2066 top1 0.3932 top5 0.6636
    [06:09:32] step 2813/2813 | avg train loss 2.2077 top1 0.3932 top5 0.6635
Epoch 23/30 | train loss 2.2077 top1 0.3932 | val loss 2.4955 top1 0.3220 top5 0.6546 | ema val top1 0.3394 top5 0.6855
  No val top1 improvement (1/15); best remains 0.3385
    [06:10:04] step 100/2813 | avg train loss 2.1479 top1 0.4012 top5 0.6594
    [06:10:09] step 200/2813 | avg train loss 2.1912 top1 0.3866 top5 0.6538
    [06:10:15] step 300/2813 | avg train loss 2.1864 top1 0.3881 top5 0.6585
    [06:10:20] step 400/2813 | avg train loss 2.1915 top1 0.3906 top5 0.6603
    [06:10:25] step 500/2813 | avg train loss 2.1725 top1 0.3940 top5 0.6596
    [06:10:30] step 600/2813 | avg train loss 2.1755 top1 0.3924 top5 0.6615
    [06:10:35] step 700/2813 | avg train loss 2.1749 top1 0.3970 top5 0.6675
    [06:10:41] step 800/2813 | avg train loss 2.1683 top1 0.4025 top5 0.6743
    [06:10:46] step 900/2813 | avg train loss 2.1602 top1 0.4047 top5 0.6756
    [06:10:51] step 1000/2813 | avg train loss 2.1576 top1 0.4061 top5 0.6747
    [06:10:56] step 1100/2813 | avg train loss 2.1605 top1 0.4046 top5 0.6744
    [06:11:01] step 1200/2813 | avg train loss 2.1655 top1 0.4026 top5 0.6730
    [06:11:07] step 1300/2813 | avg train loss 2.1608 top1 0.4040 top5 0.6751
    [06:11:12] step 1400/2813 | avg train loss 2.1634 top1 0.4045 top5 0.6760
    [06:11:17] step 1500/2813 | avg train loss 2.1631 top1 0.4045 top5 0.6745
    [06:11:22] step 1600/2813 | avg train loss 2.1625 top1 0.4029 top5 0.6727
    [06:11:27] step 1700/2813 | avg train loss 2.1610 top1 0.4038 top5 0.6724
    [06:11:32] step 1800/2813 | avg train loss 2.1594 top1 0.4032 top5 0.6713
    [06:11:38] step 1900/2813 | avg train loss 2.1606 top1 0.4024 top5 0.6697
    [06:11:43] step 2000/2813 | avg train loss 2.1616 top1 0.4009 top5 0.6675
    [06:11:48] step 2100/2813 | avg train loss 2.1612 top1 0.4007 top5 0.6680
    [06:11:53] step 2200/2813 | avg train loss 2.1609 top1 0.3991 top5 0.6673
    [06:11:58] step 2300/2813 | avg train loss 2.1604 top1 0.3983 top5 0.6664
    [06:12:03] step 2400/2813 | avg train loss 2.1597 top1 0.3984 top5 0.6654
    [06:12:09] step 2500/2813 | avg train loss 2.1584 top1 0.3967 top5 0.6634
    [06:12:14] step 2600/2813 | avg train loss 2.1590 top1 0.3964 top5 0.6622
    [06:12:19] step 2700/2813 | avg train loss 2.1607 top1 0.3968 top5 0.6626
    [06:12:24] step 2800/2813 | avg train loss 2.1614 top1 0.3969 top5 0.6623
    [06:12:25] step 2813/2813 | avg train loss 2.1617 top1 0.3971 top5 0.6627
Epoch 24/30 | train loss 2.1617 top1 0.3971 | val loss 2.4191 top1 0.3398 top5 0.6728 | ema val top1 0.3407 top5 0.6881
  Saved new best checkpoint (ema): /Data/romain.poggi/smth2smth/checkpoints/track_a/ssl/raie_ft.pt (val top1=0.3407)
    [06:12:57] step 100/2813 | avg train loss 2.1869 top1 0.3837 top5 0.6575
    [06:13:03] step 200/2813 | avg train loss 2.1561 top1 0.3872 top5 0.6603
    [06:13:08] step 300/2813 | avg train loss 2.1425 top1 0.4017 top5 0.6744
    [06:13:13] step 400/2813 | avg train loss 2.1492 top1 0.3930 top5 0.6666
    [06:13:18] step 500/2813 | avg train loss 2.1551 top1 0.4000 top5 0.6757
    [06:13:23] step 600/2813 | avg train loss 2.1568 top1 0.4026 top5 0.6787
    [06:13:29] step 700/2813 | avg train loss 2.1623 top1 0.4032 top5 0.6761
    [06:13:34] step 800/2813 | avg train loss 2.1542 top1 0.4020 top5 0.6733
    [06:13:39] step 900/2813 | avg train loss 2.1486 top1 0.4011 top5 0.6719
    [06:13:44] step 1000/2813 | avg train loss 2.1518 top1 0.4003 top5 0.6701
    [06:13:49] step 1100/2813 | avg train loss 2.1499 top1 0.4022 top5 0.6716
    [06:13:55] step 1200/2813 | avg train loss 2.1500 top1 0.4042 top5 0.6722
    [06:14:00] step 1300/2813 | avg train loss 2.1474 top1 0.4040 top5 0.6729
    [06:14:05] step 1400/2813 | avg train loss 2.1495 top1 0.4000 top5 0.6690
    [06:14:10] step 1500/2813 | avg train loss 2.1522 top1 0.3996 top5 0.6690
    [06:14:15] step 1600/2813 | avg train loss 2.1489 top1 0.3996 top5 0.6692
    [06:14:21] step 1700/2813 | avg train loss 2.1440 top1 0.4031 top5 0.6735
    [06:14:26] step 1800/2813 | avg train loss 2.1430 top1 0.4051 top5 0.6759
    [06:14:31] step 1900/2813 | avg train loss 2.1400 top1 0.4051 top5 0.6766
    [06:14:36] step 2000/2813 | avg train loss 2.1355 top1 0.4065 top5 0.6764
    [06:14:41] step 2100/2813 | avg train loss 2.1364 top1 0.4052 top5 0.6751
    [06:14:47] step 2200/2813 | avg train loss 2.1377 top1 0.4049 top5 0.6748
    [06:14:52] step 2300/2813 | avg train loss 2.1366 top1 0.4056 top5 0.6751
    [06:14:57] step 2400/2813 | avg train loss 2.1355 top1 0.4049 top5 0.6739
    [06:15:02] step 2500/2813 | avg train loss 2.1312 top1 0.4052 top5 0.6734
    [06:15:08] step 2600/2813 | avg train loss 2.1297 top1 0.4058 top5 0.6741
    [06:15:13] step 2700/2813 | avg train loss 2.1271 top1 0.4074 top5 0.6754
    [06:15:18] step 2800/2813 | avg train loss 2.1267 top1 0.4080 top5 0.6755
    [06:15:19] step 2813/2813 | avg train loss 2.1260 top1 0.4081 top5 0.6755
Epoch 25/30 | train loss 2.1260 top1 0.4081 | val loss 2.4187 top1 0.3374 top5 0.6764 | ema val top1 0.3447 top5 0.6885
  Saved new best checkpoint (ema): /Data/romain.poggi/smth2smth/checkpoints/track_a/ssl/raie_ft.pt (val top1=0.3447)
    [06:15:50] step 100/2813 | avg train loss 2.1517 top1 0.4056 top5 0.6863
    [06:15:55] step 200/2813 | avg train loss 2.1327 top1 0.4025 top5 0.6750
    [06:16:01] step 300/2813 | avg train loss 2.1113 top1 0.4154 top5 0.6867
    [06:16:06] step 400/2813 | avg train loss 2.0924 top1 0.4252 top5 0.6945
    [06:16:11] step 500/2813 | avg train loss 2.0932 top1 0.4215 top5 0.6935
    [06:16:16] step 600/2813 | avg train loss 2.0982 top1 0.4229 top5 0.6922
    [06:16:21] step 700/2813 | avg train loss 2.0981 top1 0.4206 top5 0.6891
    [06:16:27] step 800/2813 | avg train loss 2.1058 top1 0.4208 top5 0.6887
    [06:16:32] step 900/2813 | avg train loss 2.1020 top1 0.4255 top5 0.6930
    [06:16:37] step 1000/2813 | avg train loss 2.0895 top1 0.4269 top5 0.6961
    [06:16:42] step 1100/2813 | avg train loss 2.0898 top1 0.4273 top5 0.6952
    [06:16:47] step 1200/2813 | avg train loss 2.0916 top1 0.4256 top5 0.6922
    [06:16:53] step 1300/2813 | avg train loss 2.0915 top1 0.4244 top5 0.6904
    [06:16:58] step 1400/2813 | avg train loss 2.0914 top1 0.4240 top5 0.6888
    [06:17:03] step 1500/2813 | avg train loss 2.0911 top1 0.4236 top5 0.6881
    [06:17:08] step 1600/2813 | avg train loss 2.0903 top1 0.4247 top5 0.6893
    [06:17:14] step 1700/2813 | avg train loss 2.0858 top1 0.4263 top5 0.6885
    [06:17:19] step 1800/2813 | avg train loss 2.0843 top1 0.4268 top5 0.6887
    [06:17:24] step 1900/2813 | avg train loss 2.0912 top1 0.4254 top5 0.6881
    [06:17:29] step 2000/2813 | avg train loss 2.0877 top1 0.4269 top5 0.6896
    [06:17:34] step 2100/2813 | avg train loss 2.0892 top1 0.4274 top5 0.6905
    [06:17:40] step 2200/2813 | avg train loss 2.0916 top1 0.4281 top5 0.6910
    [06:17:45] step 2300/2813 | avg train loss 2.0908 top1 0.4265 top5 0.6895
    [06:17:50] step 2400/2813 | avg train loss 2.0911 top1 0.4254 top5 0.6882
    [06:17:55] step 2500/2813 | avg train loss 2.0918 top1 0.4252 top5 0.6886
    [06:18:01] step 2600/2813 | avg train loss 2.0947 top1 0.4249 top5 0.6875
    [06:18:06] step 2700/2813 | avg train loss 2.0948 top1 0.4257 top5 0.6888
    [06:18:11] step 2800/2813 | avg train loss 2.0927 top1 0.4263 top5 0.6894
    [06:18:11] step 2813/2813 | avg train loss 2.0924 top1 0.4258 top5 0.6889
Epoch 26/30 | train loss 2.0924 top1 0.4258 | val loss 2.4253 top1 0.3370 top5 0.6766 | ema val top1 0.3453 top5 0.6867
  No val top1 improvement (1/15); best remains 0.3447
    [06:18:43] step 100/2813 | avg train loss 2.0933 top1 0.4494 top5 0.7444
    [06:18:48] step 200/2813 | avg train loss 2.1086 top1 0.4425 top5 0.7259
    [06:18:54] step 300/2813 | avg train loss 2.0742 top1 0.4404 top5 0.7179
    [06:18:59] step 400/2813 | avg train loss 2.0867 top1 0.4338 top5 0.7084
    [06:19:04] step 500/2813 | avg train loss 2.0849 top1 0.4319 top5 0.7063
    [06:19:09] step 600/2813 | avg train loss 2.0801 top1 0.4330 top5 0.7061
    [06:19:14] step 700/2813 | avg train loss 2.0872 top1 0.4292 top5 0.6994
    [06:19:19] step 800/2813 | avg train loss 2.0775 top1 0.4304 top5 0.6993
    [06:19:25] step 900/2813 | avg train loss 2.0783 top1 0.4284 top5 0.6969
    [06:19:30] step 1000/2813 | avg train loss 2.0754 top1 0.4299 top5 0.6949
    [06:19:35] step 1100/2813 | avg train loss 2.0718 top1 0.4331 top5 0.6981
    [06:19:40] step 1200/2813 | avg train loss 2.0724 top1 0.4302 top5 0.6927
    [06:19:45] step 1300/2813 | avg train loss 2.0694 top1 0.4278 top5 0.6923
    [06:19:50] step 1400/2813 | avg train loss 2.0720 top1 0.4285 top5 0.6912
    [06:19:56] step 1500/2813 | avg train loss 2.0700 top1 0.4285 top5 0.6916
    [06:20:01] step 1600/2813 | avg train loss 2.0675 top1 0.4290 top5 0.6921
    [06:20:06] step 1700/2813 | avg train loss 2.0612 top1 0.4326 top5 0.6951
    [06:20:11] step 1800/2813 | avg train loss 2.0640 top1 0.4316 top5 0.6942
    [06:20:16] step 1900/2813 | avg train loss 2.0653 top1 0.4318 top5 0.6946
    [06:20:21] step 2000/2813 | avg train loss 2.0635 top1 0.4306 top5 0.6934
    [06:20:27] step 2100/2813 | avg train loss 2.0625 top1 0.4301 top5 0.6924
    [06:20:32] step 2200/2813 | avg train loss 2.0621 top1 0.4301 top5 0.6915
    [06:20:37] step 2300/2813 | avg train loss 2.0605 top1 0.4309 top5 0.6924
    [06:20:42] step 2400/2813 | avg train loss 2.0597 top1 0.4301 top5 0.6920
    [06:20:47] step 2500/2813 | avg train loss 2.0612 top1 0.4294 top5 0.6911
    [06:20:52] step 2600/2813 | avg train loss 2.0624 top1 0.4295 top5 0.6915
    [06:20:58] step 2700/2813 | avg train loss 2.0632 top1 0.4284 top5 0.6911
    [06:21:03] step 2800/2813 | avg train loss 2.0637 top1 0.4278 top5 0.6907
    [06:21:03] step 2813/2813 | avg train loss 2.0629 top1 0.4272 top5 0.6901
Epoch 27/30 | train loss 2.0629 top1 0.4272 | val loss 2.4328 top1 0.3391 top5 0.6749 | ema val top1 0.3469 top5 0.6867
  Saved new best checkpoint (ema): /Data/romain.poggi/smth2smth/checkpoints/track_a/ssl/raie_ft.pt (val top1=0.3469)
    [06:21:35] step 100/2813 | avg train loss 2.0350 top1 0.4619 top5 0.7369
    [06:21:40] step 200/2813 | avg train loss 2.0278 top1 0.4422 top5 0.7194
    [06:21:45] step 300/2813 | avg train loss 2.0358 top1 0.4535 top5 0.7252
    [06:21:50] step 400/2813 | avg train loss 2.0512 top1 0.4434 top5 0.7144
    [06:21:55] step 500/2813 | avg train loss 2.0353 top1 0.4439 top5 0.7135
    [06:22:01] step 600/2813 | avg train loss 2.0297 top1 0.4458 top5 0.7160
    [06:22:06] step 700/2813 | avg train loss 2.0226 top1 0.4492 top5 0.7174
    [06:22:11] step 800/2813 | avg train loss 2.0273 top1 0.4423 top5 0.7116
    [06:22:16] step 900/2813 | avg train loss 2.0239 top1 0.4394 top5 0.7074
    [06:22:22] step 1000/2813 | avg train loss 2.0387 top1 0.4355 top5 0.7011
    [06:22:27] step 1100/2813 | avg train loss 2.0427 top1 0.4341 top5 0.7006
    [06:22:32] step 1200/2813 | avg train loss 2.0476 top1 0.4341 top5 0.6997
    [06:22:37] step 1300/2813 | avg train loss 2.0522 top1 0.4321 top5 0.6967
    [06:22:42] step 1400/2813 | avg train loss 2.0524 top1 0.4336 top5 0.6979
    [06:22:47] step 1500/2813 | avg train loss 2.0507 top1 0.4358 top5 0.6993
    [06:22:53] step 1600/2813 | avg train loss 2.0434 top1 0.4373 top5 0.7007
    [06:22:58] step 1700/2813 | avg train loss 2.0451 top1 0.4367 top5 0.7001
    [06:23:03] step 1800/2813 | avg train loss 2.0456 top1 0.4360 top5 0.6987
    [06:23:08] step 1900/2813 | avg train loss 2.0426 top1 0.4370 top5 0.6998
    [06:23:13] step 2000/2813 | avg train loss 2.0439 top1 0.4387 top5 0.7009
    [06:23:19] step 2100/2813 | avg train loss 2.0421 top1 0.4388 top5 0.7004
    [06:23:24] step 2200/2813 | avg train loss 2.0438 top1 0.4379 top5 0.6988
    [06:23:29] step 2300/2813 | avg train loss 2.0515 top1 0.4368 top5 0.6976
    [06:23:34] step 2400/2813 | avg train loss 2.0490 top1 0.4367 top5 0.6975
    [06:23:39] step 2500/2813 | avg train loss 2.0475 top1 0.4371 top5 0.6982
    [06:23:45] step 2600/2813 | avg train loss 2.0433 top1 0.4363 top5 0.6969
    [06:23:50] step 2700/2813 | avg train loss 2.0417 top1 0.4356 top5 0.6959
    [06:23:55] step 2800/2813 | avg train loss 2.0416 top1 0.4337 top5 0.6934
    [06:23:56] step 2813/2813 | avg train loss 2.0415 top1 0.4341 top5 0.6939
Epoch 28/30 | train loss 2.0415 top1 0.4341 | val loss 2.4094 top1 0.3438 top5 0.6787 | ema val top1 0.3468 top5 0.6851
  No val top1 improvement (1/15); best remains 0.3469
    [06:24:28] step 100/2813 | avg train loss 2.0087 top1 0.4188 top5 0.6981
    [06:24:33] step 200/2813 | avg train loss 2.0025 top1 0.4319 top5 0.7041
    [06:24:38] step 300/2813 | avg train loss 1.9997 top1 0.4360 top5 0.7023
    [06:24:43] step 400/2813 | avg train loss 2.0172 top1 0.4359 top5 0.6994
    [06:24:48] step 500/2813 | avg train loss 2.0251 top1 0.4328 top5 0.6965
    [06:24:54] step 600/2813 | avg train loss 2.0206 top1 0.4339 top5 0.6964
    [06:24:59] step 700/2813 | avg train loss 2.0218 top1 0.4398 top5 0.7036
    [06:25:04] step 800/2813 | avg train loss 2.0263 top1 0.4393 top5 0.7025
    [06:25:09] step 900/2813 | avg train loss 2.0284 top1 0.4378 top5 0.6997
    [06:25:14] step 1000/2813 | avg train loss 2.0323 top1 0.4396 top5 0.7020
    [06:25:20] step 1100/2813 | avg train loss 2.0293 top1 0.4417 top5 0.7042
    [06:25:25] step 1200/2813 | avg train loss 2.0255 top1 0.4447 top5 0.7070
    [06:25:30] step 1300/2813 | avg train loss 2.0238 top1 0.4445 top5 0.7075
    [06:25:35] step 1400/2813 | avg train loss 2.0249 top1 0.4453 top5 0.7065
    [06:25:40] step 1500/2813 | avg train loss 2.0255 top1 0.4445 top5 0.7053
    [06:25:45] step 1600/2813 | avg train loss 2.0222 top1 0.4463 top5 0.7074
    [06:25:51] step 1700/2813 | avg train loss 2.0295 top1 0.4443 top5 0.7045
    [06:25:56] step 1800/2813 | avg train loss 2.0233 top1 0.4427 top5 0.7032
    [06:26:01] step 1900/2813 | avg train loss 2.0214 top1 0.4424 top5 0.7029
    [06:26:06] step 2000/2813 | avg train loss 2.0202 top1 0.4435 top5 0.7042
    [06:26:11] step 2100/2813 | avg train loss 2.0217 top1 0.4442 top5 0.7050
    [06:26:17] step 2200/2813 | avg train loss 2.0250 top1 0.4447 top5 0.7057
    [06:26:22] step 2300/2813 | avg train loss 2.0221 top1 0.4443 top5 0.7060
    [06:26:27] step 2400/2813 | avg train loss 2.0201 top1 0.4431 top5 0.7048
    [06:26:32] step 2500/2813 | avg train loss 2.0205 top1 0.4432 top5 0.7049
    [06:26:37] step 2600/2813 | avg train loss 2.0184 top1 0.4444 top5 0.7073
    [06:26:42] step 2700/2813 | avg train loss 2.0183 top1 0.4444 top5 0.7074
    [06:26:48] step 2800/2813 | avg train loss 2.0177 top1 0.4446 top5 0.7080
    [06:26:48] step 2813/2813 | avg train loss 2.0187 top1 0.4442 top5 0.7075
Epoch 29/30 | train loss 2.0187 top1 0.4442 | val loss 2.4040 top1 0.3432 top5 0.6799 | ema val top1 0.3480 top5 0.6854
  Saved new best checkpoint (ema): /Data/romain.poggi/smth2smth/checkpoints/track_a/ssl/raie_ft.pt (val top1=0.3480)
    [06:27:21] step 100/2813 | avg train loss 1.9788 top1 0.4319 top5 0.6719
    [06:27:26] step 200/2813 | avg train loss 1.9865 top1 0.4428 top5 0.6975
    [06:27:31] step 300/2813 | avg train loss 1.9925 top1 0.4473 top5 0.6971
    [06:27:36] step 400/2813 | avg train loss 2.0114 top1 0.4372 top5 0.6925
    [06:27:41] step 500/2813 | avg train loss 2.0161 top1 0.4426 top5 0.7004
    [06:27:47] step 600/2813 | avg train loss 2.0106 top1 0.4436 top5 0.7016
    [06:27:52] step 700/2813 | avg train loss 2.0041 top1 0.4432 top5 0.7037
    [06:27:57] step 800/2813 | avg train loss 2.0030 top1 0.4463 top5 0.7070
    [06:28:02] step 900/2813 | avg train loss 2.0052 top1 0.4442 top5 0.7039
    [06:28:07] step 1000/2813 | avg train loss 1.9986 top1 0.4462 top5 0.7063
    [06:28:12] step 1100/2813 | avg train loss 2.0043 top1 0.4456 top5 0.7074
    [06:28:18] step 1200/2813 | avg train loss 2.0058 top1 0.4443 top5 0.7070
    [06:28:23] step 1300/2813 | avg train loss 2.0116 top1 0.4425 top5 0.7052
    [06:28:28] step 1400/2813 | avg train loss 2.0172 top1 0.4433 top5 0.7058
    [06:28:33] step 1500/2813 | avg train loss 2.0142 top1 0.4453 top5 0.7066
    [06:28:38] step 1600/2813 | avg train loss 2.0222 top1 0.4427 top5 0.7036
    [06:28:44] step 1700/2813 | avg train loss 2.0221 top1 0.4430 top5 0.7046
    [06:28:49] step 1800/2813 | avg train loss 2.0161 top1 0.4436 top5 0.7046
    [06:28:54] step 1900/2813 | avg train loss 2.0168 top1 0.4436 top5 0.7036
    [06:28:59] step 2000/2813 | avg train loss 2.0142 top1 0.4441 top5 0.7040
    [06:29:04] step 2100/2813 | avg train loss 2.0149 top1 0.4449 top5 0.7051
    [06:29:10] step 2200/2813 | avg train loss 2.0158 top1 0.4454 top5 0.7060
    [06:29:15] step 2300/2813 | avg train loss 2.0200 top1 0.4433 top5 0.7048
    [06:29:20] step 2400/2813 | avg train loss 2.0202 top1 0.4430 top5 0.7043
    [06:29:25] step 2500/2813 | avg train loss 2.0219 top1 0.4417 top5 0.7029
    [06:29:30] step 2600/2813 | avg train loss 2.0224 top1 0.4411 top5 0.7023
    [06:29:36] step 2700/2813 | avg train loss 2.0221 top1 0.4422 top5 0.7039
    [06:29:41] step 2800/2813 | avg train loss 2.0223 top1 0.4419 top5 0.7042
    [06:29:41] step 2813/2813 | avg train loss 2.0230 top1 0.4415 top5 0.7036
[2026-05-16T06:30:07] Epoch 30/30 | train loss 2.0230 top1 0.4415 | val loss 2.4004 top1 0.3423 top5 0.6811 | ema val top1 0.3475 top5 0.6833
  No val top1 improvement (1/15); best remains 0.3480
[cuda] cache emptied (run-end). Free: 17.23 / 23.54 GiB
Done. Best val top1: 0.3480. Checkpoint: /Data/romain.poggi/smth2smth/checkpoints/track_a/ssl/raie_ft.pt
