model:
  name: video_mae_vit
  variant: vit_s
  num_classes: ${num_classes}
  tube_t: 2
  patch_size: 16
  mlp_ratio: 4.0
  drop_path_rate: 0.1
  dropout: 0.0
  head: attn
  head_num_heads: 4
  init_from: ${hydra:runtime.cwd}/checkpoints/track_a/ssl/rouget_encoder.pt
dataset:
  root: ${hydra:runtime.cwd}/data
  train_dir: ${dataset.root}/train
  val_dir: ${dataset.root}/val
  test_dir: ${dataset.root}/test
  augmented_dirs: []
  test_manifest: null
  submission_output: ${hydra:runtime.cwd}/submissions/track_a.csv
  num_frames: 4
  val_ratio: 0.2
  use_official_val: true
  seed: ${seed}
  max_samples: null
  max_samples_per_class: null
  image_size: 224
  time_reversal_prob: 0.0
  temporal_reversal_augment:
    enabled: false
    prob: 0.5
  class_boosting:
    enabled: false
training:
  batch_size: 16
  lr: 0.0002
  epochs: 30
  num_workers: 4
  checkpoint_path: ${hydra:runtime.cwd}/checkpoints/track_a/ssl/rouget_ft.pt
  resume_from: null
  lora_lr: null
  lora_lr_ratio: 0.25
  motion_lr: null
  motion_lr_ratio: null
  resume_apply_cfg_lr: false
  amp: true
  device: cuda
  optimizer: adamw
  momentum: 0.9
  nesterov: false
  weight_decay: 0.05
  scheduler_cosine: true
  warmup_epochs: 5
  min_lr: 1.0e-06
  label_smoothing: 0.1
  videomix_alpha: 1.0
  videomix_prob: 0.5
  videomix_mode: cube_cutmix
  early_stopping_enabled: true
  early_stopping_patience: 15
  early_stopping_min_delta: 0.001
  log_interval_steps: 100
  ema_enabled: true
  ema_decay: 0.9999
  eval_every_n_epochs: 1
  eval_ema: true
  save_last_checkpoint: true
  last_checkpoint_path: null
  tta: true
  tta_flip: true
  tta_temporal_shift: 0
  tta_scales:
  - 0.875
  - 1.0
  - 1.125
  tta_logit_adjust: 0.0
  class_balance_sampler: none
  class_balance_loss: none
  class_balance_beta: 0.999
augment:
  name: randaugment_t
  random_horizontal_flip: false
  random_crop: true
  crop_padding: 32
  color_jitter: false
  color_jitter_brightness: 0.0
  color_jitter_contrast: 0.0
  color_jitter_saturation: 0.0
  color_jitter_hue: 0.0
  sync_across_frames: true
  random_grayscale: false
  random_grayscale_prob: 0.0
  gaussian_blur: false
  gaussian_blur_prob: 0.0
  gaussian_blur_radius_min: 0.1
  gaussian_blur_radius_max: 2.0
  randaugment:
    enabled: true
    'n': 4
    m: 7.0
    mode: temporal_plus
    magnitude_max: 30.0
    ops: null
pretrain:
  epochs: 100
  batch_size: 64
  lr: 0.0005
  weight_decay: 0.04
  log_interval_steps: 50
  checkpoint_path: ${hydra:runtime.cwd}/ssl_trunk.pt
  max_frames: null
  image_size: 224
  local_image_size: 96
  num_local_views: 6
  out_dim: 4096
  hidden_dim: 2048
  bottleneck_dim: 256
  n_layers: 3
  teacher_temp: 0.04
  student_temp: 0.1
  center_momentum: 0.9
  teacher_momentum_base: 0.996
  teacher_momentum_final: 1.0
track:
  name: a
  description: 'Closed-world track: train from scratch.'
seed: 42
num_classes: 33

[cuda] cache emptied (run-start). Free: 23.15 / 23.54 GiB
[data] use_official_val=true: train=44993 (from /Data/romain.poggi/smth2smth/data/train), val=6745 (from /Data/romain.poggi/smth2smth/data/val)
[init_from] loaded 149 encoder tensors from /Data/romain.poggi/smth2smth/checkpoints/track_a/ssl/rouget_encoder.pt. encoder-missing=0, unexpected=0
[optim] trainable 22,640,289 / total 22,640,289 params (100.00%)
[amp] mixed-precision (fp16 + GradScaler) enabled.
[ema] enabled (decay=0.9999); will eval both live and EMA each epoch.
    [08:42:13] step 100/2813 | avg train loss 3.3962 top1 0.0612 top5 0.2825
    [08:42:19] step 200/2813 | avg train loss 3.3826 top1 0.0594 top5 0.2897
    [08:42:24] step 300/2813 | avg train loss 3.3818 top1 0.0579 top5 0.2910
    [08:42:29] step 400/2813 | avg train loss 3.3759 top1 0.0617 top5 0.2903
    [08:42:34] step 500/2813 | avg train loss 3.3738 top1 0.0629 top5 0.2890
    [08:42:39] step 600/2813 | avg train loss 3.3704 top1 0.0630 top5 0.2910
    [08:42:45] step 700/2813 | avg train loss 3.3691 top1 0.0642 top5 0.2900
    [08:42:50] step 800/2813 | avg train loss 3.3681 top1 0.0644 top5 0.2869
    [08:42:55] step 900/2813 | avg train loss 3.3676 top1 0.0639 top5 0.2872
    [08:43:00] step 1000/2813 | avg train loss 3.3658 top1 0.0642 top5 0.2883
    [08:43:05] step 1100/2813 | avg train loss 3.3614 top1 0.0655 top5 0.2920
    [08:43:10] step 1200/2813 | avg train loss 3.3579 top1 0.0665 top5 0.2929
    [08:43:16] step 1300/2813 | avg train loss 3.3555 top1 0.0665 top5 0.2934
    [08:43:21] step 1400/2813 | avg train loss 3.3522 top1 0.0672 top5 0.2955
    [08:43:26] step 1500/2813 | avg train loss 3.3481 top1 0.0683 top5 0.2987
    [08:43:31] step 1600/2813 | avg train loss 3.3466 top1 0.0681 top5 0.2994
    [08:43:36] step 1700/2813 | avg train loss 3.3432 top1 0.0694 top5 0.3019
    [08:43:42] step 1800/2813 | avg train loss 3.3408 top1 0.0703 top5 0.3032
    [08:43:47] step 1900/2813 | avg train loss 3.3377 top1 0.0713 top5 0.3045
    [08:43:52] step 2000/2813 | avg train loss 3.3349 top1 0.0724 top5 0.3054
    [08:43:57] step 2100/2813 | avg train loss 3.3309 top1 0.0740 top5 0.3074
    [08:44:02] step 2200/2813 | avg train loss 3.3278 top1 0.0746 top5 0.3085
    [08:44:08] step 2300/2813 | avg train loss 3.3242 top1 0.0756 top5 0.3107
    [08:44:13] step 2400/2813 | avg train loss 3.3212 top1 0.0770 top5 0.3118
    [08:44:18] step 2500/2813 | avg train loss 3.3179 top1 0.0784 top5 0.3135
    [08:44:23] step 2600/2813 | avg train loss 3.3140 top1 0.0791 top5 0.3152
    [08:44:28] step 2700/2813 | avg train loss 3.3102 top1 0.0804 top5 0.3171
    [08:44:33] step 2800/2813 | avg train loss 3.3053 top1 0.0819 top5 0.3186
    [08:44:34] step 2813/2813 | avg train loss 3.3048 top1 0.0819 top5 0.3188
[2026-05-16T08:45:01] Epoch 1/30 | train loss 3.3048 top1 0.0819 | val loss 3.1755 top1 0.1148 top5 0.3849 | ema val top1 0.0586 top5 0.2308
  Saved new best checkpoint (live): /Data/romain.poggi/smth2smth/checkpoints/track_a/ssl/rouget_ft.pt (val top1=0.1148)
    [08:45:07] step 100/2813 | avg train loss 3.2418 top1 0.1131 top5 0.3569
    [08:45:12] step 200/2813 | avg train loss 3.2293 top1 0.1134 top5 0.3594
    [08:45:17] step 300/2813 | avg train loss 3.2314 top1 0.1138 top5 0.3533
    [08:45:22] step 400/2813 | avg train loss 3.2287 top1 0.1130 top5 0.3523
    [08:45:28] step 500/2813 | avg train loss 3.2239 top1 0.1114 top5 0.3480
    [08:45:33] step 600/2813 | avg train loss 3.2187 top1 0.1143 top5 0.3514
    [08:45:38] step 700/2813 | avg train loss 3.2164 top1 0.1168 top5 0.3524
    [08:45:43] step 800/2813 | avg train loss 3.2134 top1 0.1190 top5 0.3543
    [08:45:48] step 900/2813 | avg train loss 3.2085 top1 0.1212 top5 0.3566
    [08:45:53] step 1000/2813 | avg train loss 3.2030 top1 0.1209 top5 0.3601
    [08:45:59] step 1100/2813 | avg train loss 3.2016 top1 0.1217 top5 0.3621
    [08:46:04] step 1200/2813 | avg train loss 3.1955 top1 0.1237 top5 0.3660
    [08:46:09] step 1300/2813 | avg train loss 3.1929 top1 0.1247 top5 0.3686
    [08:46:14] step 1400/2813 | avg train loss 3.1896 top1 0.1256 top5 0.3698
    [08:46:19] step 1500/2813 | avg train loss 3.1854 top1 0.1275 top5 0.3734
    [08:46:24] step 1600/2813 | avg train loss 3.1826 top1 0.1279 top5 0.3749
    [08:46:29] step 1700/2813 | avg train loss 3.1784 top1 0.1292 top5 0.3772
    [08:46:35] step 1800/2813 | avg train loss 3.1755 top1 0.1296 top5 0.3774
    [08:46:40] step 1900/2813 | avg train loss 3.1739 top1 0.1300 top5 0.3786
    [08:46:45] step 2000/2813 | avg train loss 3.1698 top1 0.1306 top5 0.3792
    [08:46:50] step 2100/2813 | avg train loss 3.1667 top1 0.1317 top5 0.3807
    [08:46:55] step 2200/2813 | avg train loss 3.1647 top1 0.1314 top5 0.3816
    [08:47:01] step 2300/2813 | avg train loss 3.1605 top1 0.1321 top5 0.3837
    [08:47:06] step 2400/2813 | avg train loss 3.1571 top1 0.1326 top5 0.3843
    [08:47:11] step 2500/2813 | avg train loss 3.1540 top1 0.1335 top5 0.3859
    [08:47:16] step 2600/2813 | avg train loss 3.1503 top1 0.1349 top5 0.3878
    [08:47:21] step 2700/2813 | avg train loss 3.1469 top1 0.1353 top5 0.3892
    [08:47:26] step 2800/2813 | avg train loss 3.1447 top1 0.1361 top5 0.3903
    [08:47:27] step 2813/2813 | avg train loss 3.1444 top1 0.1361 top5 0.3905
Epoch 2/30 | train loss 3.1444 top1 0.1361 | val loss 3.0106 top1 0.1607 top5 0.4541 | ema val top1 0.0887 top5 0.3001
  Saved new best checkpoint (live): /Data/romain.poggi/smth2smth/checkpoints/track_a/ssl/rouget_ft.pt (val top1=0.1607)
    [08:48:00] step 100/2813 | avg train loss 3.0912 top1 0.1625 top5 0.4281
    [08:48:05] step 200/2813 | avg train loss 3.0909 top1 0.1650 top5 0.4275
    [08:48:10] step 300/2813 | avg train loss 3.0967 top1 0.1602 top5 0.4221
    [08:48:15] step 400/2813 | avg train loss 3.0930 top1 0.1628 top5 0.4198
    [08:48:21] step 500/2813 | avg train loss 3.0964 top1 0.1596 top5 0.4124
    [08:48:26] step 600/2813 | avg train loss 3.0910 top1 0.1600 top5 0.4105
    [08:48:31] step 700/2813 | avg train loss 3.0922 top1 0.1581 top5 0.4097
    [08:48:36] step 800/2813 | avg train loss 3.0917 top1 0.1566 top5 0.4110
    [08:48:41] step 900/2813 | avg train loss 3.0898 top1 0.1569 top5 0.4114
    [08:48:46] step 1000/2813 | avg train loss 3.0901 top1 0.1572 top5 0.4109
    [08:48:52] step 1100/2813 | avg train loss 3.0862 top1 0.1578 top5 0.4123
    [08:48:57] step 1200/2813 | avg train loss 3.0844 top1 0.1572 top5 0.4129
    [08:49:02] step 1300/2813 | avg train loss 3.0876 top1 0.1550 top5 0.4110
    [08:49:07] step 1400/2813 | avg train loss 3.0857 top1 0.1556 top5 0.4113
    [08:49:12] step 1500/2813 | avg train loss 3.0841 top1 0.1553 top5 0.4111
    [08:49:17] step 1600/2813 | avg train loss 3.0817 top1 0.1566 top5 0.4122
    [08:49:23] step 1700/2813 | avg train loss 3.0808 top1 0.1567 top5 0.4129
    [08:49:28] step 1800/2813 | avg train loss 3.0781 top1 0.1571 top5 0.4141
    [08:49:33] step 1900/2813 | avg train loss 3.0761 top1 0.1563 top5 0.4137
    [08:49:38] step 2000/2813 | avg train loss 3.0766 top1 0.1560 top5 0.4135
    [08:49:43] step 2100/2813 | avg train loss 3.0733 top1 0.1574 top5 0.4157
    [08:49:48] step 2200/2813 | avg train loss 3.0717 top1 0.1579 top5 0.4161
    [08:49:54] step 2300/2813 | avg train loss 3.0693 top1 0.1588 top5 0.4168
    [08:49:59] step 2400/2813 | avg train loss 3.0683 top1 0.1594 top5 0.4175
    [08:50:04] step 2500/2813 | avg train loss 3.0661 top1 0.1605 top5 0.4189
    [08:50:09] step 2600/2813 | avg train loss 3.0639 top1 0.1606 top5 0.4190
    [08:50:14] step 2700/2813 | avg train loss 3.0625 top1 0.1605 top5 0.4194
    [08:50:19] step 2800/2813 | avg train loss 3.0607 top1 0.1614 top5 0.4201
    [08:50:20] step 2813/2813 | avg train loss 3.0606 top1 0.1613 top5 0.4199
Epoch 3/30 | train loss 3.0606 top1 0.1613 | val loss 3.0064 top1 0.1858 top5 0.4544 | ema val top1 0.1262 top5 0.3951
  Saved new best checkpoint (live): /Data/romain.poggi/smth2smth/checkpoints/track_a/ssl/rouget_ft.pt (val top1=0.1858)
    [08:50:53] step 100/2813 | avg train loss 3.0702 top1 0.1506 top5 0.4106
    [08:50:58] step 200/2813 | avg train loss 3.0673 top1 0.1616 top5 0.4319
    [08:51:03] step 300/2813 | avg train loss 3.0570 top1 0.1667 top5 0.4398
    [08:51:08] step 400/2813 | avg train loss 3.0496 top1 0.1666 top5 0.4387
    [08:51:13] step 500/2813 | avg train loss 3.0572 top1 0.1628 top5 0.4326
    [08:51:18] step 600/2813 | avg train loss 3.0623 top1 0.1615 top5 0.4280
    [08:51:24] step 700/2813 | avg train loss 3.0605 top1 0.1621 top5 0.4291
    [08:51:29] step 800/2813 | avg train loss 3.0659 top1 0.1588 top5 0.4232
    [08:51:34] step 900/2813 | avg train loss 3.0665 top1 0.1595 top5 0.4242
    [08:51:39] step 1000/2813 | avg train loss 3.0697 top1 0.1588 top5 0.4231
    [08:51:44] step 1100/2813 | avg train loss 3.0696 top1 0.1589 top5 0.4230
    [08:51:49] step 1200/2813 | avg train loss 3.0663 top1 0.1608 top5 0.4249
    [08:51:55] step 1300/2813 | avg train loss 3.0642 top1 0.1620 top5 0.4259
    [08:52:00] step 1400/2813 | avg train loss 3.0627 top1 0.1620 top5 0.4260
    [08:52:05] step 1500/2813 | avg train loss 3.0619 top1 0.1613 top5 0.4250
    [08:52:10] step 1600/2813 | avg train loss 3.0615 top1 0.1612 top5 0.4252
    [08:52:15] step 1700/2813 | avg train loss 3.0613 top1 0.1611 top5 0.4256
    [08:52:20] step 1800/2813 | avg train loss 3.0588 top1 0.1615 top5 0.4259
    [08:52:26] step 1900/2813 | avg train loss 3.0563 top1 0.1627 top5 0.4271
    [08:52:31] step 2000/2813 | avg train loss 3.0559 top1 0.1618 top5 0.4267
    [08:52:36] step 2100/2813 | avg train loss 3.0542 top1 0.1613 top5 0.4263
    [08:52:41] step 2200/2813 | avg train loss 3.0524 top1 0.1612 top5 0.4262
    [08:52:46] step 2300/2813 | avg train loss 3.0510 top1 0.1610 top5 0.4255
    [08:52:52] step 2400/2813 | avg train loss 3.0503 top1 0.1604 top5 0.4255
    [08:52:57] step 2500/2813 | avg train loss 3.0480 top1 0.1618 top5 0.4275
    [08:53:02] step 2600/2813 | avg train loss 3.0441 top1 0.1630 top5 0.4288
    [08:53:07] step 2700/2813 | avg train loss 3.0423 top1 0.1627 top5 0.4287
    [08:53:12] step 2800/2813 | avg train loss 3.0419 top1 0.1626 top5 0.4292
    [08:53:13] step 2813/2813 | avg train loss 3.0414 top1 0.1626 top5 0.4294
Epoch 4/30 | train loss 3.0414 top1 0.1626 | val loss 2.9611 top1 0.1899 top5 0.4804 | ema val top1 0.1653 top5 0.4638
  Saved new best checkpoint (live): /Data/romain.poggi/smth2smth/checkpoints/track_a/ssl/rouget_ft.pt (val top1=0.1899)
    [08:53:45] step 100/2813 | avg train loss 3.0133 top1 0.1750 top5 0.4425
    [08:53:50] step 200/2813 | avg train loss 3.0212 top1 0.1725 top5 0.4247
    [08:53:56] step 300/2813 | avg train loss 3.0289 top1 0.1760 top5 0.4288
    [08:54:01] step 400/2813 | avg train loss 3.0339 top1 0.1698 top5 0.4259
    [08:54:06] step 500/2813 | avg train loss 3.0276 top1 0.1691 top5 0.4258
    [08:54:11] step 600/2813 | avg train loss 3.0258 top1 0.1694 top5 0.4273
    [08:54:16] step 700/2813 | avg train loss 3.0258 top1 0.1710 top5 0.4304
    [08:54:22] step 800/2813 | avg train loss 3.0240 top1 0.1701 top5 0.4322
    [08:54:27] step 900/2813 | avg train loss 3.0206 top1 0.1719 top5 0.4344
    [08:54:32] step 1000/2813 | avg train loss 3.0217 top1 0.1706 top5 0.4338
    [08:54:37] step 1100/2813 | avg train loss 3.0228 top1 0.1700 top5 0.4324
    [08:54:42] step 1200/2813 | avg train loss 3.0257 top1 0.1688 top5 0.4323
    [08:54:48] step 1300/2813 | avg train loss 3.0265 top1 0.1686 top5 0.4325
    [08:54:53] step 1400/2813 | avg train loss 3.0245 top1 0.1677 top5 0.4308
    [08:54:58] step 1500/2813 | avg train loss 3.0260 top1 0.1665 top5 0.4290
    [08:55:03] step 1600/2813 | avg train loss 3.0269 top1 0.1674 top5 0.4289
    [08:55:08] step 1700/2813 | avg train loss 3.0272 top1 0.1677 top5 0.4299
    [08:55:13] step 1800/2813 | avg train loss 3.0275 top1 0.1677 top5 0.4308
    [08:55:19] step 1900/2813 | avg train loss 3.0271 top1 0.1688 top5 0.4312
    [08:55:24] step 2000/2813 | avg train loss 3.0263 top1 0.1696 top5 0.4319
    [08:55:29] step 2100/2813 | avg train loss 3.0284 top1 0.1688 top5 0.4311
    [08:55:34] step 2200/2813 | avg train loss 3.0280 top1 0.1685 top5 0.4319
    [08:55:39] step 2300/2813 | avg train loss 3.0285 top1 0.1687 top5 0.4318
    [08:55:44] step 2400/2813 | avg train loss 3.0282 top1 0.1683 top5 0.4312
    [08:55:50] step 2500/2813 | avg train loss 3.0294 top1 0.1682 top5 0.4312
    [08:55:55] step 2600/2813 | avg train loss 3.0293 top1 0.1678 top5 0.4308
    [08:56:00] step 2700/2813 | avg train loss 3.0270 top1 0.1683 top5 0.4311
    [08:56:05] step 2800/2813 | avg train loss 3.0263 top1 0.1684 top5 0.4316
    [08:56:06] step 2813/2813 | avg train loss 3.0258 top1 0.1686 top5 0.4318
Epoch 5/30 | train loss 3.0258 top1 0.1686 | val loss 2.9419 top1 0.1864 top5 0.4809 | ema val top1 0.1849 top5 0.4970
  No val top1 improvement (1/15); best remains 0.1899
    [08:56:38] step 100/2813 | avg train loss 3.0180 top1 0.1531 top5 0.4344
    [08:56:43] step 200/2813 | avg train loss 3.0024 top1 0.1700 top5 0.4425
    [08:56:48] step 300/2813 | avg train loss 2.9939 top1 0.1758 top5 0.4442
    [08:56:53] step 400/2813 | avg train loss 2.9912 top1 0.1758 top5 0.4452
    [08:56:58] step 500/2813 | avg train loss 2.9929 top1 0.1785 top5 0.4492
    [08:57:03] step 600/2813 | avg train loss 2.9928 top1 0.1790 top5 0.4474
    [08:57:09] step 700/2813 | avg train loss 2.9873 top1 0.1806 top5 0.4480
    [08:57:14] step 800/2813 | avg train loss 2.9888 top1 0.1795 top5 0.4469
    [08:57:19] step 900/2813 | avg train loss 2.9898 top1 0.1793 top5 0.4451
    [08:57:24] step 1000/2813 | avg train loss 2.9897 top1 0.1794 top5 0.4454
    [08:57:29] step 1100/2813 | avg train loss 2.9898 top1 0.1795 top5 0.4460
    [08:57:35] step 1200/2813 | avg train loss 2.9886 top1 0.1808 top5 0.4480
    [08:57:40] step 1300/2813 | avg train loss 2.9875 top1 0.1805 top5 0.4462
    [08:57:45] step 1400/2813 | avg train loss 2.9838 top1 0.1823 top5 0.4481
    [08:57:50] step 1500/2813 | avg train loss 2.9836 top1 0.1819 top5 0.4474
    [08:57:55] step 1600/2813 | avg train loss 2.9832 top1 0.1821 top5 0.4469
    [08:58:00] step 1700/2813 | avg train loss 2.9807 top1 0.1829 top5 0.4474
    [08:58:06] step 1800/2813 | avg train loss 2.9798 top1 0.1826 top5 0.4473
    [08:58:11] step 1900/2813 | avg train loss 2.9787 top1 0.1832 top5 0.4483
    [08:58:16] step 2000/2813 | avg train loss 2.9784 top1 0.1829 top5 0.4479
    [08:58:21] step 2100/2813 | avg train loss 2.9767 top1 0.1833 top5 0.4474
    [08:58:26] step 2200/2813 | avg train loss 2.9754 top1 0.1845 top5 0.4491
    [08:58:31] step 2300/2813 | avg train loss 2.9754 top1 0.1844 top5 0.4492
    [08:58:37] step 2400/2813 | avg train loss 2.9745 top1 0.1840 top5 0.4492
    [08:58:42] step 2500/2813 | avg train loss 2.9757 top1 0.1843 top5 0.4492
    [08:58:47] step 2600/2813 | avg train loss 2.9740 top1 0.1844 top5 0.4494
    [08:58:52] step 2700/2813 | avg train loss 2.9738 top1 0.1847 top5 0.4493
    [08:58:57] step 2800/2813 | avg train loss 2.9733 top1 0.1847 top5 0.4497
    [08:58:58] step 2813/2813 | avg train loss 2.9735 top1 0.1847 top5 0.4496
Epoch 6/30 | train loss 2.9735 top1 0.1847 | val loss 2.9144 top1 0.1896 top5 0.4818 | ema val top1 0.2055 top5 0.5262
  Saved new best checkpoint (ema): /Data/romain.poggi/smth2smth/checkpoints/track_a/ssl/rouget_ft.pt (val top1=0.2055)
    [08:59:30] step 100/2813 | avg train loss 2.9420 top1 0.1819 top5 0.4550
    [08:59:35] step 200/2813 | avg train loss 2.9052 top1 0.1997 top5 0.4866
    [08:59:40] step 300/2813 | avg train loss 2.9119 top1 0.2002 top5 0.4833
    [08:59:45] step 400/2813 | avg train loss 2.9350 top1 0.1966 top5 0.4773
    [08:59:51] step 500/2813 | avg train loss 2.9267 top1 0.1989 top5 0.4764
    [08:59:56] step 600/2813 | avg train loss 2.9307 top1 0.1983 top5 0.4709
    [09:00:01] step 700/2813 | avg train loss 2.9308 top1 0.1998 top5 0.4705
    [09:00:06] step 800/2813 | avg train loss 2.9289 top1 0.1982 top5 0.4691
    [09:00:11] step 900/2813 | avg train loss 2.9294 top1 0.1973 top5 0.4697
    [09:00:17] step 1000/2813 | avg train loss 2.9256 top1 0.1969 top5 0.4690
    [09:00:22] step 1100/2813 | avg train loss 2.9275 top1 0.1950 top5 0.4671
    [09:00:27] step 1200/2813 | avg train loss 2.9302 top1 0.1960 top5 0.4689
    [09:00:32] step 1300/2813 | avg train loss 2.9250 top1 0.1979 top5 0.4707
    [09:00:37] step 1400/2813 | avg train loss 2.9269 top1 0.1971 top5 0.4696
    [09:00:43] step 1500/2813 | avg train loss 2.9294 top1 0.1954 top5 0.4671
    [09:00:48] step 1600/2813 | avg train loss 2.9258 top1 0.1965 top5 0.4675
    [09:00:53] step 1700/2813 | avg train loss 2.9237 top1 0.1965 top5 0.4665
    [09:00:58] step 1800/2813 | avg train loss 2.9210 top1 0.1969 top5 0.4662
    [09:01:04] step 1900/2813 | avg train loss 2.9218 top1 0.1972 top5 0.4659
    [09:01:09] step 2000/2813 | avg train loss 2.9209 top1 0.1972 top5 0.4671
    [09:01:14] step 2100/2813 | avg train loss 2.9201 top1 0.1965 top5 0.4660
    [09:01:19] step 2200/2813 | avg train loss 2.9219 top1 0.1958 top5 0.4657
    [09:01:25] step 2300/2813 | avg train loss 2.9207 top1 0.1960 top5 0.4664
    [09:01:30] step 2400/2813 | avg train loss 2.9221 top1 0.1955 top5 0.4665
    [09:01:35] step 2500/2813 | avg train loss 2.9208 top1 0.1965 top5 0.4680
    [09:01:40] step 2600/2813 | avg train loss 2.9198 top1 0.1967 top5 0.4676
    [09:01:46] step 2700/2813 | avg train loss 2.9181 top1 0.1975 top5 0.4684
    [09:01:51] step 2800/2813 | avg train loss 2.9160 top1 0.1986 top5 0.4693
    [09:01:51] step 2813/2813 | avg train loss 2.9155 top1 0.1985 top5 0.4692
Epoch 7/30 | train loss 2.9155 top1 0.1985 | val loss 2.8069 top1 0.2208 top5 0.5308 | ema val top1 0.2211 top5 0.5487
  Saved new best checkpoint (ema): /Data/romain.poggi/smth2smth/checkpoints/track_a/ssl/rouget_ft.pt (val top1=0.2211)
    [09:02:22] step 100/2813 | avg train loss 2.8866 top1 0.1981 top5 0.4631
    [09:02:27] step 200/2813 | avg train loss 2.8746 top1 0.2066 top5 0.4778
    [09:02:33] step 300/2813 | avg train loss 2.8888 top1 0.2060 top5 0.4810
    [09:02:38] step 400/2813 | avg train loss 2.8862 top1 0.2098 top5 0.4836
    [09:02:43] step 500/2813 | avg train loss 2.8815 top1 0.2119 top5 0.4885
    [09:02:48] step 600/2813 | avg train loss 2.8808 top1 0.2115 top5 0.4864
    [09:02:54] step 700/2813 | avg train loss 2.8758 top1 0.2128 top5 0.4873
    [09:02:59] step 800/2813 | avg train loss 2.8764 top1 0.2127 top5 0.4845
    [09:03:04] step 900/2813 | avg train loss 2.8766 top1 0.2112 top5 0.4810
    [09:03:09] step 1000/2813 | avg train loss 2.8741 top1 0.2114 top5 0.4816
    [09:03:14] step 1100/2813 | avg train loss 2.8771 top1 0.2106 top5 0.4812
    [09:03:20] step 1200/2813 | avg train loss 2.8789 top1 0.2097 top5 0.4809
    [09:03:25] step 1300/2813 | avg train loss 2.8745 top1 0.2108 top5 0.4839
    [09:03:30] step 1400/2813 | avg train loss 2.8787 top1 0.2100 top5 0.4819
    [09:03:35] step 1500/2813 | avg train loss 2.8780 top1 0.2105 top5 0.4818
    [09:03:41] step 1600/2813 | avg train loss 2.8797 top1 0.2105 top5 0.4814
    [09:03:46] step 1700/2813 | avg train loss 2.8785 top1 0.2112 top5 0.4826
    [09:03:51] step 1800/2813 | avg train loss 2.8814 top1 0.2106 top5 0.4816
    [09:03:56] step 1900/2813 | avg train loss 2.8797 top1 0.2110 top5 0.4826
    [09:04:01] step 2000/2813 | avg train loss 2.8791 top1 0.2097 top5 0.4821
    [09:04:07] step 2100/2813 | avg train loss 2.8797 top1 0.2102 top5 0.4819
    [09:04:12] step 2200/2813 | avg train loss 2.8798 top1 0.2100 top5 0.4809
    [09:04:17] step 2300/2813 | avg train loss 2.8811 top1 0.2092 top5 0.4796
    [09:04:22] step 2400/2813 | avg train loss 2.8794 top1 0.2101 top5 0.4817
    [09:04:27] step 2500/2813 | avg train loss 2.8767 top1 0.2109 top5 0.4820
    [09:04:33] step 2600/2813 | avg train loss 2.8769 top1 0.2108 top5 0.4816
    [09:04:38] step 2700/2813 | avg train loss 2.8748 top1 0.2112 top5 0.4816
    [09:04:43] step 2800/2813 | avg train loss 2.8762 top1 0.2114 top5 0.4817
    [09:04:44] step 2813/2813 | avg train loss 2.8758 top1 0.2116 top5 0.4821
Epoch 8/30 | train loss 2.8758 top1 0.2116 | val loss 2.8483 top1 0.2110 top5 0.5238 | ema val top1 0.2356 top5 0.5658
  Saved new best checkpoint (ema): /Data/romain.poggi/smth2smth/checkpoints/track_a/ssl/rouget_ft.pt (val top1=0.2356)
    [09:05:16] step 100/2813 | avg train loss 2.8439 top1 0.2281 top5 0.5138
    [09:05:21] step 200/2813 | avg train loss 2.8418 top1 0.2181 top5 0.4975
    [09:05:26] step 300/2813 | avg train loss 2.8247 top1 0.2269 top5 0.5048
    [09:05:31] step 400/2813 | avg train loss 2.8409 top1 0.2181 top5 0.4888
    [09:05:36] step 500/2813 | avg train loss 2.8381 top1 0.2191 top5 0.4914
    [09:05:42] step 600/2813 | avg train loss 2.8387 top1 0.2246 top5 0.4956
    [09:05:47] step 700/2813 | avg train loss 2.8379 top1 0.2239 top5 0.4936
    [09:05:52] step 800/2813 | avg train loss 2.8366 top1 0.2238 top5 0.4942
    [09:05:57] step 900/2813 | avg train loss 2.8376 top1 0.2215 top5 0.4923
    [09:06:02] step 1000/2813 | avg train loss 2.8439 top1 0.2182 top5 0.4900
    [09:06:08] step 1100/2813 | avg train loss 2.8394 top1 0.2193 top5 0.4904
    [09:06:13] step 1200/2813 | avg train loss 2.8384 top1 0.2180 top5 0.4906
    [09:06:18] step 1300/2813 | avg train loss 2.8354 top1 0.2186 top5 0.4916
    [09:06:23] step 1400/2813 | avg train loss 2.8337 top1 0.2183 top5 0.4916
    [09:06:29] step 1500/2813 | avg train loss 2.8341 top1 0.2195 top5 0.4921
    [09:06:34] step 1600/2813 | avg train loss 2.8355 top1 0.2173 top5 0.4907
    [09:06:39] step 1700/2813 | avg train loss 2.8340 top1 0.2176 top5 0.4911
    [09:06:44] step 1800/2813 | avg train loss 2.8319 top1 0.2173 top5 0.4916
    [09:06:49] step 1900/2813 | avg train loss 2.8281 top1 0.2185 top5 0.4923
    [09:06:54] step 2000/2813 | avg train loss 2.8256 top1 0.2194 top5 0.4939
    [09:07:00] step 2100/2813 | avg train loss 2.8270 top1 0.2197 top5 0.4943
    [09:07:05] step 2200/2813 | avg train loss 2.8266 top1 0.2201 top5 0.4956
    [09:07:10] step 2300/2813 | avg train loss 2.8268 top1 0.2198 top5 0.4956
    [09:07:15] step 2400/2813 | avg train loss 2.8236 top1 0.2210 top5 0.4966
    [09:07:20] step 2500/2813 | avg train loss 2.8234 top1 0.2209 top5 0.4971
    [09:07:26] step 2600/2813 | avg train loss 2.8228 top1 0.2211 top5 0.4976
    [09:07:31] step 2700/2813 | avg train loss 2.8220 top1 0.2217 top5 0.4983
    [09:07:36] step 2800/2813 | avg train loss 2.8220 top1 0.2208 top5 0.4976
    [09:07:37] step 2813/2813 | avg train loss 2.8222 top1 0.2207 top5 0.4976
Epoch 9/30 | train loss 2.8222 top1 0.2207 | val loss 2.7499 top1 0.2418 top5 0.5580 | ema val top1 0.2463 top5 0.5779
  Saved new best checkpoint (ema): /Data/romain.poggi/smth2smth/checkpoints/track_a/ssl/rouget_ft.pt (val top1=0.2463)
    [09:08:08] step 100/2813 | avg train loss 2.7699 top1 0.2500 top5 0.5262
    [09:08:13] step 200/2813 | avg train loss 2.7871 top1 0.2366 top5 0.5100
    [09:08:18] step 300/2813 | avg train loss 2.7518 top1 0.2475 top5 0.5204
    [09:08:24] step 400/2813 | avg train loss 2.7570 top1 0.2428 top5 0.5142
    [09:08:29] step 500/2813 | avg train loss 2.7698 top1 0.2380 top5 0.5140
    [09:08:34] step 600/2813 | avg train loss 2.7796 top1 0.2372 top5 0.5170
    [09:08:39] step 700/2813 | avg train loss 2.7830 top1 0.2351 top5 0.5151
    [09:08:44] step 800/2813 | avg train loss 2.7868 top1 0.2341 top5 0.5115
    [09:08:50] step 900/2813 | avg train loss 2.7942 top1 0.2307 top5 0.5065
    [09:08:55] step 1000/2813 | avg train loss 2.7942 top1 0.2294 top5 0.5056
    [09:09:00] step 1100/2813 | avg train loss 2.7889 top1 0.2319 top5 0.5091
    [09:09:05] step 1200/2813 | avg train loss 2.7886 top1 0.2315 top5 0.5084
    [09:09:10] step 1300/2813 | avg train loss 2.7860 top1 0.2344 top5 0.5110
    [09:09:16] step 1400/2813 | avg train loss 2.7812 top1 0.2364 top5 0.5116
    [09:09:21] step 1500/2813 | avg train loss 2.7821 top1 0.2352 top5 0.5098
    [09:09:26] step 1600/2813 | avg train loss 2.7789 top1 0.2348 top5 0.5090
    [09:09:31] step 1700/2813 | avg train loss 2.7801 top1 0.2340 top5 0.5085
    [09:09:36] step 1800/2813 | avg train loss 2.7815 top1 0.2335 top5 0.5070
    [09:09:41] step 1900/2813 | avg train loss 2.7813 top1 0.2340 top5 0.5076
    [09:09:47] step 2000/2813 | avg train loss 2.7795 top1 0.2347 top5 0.5083
    [09:09:52] step 2100/2813 | avg train loss 2.7784 top1 0.2350 top5 0.5093
    [09:09:57] step 2200/2813 | avg train loss 2.7781 top1 0.2351 top5 0.5088
    [09:10:02] step 2300/2813 | avg train loss 2.7779 top1 0.2356 top5 0.5090
    [09:10:07] step 2400/2813 | avg train loss 2.7774 top1 0.2361 top5 0.5094
    [09:10:13] step 2500/2813 | avg train loss 2.7803 top1 0.2359 top5 0.5081
    [09:10:18] step 2600/2813 | avg train loss 2.7791 top1 0.2366 top5 0.5090
    [09:10:23] step 2700/2813 | avg train loss 2.7802 top1 0.2363 top5 0.5095
    [09:10:28] step 2800/2813 | avg train loss 2.7800 top1 0.2365 top5 0.5104
    [09:10:29] step 2813/2813 | avg train loss 2.7806 top1 0.2363 top5 0.5099
Epoch 10/30 | train loss 2.7806 top1 0.2363 | val loss 2.7554 top1 0.2434 top5 0.5567 | ema val top1 0.2550 top5 0.5867
  Saved new best checkpoint (ema): /Data/romain.poggi/smth2smth/checkpoints/track_a/ssl/rouget_ft.pt (val top1=0.2550)
    [09:11:00] step 100/2813 | avg train loss 2.7288 top1 0.2375 top5 0.5075
    [09:11:05] step 200/2813 | avg train loss 2.7275 top1 0.2403 top5 0.5178
    [09:11:10] step 300/2813 | avg train loss 2.7298 top1 0.2419 top5 0.5240
    [09:11:16] step 400/2813 | avg train loss 2.7376 top1 0.2422 top5 0.5250
    [09:11:21] step 500/2813 | avg train loss 2.7543 top1 0.2372 top5 0.5185
    [09:11:26] step 600/2813 | avg train loss 2.7435 top1 0.2393 top5 0.5190
    [09:11:31] step 700/2813 | avg train loss 2.7458 top1 0.2400 top5 0.5187
    [09:11:37] step 800/2813 | avg train loss 2.7429 top1 0.2403 top5 0.5188
    [09:11:42] step 900/2813 | avg train loss 2.7467 top1 0.2416 top5 0.5215
    [09:11:47] step 1000/2813 | avg train loss 2.7396 top1 0.2450 top5 0.5243
    [09:11:52] step 1100/2813 | avg train loss 2.7377 top1 0.2467 top5 0.5255
    [09:11:58] step 1200/2813 | avg train loss 2.7390 top1 0.2459 top5 0.5259
    [09:12:03] step 1300/2813 | avg train loss 2.7399 top1 0.2450 top5 0.5252
    [09:12:08] step 1400/2813 | avg train loss 2.7405 top1 0.2449 top5 0.5245
    [09:12:13] step 1500/2813 | avg train loss 2.7441 top1 0.2437 top5 0.5234
    [09:12:19] step 1600/2813 | avg train loss 2.7434 top1 0.2440 top5 0.5224
    [09:12:24] step 1700/2813 | avg train loss 2.7427 top1 0.2447 top5 0.5232
    [09:12:29] step 1800/2813 | avg train loss 2.7458 top1 0.2435 top5 0.5225
    [09:12:35] step 1900/2813 | avg train loss 2.7397 top1 0.2449 top5 0.5242
    [09:12:40] step 2000/2813 | avg train loss 2.7406 top1 0.2447 top5 0.5235
    [09:12:45] step 2100/2813 | avg train loss 2.7393 top1 0.2465 top5 0.5247
    [09:12:50] step 2200/2813 | avg train loss 2.7412 top1 0.2463 top5 0.5248
    [09:12:56] step 2300/2813 | avg train loss 2.7414 top1 0.2461 top5 0.5245
    [09:13:01] step 2400/2813 | avg train loss 2.7420 top1 0.2457 top5 0.5245
    [09:13:06] step 2500/2813 | avg train loss 2.7436 top1 0.2457 top5 0.5234
    [09:13:11] step 2600/2813 | avg train loss 2.7432 top1 0.2460 top5 0.5234
    [09:13:17] step 2700/2813 | avg train loss 2.7429 top1 0.2458 top5 0.5230
    [09:13:22] step 2800/2813 | avg train loss 2.7422 top1 0.2462 top5 0.5224
    [09:13:22] step 2813/2813 | avg train loss 2.7420 top1 0.2464 top5 0.5226
Epoch 11/30 | train loss 2.7420 top1 0.2464 | val loss 2.7009 top1 0.2480 top5 0.5757 | ema val top1 0.2632 top5 0.5938
  Saved new best checkpoint (ema): /Data/romain.poggi/smth2smth/checkpoints/track_a/ssl/rouget_ft.pt (val top1=0.2632)
    [09:13:54] step 100/2813 | avg train loss 2.7280 top1 0.2531 top5 0.5619
    [09:13:59] step 200/2813 | avg train loss 2.7101 top1 0.2606 top5 0.5509
    [09:14:05] step 300/2813 | avg train loss 2.7227 top1 0.2585 top5 0.5429
    [09:14:10] step 400/2813 | avg train loss 2.7278 top1 0.2609 top5 0.5419
    [09:14:15] step 500/2813 | avg train loss 2.7172 top1 0.2625 top5 0.5445
    [09:14:20] step 600/2813 | avg train loss 2.7234 top1 0.2596 top5 0.5406
    [09:14:26] step 700/2813 | avg train loss 2.7291 top1 0.2537 top5 0.5352
    [09:14:31] step 800/2813 | avg train loss 2.7210 top1 0.2543 top5 0.5364
    [09:14:36] step 900/2813 | avg train loss 2.7165 top1 0.2549 top5 0.5374
    [09:14:41] step 1000/2813 | avg train loss 2.7080 top1 0.2575 top5 0.5393
    [09:14:46] step 1100/2813 | avg train loss 2.7055 top1 0.2591 top5 0.5403
    [09:14:52] step 1200/2813 | avg train loss 2.7038 top1 0.2587 top5 0.5391
    [09:14:57] step 1300/2813 | avg train loss 2.6974 top1 0.2599 top5 0.5389
    [09:15:02] step 1400/2813 | avg train loss 2.6967 top1 0.2606 top5 0.5402
    [09:15:07] step 1500/2813 | avg train loss 2.7006 top1 0.2591 top5 0.5382
    [09:15:12] step 1600/2813 | avg train loss 2.6983 top1 0.2605 top5 0.5391
    [09:15:18] step 1700/2813 | avg train loss 2.6996 top1 0.2599 top5 0.5378
    [09:15:23] step 1800/2813 | avg train loss 2.6988 top1 0.2594 top5 0.5377
    [09:15:28] step 1900/2813 | avg train loss 2.6995 top1 0.2588 top5 0.5365
    [09:15:33] step 2000/2813 | avg train loss 2.6992 top1 0.2576 top5 0.5349
    [09:15:38] step 2100/2813 | avg train loss 2.6990 top1 0.2590 top5 0.5363
    [09:15:44] step 2200/2813 | avg train loss 2.6968 top1 0.2585 top5 0.5347
    [09:15:49] step 2300/2813 | avg train loss 2.6969 top1 0.2589 top5 0.5355
    [09:15:54] step 2400/2813 | avg train loss 2.6995 top1 0.2578 top5 0.5339
    [09:15:59] step 2500/2813 | avg train loss 2.6980 top1 0.2585 top5 0.5342
    [09:16:04] step 2600/2813 | avg train loss 2.6969 top1 0.2587 top5 0.5341
    [09:16:09] step 2700/2813 | avg train loss 2.6946 top1 0.2594 top5 0.5344
    [09:16:15] step 2800/2813 | avg train loss 2.6943 top1 0.2598 top5 0.5355
    [09:16:15] step 2813/2813 | avg train loss 2.6937 top1 0.2598 top5 0.5357
Epoch 12/30 | train loss 2.6937 top1 0.2598 | val loss 2.6634 top1 0.2618 top5 0.5936 | ema val top1 0.2698 top5 0.6028
  Saved new best checkpoint (ema): /Data/romain.poggi/smth2smth/checkpoints/track_a/ssl/rouget_ft.pt (val top1=0.2698)
    [09:16:47] step 100/2813 | avg train loss 2.6432 top1 0.2719 top5 0.5531
    [09:16:52] step 200/2813 | avg train loss 2.6044 top1 0.2988 top5 0.5687
    [09:16:58] step 300/2813 | avg train loss 2.6259 top1 0.2858 top5 0.5596
    [09:17:03] step 400/2813 | avg train loss 2.6085 top1 0.2911 top5 0.5600
    [09:17:08] step 500/2813 | avg train loss 2.6099 top1 0.2906 top5 0.5603
    [09:17:13] step 600/2813 | avg train loss 2.6217 top1 0.2900 top5 0.5580
    [09:17:18] step 700/2813 | avg train loss 2.6345 top1 0.2852 top5 0.5542
    [09:17:24] step 800/2813 | avg train loss 2.6424 top1 0.2847 top5 0.5564
    [09:17:29] step 900/2813 | avg train loss 2.6447 top1 0.2811 top5 0.5531
    [09:17:34] step 1000/2813 | avg train loss 2.6465 top1 0.2794 top5 0.5508
    [09:17:39] step 1100/2813 | avg train loss 2.6471 top1 0.2780 top5 0.5495
    [09:17:44] step 1200/2813 | avg train loss 2.6469 top1 0.2772 top5 0.5480
    [09:17:49] step 1300/2813 | avg train loss 2.6510 top1 0.2756 top5 0.5476
    [09:17:55] step 1400/2813 | avg train loss 2.6541 top1 0.2739 top5 0.5459
    [09:18:00] step 1500/2813 | avg train loss 2.6521 top1 0.2730 top5 0.5453
    [09:18:05] step 1600/2813 | avg train loss 2.6535 top1 0.2722 top5 0.5456
    [09:18:10] step 1700/2813 | avg train loss 2.6508 top1 0.2712 top5 0.5449
    [09:18:15] step 1800/2813 | avg train loss 2.6534 top1 0.2716 top5 0.5451
    [09:18:20] step 1900/2813 | avg train loss 2.6517 top1 0.2717 top5 0.5453
    [09:18:26] step 2000/2813 | avg train loss 2.6530 top1 0.2714 top5 0.5443
    [09:18:31] step 2100/2813 | avg train loss 2.6507 top1 0.2719 top5 0.5452
    [09:18:36] step 2200/2813 | avg train loss 2.6490 top1 0.2722 top5 0.5454
    [09:18:41] step 2300/2813 | avg train loss 2.6462 top1 0.2737 top5 0.5474
    [09:18:46] step 2400/2813 | avg train loss 2.6459 top1 0.2747 top5 0.5478
    [09:18:51] step 2500/2813 | avg train loss 2.6464 top1 0.2747 top5 0.5482
    [09:18:57] step 2600/2813 | avg train loss 2.6475 top1 0.2743 top5 0.5491
    [09:19:02] step 2700/2813 | avg train loss 2.6483 top1 0.2732 top5 0.5486
    [09:19:07] step 2800/2813 | avg train loss 2.6506 top1 0.2731 top5 0.5483
    [09:19:08] step 2813/2813 | avg train loss 2.6500 top1 0.2732 top5 0.5486
Epoch 13/30 | train loss 2.6500 top1 0.2732 | val loss 2.6873 top1 0.2544 top5 0.5911 | ema val top1 0.2771 top5 0.6139
  Saved new best checkpoint (ema): /Data/romain.poggi/smth2smth/checkpoints/track_a/ssl/rouget_ft.pt (val top1=0.2771)
    [09:19:39] step 100/2813 | avg train loss 2.6587 top1 0.2781 top5 0.5500
    [09:19:44] step 200/2813 | avg train loss 2.6472 top1 0.2787 top5 0.5434
    [09:19:50] step 300/2813 | avg train loss 2.6347 top1 0.2840 top5 0.5571
    [09:19:55] step 400/2813 | avg train loss 2.6322 top1 0.2817 top5 0.5556
    [09:20:00] step 500/2813 | avg train loss 2.6240 top1 0.2836 top5 0.5577
    [09:20:05] step 600/2813 | avg train loss 2.6077 top1 0.2925 top5 0.5699
    [09:20:11] step 700/2813 | avg train loss 2.6124 top1 0.2880 top5 0.5667
    [09:20:16] step 800/2813 | avg train loss 2.6086 top1 0.2864 top5 0.5642
    [09:20:21] step 900/2813 | avg train loss 2.6087 top1 0.2852 top5 0.5628
    [09:20:26] step 1000/2813 | avg train loss 2.6083 top1 0.2855 top5 0.5655
    [09:20:32] step 1100/2813 | avg train loss 2.6091 top1 0.2837 top5 0.5642
    [09:20:37] step 1200/2813 | avg train loss 2.6101 top1 0.2824 top5 0.5623
    [09:20:42] step 1300/2813 | avg train loss 2.6104 top1 0.2805 top5 0.5589
    [09:20:47] step 1400/2813 | avg train loss 2.6119 top1 0.2790 top5 0.5575
    [09:20:53] step 1500/2813 | avg train loss 2.6132 top1 0.2780 top5 0.5556
    [09:20:58] step 1600/2813 | avg train loss 2.6149 top1 0.2777 top5 0.5552
    [09:21:03] step 1700/2813 | avg train loss 2.6116 top1 0.2790 top5 0.5563
    [09:21:08] step 1800/2813 | avg train loss 2.6124 top1 0.2802 top5 0.5584
    [09:21:13] step 1900/2813 | avg train loss 2.6117 top1 0.2812 top5 0.5591
    [09:21:19] step 2000/2813 | avg train loss 2.6101 top1 0.2812 top5 0.5602
    [09:21:24] step 2100/2813 | avg train loss 2.6109 top1 0.2812 top5 0.5612
    [09:21:29] step 2200/2813 | avg train loss 2.6110 top1 0.2813 top5 0.5608
    [09:21:34] step 2300/2813 | avg train loss 2.6100 top1 0.2805 top5 0.5601
    [09:21:40] step 2400/2813 | avg train loss 2.6112 top1 0.2804 top5 0.5599
    [09:21:45] step 2500/2813 | avg train loss 2.6129 top1 0.2801 top5 0.5590
    [09:21:50] step 2600/2813 | avg train loss 2.6111 top1 0.2815 top5 0.5602
    [09:21:55] step 2700/2813 | avg train loss 2.6130 top1 0.2801 top5 0.5588
    [09:22:00] step 2800/2813 | avg train loss 2.6129 top1 0.2799 top5 0.5593
    [09:22:01] step 2813/2813 | avg train loss 2.6127 top1 0.2801 top5 0.5596
Epoch 14/30 | train loss 2.6127 top1 0.2801 | val loss 2.6456 top1 0.2632 top5 0.6021 | ema val top1 0.2850 top5 0.6277
  Saved new best checkpoint (ema): /Data/romain.poggi/smth2smth/checkpoints/track_a/ssl/rouget_ft.pt (val top1=0.2850)
    [09:22:34] step 100/2813 | avg train loss 2.5017 top1 0.3025 top5 0.5962
    [09:22:39] step 200/2813 | avg train loss 2.5167 top1 0.2978 top5 0.5872
    [09:22:44] step 300/2813 | avg train loss 2.5354 top1 0.2913 top5 0.5725
    [09:22:49] step 400/2813 | avg train loss 2.5294 top1 0.3000 top5 0.5811
    [09:22:54] step 500/2813 | avg train loss 2.5303 top1 0.2955 top5 0.5779
    [09:23:00] step 600/2813 | avg train loss 2.5515 top1 0.2915 top5 0.5746
    [09:23:05] step 700/2813 | avg train loss 2.5607 top1 0.2906 top5 0.5740
    [09:23:10] step 800/2813 | avg train loss 2.5613 top1 0.2938 top5 0.5770
    [09:23:15] step 900/2813 | avg train loss 2.5609 top1 0.2947 top5 0.5758
    [09:23:20] step 1000/2813 | avg train loss 2.5646 top1 0.2958 top5 0.5756
    [09:23:26] step 1100/2813 | avg train loss 2.5640 top1 0.2940 top5 0.5723
    [09:23:31] step 1200/2813 | avg train loss 2.5658 top1 0.2942 top5 0.5724
    [09:23:36] step 1300/2813 | avg train loss 2.5602 top1 0.2960 top5 0.5732
    [09:23:41] step 1400/2813 | avg train loss 2.5597 top1 0.2970 top5 0.5755
    [09:23:46] step 1500/2813 | avg train loss 2.5643 top1 0.2953 top5 0.5732
    [09:23:52] step 1600/2813 | avg train loss 2.5647 top1 0.2957 top5 0.5744
    [09:23:57] step 1700/2813 | avg train loss 2.5636 top1 0.2955 top5 0.5748
    [09:24:02] step 1800/2813 | avg train loss 2.5632 top1 0.2967 top5 0.5771
    [09:24:07] step 1900/2813 | avg train loss 2.5647 top1 0.2952 top5 0.5754
    [09:24:12] step 2000/2813 | avg train loss 2.5636 top1 0.2955 top5 0.5756
    [09:24:17] step 2100/2813 | avg train loss 2.5644 top1 0.2946 top5 0.5745
    [09:24:23] step 2200/2813 | avg train loss 2.5640 top1 0.2933 top5 0.5728
    [09:24:28] step 2300/2813 | avg train loss 2.5648 top1 0.2927 top5 0.5730
    [09:24:33] step 2400/2813 | avg train loss 2.5659 top1 0.2928 top5 0.5725
    [09:24:38] step 2500/2813 | avg train loss 2.5656 top1 0.2935 top5 0.5732
    [09:24:43] step 2600/2813 | avg train loss 2.5671 top1 0.2931 top5 0.5728
    [09:24:48] step 2700/2813 | avg train loss 2.5685 top1 0.2933 top5 0.5734
    [09:24:54] step 2800/2813 | avg train loss 2.5684 top1 0.2927 top5 0.5733
    [09:24:54] step 2813/2813 | avg train loss 2.5678 top1 0.2929 top5 0.5737
Epoch 15/30 | train loss 2.5678 top1 0.2929 | val loss 2.6034 top1 0.2775 top5 0.6135 | ema val top1 0.2873 top5 0.6381
  Saved new best checkpoint (ema): /Data/romain.poggi/smth2smth/checkpoints/track_a/ssl/rouget_ft.pt (val top1=0.2873)
    [09:25:27] step 100/2813 | avg train loss 2.5510 top1 0.2888 top5 0.6012
    [09:25:32] step 200/2813 | avg train loss 2.5405 top1 0.2984 top5 0.5972
    [09:25:37] step 300/2813 | avg train loss 2.5339 top1 0.3054 top5 0.5988
    [09:25:42] step 400/2813 | avg train loss 2.5191 top1 0.3158 top5 0.6041
    [09:25:47] step 500/2813 | avg train loss 2.5097 top1 0.3123 top5 0.5998
    [09:25:53] step 600/2813 | avg train loss 2.5152 top1 0.3093 top5 0.5946
    [09:25:58] step 700/2813 | avg train loss 2.5134 top1 0.3068 top5 0.5911
    [09:26:03] step 800/2813 | avg train loss 2.5191 top1 0.3063 top5 0.5901
    [09:26:08] step 900/2813 | avg train loss 2.5234 top1 0.3038 top5 0.5885
    [09:26:13] step 1000/2813 | avg train loss 2.5160 top1 0.3069 top5 0.5936
    [09:26:18] step 1100/2813 | avg train loss 2.5125 top1 0.3080 top5 0.5934
    [09:26:24] step 1200/2813 | avg train loss 2.5162 top1 0.3086 top5 0.5931
    [09:26:29] step 1300/2813 | avg train loss 2.5214 top1 0.3075 top5 0.5915
    [09:26:34] step 1400/2813 | avg train loss 2.5252 top1 0.3067 top5 0.5916
    [09:26:39] step 1500/2813 | avg train loss 2.5263 top1 0.3049 top5 0.5908
    [09:26:44] step 1600/2813 | avg train loss 2.5270 top1 0.3043 top5 0.5886
    [09:26:50] step 1700/2813 | avg train loss 2.5287 top1 0.3036 top5 0.5872
    [09:26:55] step 1800/2813 | avg train loss 2.5318 top1 0.3013 top5 0.5845
    [09:27:00] step 1900/2813 | avg train loss 2.5332 top1 0.3013 top5 0.5853
    [09:27:05] step 2000/2813 | avg train loss 2.5328 top1 0.3018 top5 0.5850
    [09:27:10] step 2100/2813 | avg train loss 2.5347 top1 0.3006 top5 0.5831
    [09:27:16] step 2200/2813 | avg train loss 2.5328 top1 0.3014 top5 0.5847
    [09:27:21] step 2300/2813 | avg train loss 2.5307 top1 0.3024 top5 0.5856
    [09:27:26] step 2400/2813 | avg train loss 2.5329 top1 0.3009 top5 0.5844
    [09:27:31] step 2500/2813 | avg train loss 2.5316 top1 0.3019 top5 0.5856
    [09:27:36] step 2600/2813 | avg train loss 2.5305 top1 0.3019 top5 0.5850
    [09:27:42] step 2700/2813 | avg train loss 2.5283 top1 0.3023 top5 0.5858
    [09:27:47] step 2800/2813 | avg train loss 2.5264 top1 0.3038 top5 0.5869
    [09:27:47] step 2813/2813 | avg train loss 2.5265 top1 0.3043 top5 0.5873
Epoch 16/30 | train loss 2.5265 top1 0.3043 | val loss 2.5847 top1 0.2818 top5 0.6185 | ema val top1 0.2965 top5 0.6474
  Saved new best checkpoint (ema): /Data/romain.poggi/smth2smth/checkpoints/track_a/ssl/rouget_ft.pt (val top1=0.2965)
    [09:28:19] step 100/2813 | avg train loss 2.4372 top1 0.3456 top5 0.6419
    [09:28:24] step 200/2813 | avg train loss 2.4776 top1 0.3244 top5 0.6056
    [09:28:29] step 300/2813 | avg train loss 2.4633 top1 0.3290 top5 0.6102
    [09:28:34] step 400/2813 | avg train loss 2.4655 top1 0.3212 top5 0.5981
    [09:28:40] step 500/2813 | avg train loss 2.4469 top1 0.3259 top5 0.6030
    [09:28:45] step 600/2813 | avg train loss 2.4605 top1 0.3250 top5 0.5996
    [09:28:50] step 700/2813 | avg train loss 2.4557 top1 0.3251 top5 0.6001
    [09:28:55] step 800/2813 | avg train loss 2.4697 top1 0.3227 top5 0.6005
    [09:29:00] step 900/2813 | avg train loss 2.4721 top1 0.3218 top5 0.6015
    [09:29:06] step 1000/2813 | avg train loss 2.4787 top1 0.3207 top5 0.6004
    [09:29:11] step 1100/2813 | avg train loss 2.4788 top1 0.3205 top5 0.6012
    [09:29:16] step 1200/2813 | avg train loss 2.4812 top1 0.3200 top5 0.6024
    [09:29:21] step 1300/2813 | avg train loss 2.4702 top1 0.3210 top5 0.6035
    [09:29:27] step 1400/2813 | avg train loss 2.4691 top1 0.3214 top5 0.6044
    [09:29:32] step 1500/2813 | avg train loss 2.4694 top1 0.3193 top5 0.5998
    [09:29:37] step 1600/2813 | avg train loss 2.4671 top1 0.3204 top5 0.6013
    [09:29:42] step 1700/2813 | avg train loss 2.4709 top1 0.3203 top5 0.6019
    [09:29:48] step 1800/2813 | avg train loss 2.4707 top1 0.3190 top5 0.6011
    [09:29:53] step 1900/2813 | avg train loss 2.4714 top1 0.3190 top5 0.6011
    [09:29:58] step 2000/2813 | avg train loss 2.4682 top1 0.3191 top5 0.6004
    [09:30:03] step 2100/2813 | avg train loss 2.4685 top1 0.3189 top5 0.6002
    [09:30:08] step 2200/2813 | avg train loss 2.4711 top1 0.3173 top5 0.5979
    [09:30:14] step 2300/2813 | avg train loss 2.4715 top1 0.3167 top5 0.5967
    [09:30:19] step 2400/2813 | avg train loss 2.4724 top1 0.3156 top5 0.5961
    [09:30:24] step 2500/2813 | avg train loss 2.4753 top1 0.3156 top5 0.5957
    [09:30:29] step 2600/2813 | avg train loss 2.4730 top1 0.3168 top5 0.5970
    [09:30:34] step 2700/2813 | avg train loss 2.4729 top1 0.3175 top5 0.5978
    [09:30:40] step 2800/2813 | avg train loss 2.4715 top1 0.3166 top5 0.5958
    [09:30:40] step 2813/2813 | avg train loss 2.4714 top1 0.3164 top5 0.5957
Epoch 17/30 | train loss 2.4714 top1 0.3164 | val loss 2.5352 top1 0.2955 top5 0.6334 | ema val top1 0.3050 top5 0.6580
  Saved new best checkpoint (ema): /Data/romain.poggi/smth2smth/checkpoints/track_a/ssl/rouget_ft.pt (val top1=0.3050)
    [09:31:12] step 100/2813 | avg train loss 2.3695 top1 0.3750 top5 0.6706
    [09:31:17] step 200/2813 | avg train loss 2.4259 top1 0.3366 top5 0.6316
    [09:31:22] step 300/2813 | avg train loss 2.4155 top1 0.3344 top5 0.6190
    [09:31:28] step 400/2813 | avg train loss 2.4179 top1 0.3323 top5 0.6147
    [09:31:33] step 500/2813 | avg train loss 2.4200 top1 0.3294 top5 0.6131
    [09:31:38] step 600/2813 | avg train loss 2.4115 top1 0.3308 top5 0.6141
    [09:31:43] step 700/2813 | avg train loss 2.4261 top1 0.3267 top5 0.6096
    [09:31:49] step 800/2813 | avg train loss 2.4261 top1 0.3270 top5 0.6113
    [09:31:54] step 900/2813 | avg train loss 2.4288 top1 0.3295 top5 0.6132
    [09:31:59] step 1000/2813 | avg train loss 2.4349 top1 0.3277 top5 0.6112
    [09:32:04] step 1100/2813 | avg train loss 2.4397 top1 0.3265 top5 0.6080
    [09:32:09] step 1200/2813 | avg train loss 2.4322 top1 0.3281 top5 0.6088
    [09:32:15] step 1300/2813 | avg train loss 2.4360 top1 0.3267 top5 0.6086
    [09:32:20] step 1400/2813 | avg train loss 2.4282 top1 0.3293 top5 0.6106
    [09:32:25] step 1500/2813 | avg train loss 2.4239 top1 0.3303 top5 0.6122
    [09:32:30] step 1600/2813 | avg train loss 2.4271 top1 0.3295 top5 0.6116
    [09:32:36] step 1700/2813 | avg train loss 2.4303 top1 0.3289 top5 0.6108
    [09:32:41] step 1800/2813 | avg train loss 2.4318 top1 0.3295 top5 0.6110
    [09:32:46] step 1900/2813 | avg train loss 2.4322 top1 0.3305 top5 0.6123
    [09:32:51] step 2000/2813 | avg train loss 2.4314 top1 0.3291 top5 0.6109
    [09:32:56] step 2100/2813 | avg train loss 2.4322 top1 0.3293 top5 0.6107
    [09:33:02] step 2200/2813 | avg train loss 2.4288 top1 0.3293 top5 0.6108
    [09:33:07] step 2300/2813 | avg train loss 2.4243 top1 0.3309 top5 0.6131
    [09:33:12] step 2400/2813 | avg train loss 2.4226 top1 0.3319 top5 0.6134
    [09:33:17] step 2500/2813 | avg train loss 2.4229 top1 0.3328 top5 0.6146
    [09:33:22] step 2600/2813 | avg train loss 2.4232 top1 0.3332 top5 0.6156
    [09:33:28] step 2700/2813 | avg train loss 2.4212 top1 0.3331 top5 0.6157
    [09:33:33] step 2800/2813 | avg train loss 2.4222 top1 0.3319 top5 0.6146
    [09:33:33] step 2813/2813 | avg train loss 2.4225 top1 0.3315 top5 0.6143
Epoch 18/30 | train loss 2.4225 top1 0.3315 | val loss 2.5456 top1 0.3020 top5 0.6325 | ema val top1 0.3115 top5 0.6632
  Saved new best checkpoint (ema): /Data/romain.poggi/smth2smth/checkpoints/track_a/ssl/rouget_ft.pt (val top1=0.3115)
    [09:34:06] step 100/2813 | avg train loss 2.3507 top1 0.3656 top5 0.6613
    [09:34:11] step 200/2813 | avg train loss 2.3531 top1 0.3588 top5 0.6497
    [09:34:16] step 300/2813 | avg train loss 2.3686 top1 0.3392 top5 0.6248
    [09:34:21] step 400/2813 | avg train loss 2.3766 top1 0.3370 top5 0.6184
    [09:34:27] step 500/2813 | avg train loss 2.3659 top1 0.3382 top5 0.6198
    [09:34:32] step 600/2813 | avg train loss 2.3710 top1 0.3386 top5 0.6245
    [09:34:37] step 700/2813 | avg train loss 2.3701 top1 0.3352 top5 0.6220
    [09:34:42] step 800/2813 | avg train loss 2.3757 top1 0.3354 top5 0.6193
    [09:34:47] step 900/2813 | avg train loss 2.3761 top1 0.3358 top5 0.6245
    [09:34:52] step 1000/2813 | avg train loss 2.3806 top1 0.3356 top5 0.6227
    [09:34:58] step 1100/2813 | avg train loss 2.3811 top1 0.3368 top5 0.6219
    [09:35:03] step 1200/2813 | avg train loss 2.3777 top1 0.3376 top5 0.6214
    [09:35:08] step 1300/2813 | avg train loss 2.3773 top1 0.3390 top5 0.6219
    [09:35:13] step 1400/2813 | avg train loss 2.3805 top1 0.3384 top5 0.6212
    [09:35:18] step 1500/2813 | avg train loss 2.3798 top1 0.3396 top5 0.6231
    [09:35:24] step 1600/2813 | avg train loss 2.3833 top1 0.3388 top5 0.6229
    [09:35:29] step 1700/2813 | avg train loss 2.3852 top1 0.3387 top5 0.6219
    [09:35:34] step 1800/2813 | avg train loss 2.3842 top1 0.3402 top5 0.6231
    [09:35:39] step 1900/2813 | avg train loss 2.3840 top1 0.3397 top5 0.6230
    [09:35:44] step 2000/2813 | avg train loss 2.3865 top1 0.3394 top5 0.6223
    [09:35:49] step 2100/2813 | avg train loss 2.3862 top1 0.3408 top5 0.6237
    [09:35:55] step 2200/2813 | avg train loss 2.3819 top1 0.3416 top5 0.6232
    [09:36:00] step 2300/2813 | avg train loss 2.3793 top1 0.3415 top5 0.6220
    [09:36:05] step 2400/2813 | avg train loss 2.3825 top1 0.3408 top5 0.6202
    [09:36:10] step 2500/2813 | avg train loss 2.3862 top1 0.3401 top5 0.6191
    [09:36:15] step 2600/2813 | avg train loss 2.3853 top1 0.3401 top5 0.6191
    [09:36:20] step 2700/2813 | avg train loss 2.3866 top1 0.3401 top5 0.6196
    [09:36:26] step 2800/2813 | avg train loss 2.3871 top1 0.3383 top5 0.6187
    [09:36:26] step 2813/2813 | avg train loss 2.3874 top1 0.3382 top5 0.6186
Epoch 19/30 | train loss 2.3874 top1 0.3382 | val loss 2.5167 top1 0.2992 top5 0.6471 | ema val top1 0.3196 top5 0.6673
  Saved new best checkpoint (ema): /Data/romain.poggi/smth2smth/checkpoints/track_a/ssl/rouget_ft.pt (val top1=0.3196)
    [09:36:58] step 100/2813 | avg train loss 2.3766 top1 0.3400 top5 0.5900
    [09:37:04] step 200/2813 | avg train loss 2.3646 top1 0.3428 top5 0.6044
    [09:37:09] step 300/2813 | avg train loss 2.3588 top1 0.3492 top5 0.6194
    [09:37:14] step 400/2813 | avg train loss 2.3465 top1 0.3594 top5 0.6314
    [09:37:19] step 500/2813 | avg train loss 2.3650 top1 0.3570 top5 0.6279
    [09:37:24] step 600/2813 | avg train loss 2.3423 top1 0.3609 top5 0.6345
    [09:37:29] step 700/2813 | avg train loss 2.3377 top1 0.3602 top5 0.6329
    [09:37:35] step 800/2813 | avg train loss 2.3355 top1 0.3545 top5 0.6255
    [09:37:40] step 900/2813 | avg train loss 2.3330 top1 0.3541 top5 0.6265
    [09:37:45] step 1000/2813 | avg train loss 2.3369 top1 0.3549 top5 0.6282
    [09:37:50] step 1100/2813 | avg train loss 2.3285 top1 0.3556 top5 0.6282
    [09:37:55] step 1200/2813 | avg train loss 2.3307 top1 0.3564 top5 0.6300
    [09:38:00] step 1300/2813 | avg train loss 2.3325 top1 0.3558 top5 0.6297
    [09:38:06] step 1400/2813 | avg train loss 2.3328 top1 0.3550 top5 0.6297
    [09:38:11] step 1500/2813 | avg train loss 2.3335 top1 0.3541 top5 0.6298
    [09:38:16] step 1600/2813 | avg train loss 2.3335 top1 0.3569 top5 0.6342
    [09:38:21] step 1700/2813 | avg train loss 2.3332 top1 0.3560 top5 0.6337
    [09:38:26] step 1800/2813 | avg train loss 2.3341 top1 0.3564 top5 0.6347
    [09:38:31] step 1900/2813 | avg train loss 2.3330 top1 0.3570 top5 0.6362
    [09:38:37] step 2000/2813 | avg train loss 2.3364 top1 0.3566 top5 0.6368
    [09:38:42] step 2100/2813 | avg train loss 2.3371 top1 0.3564 top5 0.6357
    [09:38:47] step 2200/2813 | avg train loss 2.3379 top1 0.3554 top5 0.6349
    [09:38:52] step 2300/2813 | avg train loss 2.3373 top1 0.3561 top5 0.6351
    [09:38:57] step 2400/2813 | avg train loss 2.3368 top1 0.3558 top5 0.6349
    [09:39:02] step 2500/2813 | avg train loss 2.3361 top1 0.3559 top5 0.6352
    [09:39:08] step 2600/2813 | avg train loss 2.3363 top1 0.3557 top5 0.6349
    [09:39:13] step 2700/2813 | avg train loss 2.3384 top1 0.3552 top5 0.6348
    [09:39:18] step 2800/2813 | avg train loss 2.3389 top1 0.3556 top5 0.6359
    [09:39:19] step 2813/2813 | avg train loss 2.3395 top1 0.3554 top5 0.6357
Epoch 20/30 | train loss 2.3395 top1 0.3554 | val loss 2.4429 top1 0.3210 top5 0.6580 | ema val top1 0.3257 top5 0.6743
  Saved new best checkpoint (ema): /Data/romain.poggi/smth2smth/checkpoints/track_a/ssl/rouget_ft.pt (val top1=0.3257)
    [09:39:51] step 100/2813 | avg train loss 2.2507 top1 0.3900 top5 0.6594
    [09:39:56] step 200/2813 | avg train loss 2.2726 top1 0.3862 top5 0.6566
    [09:40:01] step 300/2813 | avg train loss 2.2834 top1 0.3777 top5 0.6544
    [09:40:06] step 400/2813 | avg train loss 2.2934 top1 0.3702 top5 0.6453
    [09:40:12] step 500/2813 | avg train loss 2.2995 top1 0.3653 top5 0.6412
    [09:40:17] step 600/2813 | avg train loss 2.2956 top1 0.3671 top5 0.6431
    [09:40:22] step 700/2813 | avg train loss 2.2920 top1 0.3674 top5 0.6461
    [09:40:27] step 800/2813 | avg train loss 2.2951 top1 0.3659 top5 0.6450
    [09:40:32] step 900/2813 | avg train loss 2.2839 top1 0.3697 top5 0.6485
    [09:40:38] step 1000/2813 | avg train loss 2.2805 top1 0.3712 top5 0.6484
    [09:40:43] step 1100/2813 | avg train loss 2.2879 top1 0.3680 top5 0.6468
    [09:40:48] step 1200/2813 | avg train loss 2.2875 top1 0.3656 top5 0.6431
    [09:40:53] step 1300/2813 | avg train loss 2.2857 top1 0.3654 top5 0.6430
    [09:40:58] step 1400/2813 | avg train loss 2.2872 top1 0.3647 top5 0.6421
    [09:41:03] step 1500/2813 | avg train loss 2.2879 top1 0.3650 top5 0.6439
    [09:41:09] step 1600/2813 | avg train loss 2.2884 top1 0.3653 top5 0.6452
    [09:41:14] step 1700/2813 | avg train loss 2.2882 top1 0.3649 top5 0.6434
    [09:41:19] step 1800/2813 | avg train loss 2.2902 top1 0.3649 top5 0.6435
    [09:41:24] step 1900/2813 | avg train loss 2.2911 top1 0.3641 top5 0.6431
    [09:41:29] step 2000/2813 | avg train loss 2.2927 top1 0.3633 top5 0.6418
    [09:41:35] step 2100/2813 | avg train loss 2.2910 top1 0.3646 top5 0.6436
    [09:41:40] step 2200/2813 | avg train loss 2.2896 top1 0.3663 top5 0.6452
    [09:41:45] step 2300/2813 | avg train loss 2.2912 top1 0.3650 top5 0.6435
    [09:41:50] step 2400/2813 | avg train loss 2.2926 top1 0.3648 top5 0.6428
    [09:41:55] step 2500/2813 | avg train loss 2.2916 top1 0.3651 top5 0.6432
    [09:42:00] step 2600/2813 | avg train loss 2.2907 top1 0.3657 top5 0.6433
    [09:42:06] step 2700/2813 | avg train loss 2.2925 top1 0.3659 top5 0.6439
    [09:42:11] step 2800/2813 | avg train loss 2.2928 top1 0.3647 top5 0.6423
    [09:42:11] step 2813/2813 | avg train loss 2.2929 top1 0.3649 top5 0.6426
Epoch 21/30 | train loss 2.2929 top1 0.3649 | val loss 2.4787 top1 0.3168 top5 0.6550 | ema val top1 0.3309 top5 0.6781
  Saved new best checkpoint (ema): /Data/romain.poggi/smth2smth/checkpoints/track_a/ssl/rouget_ft.pt (val top1=0.3309)
    [09:42:43] step 100/2813 | avg train loss 2.2392 top1 0.4031 top5 0.6906
    [09:42:48] step 200/2813 | avg train loss 2.2192 top1 0.3909 top5 0.6731
    [09:42:53] step 300/2813 | avg train loss 2.2024 top1 0.3885 top5 0.6700
    [09:42:59] step 400/2813 | avg train loss 2.2174 top1 0.3823 top5 0.6608
    [09:43:04] step 500/2813 | avg train loss 2.2233 top1 0.3809 top5 0.6624
    [09:43:09] step 600/2813 | avg train loss 2.2344 top1 0.3751 top5 0.6554
    [09:43:15] step 700/2813 | avg train loss 2.2376 top1 0.3766 top5 0.6586
    [09:43:20] step 800/2813 | avg train loss 2.2427 top1 0.3773 top5 0.6562
    [09:43:25] step 900/2813 | avg train loss 2.2340 top1 0.3805 top5 0.6568
    [09:43:30] step 1000/2813 | avg train loss 2.2351 top1 0.3807 top5 0.6554
    [09:43:35] step 1100/2813 | avg train loss 2.2402 top1 0.3777 top5 0.6538
    [09:43:41] step 1200/2813 | avg train loss 2.2364 top1 0.3794 top5 0.6549
    [09:43:46] step 1300/2813 | avg train loss 2.2364 top1 0.3804 top5 0.6545
    [09:43:51] step 1400/2813 | avg train loss 2.2443 top1 0.3800 top5 0.6552
    [09:43:56] step 1500/2813 | avg train loss 2.2406 top1 0.3799 top5 0.6553
    [09:44:02] step 1600/2813 | avg train loss 2.2396 top1 0.3815 top5 0.6559
    [09:44:07] step 1700/2813 | avg train loss 2.2442 top1 0.3800 top5 0.6543
    [09:44:12] step 1800/2813 | avg train loss 2.2468 top1 0.3778 top5 0.6509
    [09:44:17] step 1900/2813 | avg train loss 2.2505 top1 0.3772 top5 0.6503
    [09:44:23] step 2000/2813 | avg train loss 2.2529 top1 0.3770 top5 0.6505
    [09:44:28] step 2100/2813 | avg train loss 2.2509 top1 0.3775 top5 0.6515
    [09:44:33] step 2200/2813 | avg train loss 2.2495 top1 0.3772 top5 0.6519
    [09:44:38] step 2300/2813 | avg train loss 2.2511 top1 0.3755 top5 0.6503
    [09:44:44] step 2400/2813 | avg train loss 2.2500 top1 0.3764 top5 0.6515
    [09:44:49] step 2500/2813 | avg train loss 2.2481 top1 0.3762 top5 0.6508
    [09:44:54] step 2600/2813 | avg train loss 2.2507 top1 0.3761 top5 0.6505
    [09:44:59] step 2700/2813 | avg train loss 2.2493 top1 0.3758 top5 0.6498
    [09:45:04] step 2800/2813 | avg train loss 2.2519 top1 0.3753 top5 0.6495
    [09:45:05] step 2813/2813 | avg train loss 2.2523 top1 0.3753 top5 0.6494
Epoch 22/30 | train loss 2.2523 top1 0.3753 | val loss 2.4422 top1 0.3260 top5 0.6666 | ema val top1 0.3343 top5 0.6820
  Saved new best checkpoint (ema): /Data/romain.poggi/smth2smth/checkpoints/track_a/ssl/rouget_ft.pt (val top1=0.3343)
    [09:45:37] step 100/2813 | avg train loss 2.2189 top1 0.3800 top5 0.6587
    [09:45:42] step 200/2813 | avg train loss 2.2124 top1 0.3841 top5 0.6556
    [09:45:47] step 300/2813 | avg train loss 2.2185 top1 0.3925 top5 0.6579
    [09:45:52] step 400/2813 | avg train loss 2.2257 top1 0.3923 top5 0.6617
    [09:45:57] step 500/2813 | avg train loss 2.2090 top1 0.3984 top5 0.6677
    [09:46:03] step 600/2813 | avg train loss 2.2145 top1 0.3954 top5 0.6672
    [09:46:08] step 700/2813 | avg train loss 2.2178 top1 0.3919 top5 0.6641
    [09:46:13] step 800/2813 | avg train loss 2.2224 top1 0.3919 top5 0.6651
    [09:46:18] step 900/2813 | avg train loss 2.2231 top1 0.3885 top5 0.6613
    [09:46:24] step 1000/2813 | avg train loss 2.2262 top1 0.3879 top5 0.6607
    [09:46:29] step 1100/2813 | avg train loss 2.2239 top1 0.3866 top5 0.6598
    [09:46:34] step 1200/2813 | avg train loss 2.2251 top1 0.3874 top5 0.6588
    [09:46:39] step 1300/2813 | avg train loss 2.2219 top1 0.3855 top5 0.6576
    [09:46:45] step 1400/2813 | avg train loss 2.2236 top1 0.3852 top5 0.6583
    [09:46:50] step 1500/2813 | avg train loss 2.2237 top1 0.3862 top5 0.6601
    [09:46:55] step 1600/2813 | avg train loss 2.2260 top1 0.3862 top5 0.6598
    [09:47:00] step 1700/2813 | avg train loss 2.2283 top1 0.3862 top5 0.6599
    [09:47:06] step 1800/2813 | avg train loss 2.2246 top1 0.3867 top5 0.6598
    [09:47:11] step 1900/2813 | avg train loss 2.2219 top1 0.3875 top5 0.6603
    [09:47:16] step 2000/2813 | avg train loss 2.2182 top1 0.3885 top5 0.6607
    [09:47:21] step 2100/2813 | avg train loss 2.2181 top1 0.3888 top5 0.6619
    [09:47:27] step 2200/2813 | avg train loss 2.2176 top1 0.3894 top5 0.6608
    [09:47:32] step 2300/2813 | avg train loss 2.2187 top1 0.3890 top5 0.6607
    [09:47:37] step 2400/2813 | avg train loss 2.2192 top1 0.3879 top5 0.6592
    [09:47:42] step 2500/2813 | avg train loss 2.2187 top1 0.3881 top5 0.6598
    [09:47:47] step 2600/2813 | avg train loss 2.2215 top1 0.3865 top5 0.6588
    [09:47:53] step 2700/2813 | avg train loss 2.2191 top1 0.3875 top5 0.6602
    [09:47:58] step 2800/2813 | avg train loss 2.2170 top1 0.3884 top5 0.6616
    [09:47:59] step 2813/2813 | avg train loss 2.2179 top1 0.3885 top5 0.6616
Epoch 23/30 | train loss 2.2179 top1 0.3885 | val loss 2.4917 top1 0.3204 top5 0.6458 | ema val top1 0.3368 top5 0.6851
  Saved new best checkpoint (ema): /Data/romain.poggi/smth2smth/checkpoints/track_a/ssl/rouget_ft.pt (val top1=0.3368)
    [09:48:30] step 100/2813 | avg train loss 2.1702 top1 0.4012 top5 0.6600
    [09:48:35] step 200/2813 | avg train loss 2.2071 top1 0.3894 top5 0.6597
    [09:48:41] step 300/2813 | avg train loss 2.1945 top1 0.3915 top5 0.6600
    [09:48:46] step 400/2813 | avg train loss 2.1945 top1 0.3934 top5 0.6630
    [09:48:51] step 500/2813 | avg train loss 2.1766 top1 0.3931 top5 0.6636
    [09:48:56] step 600/2813 | avg train loss 2.1780 top1 0.3943 top5 0.6644
    [09:49:02] step 700/2813 | avg train loss 2.1813 top1 0.3944 top5 0.6671
    [09:49:07] step 800/2813 | avg train loss 2.1772 top1 0.4005 top5 0.6731
    [09:49:12] step 900/2813 | avg train loss 2.1687 top1 0.4021 top5 0.6753
    [09:49:17] step 1000/2813 | avg train loss 2.1663 top1 0.4031 top5 0.6748
    [09:49:22] step 1100/2813 | avg train loss 2.1702 top1 0.4010 top5 0.6733
    [09:49:28] step 1200/2813 | avg train loss 2.1739 top1 0.3990 top5 0.6727
    [09:49:33] step 1300/2813 | avg train loss 2.1682 top1 0.4014 top5 0.6750
    [09:49:38] step 1400/2813 | avg train loss 2.1726 top1 0.4012 top5 0.6752
    [09:49:43] step 1500/2813 | avg train loss 2.1728 top1 0.4005 top5 0.6733
    [09:49:49] step 1600/2813 | avg train loss 2.1736 top1 0.3983 top5 0.6717
    [09:49:54] step 1700/2813 | avg train loss 2.1719 top1 0.3988 top5 0.6717
    [09:49:59] step 1800/2813 | avg train loss 2.1705 top1 0.3989 top5 0.6707
    [09:50:04] step 1900/2813 | avg train loss 2.1729 top1 0.3977 top5 0.6685
    [09:50:10] step 2000/2813 | avg train loss 2.1741 top1 0.3963 top5 0.6670
    [09:50:15] step 2100/2813 | avg train loss 2.1727 top1 0.3969 top5 0.6674
    [09:50:20] step 2200/2813 | avg train loss 2.1725 top1 0.3959 top5 0.6661
    [09:50:25] step 2300/2813 | avg train loss 2.1721 top1 0.3953 top5 0.6654
    [09:50:31] step 2400/2813 | avg train loss 2.1706 top1 0.3952 top5 0.6652
    [09:50:36] step 2500/2813 | avg train loss 2.1695 top1 0.3937 top5 0.6633
    [09:50:41] step 2600/2813 | avg train loss 2.1700 top1 0.3941 top5 0.6623
    [09:50:46] step 2700/2813 | avg train loss 2.1712 top1 0.3952 top5 0.6628
    [09:50:52] step 2800/2813 | avg train loss 2.1711 top1 0.3956 top5 0.6626
    [09:50:52] step 2813/2813 | avg train loss 2.1715 top1 0.3957 top5 0.6629
Epoch 24/30 | train loss 2.1715 top1 0.3957 | val loss 2.4362 top1 0.3256 top5 0.6738 | ema val top1 0.3410 top5 0.6878
  Saved new best checkpoint (ema): /Data/romain.poggi/smth2smth/checkpoints/track_a/ssl/rouget_ft.pt (val top1=0.3410)
    [09:51:25] step 100/2813 | avg train loss 2.2020 top1 0.3844 top5 0.6475
    [09:51:30] step 200/2813 | avg train loss 2.1667 top1 0.3847 top5 0.6572
    [09:51:35] step 300/2813 | avg train loss 2.1534 top1 0.3962 top5 0.6694
    [09:51:40] step 400/2813 | avg train loss 2.1640 top1 0.3884 top5 0.6609
    [09:51:45] step 500/2813 | avg train loss 2.1745 top1 0.3955 top5 0.6700
    [09:51:51] step 600/2813 | avg train loss 2.1732 top1 0.3967 top5 0.6729
    [09:51:56] step 700/2813 | avg train loss 2.1792 top1 0.3965 top5 0.6712
    [09:52:01] step 800/2813 | avg train loss 2.1694 top1 0.3961 top5 0.6690
    [09:52:06] step 900/2813 | avg train loss 2.1647 top1 0.3956 top5 0.6687
    [09:52:11] step 1000/2813 | avg train loss 2.1654 top1 0.3961 top5 0.6679
    [09:52:16] step 1100/2813 | avg train loss 2.1655 top1 0.3974 top5 0.6705
    [09:52:22] step 1200/2813 | avg train loss 2.1643 top1 0.3999 top5 0.6716
    [09:52:27] step 1300/2813 | avg train loss 2.1625 top1 0.3995 top5 0.6715
    [09:52:32] step 1400/2813 | avg train loss 2.1663 top1 0.3960 top5 0.6673
    [09:52:37] step 1500/2813 | avg train loss 2.1689 top1 0.3962 top5 0.6674
    [09:52:42] step 1600/2813 | avg train loss 2.1663 top1 0.3958 top5 0.6673
    [09:52:47] step 1700/2813 | avg train loss 2.1601 top1 0.4000 top5 0.6712
    [09:52:53] step 1800/2813 | avg train loss 2.1596 top1 0.4014 top5 0.6741
    [09:52:58] step 1900/2813 | avg train loss 2.1548 top1 0.4029 top5 0.6750
    [09:53:03] step 2000/2813 | avg train loss 2.1503 top1 0.4041 top5 0.6753
    [09:53:08] step 2100/2813 | avg train loss 2.1514 top1 0.4028 top5 0.6737
    [09:53:13] step 2200/2813 | avg train loss 2.1514 top1 0.4026 top5 0.6741
    [09:53:18] step 2300/2813 | avg train loss 2.1503 top1 0.4035 top5 0.6742
    [09:53:24] step 2400/2813 | avg train loss 2.1493 top1 0.4024 top5 0.6729
    [09:53:29] step 2500/2813 | avg train loss 2.1459 top1 0.4021 top5 0.6721
    [09:53:34] step 2600/2813 | avg train loss 2.1437 top1 0.4029 top5 0.6730
    [09:53:39] step 2700/2813 | avg train loss 2.1409 top1 0.4044 top5 0.6740
    [09:53:44] step 2800/2813 | avg train loss 2.1402 top1 0.4043 top5 0.6744
    [09:53:45] step 2813/2813 | avg train loss 2.1395 top1 0.4045 top5 0.6743
Epoch 25/30 | train loss 2.1395 top1 0.4045 | val loss 2.3938 top1 0.3386 top5 0.6765 | ema val top1 0.3416 top5 0.6881
  No val top1 improvement (1/15); best remains 0.3410
    [09:54:15] step 100/2813 | avg train loss 2.1571 top1 0.4037 top5 0.6863
    [09:54:21] step 200/2813 | avg train loss 2.1396 top1 0.4031 top5 0.6734
    [09:54:26] step 300/2813 | avg train loss 2.1199 top1 0.4138 top5 0.6827
    [09:54:32] step 400/2813 | avg train loss 2.1034 top1 0.4194 top5 0.6887
    [09:54:37] step 500/2813 | avg train loss 2.1057 top1 0.4156 top5 0.6891
    [09:54:42] step 600/2813 | avg train loss 2.1112 top1 0.4181 top5 0.6913
    [09:54:48] step 700/2813 | avg train loss 2.1117 top1 0.4160 top5 0.6914
    [09:54:53] step 800/2813 | avg train loss 2.1218 top1 0.4155 top5 0.6891
    [09:54:58] step 900/2813 | avg train loss 2.1153 top1 0.4217 top5 0.6919
    [09:55:03] step 1000/2813 | avg train loss 2.1020 top1 0.4234 top5 0.6939
    [09:55:09] step 1100/2813 | avg train loss 2.0997 top1 0.4245 top5 0.6939
    [09:55:14] step 1200/2813 | avg train loss 2.1027 top1 0.4228 top5 0.6905
    [09:55:19] step 1300/2813 | avg train loss 2.1007 top1 0.4205 top5 0.6895
    [09:55:25] step 1400/2813 | avg train loss 2.1027 top1 0.4198 top5 0.6872
    [09:55:30] step 1500/2813 | avg train loss 2.1036 top1 0.4200 top5 0.6865
    [09:55:35] step 1600/2813 | avg train loss 2.1023 top1 0.4207 top5 0.6888
    [09:55:41] step 1700/2813 | avg train loss 2.0989 top1 0.4217 top5 0.6883
    [09:55:46] step 1800/2813 | avg train loss 2.0963 top1 0.4220 top5 0.6894
    [09:55:51] step 1900/2813 | avg train loss 2.1023 top1 0.4212 top5 0.6883
    [09:55:57] step 2000/2813 | avg train loss 2.0980 top1 0.4231 top5 0.6902
    [09:56:02] step 2100/2813 | avg train loss 2.0983 top1 0.4242 top5 0.6911
    [09:56:07] step 2200/2813 | avg train loss 2.1018 top1 0.4232 top5 0.6916
    [09:56:13] step 2300/2813 | avg train loss 2.1006 top1 0.4222 top5 0.6900
    [09:56:18] step 2400/2813 | avg train loss 2.1010 top1 0.4207 top5 0.6890
    [09:56:23] step 2500/2813 | avg train loss 2.1017 top1 0.4208 top5 0.6892
    [09:56:29] step 2600/2813 | avg train loss 2.1042 top1 0.4206 top5 0.6888
    [09:56:34] step 2700/2813 | avg train loss 2.1038 top1 0.4213 top5 0.6902
    [09:56:39] step 2800/2813 | avg train loss 2.1013 top1 0.4221 top5 0.6908
    [09:56:40] step 2813/2813 | avg train loss 2.1012 top1 0.4215 top5 0.6904
Epoch 26/30 | train loss 2.1012 top1 0.4215 | val loss 2.4166 top1 0.3407 top5 0.6765 | ema val top1 0.3422 top5 0.6900
  Saved new best checkpoint (ema): /Data/romain.poggi/smth2smth/checkpoints/track_a/ssl/rouget_ft.pt (val top1=0.3422)
    [09:57:11] step 100/2813 | avg train loss 2.1191 top1 0.4450 top5 0.7319
    [09:57:16] step 200/2813 | avg train loss 2.1303 top1 0.4272 top5 0.7166
    [09:57:22] step 300/2813 | avg train loss 2.0939 top1 0.4319 top5 0.7079
    [09:57:27] step 400/2813 | avg train loss 2.1021 top1 0.4284 top5 0.7020
    [09:57:32] step 500/2813 | avg train loss 2.0984 top1 0.4284 top5 0.7025
    [09:57:37] step 600/2813 | avg train loss 2.0919 top1 0.4304 top5 0.7015
    [09:57:43] step 700/2813 | avg train loss 2.0949 top1 0.4266 top5 0.6967
    [09:57:48] step 800/2813 | avg train loss 2.0852 top1 0.4275 top5 0.6966
    [09:57:53] step 900/2813 | avg train loss 2.0877 top1 0.4252 top5 0.6938
    [09:57:58] step 1000/2813 | avg train loss 2.0840 top1 0.4264 top5 0.6933
    [09:58:04] step 1100/2813 | avg train loss 2.0801 top1 0.4290 top5 0.6966
    [09:58:09] step 1200/2813 | avg train loss 2.0809 top1 0.4248 top5 0.6923
    [09:58:14] step 1300/2813 | avg train loss 2.0787 top1 0.4228 top5 0.6919
    [09:58:19] step 1400/2813 | avg train loss 2.0817 top1 0.4227 top5 0.6906
    [09:58:25] step 1500/2813 | avg train loss 2.0812 top1 0.4228 top5 0.6911
    [09:58:30] step 1600/2813 | avg train loss 2.0780 top1 0.4239 top5 0.6917
    [09:58:35] step 1700/2813 | avg train loss 2.0723 top1 0.4262 top5 0.6942
    [09:58:40] step 1800/2813 | avg train loss 2.0752 top1 0.4257 top5 0.6940
    [09:58:46] step 1900/2813 | avg train loss 2.0750 top1 0.4263 top5 0.6946
    [09:58:51] step 2000/2813 | avg train loss 2.0743 top1 0.4249 top5 0.6930
    [09:58:56] step 2100/2813 | avg train loss 2.0717 top1 0.4248 top5 0.6927
    [09:59:01] step 2200/2813 | avg train loss 2.0713 top1 0.4245 top5 0.6912
    [09:59:07] step 2300/2813 | avg train loss 2.0689 top1 0.4255 top5 0.6921
    [09:59:12] step 2400/2813 | avg train loss 2.0682 top1 0.4253 top5 0.6915
    [09:59:17] step 2500/2813 | avg train loss 2.0693 top1 0.4251 top5 0.6909
    [09:59:22] step 2600/2813 | avg train loss 2.0704 top1 0.4253 top5 0.6915
    [09:59:27] step 2700/2813 | avg train loss 2.0719 top1 0.4248 top5 0.6912
    [09:59:33] step 2800/2813 | avg train loss 2.0731 top1 0.4247 top5 0.6906
    [09:59:33] step 2813/2813 | avg train loss 2.0720 top1 0.4241 top5 0.6899
Epoch 27/30 | train loss 2.0720 top1 0.4241 | val loss 2.4120 top1 0.3354 top5 0.6780 | ema val top1 0.3443 top5 0.6901
  Saved new best checkpoint (ema): /Data/romain.poggi/smth2smth/checkpoints/track_a/ssl/rouget_ft.pt (val top1=0.3443)
    [10:00:06] step 100/2813 | avg train loss 2.0381 top1 0.4587 top5 0.7375
    [10:00:11] step 200/2813 | avg train loss 2.0247 top1 0.4378 top5 0.7169
    [10:00:16] step 300/2813 | avg train loss 2.0442 top1 0.4427 top5 0.7217
    [10:00:21] step 400/2813 | avg train loss 2.0640 top1 0.4344 top5 0.7080
    [10:00:26] step 500/2813 | avg train loss 2.0418 top1 0.4353 top5 0.7101
    [10:00:31] step 600/2813 | avg train loss 2.0429 top1 0.4410 top5 0.7094
    [10:00:37] step 700/2813 | avg train loss 2.0340 top1 0.4473 top5 0.7117
    [10:00:42] step 800/2813 | avg train loss 2.0405 top1 0.4418 top5 0.7040
    [10:00:47] step 900/2813 | avg train loss 2.0392 top1 0.4399 top5 0.6997
    [10:00:52] step 1000/2813 | avg train loss 2.0513 top1 0.4352 top5 0.6947
    [10:00:57] step 1100/2813 | avg train loss 2.0543 top1 0.4348 top5 0.6953
    [10:01:03] step 1200/2813 | avg train loss 2.0588 top1 0.4342 top5 0.6952
    [10:01:08] step 1300/2813 | avg train loss 2.0629 top1 0.4313 top5 0.6923
    [10:01:13] step 1400/2813 | avg train loss 2.0632 top1 0.4321 top5 0.6940
    [10:01:18] step 1500/2813 | avg train loss 2.0616 top1 0.4333 top5 0.6955
    [10:01:23] step 1600/2813 | avg train loss 2.0564 top1 0.4334 top5 0.6970
    [10:01:29] step 1700/2813 | avg train loss 2.0574 top1 0.4337 top5 0.6957
    [10:01:34] step 1800/2813 | avg train loss 2.0582 top1 0.4329 top5 0.6944
    [10:01:39] step 1900/2813 | avg train loss 2.0545 top1 0.4336 top5 0.6958
    [10:01:44] step 2000/2813 | avg train loss 2.0545 top1 0.4342 top5 0.6971
    [10:01:49] step 2100/2813 | avg train loss 2.0531 top1 0.4344 top5 0.6969
    [10:01:55] step 2200/2813 | avg train loss 2.0555 top1 0.4328 top5 0.6953
    [10:02:00] step 2300/2813 | avg train loss 2.0639 top1 0.4312 top5 0.6944
    [10:02:05] step 2400/2813 | avg train loss 2.0614 top1 0.4311 top5 0.6943
    [10:02:10] step 2500/2813 | avg train loss 2.0593 top1 0.4325 top5 0.6950
    [10:02:15] step 2600/2813 | avg train loss 2.0551 top1 0.4316 top5 0.6936
    [10:02:20] step 2700/2813 | avg train loss 2.0533 top1 0.4313 top5 0.6929
    [10:02:26] step 2800/2813 | avg train loss 2.0535 top1 0.4294 top5 0.6904
    [10:02:26] step 2813/2813 | avg train loss 2.0538 top1 0.4295 top5 0.6906
Epoch 28/30 | train loss 2.0538 top1 0.4295 | val loss 2.3920 top1 0.3435 top5 0.6761 | ema val top1 0.3451 top5 0.6895
  No val top1 improvement (1/15); best remains 0.3443
    [10:02:58] step 100/2813 | avg train loss 2.0181 top1 0.4238 top5 0.6831
    [10:03:03] step 200/2813 | avg train loss 2.0139 top1 0.4341 top5 0.6934
    [10:03:08] step 300/2813 | avg train loss 2.0134 top1 0.4348 top5 0.6944
    [10:03:14] step 400/2813 | avg train loss 2.0327 top1 0.4339 top5 0.6945
    [10:03:19] step 500/2813 | avg train loss 2.0364 top1 0.4339 top5 0.6925
    [10:03:24] step 600/2813 | avg train loss 2.0311 top1 0.4343 top5 0.6940
    [10:03:29] step 700/2813 | avg train loss 2.0296 top1 0.4404 top5 0.7032
    [10:03:35] step 800/2813 | avg train loss 2.0302 top1 0.4412 top5 0.7035
    [10:03:40] step 900/2813 | avg train loss 2.0321 top1 0.4389 top5 0.7023
    [10:03:45] step 1000/2813 | avg train loss 2.0350 top1 0.4391 top5 0.7034
    [10:03:50] step 1100/2813 | avg train loss 2.0335 top1 0.4390 top5 0.7043
    [10:03:56] step 1200/2813 | avg train loss 2.0321 top1 0.4411 top5 0.7064
    [10:04:01] step 1300/2813 | avg train loss 2.0314 top1 0.4400 top5 0.7062
    [10:04:06] step 1400/2813 | avg train loss 2.0320 top1 0.4397 top5 0.7058
    [10:04:11] step 1500/2813 | avg train loss 2.0322 top1 0.4394 top5 0.7051
    [10:04:17] step 1600/2813 | avg train loss 2.0290 top1 0.4415 top5 0.7071
    [10:04:22] step 1700/2813 | avg train loss 2.0362 top1 0.4393 top5 0.7042
    [10:04:27] step 1800/2813 | avg train loss 2.0308 top1 0.4383 top5 0.7028
    [10:04:32] step 1900/2813 | avg train loss 2.0292 top1 0.4387 top5 0.7021
    [10:04:38] step 2000/2813 | avg train loss 2.0297 top1 0.4394 top5 0.7023
    [10:04:43] step 2100/2813 | avg train loss 2.0315 top1 0.4403 top5 0.7032
    [10:04:48] step 2200/2813 | avg train loss 2.0352 top1 0.4407 top5 0.7036
    [10:04:53] step 2300/2813 | avg train loss 2.0317 top1 0.4409 top5 0.7042
    [10:04:59] step 2400/2813 | avg train loss 2.0299 top1 0.4403 top5 0.7032
    [10:05:04] step 2500/2813 | avg train loss 2.0302 top1 0.4409 top5 0.7032
    [10:05:09] step 2600/2813 | avg train loss 2.0281 top1 0.4420 top5 0.7053
    [10:05:14] step 2700/2813 | avg train loss 2.0287 top1 0.4425 top5 0.7051
    [10:05:20] step 2800/2813 | avg train loss 2.0281 top1 0.4425 top5 0.7058
    [10:05:20] step 2813/2813 | avg train loss 2.0290 top1 0.4422 top5 0.7054
Epoch 29/30 | train loss 2.0290 top1 0.4422 | val loss 2.3879 top1 0.3438 top5 0.6842 | ema val top1 0.3474 top5 0.6872
  Saved new best checkpoint (ema): /Data/romain.poggi/smth2smth/checkpoints/track_a/ssl/rouget_ft.pt (val top1=0.3474)
    [10:05:51] step 100/2813 | avg train loss 1.9848 top1 0.4288 top5 0.6750
    [10:05:57] step 200/2813 | avg train loss 1.9903 top1 0.4444 top5 0.6934
    [10:06:02] step 300/2813 | avg train loss 2.0006 top1 0.4435 top5 0.6950
    [10:06:07] step 400/2813 | avg train loss 2.0181 top1 0.4367 top5 0.6870
    [10:06:12] step 500/2813 | avg train loss 2.0214 top1 0.4417 top5 0.6976
    [10:06:18] step 600/2813 | avg train loss 2.0179 top1 0.4430 top5 0.6986
    [10:06:23] step 700/2813 | avg train loss 2.0098 top1 0.4447 top5 0.6996
    [10:06:28] step 800/2813 | avg train loss 2.0101 top1 0.4480 top5 0.7034
    [10:06:34] step 900/2813 | avg train loss 2.0132 top1 0.4456 top5 0.6999
    [10:06:39] step 1000/2813 | avg train loss 2.0071 top1 0.4461 top5 0.7034
    [10:06:44] step 1100/2813 | avg train loss 2.0113 top1 0.4450 top5 0.7063
    [10:06:49] step 1200/2813 | avg train loss 2.0132 top1 0.4443 top5 0.7063
    [10:06:55] step 1300/2813 | avg train loss 2.0196 top1 0.4420 top5 0.7037
    [10:07:00] step 1400/2813 | avg train loss 2.0239 top1 0.4426 top5 0.7042
    [10:07:05] step 1500/2813 | avg train loss 2.0213 top1 0.4442 top5 0.7051
    [10:07:11] step 1600/2813 | avg train loss 2.0302 top1 0.4415 top5 0.7025
    [10:07:16] step 1700/2813 | avg train loss 2.0304 top1 0.4417 top5 0.7032
    [10:07:21] step 1800/2813 | avg train loss 2.0259 top1 0.4417 top5 0.7030
    [10:07:27] step 1900/2813 | avg train loss 2.0265 top1 0.4415 top5 0.7024
    [10:07:32] step 2000/2813 | avg train loss 2.0235 top1 0.4423 top5 0.7023
    [10:07:37] step 2100/2813 | avg train loss 2.0256 top1 0.4426 top5 0.7035
    [10:07:43] step 2200/2813 | avg train loss 2.0257 top1 0.4429 top5 0.7045
    [10:07:48] step 2300/2813 | avg train loss 2.0306 top1 0.4408 top5 0.7029
    [10:07:53] step 2400/2813 | avg train loss 2.0308 top1 0.4400 top5 0.7021
    [10:07:58] step 2500/2813 | avg train loss 2.0324 top1 0.4387 top5 0.7010
    [10:08:04] step 2600/2813 | avg train loss 2.0325 top1 0.4384 top5 0.7007
    [10:08:09] step 2700/2813 | avg train loss 2.0329 top1 0.4388 top5 0.7021
    [10:08:14] step 2800/2813 | avg train loss 2.0331 top1 0.4385 top5 0.7023
    [10:08:15] step 2813/2813 | avg train loss 2.0339 top1 0.4380 top5 0.7018
[2026-05-16T10:08:41] Epoch 30/30 | train loss 2.0339 top1 0.4380 | val loss 2.3857 top1 0.3457 top5 0.6835 | ema val top1 0.3496 top5 0.6864
  Saved new best checkpoint (ema): /Data/romain.poggi/smth2smth/checkpoints/track_a/ssl/rouget_ft.pt (val top1=0.3496)
[cuda] cache emptied (run-end). Free: 22.45 / 23.54 GiB
Done. Best val top1: 0.3496. Checkpoint: /Data/romain.poggi/smth2smth/checkpoints/track_a/ssl/rouget_ft.pt
