model:
  name: avanced_resnet50_tsm
  backbone: resnet50
  pretrained: false
  num_classes: ${num_classes}
  shift_div: 8
  shift_place: blockres
  dropout: 0.5
dataset:
  root: ${hydra:runtime.cwd}/data
  train_dir: ${dataset.root}/train
  val_dir: ${dataset.root}/val
  test_dir: ${dataset.root}/test
  augmented_dirs: []
  test_manifest: null
  submission_output: ${hydra:runtime.cwd}/submissions/track_a.csv
  num_frames: 4
  val_ratio: 0.2
  seed: ${seed}
  max_samples: null
  image_size: 224
training:
  batch_size: 16
  lr: 0.01
  epochs: 50
  num_workers: 2
  checkpoint_path: ${hydra:runtime.cwd}/checkpoints/runs/track_a_avanced_resnet50_tsm_e50_wu10_wd1e-4_f4_es.pt
  device: cuda
  optimizer: sgd
  momentum: 0.9
  nesterov: true
  weight_decay: 0.0001
  scheduler_cosine: true
  warmup_epochs: 10
  min_lr: 1.0e-06
  label_smoothing: 0.1
  videomix_alpha: 1.0
  videomix_prob: 1.0
  early_stopping_enabled: true
  early_stopping_patience: 8
  early_stopping_min_delta: 0.001
  log_interval_steps: 100
augment:
  name: tsm_track_a
  random_horizontal_flip: false
  random_crop: true
  crop_padding: 32
  color_jitter: true
  color_jitter_brightness: 0.2
  color_jitter_contrast: 0.2
  color_jitter_saturation: 0.2
  color_jitter_hue: 0.0
  sync_across_frames: true
track:
  name: a
  description: 'Closed-world track: train from scratch.'
num_classes: 33
seed: 42

[cuda] cache emptied (run-start). Free: 15.28 / 15.58 GiB
