nohup: ignoring input
model:
  name: avanced_resnet50_tsm
  backbone: resnet50
  pretrained: false
  num_classes: ${num_classes}
  shift_div: 8
  shift_place: blockres
  dropout: 0.5
  drop_path_rate: 0.0
  head: mean
  head_num_heads: 4
  init_from: /Data/thomas.turkieh/smth2smth/vjepa_trunk.pt
dataset:
  root: ${hydra:runtime.cwd}/data
  train_dir: ${dataset.root}/train
  val_dir: ${dataset.root}/val
  test_dir: ${dataset.root}/test
  augmented_dirs: []
  test_manifest: null
  submission_output: ${hydra:runtime.cwd}/submissions/track_a.csv
  num_frames: 8
  val_ratio: 0.2
  use_official_val: false
  seed: ${seed}
  max_samples: null
  image_size: 224
  time_reversal_prob: 0.0
training:
  batch_size: 16
  lr: 0.0001
  epochs: 150
  num_workers: 1
  checkpoint_path: ${hydra:runtime.cwd}/checkpoints/track_a/best_model.pt
  resume_from: null
  amp: false
  device: cuda
  optimizer: adam
  momentum: 0.9
  nesterov: false
  weight_decay: 1.0e-05
  scheduler_cosine: true
  warmup_epochs: 10
  min_lr: 1.0e-06
  label_smoothing: 0.1
  videomix_alpha: 5.0
  videomix_prob: 0.5
  videomix_mode: frame_mixup
  early_stopping_enabled: true
  early_stopping_patience: 20
  early_stopping_min_delta: 0.001
  log_interval_steps: 100
  ema_enabled: false
  ema_decay: 0.999
  tta: false
  tta_flip: true
  tta_temporal_shift: 0
  tta_scales: null
  tta_logit_adjust: 0.0
  class_balance_sampler: none
  class_balance_loss: none
  class_balance_beta: 0.999
augment:
  name: randaugment_t
  random_horizontal_flip: true
  random_crop: true
  crop_padding: 32
  color_jitter: false
  color_jitter_brightness: 0.0
  color_jitter_contrast: 0.0
  color_jitter_saturation: 0.0
  color_jitter_hue: 0.0
  sync_across_frames: true
  randaugment:
    enabled: true
    'n': 2
    m: 9.0
    mode: temporal_plus
    magnitude_max: 30.0
    ops: null
pretrain:
  epochs: 100
  batch_size: 64
  lr: 0.0005
  weight_decay: 0.04
  log_interval_steps: 50
  checkpoint_path: ${hydra:runtime.cwd}/ssl_trunk.pt
  max_frames: null
  image_size: 224
  local_image_size: 96
  num_local_views: 6
  out_dim: 4096
  hidden_dim: 2048
  bottleneck_dim: 256
  n_layers: 3
  teacher_temp: 0.04
  student_temp: 0.1
  center_momentum: 0.9
  teacher_momentum_base: 0.996
  teacher_momentum_final: 1.0
track:
  name: a
  description: 'Closed-world track: train from scratch.'
num_classes: 33
seed: 42

[cuda] cache emptied (run-start). Free: 23.18 / 23.54 GiB
[init_from] loaded 318 trunk tensors from /Data/thomas.turkieh/smth2smth/vjepa_trunk.pt. backbone-missing=0, unexpected=0
    step 100/2250 | avg train loss 3.4960 top1 0.0375 top5 0.1850
    step 200/2250 | avg train loss 3.4954 top1 0.0403 top5 0.2078
    step 300/2250 | avg train loss 3.4945 top1 0.0450 top5 0.2219
    step 400/2250 | avg train loss 3.4933 top1 0.0505 top5 0.2353
    step 500/2250 | avg train loss 3.4916 top1 0.0517 top5 0.2426
    step 600/2250 | avg train loss 3.4890 top1 0.0548 top5 0.2501
    step 700/2250 | avg train loss 3.4848 top1 0.0566 top5 0.2570
    step 800/2250 | avg train loss 3.4811 top1 0.0571 top5 0.2595
    step 900/2250 | avg train loss 3.4765 top1 0.0581 top5 0.2635
    step 1000/2250 | avg train loss 3.4719 top1 0.0592 top5 0.2665
    step 1100/2250 | avg train loss 3.4678 top1 0.0603 top5 0.2676
    step 1200/2250 | avg train loss 3.4632 top1 0.0604 top5 0.2700
    step 1300/2250 | avg train loss 3.4587 top1 0.0607 top5 0.2722
    step 1400/2250 | avg train loss 3.4548 top1 0.0608 top5 0.2734
    step 1500/2250 | avg train loss 3.4503 top1 0.0605 top5 0.2740
    step 1600/2250 | avg train loss 3.4457 top1 0.0603 top5 0.2756
    step 1700/2250 | avg train loss 3.4398 top1 0.0611 top5 0.2779
    step 1800/2250 | avg train loss 3.4351 top1 0.0612 top5 0.2789
    step 1900/2250 | avg train loss 3.4319 top1 0.0618 top5 0.2786
    step 2000/2250 | avg train loss 3.4282 top1 0.0616 top5 0.2784
    step 2100/2250 | avg train loss 3.4238 top1 0.0618 top5 0.2793
    step 2200/2250 | avg train loss 3.4197 top1 0.0624 top5 0.2803
    step 2250/2250 | avg train loss 3.4182 top1 0.0627 top5 0.2807
Epoch 1/150 | train loss 3.4182 top1 0.0627 | val loss 3.3248 top1 0.0706 top5 0.2936
  Saved new best checkpoint (live): /Data/thomas.turkieh/smth2smth/checkpoints/track_a/best_model.pt (val top1=0.0706)
    step 100/2250 | avg train loss 3.3523 top1 0.0806 top5 0.2913
    step 200/2250 | avg train loss 3.3552 top1 0.0709 top5 0.2894
    step 300/2250 | avg train loss 3.3528 top1 0.0721 top5 0.2927
    step 400/2250 | avg train loss 3.3519 top1 0.0714 top5 0.2902
    step 500/2250 | avg train loss 3.3505 top1 0.0720 top5 0.2905
    step 600/2250 | avg train loss 3.3509 top1 0.0711 top5 0.2906
    step 700/2250 | avg train loss 3.3496 top1 0.0705 top5 0.2916
    step 800/2250 | avg train loss 3.3470 top1 0.0721 top5 0.2938
    step 900/2250 | avg train loss 3.3490 top1 0.0709 top5 0.2912
    step 1000/2250 | avg train loss 3.3514 top1 0.0712 top5 0.2895
    step 1100/2250 | avg train loss 3.3504 top1 0.0709 top5 0.2909
    step 1200/2250 | avg train loss 3.3513 top1 0.0704 top5 0.2907
    step 1300/2250 | avg train loss 3.3511 top1 0.0704 top5 0.2915
    step 1400/2250 | avg train loss 3.3498 top1 0.0711 top5 0.2925
    step 1500/2250 | avg train loss 3.3496 top1 0.0717 top5 0.2928
    step 1600/2250 | avg train loss 3.3499 top1 0.0713 top5 0.2921
    step 1700/2250 | avg train loss 3.3494 top1 0.0711 top5 0.2921
    step 1800/2250 | avg train loss 3.3488 top1 0.0713 top5 0.2933
    step 1900/2250 | avg train loss 3.3479 top1 0.0716 top5 0.2941
