model:
  name: vjepa2
  pretrained: true
  num_classes: ${num_classes}
  hf_repo: facebook/vjepa2-vitg-fpc64-384-ssv2
  head_type: attentive
  head_num_heads: 16
  head_dropout: 0.1
  freeze_backbone: true
  attn_implementation: sdpa
dataset:
  root: ${hydra:runtime.cwd}/data
  train_dir: ${dataset.root}/train
  val_dir: ${dataset.root}/val
  test_dir: ${dataset.root}/test
  augmented_dirs: []
  test_manifest: null
  submission_output: ${hydra:runtime.cwd}/submissions/track_b.csv
  num_frames: 16
  val_ratio: 0.2
  use_official_val: true
  seed: ${seed}
  max_samples: null
  max_samples_per_class: 100
  image_size: 384
training:
  batch_size: 4
  lr: 0.0003
  epochs: 10
  num_workers: 4
  checkpoint_path: checkpoints/track_b/vitg384_heavy_aug.pt
  resume_from: null
  amp: true
  device: cuda
  optimizer: adamw
  momentum: 0.9
  nesterov: false
  weight_decay: 0.05
  scheduler_cosine: true
  warmup_epochs: 1
  min_lr: 1.0e-06
  label_smoothing: 0.1
  videomix_alpha: 1.0
  videomix_prob: 0.5
  videomix_mode: cube_cutmix
  early_stopping_enabled: false
  early_stopping_patience: 10
  early_stopping_min_delta: 0.0
  log_interval_steps: 50
  ema_enabled: false
  ema_decay: 0.999
  eval_every_n_epochs: 5
  eval_ema: false
  save_last_checkpoint: true
  last_checkpoint_path: null
  tta: true
  tta_flip: true
  tta_temporal_shift: 0
augment:
  name: vjepa2_heavy
  random_horizontal_flip: true
  random_crop: true
  crop_padding: 32
  color_jitter: true
  color_jitter_brightness: 0.3
  color_jitter_contrast: 0.3
  color_jitter_saturation: 0.3
  color_jitter_hue: 0.05
  sync_across_frames: true
  randaugment:
    enabled: true
    'n': 2
    m: 9.0
    mode: temporal_plus
    magnitude_max: 30.0
    ops: null
pretrain:
  epochs: 100
  batch_size: 64
  lr: 0.0005
  weight_decay: 0.04
  log_interval_steps: 50
  checkpoint_path: ${hydra:runtime.cwd}/ssl_trunk.pt
  max_frames: null
  image_size: 224
  local_image_size: 96
  num_local_views: 6
  out_dim: 4096
  hidden_dim: 2048
  bottleneck_dim: 256
  n_layers: 3
  teacher_temp: 0.04
  student_temp: 0.1
  center_momentum: 0.9
  teacher_momentum_base: 0.996
  teacher_momentum_final: 1.0
track:
  name: b
  description: 'Open-world track: pretrained backbone allowed.'
num_classes: 33
seed: 42

[cuda] cache emptied (run-start). Free: 11.72 / 15.58 GiB
[data] balanced subsample: kept 3200 clips (at most 100 per class, seed=42)
[data] use_official_val=true: train=3200 (from /Data/romain.poggi/Modal/project/smth2smth/data/train), val=6745 (from /Data/romain.poggi/Modal/project/smth2smth/data/val)
[2026-05-12 01:59:11,483][httpx][INFO] - HTTP Request: HEAD https://huggingface.co/facebook/vjepa2-vitg-fpc64-384-ssv2/resolve/main/config.json "HTTP/1.1 307 Temporary Redirect"
[2026-05-12 01:59:11,488][httpx][INFO] - HTTP Request: HEAD https://huggingface.co/api/resolve-cache/models/facebook/vjepa2-vitg-fpc64-384-ssv2/9f5fd615cb6f79065a28edcf1cc3ef25010dddfa/config.json "HTTP/1.1 200 OK"
Loading weights:   0%|          | 0/843 [00:00<?, ?it/s]Loading weights: 100%|██████████| 843/843 [00:00<00:00, 17246.87it/s]
[transformers] [1mVJEPA2Model LOAD REPORT[0m from: facebook/vjepa2-vitg-fpc64-384-ssv2
Key                                                              | Status     |  | 
-----------------------------------------------------------------+------------+--+-
pooler.self_attention_layers.{0, 1, 2}.mlp.fc1.weight            | UNEXPECTED |  | 
pooler.cross_attention_layer.mlp.fc2.bias                        | UNEXPECTED |  | 
pooler.self_attention_layers.{0, 1, 2}.self_attn.q_proj.weight   | UNEXPECTED |  | 
pooler.self_attention_layers.{0, 1, 2}.self_attn.q_proj.bias     | UNEXPECTED |  | 
pooler.cross_attention_layer.layer_norm1.weight                  | UNEXPECTED |  | 
pooler.self_attention_layers.{0, 1, 2}.layer_norm2.weight        | UNEXPECTED |  | 
pooler.cross_attention_layer.cross_attn.q_proj.bias              | UNEXPECTED |  | 
pooler.cross_attention_layer.cross_attn.v_proj.bias              | UNEXPECTED |  | 
pooler.self_attention_layers.{0, 1, 2}.mlp.fc2.weight            | UNEXPECTED |  | 
pooler.cross_attention_layer.cross_attn.v_proj.weight            | UNEXPECTED |  | 
pooler.cross_attention_layer.layer_norm2.weight                  | UNEXPECTED |  | 
pooler.cross_attention_layer.layer_norm2.bias                    | UNEXPECTED |  | 
pooler.self_attention_layers.{0, 1, 2}.self_attn.v_proj.bias     | UNEXPECTED |  | 
pooler.self_attention_layers.{0, 1, 2}.layer_norm1.weight        | UNEXPECTED |  | 
pooler.self_attention_layers.{0, 1, 2}.layer_norm2.bias          | UNEXPECTED |  | 
pooler.self_attention_layers.{0, 1, 2}.self_attn.v_proj.weight   | UNEXPECTED |  | 
pooler.self_attention_layers.{0, 1, 2}.self_attn.out_proj.bias   | UNEXPECTED |  | 
classifier.weight                                                | UNEXPECTED |  | 
pooler.cross_attention_layer.cross_attn.q_proj.weight            | UNEXPECTED |  | 
pooler.cross_attention_layer.layer_norm1.bias                    | UNEXPECTED |  | 
pooler.cross_attention_layer.mlp.fc1.bias                        | UNEXPECTED |  | 
pooler.self_attention_layers.{0, 1, 2}.self_attn.k_proj.bias     | UNEXPECTED |  | 
pooler.self_attention_layers.{0, 1, 2}.self_attn.out_proj.weight | UNEXPECTED |  | 
classifier.bias                                                  | UNEXPECTED |  | 
pooler.cross_attention_layer.cross_attn.k_proj.weight            | UNEXPECTED |  | 
pooler.self_attention_layers.{0, 1, 2}.mlp.fc2.bias              | UNEXPECTED |  | 
pooler.cross_attention_layer.mlp.fc1.weight                      | UNEXPECTED |  | 
pooler.query_tokens                                              | UNEXPECTED |  | 
pooler.self_attention_layers.{0, 1, 2}.mlp.fc1.bias              | UNEXPECTED |  | 
pooler.cross_attention_layer.mlp.fc2.weight                      | UNEXPECTED |  | 
pooler.self_attention_layers.{0, 1, 2}.self_attn.k_proj.weight   | UNEXPECTED |  | 
pooler.self_attention_layers.{0, 1, 2}.layer_norm1.bias          | UNEXPECTED |  | 
pooler.cross_attention_layer.cross_attn.k_proj.bias              | UNEXPECTED |  | 

Notes:
- UNEXPECTED:	can be ignored when loading from different task/architecture; not ok if you expect identical arch.
[optim] trainable 7,986,209 / total 1,042,541,473 params (0.77%)
[amp] mixed-precision (fp16 + GradScaler) enabled.
    step 50/800 | avg train loss 4.1211 top1 0.0300 top5 0.1800
    step 100/800 | avg train loss 3.9771 top1 0.0250 top5 0.1525
    step 150/800 | avg train loss 3.8829 top1 0.0233 top5 0.1567
    step 200/800 | avg train loss 3.8225 top1 0.0300 top5 0.1713
    step 250/800 | avg train loss 3.7554 top1 0.0370 top5 0.1910
    step 300/800 | avg train loss 3.6755 top1 0.0533 top5 0.2183
    step 350/800 | avg train loss 3.5881 top1 0.0700 top5 0.2514
    step 400/800 | avg train loss 3.5257 top1 0.0825 top5 0.2762
    step 450/800 | avg train loss 3.4844 top1 0.0872 top5 0.2933
    step 500/800 | avg train loss 3.4176 top1 0.0965 top5 0.3200
    step 550/800 | avg train loss 3.3657 top1 0.1086 top5 0.3436
    step 600/800 | avg train loss 3.3166 top1 0.1187 top5 0.3629
    step 650/800 | avg train loss 3.2731 top1 0.1285 top5 0.3846
    step 700/800 | avg train loss 3.2374 top1 0.1368 top5 0.3979
    step 750/800 | avg train loss 3.2005 top1 0.1463 top5 0.4073
    step 800/800 | avg train loss 3.1595 top1 0.1541 top5 0.4241
Epoch 1/10 | train loss 3.1595 top1 0.1541 | val skipped (eval_every_n_epochs=5)
    step 50/800 | avg train loss 2.6000 top1 0.2850 top5 0.5950
    step 100/800 | avg train loss 2.6180 top1 0.2675 top5 0.6200
    step 150/800 | avg train loss 2.5453 top1 0.2900 top5 0.6333
    step 200/800 | avg train loss 2.5285 top1 0.2812 top5 0.6400
    step 250/800 | avg train loss 2.5352 top1 0.2790 top5 0.6360
    step 300/800 | avg train loss 2.5060 top1 0.2858 top5 0.6433
    step 350/800 | avg train loss 2.4938 top1 0.2871 top5 0.6500
    step 400/800 | avg train loss 2.4773 top1 0.2888 top5 0.6562
    step 450/800 | avg train loss 2.4639 top1 0.3006 top5 0.6650
    step 500/800 | avg train loss 2.4628 top1 0.2980 top5 0.6600
    step 550/800 | avg train loss 2.4503 top1 0.3032 top5 0.6623
    step 600/800 | avg train loss 2.4370 top1 0.3042 top5 0.6642
    step 650/800 | avg train loss 2.4142 top1 0.3115 top5 0.6731
    step 700/800 | avg train loss 2.4152 top1 0.3096 top5 0.6725
    step 750/800 | avg train loss 2.4109 top1 0.3123 top5 0.6733
    step 800/800 | avg train loss 2.4182 top1 0.3109 top5 0.6706
Epoch 2/10 | train loss 2.4182 top1 0.3109 | val skipped (eval_every_n_epochs=5)
    step 50/800 | avg train loss 2.1827 top1 0.3850 top5 0.7600
    step 100/800 | avg train loss 2.2856 top1 0.3650 top5 0.7125
    step 150/800 | avg train loss 2.2668 top1 0.3717 top5 0.7183
    step 200/800 | avg train loss 2.2192 top1 0.3725 top5 0.7212
    step 250/800 | avg train loss 2.2042 top1 0.3900 top5 0.7330
    step 300/800 | avg train loss 2.2051 top1 0.3933 top5 0.7342
    step 350/800 | avg train loss 2.1796 top1 0.3971 top5 0.7407
    step 400/800 | avg train loss 2.1761 top1 0.3994 top5 0.7388
    step 450/800 | avg train loss 2.1831 top1 0.3978 top5 0.7350
    step 500/800 | avg train loss 2.1853 top1 0.3960 top5 0.7340
    step 550/800 | avg train loss 2.1901 top1 0.3927 top5 0.7323
    step 600/800 | avg train loss 2.1900 top1 0.3937 top5 0.7321
    step 650/800 | avg train loss 2.1924 top1 0.3904 top5 0.7285
    step 700/800 | avg train loss 2.1904 top1 0.3929 top5 0.7311
    step 750/800 | avg train loss 2.1914 top1 0.3897 top5 0.7330
    step 800/800 | avg train loss 2.1864 top1 0.3941 top5 0.7366
Epoch 3/10 | train loss 2.1864 top1 0.3941 | val skipped (eval_every_n_epochs=5)
    step 50/800 | avg train loss 1.9756 top1 0.4300 top5 0.7900
    step 100/800 | avg train loss 1.9333 top1 0.4500 top5 0.8100
    step 150/800 | avg train loss 1.9614 top1 0.4533 top5 0.8050
    step 200/800 | avg train loss 1.9566 top1 0.4550 top5 0.7937
    step 250/800 | avg train loss 1.9889 top1 0.4380 top5 0.7780
    step 300/800 | avg train loss 1.9976 top1 0.4342 top5 0.7750
    step 350/800 | avg train loss 1.9974 top1 0.4357 top5 0.7779
    step 400/800 | avg train loss 1.9894 top1 0.4394 top5 0.7775
    step 450/800 | avg train loss 2.0159 top1 0.4306 top5 0.7694
    step 500/800 | avg train loss 2.0206 top1 0.4260 top5 0.7660
    step 550/800 | avg train loss 2.0281 top1 0.4236 top5 0.7627
    step 600/800 | avg train loss 2.0223 top1 0.4238 top5 0.7621
    step 650/800 | avg train loss 2.0264 top1 0.4200 top5 0.7608
    step 700/800 | avg train loss 2.0292 top1 0.4175 top5 0.7589
    step 750/800 | avg train loss 2.0299 top1 0.4207 top5 0.7640
    step 800/800 | avg train loss 2.0368 top1 0.4169 top5 0.7628
Epoch 4/10 | train loss 2.0368 top1 0.4169 | val skipped (eval_every_n_epochs=5)
    step 50/800 | avg train loss 1.8504 top1 0.4500 top5 0.7550
    step 100/800 | avg train loss 1.9532 top1 0.4450 top5 0.7550
    step 150/800 | avg train loss 1.9118 top1 0.4650 top5 0.7633
    step 200/800 | avg train loss 1.9102 top1 0.4788 top5 0.7825
    step 250/800 | avg train loss 1.8691 top1 0.4900 top5 0.7890
    step 300/800 | avg train loss 1.8618 top1 0.4917 top5 0.7983
    step 350/800 | avg train loss 1.8327 top1 0.4971 top5 0.8050
    step 400/800 | avg train loss 1.8479 top1 0.4944 top5 0.8087
    step 450/800 | avg train loss 1.8676 top1 0.4900 top5 0.8106
    step 500/800 | avg train loss 1.8569 top1 0.4930 top5 0.8110
    step 550/800 | avg train loss 1.8537 top1 0.4964 top5 0.8132
    step 600/800 | avg train loss 1.8437 top1 0.4996 top5 0.8133
    step 650/800 | avg train loss 1.8559 top1 0.4954 top5 0.8073
    step 700/800 | avg train loss 1.8651 top1 0.4943 top5 0.8079
    step 750/800 | avg train loss 1.8710 top1 0.4953 top5 0.8043
    step 800/800 | avg train loss 1.8734 top1 0.4963 top5 0.8022
Epoch 5/10 | train loss 1.8734 top1 0.4963 | val loss 1.7415 top1 0.4965 top5 0.8412
  Saved new best checkpoint (live): /Data/romain.poggi/Modal/project/smth2smth/checkpoints/track_b/vitg384_heavy_aug.pt (val top1=0.4965)
    step 50/800 | avg train loss 1.6771 top1 0.5600 top5 0.8850
    step 100/800 | avg train loss 1.6576 top1 0.5625 top5 0.8425
    step 150/800 | avg train loss 1.6765 top1 0.5500 top5 0.8250
    step 200/800 | avg train loss 1.7031 top1 0.5387 top5 0.8237
    step 250/800 | avg train loss 1.7237 top1 0.5330 top5 0.8180
    step 300/800 | avg train loss 1.7208 top1 0.5375 top5 0.8200
    step 350/800 | avg train loss 1.7300 top1 0.5443 top5 0.8229
    step 400/800 | avg train loss 1.7465 top1 0.5425 top5 0.8213
    step 450/800 | avg train loss 1.7301 top1 0.5422 top5 0.8228
    step 500/800 | avg train loss 1.7325 top1 0.5385 top5 0.8190
    step 550/800 | avg train loss 1.7423 top1 0.5355 top5 0.8168
    step 600/800 | avg train loss 1.7475 top1 0.5329 top5 0.8163
    step 650/800 | avg train loss 1.7430 top1 0.5385 top5 0.8196
    step 700/800 | avg train loss 1.7294 top1 0.5446 top5 0.8246
    step 750/800 | avg train loss 1.7336 top1 0.5413 top5 0.8237
    step 800/800 | avg train loss 1.7355 top1 0.5409 top5 0.8219
Epoch 6/10 | train loss 1.7355 top1 0.5409 | val skipped (eval_every_n_epochs=5)
    step 50/800 | avg train loss 1.4561 top1 0.6300 top5 0.7900
    step 100/800 | avg train loss 1.5591 top1 0.5675 top5 0.8175
    step 150/800 | avg train loss 1.5644 top1 0.5800 top5 0.8283
    step 200/800 | avg train loss 1.5485 top1 0.5988 top5 0.8475
    step 250/800 | avg train loss 1.5830 top1 0.5850 top5 0.8430
    step 300/800 | avg train loss 1.5696 top1 0.5942 top5 0.8483
    step 350/800 | avg train loss 1.5691 top1 0.5921 top5 0.8479
    step 400/800 | avg train loss 1.5658 top1 0.5931 top5 0.8512
    step 450/800 | avg train loss 1.5691 top1 0.5883 top5 0.8428
    step 500/800 | avg train loss 1.5650 top1 0.5920 top5 0.8440
    step 550/800 | avg train loss 1.5806 top1 0.5850 top5 0.8377
    step 600/800 | avg train loss 1.5891 top1 0.5821 top5 0.8342
    step 650/800 | avg train loss 1.5946 top1 0.5781 top5 0.8338
    step 700/800 | avg train loss 1.5950 top1 0.5757 top5 0.8321
    step 750/800 | avg train loss 1.5917 top1 0.5773 top5 0.8313
    step 800/800 | avg train loss 1.5951 top1 0.5794 top5 0.8328
Epoch 7/10 | train loss 1.5951 top1 0.5794 | val skipped (eval_every_n_epochs=5)
    step 50/800 | avg train loss 1.5463 top1 0.6100 top5 0.8650
    step 100/800 | avg train loss 1.5561 top1 0.6125 top5 0.8600
    step 150/800 | avg train loss 1.5046 top1 0.6133 top5 0.8500
    step 200/800 | avg train loss 1.4890 top1 0.6175 top5 0.8488
    step 250/800 | avg train loss 1.4788 top1 0.6240 top5 0.8500
    step 300/800 | avg train loss 1.4824 top1 0.6200 top5 0.8492
    step 350/800 | avg train loss 1.4915 top1 0.6143 top5 0.8393
    step 400/800 | avg train loss 1.4896 top1 0.6200 top5 0.8425
    step 450/800 | avg train loss 1.4844 top1 0.6228 top5 0.8467
    step 500/800 | avg train loss 1.4815 top1 0.6250 top5 0.8430
    step 550/800 | avg train loss 1.4687 top1 0.6295 top5 0.8445
    step 600/800 | avg train loss 1.4719 top1 0.6321 top5 0.8475
    step 650/800 | avg train loss 1.4815 top1 0.6273 top5 0.8438
    step 700/800 | avg train loss 1.4828 top1 0.6279 top5 0.8468
    step 750/800 | avg train loss 1.4863 top1 0.6280 top5 0.8467
    step 800/800 | avg train loss 1.4824 top1 0.6278 top5 0.8478
Epoch 8/10 | train loss 1.4824 top1 0.6278 | val skipped (eval_every_n_epochs=5)
    step 50/800 | avg train loss 1.4029 top1 0.6650 top5 0.8550
    step 100/800 | avg train loss 1.3360 top1 0.6950 top5 0.8850
    step 150/800 | avg train loss 1.3295 top1 0.7000 top5 0.8883
    step 200/800 | avg train loss 1.3477 top1 0.6825 top5 0.8812
    step 250/800 | avg train loss 1.3528 top1 0.6670 top5 0.8710
    step 300/800 | avg train loss 1.3551 top1 0.6717 top5 0.8700
    step 350/800 | avg train loss 1.3584 top1 0.6729 top5 0.8764
    step 400/800 | avg train loss 1.3744 top1 0.6713 top5 0.8750
    step 450/800 | avg train loss 1.3817 top1 0.6606 top5 0.8683
    step 500/800 | avg train loss 1.3926 top1 0.6615 top5 0.8695
    step 550/800 | avg train loss 1.4023 top1 0.6586 top5 0.8650
    step 600/800 | avg train loss 1.4103 top1 0.6567 top5 0.8646
    step 650/800 | avg train loss 1.4122 top1 0.6573 top5 0.8665
    step 700/800 | avg train loss 1.4156 top1 0.6571 top5 0.8679
    step 750/800 | avg train loss 1.4088 top1 0.6633 top5 0.8710
    step 800/800 | avg train loss 1.4084 top1 0.6600 top5 0.8694
Epoch 9/10 | train loss 1.4084 top1 0.6600 | val skipped (eval_every_n_epochs=5)
    step 50/800 | avg train loss 1.3657 top1 0.6900 top5 0.8800
    step 100/800 | avg train loss 1.3672 top1 0.6775 top5 0.8700
    step 150/800 | avg train loss 1.3952 top1 0.6533 top5 0.8600
    step 200/800 | avg train loss 1.3773 top1 0.6700 top5 0.8638
    step 250/800 | avg train loss 1.3616 top1 0.6730 top5 0.8710
    step 300/800 | avg train loss 1.3639 top1 0.6842 top5 0.8750
    step 350/800 | avg train loss 1.3803 top1 0.6721 top5 0.8679
    step 400/800 | avg train loss 1.3780 top1 0.6681 top5 0.8644
    step 450/800 | avg train loss 1.3792 top1 0.6689 top5 0.8667
    step 500/800 | avg train loss 1.3709 top1 0.6705 top5 0.8705
    step 550/800 | avg train loss 1.3608 top1 0.6718 top5 0.8677
    step 600/800 | avg train loss 1.3598 top1 0.6742 top5 0.8683
    step 650/800 | avg train loss 1.3621 top1 0.6704 top5 0.8669
    step 700/800 | avg train loss 1.3677 top1 0.6700 top5 0.8643
    step 750/800 | avg train loss 1.3644 top1 0.6707 top5 0.8663
    step 800/800 | avg train loss 1.3630 top1 0.6687 top5 0.8647
Epoch 10/10 | train loss 1.3630 top1 0.6687 | val loss 1.6248 top1 0.5368 top5 0.8507
  Saved new best checkpoint (live): /Data/romain.poggi/Modal/project/smth2smth/checkpoints/track_b/vitg384_heavy_aug.pt (val top1=0.5368)
[cuda] cache emptied (run-end). Free: 7.00 / 15.58 GiB
Done. Best val top1: 0.5368. Checkpoint: /Data/romain.poggi/Modal/project/smth2smth/checkpoints/track_b/vitg384_heavy_aug.pt
