model:
  name: avanced_resnet50_tsm
  backbone: resnet50
  pretrained: false
  num_classes: ${num_classes}
  shift_div: 8
  shift_place: blockres
  dropout: 0.5
dataset:
  root: ${hydra:runtime.cwd}/data
  train_dir: ${dataset.root}/train
  val_dir: ${dataset.root}/val
  test_dir: ${dataset.root}/test
  augmented_dirs: []
  test_manifest: null
  submission_output: ${hydra:runtime.cwd}/submissions/track_a.csv
  num_frames: 16
  val_ratio: 0.2
  seed: ${seed}
  max_samples: null
  image_size: 224
training:
  batch_size: 16
  lr: 0.01
  epochs: 50
  num_workers: 2
  checkpoint_path: ${hydra:runtime.cwd}/checkpoints/runs/track_a_avanced_resnet50_tsm_e50_wu10_wd1e-4.pt
  device: cuda
  optimizer: sgd
  momentum: 0.9
  nesterov: true
  weight_decay: 0.0001
  scheduler_cosine: true
  warmup_epochs: 10
  min_lr: 1.0e-06
  label_smoothing: 0.1
  videomix_alpha: 1.0
  videomix_prob: 1.0
augment:
  name: tsm_track_a
  random_horizontal_flip: false
  random_crop: true
  crop_padding: 32
  color_jitter: true
  color_jitter_brightness: 0.2
  color_jitter_contrast: 0.2
  color_jitter_saturation: 0.2
  color_jitter_hue: 0.0
  sync_across_frames: true
track:
  name: a
  description: 'Closed-world track: train from scratch.'
num_classes: 33
seed: 42

[cuda] cache emptied (run-start). Free: 15.28 / 15.58 GiB
[cuda] OOM during training: CUDA out of memory. Tried to allocate 392.00 MiB. GPU 0 has a total capacity of 15.58 GiB of which 300.00 MiB is free. Including non-PyTorch memory, this process has 15.14 GiB memory in use. Of the allocated memory 14.59 GiB is allocated by PyTorch, and 379.81 MiB is reserved by PyTorch but unallocated. If reserved but unallocated memory is large try setting PYTORCH_CUDA_ALLOC_CONF=expandable_segments:True to avoid fragmentation.  See documentation for Memory Management  (https://docs.pytorch.org/docs/stable/notes/cuda.html#optimizing-memory-usage-with-pytorch-cuda-alloc-conf). Releasing memory and aborting this job.
[cuda] cache emptied (post-OOM). Free: 0.29 / 15.58 GiB
[cuda] cache emptied (run-end). Free: 0.29 / 15.58 GiB
Error executing job with overrides: ['track=a', 'experiment=track_a_tsm_from_scratch', 'training.warmup_epochs=10', 'training.weight_decay=0.0001', 'training.checkpoint_path=${hydra:runtime.cwd}/checkpoints/runs/track_a_avanced_resnet50_tsm_e50_wu10_wd1e-4.pt']
Traceback (most recent call last):
  File "/Data/romain.poggi/Modal/project/smth2smth/src/smth2smth/pipelines/train.py", line 236, in main
    run(cfg)
  File "/Data/romain.poggi/Modal/project/smth2smth/src/smth2smth/pipelines/train.py", line 184, in run
    train_stats: EpochStats = train_one_epoch(
                              ^^^^^^^^^^^^^^^^
  File "/Data/romain.poggi/Modal/project/smth2smth/src/smth2smth/shared/engine/trainer.py", line 74, in train_one_epoch
    logits = model(video_batch)
             ^^^^^^^^^^^^^^^^^^
  File "/Data/romain.poggi/Modal/project/smth2smth/.venv/lib/python3.12/site-packages/torch/nn/modules/module.py", line 1779, in _wrapped_call_impl
    return self._call_impl(*args, **kwargs)
           ^^^^^^^^^^^^^^^^^^^^^^^^^^^^^^^^
  File "/Data/romain.poggi/Modal/project/smth2smth/.venv/lib/python3.12/site-packages/torch/nn/modules/module.py", line 1790, in _call_impl
    return forward_call(*args, **kwargs)
           ^^^^^^^^^^^^^^^^^^^^^^^^^^^^^
  File "/Data/romain.poggi/Modal/project/smth2smth/src/smth2smth/shared/models/avanced_resnet50_tsm.py", line 110, in forward
    frame_features = self.backbone(frames)
                     ^^^^^^^^^^^^^^^^^^^^^
  File "/Data/romain.poggi/Modal/project/smth2smth/.venv/lib/python3.12/site-packages/torch/nn/modules/module.py", line 1779, in _wrapped_call_impl
    return self._call_impl(*args, **kwargs)
           ^^^^^^^^^^^^^^^^^^^^^^^^^^^^^^^^
  File "/Data/romain.poggi/Modal/project/smth2smth/.venv/lib/python3.12/site-packages/torch/nn/modules/module.py", line 1790, in _call_impl
    return forward_call(*args, **kwargs)
           ^^^^^^^^^^^^^^^^^^^^^^^^^^^^^
  File "/Data/romain.poggi/Modal/project/smth2smth/.venv/lib/python3.12/site-packages/torchvision/models/resnet.py", line 285, in forward
    return self._forward_impl(x)
           ^^^^^^^^^^^^^^^^^^^^^
  File "/Data/romain.poggi/Modal/project/smth2smth/.venv/lib/python3.12/site-packages/torchvision/models/resnet.py", line 274, in _forward_impl
    x = self.layer2(x)
        ^^^^^^^^^^^^^^
  File "/Data/romain.poggi/Modal/project/smth2smth/.venv/lib/python3.12/site-packages/torch/nn/modules/module.py", line 1779, in _wrapped_call_impl
    return self._call_impl(*args, **kwargs)
           ^^^^^^^^^^^^^^^^^^^^^^^^^^^^^^^^
  File "/Data/romain.poggi/Modal/project/smth2smth/.venv/lib/python3.12/site-packages/torch/nn/modules/module.py", line 1790, in _call_impl
    return forward_call(*args, **kwargs)
           ^^^^^^^^^^^^^^^^^^^^^^^^^^^^^
  File "/Data/romain.poggi/Modal/project/smth2smth/.venv/lib/python3.12/site-packages/torch/nn/modules/container.py", line 253, in forward
    input = module(input)
            ^^^^^^^^^^^^^
  File "/Data/romain.poggi/Modal/project/smth2smth/.venv/lib/python3.12/site-packages/torch/nn/modules/module.py", line 1779, in _wrapped_call_impl
    return self._call_impl(*args, **kwargs)
           ^^^^^^^^^^^^^^^^^^^^^^^^^^^^^^^^
  File "/Data/romain.poggi/Modal/project/smth2smth/.venv/lib/python3.12/site-packages/torch/nn/modules/module.py", line 1790, in _call_impl
    return forward_call(*args, **kwargs)
           ^^^^^^^^^^^^^^^^^^^^^^^^^^^^^
  File "/Data/romain.poggi/Modal/project/smth2smth/.venv/lib/python3.12/site-packages/torchvision/models/resnet.py", line 158, in forward
    identity = self.downsample(x)
               ^^^^^^^^^^^^^^^^^^
  File "/Data/romain.poggi/Modal/project/smth2smth/.venv/lib/python3.12/site-packages/torch/nn/modules/module.py", line 1779, in _wrapped_call_impl
    return self._call_impl(*args, **kwargs)
           ^^^^^^^^^^^^^^^^^^^^^^^^^^^^^^^^
  File "/Data/romain.poggi/Modal/project/smth2smth/.venv/lib/python3.12/site-packages/torch/nn/modules/module.py", line 1790, in _call_impl
    return forward_call(*args, **kwargs)
           ^^^^^^^^^^^^^^^^^^^^^^^^^^^^^
  File "/Data/romain.poggi/Modal/project/smth2smth/.venv/lib/python3.12/site-packages/torch/nn/modules/container.py", line 253, in forward
    input = module(input)
            ^^^^^^^^^^^^^
  File "/Data/romain.poggi/Modal/project/smth2smth/.venv/lib/python3.12/site-packages/torch/nn/modules/module.py", line 1779, in _wrapped_call_impl
    return self._call_impl(*args, **kwargs)
           ^^^^^^^^^^^^^^^^^^^^^^^^^^^^^^^^
  File "/Data/romain.poggi/Modal/project/smth2smth/.venv/lib/python3.12/site-packages/torch/nn/modules/module.py", line 1790, in _call_impl
    return forward_call(*args, **kwargs)
           ^^^^^^^^^^^^^^^^^^^^^^^^^^^^^
  File "/Data/romain.poggi/Modal/project/smth2smth/.venv/lib/python3.12/site-packages/torch/nn/modules/batchnorm.py", line 194, in forward
    return F.batch_norm(
           ^^^^^^^^^^^^^
  File "/Data/romain.poggi/Modal/project/smth2smth/.venv/lib/python3.12/site-packages/torch/nn/functional.py", line 2846, in batch_norm
    return torch.batch_norm(
           ^^^^^^^^^^^^^^^^^
torch.OutOfMemoryError: CUDA out of memory. Tried to allocate 392.00 MiB. GPU 0 has a total capacity of 15.58 GiB of which 300.00 MiB is free. Including non-PyTorch memory, this process has 15.14 GiB memory in use. Of the allocated memory 14.59 GiB is allocated by PyTorch, and 379.81 MiB is reserved by PyTorch but unallocated. If reserved but unallocated memory is large try setting PYTORCH_CUDA_ALLOC_CONF=expandable_segments:True to avoid fragmentation.  See documentation for Memory Management  (https://docs.pytorch.org/docs/stable/notes/cuda.html#optimizing-memory-usage-with-pytorch-cuda-alloc-conf)

Set the environment variable HYDRA_FULL_ERROR=1 for a complete stack trace.
