model:
  name: vjepa2
  pretrained: true
  num_classes: ${num_classes}
  hf_repo: facebook/vjepa2-vitl-fpc64-256
  head_type: multi_block_attentive
  head_num_heads: 16
  head_num_queries: 1
  head_dropout: 0.1
  lora_enabled: true
  lora_r: 16
  lora_alpha: 32
  lora_dropout: 0.05
  lora_target_modules: null
  freeze_backbone: true
  attn_implementation: sdpa
  head_depth: 4
  head_mlp_ratio: 4.0
  head_last_k_blocks: 2
dataset:
  root: ${hydra:runtime.cwd}/data
  train_dir: ${dataset.root}/train
  val_dir: ${dataset.root}/val
  test_dir: ${dataset.root}/test
  augmented_dirs: []
  test_manifest: null
  submission_output: ${hydra:runtime.cwd}/submissions/track_a.csv
  num_frames: 16
  val_ratio: 0.2
  use_official_val: true
  include_val_in_train: false
  official_val_holdout_ratio: 0.0
  seed: ${seed}
  use_extra: false
  train_extra_dir: ${dataset.root}/train_extra
  max_samples: null
  max_samples_per_class: null
  image_size: 256
  time_reversal_prob: 0.0
  temporal_reversal_augment:
    enabled: false
    prob: 0.5
  class_boosting:
    enabled: false
training:
  batch_size: 4
  lr: 0.0003
  epochs: 20
  num_workers: 0
  checkpoint_path: checkpoints/track_b/vitl_4block_lastk2.pt
  resume_from: null
  lora_lr: 0.0001
  lora_lr_ratio: 0.25
  motion_lr: null
  motion_lr_ratio: null
  resume_apply_cfg_lr: false
  amp: true
  device: cuda
  optimizer: adamw
  momentum: 0.9
  nesterov: false
  weight_decay: 0.05
  scheduler_cosine: true
  warmup_epochs: 1
  min_lr: 1.0e-05
  label_smoothing: 0.1
  videomix_alpha: 0.0
  videomix_prob: 1.0
  videomix_mode: cube_cutmix
  videomix_mixup_alpha: null
  videomix_cutmix_alpha: null
  videomix_switch_prob: 0.5
  layer_decay: null
  repeated_aug: 1
  grad_accum_steps: 1
  amp_dtype: float16
  scheduler: none
  sgdr_T0: 30
  sgdr_save_snapshots: false
  early_stopping_enabled: false
  early_stopping_patience: 8
  early_stopping_min_delta: 0.001
  log_interval_steps: 50
  ema_enabled: false
  ema_decay: 0.999
  eval_every_n_epochs: 1
  eval_ema: false
  save_last_checkpoint: true
  last_checkpoint_path: null
  resume_reset_scheduler: false
  continuation_warmup_epochs: 0
  continuation_rewarm_lr: false
  continuation_peak_lr_ratio: 0.4
  tta: true
  tta_flip: true
  tta_temporal_shift: 0
  tta_scales:
  - 0.875
  - 1.0
  - 1.125
  tta_logit_adjust: 0.0
  class_balance_sampler: none
  class_balance_loss: none
  class_balance_beta: 0.999
augment:
  name: none
  random_horizontal_flip: false
  random_crop: false
  crop_padding: 0
  color_jitter: false
  color_jitter_brightness: 0.0
  color_jitter_contrast: 0.0
  color_jitter_saturation: 0.0
  color_jitter_hue: 0.0
  random_grayscale: false
  random_grayscale_prob: 0.0
  gaussian_blur: false
  gaussian_blur_prob: 0.0
  gaussian_blur_radius_min: 0.1
  gaussian_blur_radius_max: 2.0
pretrain:
  epochs: 100
  batch_size: 64
  lr: 0.0005
  weight_decay: 0.04
  log_interval_steps: 50
  checkpoint_path: ${hydra:runtime.cwd}/ssl_trunk.pt
  max_frames: null
  image_size: 224
  local_image_size: 96
  num_local_views: 6
  out_dim: 4096
  hidden_dim: 2048
  bottleneck_dim: 256
  n_layers: 3
  teacher_temp: 0.04
  student_temp: 0.1
  center_momentum: 0.9
  teacher_momentum_base: 0.996
  teacher_momentum_final: 1.0
test:
  num_segment: 2
  num_crop: 3
  flip_tta: false
track:
  name: a
  description: 'Closed-world track: train from scratch.'
num_classes: 33
seed: 42

[cuda] cache emptied (run-start). Free: 23.15 / 23.54 GiB
[data] use_official_val=true: train=44993 (train_dir=44993), val=6745 (from /Data/thomas.turkieh/smth2smth/data/val)
[2026-05-22 12:31:42,588][httpx][INFO] - HTTP Request: HEAD https://huggingface.co/facebook/vjepa2-vitl-fpc64-256/resolve/main/config.json "HTTP/1.1 307 Temporary Redirect"
Warning: You are sending unauthenticated requests to the HF Hub. Please set a HF_TOKEN to enable higher rate limits and faster downloads.
[2026-05-22 12:31:42,590][huggingface_hub.utils._http][WARNING] - Warning: You are sending unauthenticated requests to the HF Hub. Please set a HF_TOKEN to enable higher rate limits and faster downloads.
[2026-05-22 12:31:42,594][httpx][INFO] - HTTP Request: HEAD https://huggingface.co/api/resolve-cache/models/facebook/vjepa2-vitl-fpc64-256/b3c1679b7c34d3255ef3547f27c7b226aefab26f/config.json "HTTP/1.1 200 OK"
[2026-05-22 12:31:42,628][httpx][INFO] - HTTP Request: GET https://huggingface.co/api/resolve-cache/models/facebook/vjepa2-vitl-fpc64-256/b3c1679b7c34d3255ef3547f27c7b226aefab26f/config.json "HTTP/1.1 200 OK"
[2026-05-22 12:31:42,735][httpx][INFO] - HTTP Request: HEAD https://huggingface.co/facebook/vjepa2-vitl-fpc64-256/resolve/main/adapter_config.json "HTTP/1.1 404 Not Found"
[2026-05-22 12:31:43,097][httpx][INFO] - HTTP Request: HEAD https://huggingface.co/facebook/vjepa2-vitl-fpc64-256/resolve/main/config.json "HTTP/1.1 307 Temporary Redirect"
[2026-05-22 12:31:43,103][httpx][INFO] - HTTP Request: HEAD https://huggingface.co/api/resolve-cache/models/facebook/vjepa2-vitl-fpc64-256/b3c1679b7c34d3255ef3547f27c7b226aefab26f/config.json "HTTP/1.1 200 OK"
[2026-05-22 12:31:43,211][httpx][INFO] - HTTP Request: HEAD https://huggingface.co/facebook/vjepa2-vitl-fpc64-256/resolve/main/model.safetensors "HTTP/1.1 302 Found"
[2026-05-22 12:31:43,334][httpx][INFO] - HTTP Request: GET https://huggingface.co/api/models/facebook/vjepa2-vitl-fpc64-256/xet-read-token/b3c1679b7c34d3255ef3547f27c7b226aefab26f "HTTP/1.1 200 OK"
Error executing job with overrides: ['experiment=track_b_vjepa2_4block_lastk2']
Traceback (most recent call last):
  File "/Data/thomas.turkieh/smth2smth/src/smth2smth/pipelines/train.py", line 1360, in main
    run(cfg)
  File "/Data/thomas.turkieh/smth2smth/src/smth2smth/pipelines/train.py", line 653, in run
    model = build_model(cfg).to(device)
            ^^^^^^^^^^^^^^^^
  File "/Data/thomas.turkieh/smth2smth/src/smth2smth/shared/models/registry.py", line 68, in build_model
    return MODEL_REGISTRY[name](cfg)
           ^^^^^^^^^^^^^^^^^^^^^^^^^
  File "/Data/thomas.turkieh/smth2smth/src/smth2smth/track_b/vjepa2.py", line 555, in build_vjepa2
    return VJEPA2Probe(
           ^^^^^^^^^^^^
  File "/Data/thomas.turkieh/smth2smth/src/smth2smth/track_b/vjepa2.py", line 452, in __init__
    backbone = AutoModel.from_pretrained(self.hf_repo, **load_kwargs)
               ^^^^^^^^^^^^^^^^^^^^^^^^^^^^^^^^^^^^^^^^^^^^^^^^^^^^^^
  File "/Data/thomas.turkieh/smth2smth/.venv/lib/python3.12/site-packages/transformers/models/auto/auto_factory.py", line 405, in from_pretrained
    return model_class.from_pretrained(
           ^^^^^^^^^^^^^^^^^^^^^^^^^^^^
  File "/Data/thomas.turkieh/smth2smth/.venv/lib/python3.12/site-packages/transformers/modeling_utils.py", line 4153, in from_pretrained
    checkpoint_files, sharded_metadata = _get_resolved_checkpoint_files(
                                         ^^^^^^^^^^^^^^^^^^^^^^^^^^^^^^^
  File "/Data/thomas.turkieh/smth2smth/.venv/lib/python3.12/site-packages/transformers/modeling_utils.py", line 678, in _get_resolved_checkpoint_files
    resolved_archive_file = cached_file(pretrained_model_name_or_path, filename, **cached_file_kwargs)
                            ^^^^^^^^^^^^^^^^^^^^^^^^^^^^^^^^^^^^^^^^^^^^^^^^^^^^^^^^^^^^^^^^^^^^^^^^^^
  File "/Data/thomas.turkieh/smth2smth/.venv/lib/python3.12/site-packages/transformers/utils/hub.py", line 278, in cached_file
    file = cached_files(path_or_repo_id=path_or_repo_id, filenames=[filename], **kwargs)
           ^^^^^^^^^^^^^^^^^^^^^^^^^^^^^^^^^^^^^^^^^^^^^^^^^^^^^^^^^^^^^^^^^^^^^^^^^^^^^
  File "/Data/thomas.turkieh/smth2smth/.venv/lib/python3.12/site-packages/transformers/utils/hub.py", line 512, in cached_files
    raise e
  File "/Data/thomas.turkieh/smth2smth/.venv/lib/python3.12/site-packages/transformers/utils/hub.py", line 422, in cached_files
    hf_hub_download(
  File "/Data/thomas.turkieh/smth2smth/.venv/lib/python3.12/site-packages/huggingface_hub/utils/_validators.py", line 88, in _inner_fn
    return fn(*args, **kwargs)
           ^^^^^^^^^^^^^^^^^^^
  File "/Data/thomas.turkieh/smth2smth/.venv/lib/python3.12/site-packages/huggingface_hub/file_download.py", line 997, in hf_hub_download
    return _hf_hub_download_to_cache_dir(
           ^^^^^^^^^^^^^^^^^^^^^^^^^^^^^^
  File "/Data/thomas.turkieh/smth2smth/.venv/lib/python3.12/site-packages/huggingface_hub/file_download.py", line 1216, in _hf_hub_download_to_cache_dir
    _download_to_tmp_and_move(
  File "/Data/thomas.turkieh/smth2smth/.venv/lib/python3.12/site-packages/huggingface_hub/file_download.py", line 1828, in _download_to_tmp_and_move
    with incomplete_path.open("ab") as f:
         ^^^^^^^^^^^^^^^^^^^^^^^^^^
OSError: [Errno 122] Disk quota exceeded

Set the environment variable HYDRA_FULL_ERROR=1 for a complete stack trace.
