model:
  name: vjepa2
  pretrained: true
  num_classes: ${num_classes}
  hf_repo: facebook/vjepa2-vitl-fpc64-256
  head_type: attentive
  head_num_heads: 8
  head_num_queries: 1
  head_dropout: 0.0
  lora_enabled: true
  lora_r: 8
  lora_alpha: 16
  lora_dropout: 0.05
  lora_target_modules: null
  freeze_backbone: true
  attn_implementation: sdpa
dataset:
  root: ${hydra:runtime.cwd}/data
  train_dir: ${dataset.root}/train
  val_dir: ${dataset.root}/val
  test_dir: ${dataset.root}/test
  augmented_dirs: []
  test_manifest: null
  submission_output: ${hydra:runtime.cwd}/submissions/track_b.csv
  num_frames: 16
  val_ratio: 0.2
  use_official_val: true
  seed: ${seed}
  max_samples: null
  max_samples_per_class: null
  image_size: 256
  temporal_reversal_augment:
    enabled: false
    prob: 0.5
training:
  batch_size: 4
  lr: 0.0005
  epochs: 30
  num_workers: 2
  checkpoint_path: checkpoints/track_b/vitl_30e_warmup_lora.pt
  resume_from: checkpoints/track_b/vitl_30e_warmup_lora.last.pt
  lora_lr: 0.0001
  lora_lr_ratio: 0.25
  amp: true
  device: cuda
  optimizer: adamw
  momentum: 0.9
  nesterov: false
  weight_decay: 0.05
  scheduler_cosine: true
  warmup_epochs: 3
  min_lr: 1.0e-05
  label_smoothing: 0.1
  videomix_alpha: 0.0
  videomix_prob: 1.0
  videomix_mode: cube_cutmix
  early_stopping_enabled: false
  early_stopping_patience: 8
  early_stopping_min_delta: 0.001
  log_interval_steps: 50
  ema_enabled: false
  ema_decay: 0.999
  eval_every_n_epochs: 1
  eval_ema: false
  save_last_checkpoint: true
  last_checkpoint_path: null
  tta: true
  tta_flip: true
  tta_temporal_shift: 0
augment:
  name: none
  random_horizontal_flip: true
  random_crop: false
  crop_padding: 0
  color_jitter: false
  color_jitter_brightness: 0.0
  color_jitter_contrast: 0.0
  color_jitter_saturation: 0.0
  color_jitter_hue: 0.0
pretrain:
  epochs: 100
  batch_size: 64
  lr: 0.0005
  weight_decay: 0.04
  log_interval_steps: 50
  checkpoint_path: ${hydra:runtime.cwd}/ssl_trunk.pt
  max_frames: null
  image_size: 224
  local_image_size: 96
  num_local_views: 6
  out_dim: 4096
  hidden_dim: 2048
  bottleneck_dim: 256
  n_layers: 3
  teacher_temp: 0.04
  student_temp: 0.1
  center_momentum: 0.9
  teacher_momentum_base: 0.996
  teacher_momentum_final: 1.0
track:
  name: b
  description: 'Open-world track: pretrained backbone allowed.'
num_classes: 33
seed: 42

[cuda] cache emptied (run-start). Free: 15.28 / 15.58 GiB
[data] use_official_val=true: train=44993 (from /Data/romain.poggi/Modal/project/smth2smth/data/train), val=6745 (from /Data/romain.poggi/Modal/project/smth2smth/data/val)
[2026-05-14 19:03:44,912][httpx][INFO] - HTTP Request: HEAD https://huggingface.co/facebook/vjepa2-vitl-fpc64-256/resolve/main/config.json "HTTP/1.1 307 Temporary Redirect"
[2026-05-14 19:03:44,924][httpx][INFO] - HTTP Request: HEAD https://huggingface.co/api/resolve-cache/models/facebook/vjepa2-vitl-fpc64-256/b3c1679b7c34d3255ef3547f27c7b226aefab26f/config.json "HTTP/1.1 200 OK"
[2026-05-14 19:03:45,127][httpx][INFO] - HTTP Request: HEAD https://huggingface.co/facebook/vjepa2-vitl-fpc64-256/resolve/main/config.json "HTTP/1.1 307 Temporary Redirect"
[2026-05-14 19:03:45,132][httpx][INFO] - HTTP Request: HEAD https://huggingface.co/api/resolve-cache/models/facebook/vjepa2-vitl-fpc64-256/b3c1679b7c34d3255ef3547f27c7b226aefab26f/config.json "HTTP/1.1 200 OK"

Loading weights:   0%|          | 0/587 [00:00<?, ?it/s]
Loading weights: 100%|██████████| 587/587 [00:00<00:00, 20693.72it/s]
[optim] two param groups: head lr=0.0005 (n=9), lora lr=0.0001 (n=292)
[optim] trainable 6,134,817 / total 332,106,145 params (1.85%)
[amp] mixed-precision (fp16 + GradScaler) enabled.
Resuming from checkpoint: /Data/romain.poggi/Modal/project/smth2smth/checkpoints/track_b/vitl_30e_warmup_lora.last.pt
  Resumed at epoch 1/30; best val top1 so far = 0.6021
  [warn] could not restore optimizer state: loaded state dict has a different number of parameter groups
  [resume] optimizer not restored; ignoring saved scheduler/scaler state (incompatible param groups or missing state). Cosine uses fast-forward from the fresh optimizer.
  LR after resume: head=0.0005, lora=0.0001 (cosine will step after each train epoch).
    step 50/11249 | avg train loss 1.5303 top1 0.7200 top5 0.9100
    step 100/11249 | avg train loss 1.5555 top1 0.6925 top5 0.9225
    step 150/11249 | avg train loss 1.5750 top1 0.6733 top5 0.9250
    step 200/11249 | avg train loss 1.5417 top1 0.6750 top5 0.9275
    step 250/11249 | avg train loss 1.5616 top1 0.6640 top5 0.9250
    step 300/11249 | avg train loss 1.5403 top1 0.6733 top5 0.9250
    step 350/11249 | avg train loss 1.5309 top1 0.6750 top5 0.9271
    step 400/11249 | avg train loss 1.5219 top1 0.6737 top5 0.9331
    step 450/11249 | avg train loss 1.5167 top1 0.6750 top5 0.9328
    step 500/11249 | avg train loss 1.5060 top1 0.6790 top5 0.9360
    step 550/11249 | avg train loss 1.4963 top1 0.6841 top5 0.9373
    step 600/11249 | avg train loss 1.4945 top1 0.6850 top5 0.9367
    step 650/11249 | avg train loss 1.4906 top1 0.6877 top5 0.9369
    step 700/11249 | avg train loss 1.4941 top1 0.6889 top5 0.9364
    step 750/11249 | avg train loss 1.4897 top1 0.6903 top5 0.9373
    step 800/11249 | avg train loss 1.4831 top1 0.6913 top5 0.9381
    step 850/11249 | avg train loss 1.4908 top1 0.6871 top5 0.9371
    step 900/11249 | avg train loss 1.4927 top1 0.6883 top5 0.9369
    step 950/11249 | avg train loss 1.4937 top1 0.6889 top5 0.9363
    step 1000/11249 | avg train loss 1.4942 top1 0.6893 top5 0.9373
    step 1050/11249 | avg train loss 1.4949 top1 0.6895 top5 0.9360
    step 1100/11249 | avg train loss 1.4928 top1 0.6902 top5 0.9364
    step 1150/11249 | avg train loss 1.4907 top1 0.6913 top5 0.9365
    step 1200/11249 | avg train loss 1.4887 top1 0.6902 top5 0.9373
    step 1250/11249 | avg train loss 1.4853 top1 0.6912 top5 0.9378
    step 1300/11249 | avg train loss 1.4853 top1 0.6898 top5 0.9375
    step 1350/11249 | avg train loss 1.4810 top1 0.6920 top5 0.9381
    step 1400/11249 | avg train loss 1.4813 top1 0.6909 top5 0.9386
    step 1450/11249 | avg train loss 1.4778 top1 0.6922 top5 0.9386
    step 1500/11249 | avg train loss 1.4772 top1 0.6920 top5 0.9388
    step 1550/11249 | avg train loss 1.4754 top1 0.6937 top5 0.9390
    step 1600/11249 | avg train loss 1.4743 top1 0.6933 top5 0.9391
    step 1650/11249 | avg train loss 1.4718 top1 0.6939 top5 0.9395
    step 1700/11249 | avg train loss 1.4702 top1 0.6950 top5 0.9394
    step 1750/11249 | avg train loss 1.4692 top1 0.6956 top5 0.9397
    step 1800/11249 | avg train loss 1.4697 top1 0.6950 top5 0.9399
    step 1850/11249 | avg train loss 1.4705 top1 0.6945 top5 0.9401
    step 1900/11249 | avg train loss 1.4661 top1 0.6959 top5 0.9409
    step 1950/11249 | avg train loss 1.4663 top1 0.6956 top5 0.9408
    step 2000/11249 | avg train loss 1.4626 top1 0.6973 top5 0.9405
    step 2050/11249 | avg train loss 1.4598 top1 0.6979 top5 0.9407
    step 2100/11249 | avg train loss 1.4610 top1 0.6973 top5 0.9411
    step 2150/11249 | avg train loss 1.4587 top1 0.6981 top5 0.9414
    step 2200/11249 | avg train loss 1.4588 top1 0.6986 top5 0.9414
    step 2250/11249 | avg train loss 1.4574 top1 0.6999 top5 0.9418
    step 2300/11249 | avg train loss 1.4567 top1 0.7004 top5 0.9421
    step 2350/11249 | avg train loss 1.4556 top1 0.7009 top5 0.9422
    step 2400/11249 | avg train loss 1.4538 top1 0.7008 top5 0.9429
    step 2450/11249 | avg train loss 1.4526 top1 0.7010 top5 0.9430
    step 2500/11249 | avg train loss 1.4531 top1 0.7009 top5 0.9429
    step 2550/11249 | avg train loss 1.4497 top1 0.7025 top5 0.9434
    step 2600/11249 | avg train loss 1.4497 top1 0.7026 top5 0.9437
    step 2650/11249 | avg train loss 1.4484 top1 0.7034 top5 0.9440
    step 2700/11249 | avg train loss 1.4472 top1 0.7036 top5 0.9441
    step 2750/11249 | avg train loss 1.4457 top1 0.7044 top5 0.9444
    step 2800/11249 | avg train loss 1.4441 top1 0.7048 top5 0.9446
    step 2850/11249 | avg train loss 1.4421 top1 0.7054 top5 0.9447
    step 2900/11249 | avg train loss 1.4433 top1 0.7053 top5 0.9445
    step 2950/11249 | avg train loss 1.4424 top1 0.7057 top5 0.9445
    step 3000/11249 | avg train loss 1.4403 top1 0.7067 top5 0.9448
    step 3050/11249 | avg train loss 1.4404 top1 0.7066 top5 0.9447
    step 3100/11249 | avg train loss 1.4413 top1 0.7069 top5 0.9444
    step 3150/11249 | avg train loss 1.4408 top1 0.7071 top5 0.9443
    step 3200/11249 | avg train loss 1.4416 top1 0.7069 top5 0.9444
    step 3250/11249 | avg train loss 1.4413 top1 0.7069 top5 0.9447
    step 3300/11249 | avg train loss 1.4427 top1 0.7070 top5 0.9441
    step 3350/11249 | avg train loss 1.4420 top1 0.7067 top5 0.9446
    step 3400/11249 | avg train loss 1.4435 top1 0.7068 top5 0.9443
    step 3450/11249 | avg train loss 1.4426 top1 0.7070 top5 0.9444
    step 3500/11249 | avg train loss 1.4417 top1 0.7072 top5 0.9444
    step 3550/11249 | avg train loss 1.4419 top1 0.7073 top5 0.9446
    step 3600/11249 | avg train loss 1.4405 top1 0.7076 top5 0.9451
    step 3650/11249 | avg train loss 1.4397 top1 0.7077 top5 0.9453
    step 3700/11249 | avg train loss 1.4370 top1 0.7088 top5 0.9458
    step 3750/11249 | avg train loss 1.4372 top1 0.7089 top5 0.9459
    step 3800/11249 | avg train loss 1.4374 top1 0.7084 top5 0.9459
    step 3850/11249 | avg train loss 1.4357 top1 0.7088 top5 0.9458
    step 3900/11249 | avg train loss 1.4348 top1 0.7092 top5 0.9460
    step 3950/11249 | avg train loss 1.4337 top1 0.7097 top5 0.9461
    step 4000/11249 | avg train loss 1.4322 top1 0.7102 top5 0.9463
    step 4050/11249 | avg train loss 1.4308 top1 0.7106 top5 0.9464
    step 4100/11249 | avg train loss 1.4305 top1 0.7107 top5 0.9466
    step 4150/11249 | avg train loss 1.4300 top1 0.7108 top5 0.9467
    step 4200/11249 | avg train loss 1.4301 top1 0.7110 top5 0.9469
    step 4250/11249 | avg train loss 1.4297 top1 0.7111 top5 0.9469
    step 4300/11249 | avg train loss 1.4275 top1 0.7118 top5 0.9471
    step 4350/11249 | avg train loss 1.4263 top1 0.7122 top5 0.9475
    step 4400/11249 | avg train loss 1.4261 top1 0.7122 top5 0.9474
    step 4450/11249 | avg train loss 1.4253 top1 0.7124 top5 0.9476
    step 4500/11249 | avg train loss 1.4250 top1 0.7123 top5 0.9477
    step 4550/11249 | avg train loss 1.4242 top1 0.7122 top5 0.9477
    step 4600/11249 | avg train loss 1.4242 top1 0.7121 top5 0.9476
    step 4650/11249 | avg train loss 1.4233 top1 0.7123 top5 0.9476
    step 4700/11249 | avg train loss 1.4230 top1 0.7120 top5 0.9478
    step 4750/11249 | avg train loss 1.4220 top1 0.7118 top5 0.9478
    step 4800/11249 | avg train loss 1.4216 top1 0.7120 top5 0.9480
    step 4850/11249 | avg train loss 1.4204 top1 0.7120 top5 0.9482
    step 4900/11249 | avg train loss 1.4188 top1 0.7127 top5 0.9485
    step 4950/11249 | avg train loss 1.4173 top1 0.7130 top5 0.9488
    step 5000/11249 | avg train loss 1.4159 top1 0.7135 top5 0.9490
    step 5050/11249 | avg train loss 1.4156 top1 0.7136 top5 0.9491
    step 5100/11249 | avg train loss 1.4160 top1 0.7131 top5 0.9489
    step 5150/11249 | avg train loss 1.4152 top1 0.7133 top5 0.9491
    step 5200/11249 | avg train loss 1.4150 top1 0.7137 top5 0.9492
    step 5250/11249 | avg train loss 1.4146 top1 0.7140 top5 0.9492
    step 5300/11249 | avg train loss 1.4141 top1 0.7143 top5 0.9492
    step 5350/11249 | avg train loss 1.4139 top1 0.7143 top5 0.9493
    step 5400/11249 | avg train loss 1.4130 top1 0.7144 top5 0.9494
    step 5450/11249 | avg train loss 1.4128 top1 0.7147 top5 0.9493
    step 5500/11249 | avg train loss 1.4111 top1 0.7152 top5 0.9496
    step 5550/11249 | avg train loss 1.4112 top1 0.7154 top5 0.9496
    step 5600/11249 | avg train loss 1.4110 top1 0.7154 top5 0.9496
    step 5650/11249 | avg train loss 1.4103 top1 0.7157 top5 0.9499
    step 5700/11249 | avg train loss 1.4097 top1 0.7158 top5 0.9497
    step 5750/11249 | avg train loss 1.4096 top1 0.7161 top5 0.9497
    step 5800/11249 | avg train loss 1.4087 top1 0.7164 top5 0.9499
    step 5850/11249 | avg train loss 1.4080 top1 0.7170 top5 0.9499
    step 5900/11249 | avg train loss 1.4077 top1 0.7166 top5 0.9500
    step 5950/11249 | avg train loss 1.4072 top1 0.7171 top5 0.9500
    step 6000/11249 | avg train loss 1.4061 top1 0.7175 top5 0.9501
    step 6050/11249 | avg train loss 1.4057 top1 0.7176 top5 0.9501
    step 6100/11249 | avg train loss 1.4052 top1 0.7177 top5 0.9502
    step 6150/11249 | avg train loss 1.4040 top1 0.7181 top5 0.9503
    step 6200/11249 | avg train loss 1.4031 top1 0.7182 top5 0.9504
    step 6250/11249 | avg train loss 1.4027 top1 0.7182 top5 0.9505
    step 6300/11249 | avg train loss 1.4024 top1 0.7185 top5 0.9505
    step 6350/11249 | avg train loss 1.4018 top1 0.7187 top5 0.9504
    step 6400/11249 | avg train loss 1.4009 top1 0.7191 top5 0.9505
    step 6450/11249 | avg train loss 1.4010 top1 0.7192 top5 0.9504
    step 6500/11249 | avg train loss 1.4003 top1 0.7196 top5 0.9504
    step 6550/11249 | avg train loss 1.4002 top1 0.7195 top5 0.9507
    step 6600/11249 | avg train loss 1.3999 top1 0.7193 top5 0.9508
    step 6650/11249 | avg train loss 1.4004 top1 0.7191 top5 0.9508
    step 6700/11249 | avg train loss 1.3999 top1 0.7194 top5 0.9509
    step 6750/11249 | avg train loss 1.3996 top1 0.7194 top5 0.9510
    step 6800/11249 | avg train loss 1.3993 top1 0.7197 top5 0.9510
    step 6850/11249 | avg train loss 1.3990 top1 0.7198 top5 0.9511
    step 6900/11249 | avg train loss 1.3986 top1 0.7200 top5 0.9511
    step 6950/11249 | avg train loss 1.3984 top1 0.7201 top5 0.9512
    step 7000/11249 | avg train loss 1.3976 top1 0.7203 top5 0.9513
    step 7050/11249 | avg train loss 1.3971 top1 0.7204 top5 0.9516
    step 7100/11249 | avg train loss 1.3975 top1 0.7204 top5 0.9514
    step 7150/11249 | avg train loss 1.3968 top1 0.7208 top5 0.9515
    step 7200/11249 | avg train loss 1.3957 top1 0.7212 top5 0.9516
    step 7250/11249 | avg train loss 1.3953 top1 0.7212 top5 0.9517
    step 7300/11249 | avg train loss 1.3948 top1 0.7213 top5 0.9518
    step 7350/11249 | avg train loss 1.3933 top1 0.7219 top5 0.9521
    step 7400/11249 | avg train loss 1.3926 top1 0.7222 top5 0.9522
    step 7450/11249 | avg train loss 1.3919 top1 0.7225 top5 0.9522
    step 7500/11249 | avg train loss 1.3912 top1 0.7229 top5 0.9523
    step 7550/11249 | avg train loss 1.3906 top1 0.7229 top5 0.9524
    step 7600/11249 | avg train loss 1.3897 top1 0.7233 top5 0.9526
    step 7650/11249 | avg train loss 1.3894 top1 0.7234 top5 0.9527
    step 7700/11249 | avg train loss 1.3890 top1 0.7235 top5 0.9528
    step 7750/11249 | avg train loss 1.3886 top1 0.7236 top5 0.9527
    step 7800/11249 | avg train loss 1.3878 top1 0.7239 top5 0.9529
    step 7850/11249 | avg train loss 1.3866 top1 0.7244 top5 0.9530
    step 7900/11249 | avg train loss 1.3862 top1 0.7242 top5 0.9530
    step 7950/11249 | avg train loss 1.3853 top1 0.7245 top5 0.9530
    step 8000/11249 | avg train loss 1.3853 top1 0.7244 top5 0.9531
    step 8050/11249 | avg train loss 1.3846 top1 0.7247 top5 0.9531
    step 8100/11249 | avg train loss 1.3840 top1 0.7249 top5 0.9533
    step 8150/11249 | avg train loss 1.3829 top1 0.7253 top5 0.9534
    step 8200/11249 | avg train loss 1.3824 top1 0.7254 top5 0.9535
    step 8250/11249 | avg train loss 1.3821 top1 0.7254 top5 0.9536
    step 8300/11249 | avg train loss 1.3819 top1 0.7254 top5 0.9537
    step 8350/11249 | avg train loss 1.3824 top1 0.7250 top5 0.9536
    step 8400/11249 | avg train loss 1.3820 top1 0.7253 top5 0.9536
    step 8450/11249 | avg train loss 1.3813 top1 0.7256 top5 0.9536
    step 8500/11249 | avg train loss 1.3806 top1 0.7260 top5 0.9536
    step 8550/11249 | avg train loss 1.3800 top1 0.7261 top5 0.9537
    step 8600/11249 | avg train loss 1.3792 top1 0.7265 top5 0.9538
    step 8650/11249 | avg train loss 1.3785 top1 0.7269 top5 0.9539
    step 8700/11249 | avg train loss 1.3778 top1 0.7270 top5 0.9541
    step 8750/11249 | avg train loss 1.3773 top1 0.7273 top5 0.9542
    step 8800/11249 | avg train loss 1.3769 top1 0.7273 top5 0.9543
    step 8850/11249 | avg train loss 1.3761 top1 0.7276 top5 0.9545
    step 8900/11249 | avg train loss 1.3762 top1 0.7275 top5 0.9544
    step 8950/11249 | avg train loss 1.3756 top1 0.7278 top5 0.9545
    step 9000/11249 | avg train loss 1.3747 top1 0.7281 top5 0.9547
    step 9050/11249 | avg train loss 1.3741 top1 0.7283 top5 0.9548
    step 9100/11249 | avg train loss 1.3730 top1 0.7287 top5 0.9549
    step 9150/11249 | avg train loss 1.3725 top1 0.7289 top5 0.9551
    step 9200/11249 | avg train loss 1.3718 top1 0.7293 top5 0.9551
    step 9250/11249 | avg train loss 1.3711 top1 0.7295 top5 0.9551
    step 9300/11249 | avg train loss 1.3707 top1 0.7296 top5 0.9552
    step 9350/11249 | avg train loss 1.3698 top1 0.7299 top5 0.9551
    step 9400/11249 | avg train loss 1.3688 top1 0.7303 top5 0.9553
    step 9450/11249 | avg train loss 1.3679 top1 0.7306 top5 0.9553
    step 9500/11249 | avg train loss 1.3673 top1 0.7309 top5 0.9553
    step 9550/11249 | avg train loss 1.3670 top1 0.7309 top5 0.9553
    step 9600/11249 | avg train loss 1.3661 top1 0.7310 top5 0.9555
    step 9650/11249 | avg train loss 1.3662 top1 0.7311 top5 0.9554
    step 9700/11249 | avg train loss 1.3654 top1 0.7313 top5 0.9555
    step 9750/11249 | avg train loss 1.3648 top1 0.7317 top5 0.9555
    step 9800/11249 | avg train loss 1.3640 top1 0.7320 top5 0.9556
    step 9850/11249 | avg train loss 1.3636 top1 0.7321 top5 0.9556
    step 9900/11249 | avg train loss 1.3636 top1 0.7319 top5 0.9555
    step 9950/11249 | avg train loss 1.3627 top1 0.7324 top5 0.9557
    step 10000/11249 | avg train loss 1.3623 top1 0.7325 top5 0.9557
    step 10050/11249 | avg train loss 1.3619 top1 0.7327 top5 0.9557
    step 10100/11249 | avg train loss 1.3616 top1 0.7327 top5 0.9557
    step 10150/11249 | avg train loss 1.3614 top1 0.7330 top5 0.9557
    step 10200/11249 | avg train loss 1.3609 top1 0.7330 top5 0.9558
    step 10250/11249 | avg train loss 1.3598 top1 0.7334 top5 0.9560
    step 10300/11249 | avg train loss 1.3594 top1 0.7336 top5 0.9559
    step 10350/11249 | avg train loss 1.3588 top1 0.7338 top5 0.9560
    step 10400/11249 | avg train loss 1.3585 top1 0.7341 top5 0.9560
    step 10450/11249 | avg train loss 1.3575 top1 0.7345 top5 0.9561
    step 10500/11249 | avg train loss 1.3571 top1 0.7349 top5 0.9562
    step 10550/11249 | avg train loss 1.3566 top1 0.7351 top5 0.9562
    step 10600/11249 | avg train loss 1.3564 top1 0.7353 top5 0.9562
    step 10650/11249 | avg train loss 1.3557 top1 0.7355 top5 0.9563
    step 10700/11249 | avg train loss 1.3555 top1 0.7355 top5 0.9562
    step 10750/11249 | avg train loss 1.3552 top1 0.7357 top5 0.9562
    step 10800/11249 | avg train loss 1.3548 top1 0.7358 top5 0.9562
    step 10850/11249 | avg train loss 1.3544 top1 0.7360 top5 0.9562
    step 10900/11249 | avg train loss 1.3541 top1 0.7361 top5 0.9563
    step 10950/11249 | avg train loss 1.3528 top1 0.7364 top5 0.9564
    step 11000/11249 | avg train loss 1.3520 top1 0.7368 top5 0.9565
    step 11050/11249 | avg train loss 1.3516 top1 0.7369 top5 0.9566
    step 11100/11249 | avg train loss 1.3511 top1 0.7371 top5 0.9566
    step 11150/11249 | avg train loss 1.3503 top1 0.7374 top5 0.9566
    step 11200/11249 | avg train loss 1.3499 top1 0.7375 top5 0.9566
    step 11249/11249 | avg train loss 1.3493 top1 0.7377 top5 0.9567
Epoch 2/30 | train loss 1.3493 top1 0.7377 | val loss 1.2441 top1 0.6405 top5 0.9036
  Saved new best checkpoint (live): /Data/romain.poggi/Modal/project/smth2smth/checkpoints/track_b/vitl_30e_warmup_lora.pt (val top1=0.6405)
    step 50/11249 | avg train loss 1.2859 top1 0.7800 top5 0.9550
    step 100/11249 | avg train loss 1.2978 top1 0.7775 top5 0.9625
    step 150/11249 | avg train loss 1.2870 top1 0.7667 top5 0.9617
    step 200/11249 | avg train loss 1.2953 top1 0.7562 top5 0.9600
    step 250/11249 | avg train loss 1.3032 top1 0.7510 top5 0.9580
    step 300/11249 | avg train loss 1.3181 top1 0.7475 top5 0.9567
    step 350/11249 | avg train loss 1.3118 top1 0.7514 top5 0.9586
    step 400/11249 | avg train loss 1.3134 top1 0.7512 top5 0.9600
    step 450/11249 | avg train loss 1.3067 top1 0.7550 top5 0.9600
    step 500/11249 | avg train loss 1.3079 top1 0.7565 top5 0.9600
    step 550/11249 | avg train loss 1.2939 top1 0.7623 top5 0.9623
    step 600/11249 | avg train loss 1.2964 top1 0.7583 top5 0.9617
    step 650/11249 | avg train loss 1.2940 top1 0.7581 top5 0.9631
    step 700/11249 | avg train loss 1.2928 top1 0.7589 top5 0.9643
    step 750/11249 | avg train loss 1.3013 top1 0.7557 top5 0.9627
    step 800/11249 | avg train loss 1.3031 top1 0.7538 top5 0.9628
    step 850/11249 | avg train loss 1.3044 top1 0.7509 top5 0.9632
    step 900/11249 | avg train loss 1.3038 top1 0.7522 top5 0.9642
    step 950/11249 | avg train loss 1.3056 top1 0.7516 top5 0.9637
    step 1000/11249 | avg train loss 1.3060 top1 0.7510 top5 0.9633
    step 1050/11249 | avg train loss 1.3141 top1 0.7474 top5 0.9621
    step 1100/11249 | avg train loss 1.3148 top1 0.7482 top5 0.9618
    step 1150/11249 | avg train loss 1.3169 top1 0.7465 top5 0.9609
    step 1200/11249 | avg train loss 1.3181 top1 0.7473 top5 0.9602
    step 1250/11249 | avg train loss 1.3113 top1 0.7484 top5 0.9614
    step 1300/11249 | avg train loss 1.3091 top1 0.7496 top5 0.9619
    step 1350/11249 | avg train loss 1.3088 top1 0.7500 top5 0.9620
    step 1400/11249 | avg train loss 1.3061 top1 0.7502 top5 0.9629
    step 1450/11249 | avg train loss 1.3107 top1 0.7479 top5 0.9626
    step 1500/11249 | avg train loss 1.3124 top1 0.7467 top5 0.9625
    step 1550/11249 | avg train loss 1.3136 top1 0.7458 top5 0.9624
    step 1600/11249 | avg train loss 1.3115 top1 0.7461 top5 0.9628
    step 1650/11249 | avg train loss 1.3137 top1 0.7464 top5 0.9621
    step 1700/11249 | avg train loss 1.3168 top1 0.7443 top5 0.9625
    step 1750/11249 | avg train loss 1.3169 top1 0.7447 top5 0.9627
    step 1800/11249 | avg train loss 1.3168 top1 0.7449 top5 0.9628
    step 1850/11249 | avg train loss 1.3191 top1 0.7436 top5 0.9624
    step 1900/11249 | avg train loss 1.3220 top1 0.7432 top5 0.9618
    step 1950/11249 | avg train loss 1.3215 top1 0.7445 top5 0.9619
    step 2000/11249 | avg train loss 1.3189 top1 0.7455 top5 0.9617
    step 2050/11249 | avg train loss 1.3212 top1 0.7452 top5 0.9611
    step 2100/11249 | avg train loss 1.3202 top1 0.7451 top5 0.9613
    step 2150/11249 | avg train loss 1.3230 top1 0.7445 top5 0.9607
    step 2200/11249 | avg train loss 1.3224 top1 0.7448 top5 0.9605
    step 2250/11249 | avg train loss 1.3218 top1 0.7447 top5 0.9608
    step 2300/11249 | avg train loss 1.3210 top1 0.7446 top5 0.9609
    step 2350/11249 | avg train loss 1.3184 top1 0.7453 top5 0.9614
    step 2400/11249 | avg train loss 1.3204 top1 0.7444 top5 0.9611
    step 2450/11249 | avg train loss 1.3215 top1 0.7430 top5 0.9613
    step 2500/11249 | avg train loss 1.3203 top1 0.7437 top5 0.9617
    step 2550/11249 | avg train loss 1.3222 top1 0.7435 top5 0.9614
    step 2600/11249 | avg train loss 1.3223 top1 0.7435 top5 0.9613
    step 2650/11249 | avg train loss 1.3233 top1 0.7433 top5 0.9612
    step 2700/11249 | avg train loss 1.3239 top1 0.7436 top5 0.9612
    step 2750/11249 | avg train loss 1.3246 top1 0.7436 top5 0.9612
    step 2800/11249 | avg train loss 1.3251 top1 0.7440 top5 0.9611
    step 2850/11249 | avg train loss 1.3244 top1 0.7444 top5 0.9610
    step 2900/11249 | avg train loss 1.3244 top1 0.7446 top5 0.9610
    step 2950/11249 | avg train loss 1.3245 top1 0.7451 top5 0.9608
    step 3000/11249 | avg train loss 1.3257 top1 0.7442 top5 0.9605
    step 3050/11249 | avg train loss 1.3237 top1 0.7451 top5 0.9607
    step 3100/11249 | avg train loss 1.3233 top1 0.7451 top5 0.9610
    step 3150/11249 | avg train loss 1.3222 top1 0.7453 top5 0.9613
    step 3200/11249 | avg train loss 1.3233 top1 0.7449 top5 0.9606
    step 3250/11249 | avg train loss 1.3240 top1 0.7450 top5 0.9605
    step 3300/11249 | avg train loss 1.3247 top1 0.7445 top5 0.9604
    step 3350/11249 | avg train loss 1.3242 top1 0.7449 top5 0.9601
    step 3400/11249 | avg train loss 1.3255 top1 0.7443 top5 0.9601
    step 3450/11249 | avg train loss 1.3254 top1 0.7442 top5 0.9601
    step 3500/11249 | avg train loss 1.3255 top1 0.7441 top5 0.9603
    step 3550/11249 | avg train loss 1.3252 top1 0.7441 top5 0.9604
    step 3600/11249 | avg train loss 1.3251 top1 0.7442 top5 0.9604
    step 3650/11249 | avg train loss 1.3245 top1 0.7442 top5 0.9605
    step 3700/11249 | avg train loss 1.3249 top1 0.7442 top5 0.9603
    step 3750/11249 | avg train loss 1.3236 top1 0.7446 top5 0.9604
    step 3800/11249 | avg train loss 1.3250 top1 0.7443 top5 0.9604
    step 3850/11249 | avg train loss 1.3236 top1 0.7449 top5 0.9606
    step 3900/11249 | avg train loss 1.3231 top1 0.7448 top5 0.9606
    step 3950/11249 | avg train loss 1.3229 top1 0.7444 top5 0.9608
    step 4000/11249 | avg train loss 1.3226 top1 0.7446 top5 0.9608
    step 4050/11249 | avg train loss 1.3220 top1 0.7453 top5 0.9609
    step 4100/11249 | avg train loss 1.3221 top1 0.7452 top5 0.9610
    step 4150/11249 | avg train loss 1.3212 top1 0.7456 top5 0.9611
    step 4200/11249 | avg train loss 1.3205 top1 0.7454 top5 0.9613
    step 4250/11249 | avg train loss 1.3210 top1 0.7454 top5 0.9612
    step 4300/11249 | avg train loss 1.3201 top1 0.7455 top5 0.9613
    step 4350/11249 | avg train loss 1.3203 top1 0.7453 top5 0.9615
    step 4400/11249 | avg train loss 1.3194 top1 0.7453 top5 0.9617
    step 4450/11249 | avg train loss 1.3194 top1 0.7457 top5 0.9616
    step 4500/11249 | avg train loss 1.3198 top1 0.7456 top5 0.9616
    step 4550/11249 | avg train loss 1.3189 top1 0.7458 top5 0.9617
    step 4600/11249 | avg train loss 1.3180 top1 0.7458 top5 0.9617
    step 4650/11249 | avg train loss 1.3169 top1 0.7461 top5 0.9618
    step 4700/11249 | avg train loss 1.3175 top1 0.7463 top5 0.9618
    step 4750/11249 | avg train loss 1.3174 top1 0.7463 top5 0.9618
    step 4800/11249 | avg train loss 1.3178 top1 0.7461 top5 0.9619
    step 4850/11249 | avg train loss 1.3195 top1 0.7455 top5 0.9617
    step 4900/11249 | avg train loss 1.3179 top1 0.7462 top5 0.9619
    step 4950/11249 | avg train loss 1.3175 top1 0.7464 top5 0.9619
    step 5000/11249 | avg train loss 1.3166 top1 0.7465 top5 0.9620
    step 5050/11249 | avg train loss 1.3165 top1 0.7467 top5 0.9620
    step 5100/11249 | avg train loss 1.3158 top1 0.7474 top5 0.9621
    step 5150/11249 | avg train loss 1.3166 top1 0.7469 top5 0.9618
    step 5200/11249 | avg train loss 1.3168 top1 0.7470 top5 0.9616
    step 5250/11249 | avg train loss 1.3159 top1 0.7472 top5 0.9619
    step 5300/11249 | avg train loss 1.3156 top1 0.7476 top5 0.9619
    step 5350/11249 | avg train loss 1.3155 top1 0.7473 top5 0.9619
    step 5400/11249 | avg train loss 1.3144 top1 0.7477 top5 0.9620
    step 5450/11249 | avg train loss 1.3144 top1 0.7476 top5 0.9620
    step 5500/11249 | avg train loss 1.3145 top1 0.7475 top5 0.9619
    step 5550/11249 | avg train loss 1.3146 top1 0.7477 top5 0.9618
    step 5600/11249 | avg train loss 1.3146 top1 0.7476 top5 0.9618
    step 5650/11249 | avg train loss 1.3144 top1 0.7477 top5 0.9617
    step 5700/11249 | avg train loss 1.3147 top1 0.7475 top5 0.9617
    step 5750/11249 | avg train loss 1.3144 top1 0.7477 top5 0.9616
    step 5800/11249 | avg train loss 1.3151 top1 0.7475 top5 0.9616
    step 5850/11249 | avg train loss 1.3158 top1 0.7474 top5 0.9613
    step 5900/11249 | avg train loss 1.3152 top1 0.7474 top5 0.9614
    step 5950/11249 | avg train loss 1.3140 top1 0.7480 top5 0.9615
    step 6000/11249 | avg train loss 1.3141 top1 0.7478 top5 0.9613
    step 6050/11249 | avg train loss 1.3140 top1 0.7481 top5 0.9613
    step 6100/11249 | avg train loss 1.3145 top1 0.7480 top5 0.9612
    step 6150/11249 | avg train loss 1.3143 top1 0.7480 top5 0.9613
    step 6200/11249 | avg train loss 1.3147 top1 0.7475 top5 0.9614
    step 6250/11249 | avg train loss 1.3154 top1 0.7474 top5 0.9614
    step 6300/11249 | avg train loss 1.3149 top1 0.7473 top5 0.9614
    step 6350/11249 | avg train loss 1.3154 top1 0.7472 top5 0.9614
    step 6400/11249 | avg train loss 1.3149 top1 0.7475 top5 0.9614
    step 6450/11249 | avg train loss 1.3150 top1 0.7472 top5 0.9614
    step 6500/11249 | avg train loss 1.3146 top1 0.7473 top5 0.9614
    step 6550/11249 | avg train loss 1.3135 top1 0.7477 top5 0.9616
    step 6600/11249 | avg train loss 1.3133 top1 0.7480 top5 0.9614
    step 6650/11249 | avg train loss 1.3125 top1 0.7482 top5 0.9615
    step 6700/11249 | avg train loss 1.3118 top1 0.7487 top5 0.9616
    step 6750/11249 | avg train loss 1.3122 top1 0.7486 top5 0.9617
    step 6800/11249 | avg train loss 1.3119 top1 0.7486 top5 0.9617
    step 6850/11249 | avg train loss 1.3124 top1 0.7487 top5 0.9616
    step 6900/11249 | avg train loss 1.3125 top1 0.7487 top5 0.9616
    step 6950/11249 | avg train loss 1.3125 top1 0.7488 top5 0.9617
    step 7000/11249 | avg train loss 1.3123 top1 0.7489 top5 0.9616
    step 7050/11249 | avg train loss 1.3125 top1 0.7488 top5 0.9617
    step 7100/11249 | avg train loss 1.3118 top1 0.7490 top5 0.9617
    step 7150/11249 | avg train loss 1.3108 top1 0.7494 top5 0.9619
    step 7200/11249 | avg train loss 1.3116 top1 0.7489 top5 0.9618
    step 7250/11249 | avg train loss 1.3119 top1 0.7490 top5 0.9618
    step 7300/11249 | avg train loss 1.3118 top1 0.7490 top5 0.9619
    step 7350/11249 | avg train loss 1.3111 top1 0.7492 top5 0.9620
    step 7400/11249 | avg train loss 1.3107 top1 0.7493 top5 0.9621
    step 7450/11249 | avg train loss 1.3104 top1 0.7492 top5 0.9620
    step 7500/11249 | avg train loss 1.3107 top1 0.7493 top5 0.9619
    step 7550/11249 | avg train loss 1.3109 top1 0.7493 top5 0.9619
    step 7600/11249 | avg train loss 1.3109 top1 0.7493 top5 0.9619
    step 7650/11249 | avg train loss 1.3109 top1 0.7493 top5 0.9620
    step 7700/11249 | avg train loss 1.3116 top1 0.7491 top5 0.9619
    step 7750/11249 | avg train loss 1.3113 top1 0.7492 top5 0.9619
    step 7800/11249 | avg train loss 1.3114 top1 0.7493 top5 0.9619
    step 7850/11249 | avg train loss 1.3117 top1 0.7493 top5 0.9619
    step 7900/11249 | avg train loss 1.3111 top1 0.7498 top5 0.9620
    step 7950/11249 | avg train loss 1.3114 top1 0.7498 top5 0.9621
    step 8000/11249 | avg train loss 1.3111 top1 0.7500 top5 0.9621
    step 8050/11249 | avg train loss 1.3101 top1 0.7503 top5 0.9622
    step 8100/11249 | avg train loss 1.3109 top1 0.7504 top5 0.9621
    step 8150/11249 | avg train loss 1.3113 top1 0.7502 top5 0.9619
    step 8200/11249 | avg train loss 1.3110 top1 0.7502 top5 0.9620
    step 8250/11249 | avg train loss 1.3105 top1 0.7503 top5 0.9620
    step 8300/11249 | avg train loss 1.3113 top1 0.7501 top5 0.9618
