[chain] 2026-05-24T11:24:43+02:00 host=barbue expt=track_b_vjepa2_dora16_mlp_fulltrain1e train start
model:
  name: vjepa2_ssv2ft
  pretrained: true
  num_classes: ${num_classes}
  hf_repo: facebook/vjepa2-vitl-fpc16-256-ssv2
  head_type: attentive
  head_num_heads: 8
  head_num_queries: 1
  head_dropout: 0.0
  lora_enabled: true
  lora_r: 16
  lora_alpha: 32
  lora_dropout: 0.05
  lora_target_modules:
  - query
  - key
  - value
  - proj
  - fc1
  - fc2
  freeze_backbone: true
  attn_implementation: sdpa
  init_head_from_ssv2: true
  dora_enabled: true
dataset:
  root: ${hydra:runtime.cwd}/data
  train_dir: ${dataset.root}/train
  val_dir: ${dataset.root}/val
  test_dir: ${dataset.root}/test
  augmented_dirs: []
  test_manifest: null
  submission_output: ${hydra:runtime.cwd}/submissions/track_b_ssv2ft_dora16_mlp_fulltrain1e_20260524.csv
  num_frames: 16
  frame_upsample_mode: cycle
  val_ratio: 0.2
  use_official_val: true
  include_val_in_train: true
  official_val_holdout_ratio: 0.0
  seed: ${seed}
  use_extra: false
  train_extra_dir: ${dataset.root}/train_extra
  max_samples: null
  max_samples_per_class: null
  image_size: 256
  time_reversal_prob: 0.0
  temporal_reversal_augment:
    enabled: false
    prob: 0.5
  class_boosting:
    enabled: false
training:
  batch_size: 4
  lr: 5.0e-05
  epochs: 1
  num_workers: 2
  checkpoint_path: checkpoints/track_b/ssv2ft_dora16_mlp_fulltrain1e.pt
  resume_from: checkpoints/track_b/ssv2ft_dora16_mlp_best.pt
  lora_lr: 1.0e-05
  lora_lr_ratio: 0.25
  motion_lr: null
  motion_lr_ratio: null
  resume_apply_cfg_lr: true
  amp: true
  device: cuda
  optimizer: adamw
  momentum: 0.9
  nesterov: false
  weight_decay: 0.05
  scheduler_cosine: true
  warmup_epochs: 0
  min_lr: 1.0e-06
  label_smoothing: 0.1
  videomix_alpha: 0.0
  videomix_prob: 1.0
  videomix_mode: cube_cutmix
  videomix_mixup_alpha: null
  videomix_cutmix_alpha: null
  videomix_switch_prob: 0.5
  layer_decay: null
  repeated_aug: 1
  grad_accum_steps: 1
  amp_dtype: float16
  scheduler: none
  sgdr_T0: 30
  sgdr_save_snapshots: false
  early_stopping_enabled: false
  early_stopping_patience: 10
  early_stopping_min_delta: 0.0
  log_interval_steps: 50
  ema_enabled: true
  ema_decay: 0.999
  eval_every_n_epochs: 1
  eval_ema: true
  save_last_checkpoint: true
  last_checkpoint_path: null
  resume_reset_scheduler: false
  continuation_warmup_epochs: 0
  continuation_rewarm_lr: false
  continuation_peak_lr_ratio: 0.4
  tta: false
  tta_flip: false
  tta_temporal_shift: 0
  tta_scales: null
  tta_logit_adjust: 0.0
  class_balance_sampler: none
  class_balance_loss: none
  class_balance_beta: 0.999
  wandb:
    enabled: false
    project: null
    entity: null
    name: null
    run_name: null
    tags: []
    mode: null
    log_interval_epochs: 1
  resume_reset_epoch: true
augment:
  name: none
  random_horizontal_flip: false
  random_crop: false
  crop_padding: 0
  color_jitter: false
  color_jitter_brightness: 0.0
  color_jitter_contrast: 0.0
  color_jitter_saturation: 0.0
  color_jitter_hue: 0.0
  random_grayscale: false
  random_grayscale_prob: 0.0
  gaussian_blur: false
  gaussian_blur_prob: 0.0
  gaussian_blur_radius_min: 0.1
  gaussian_blur_radius_max: 2.0
pretrain:
  epochs: 100
  batch_size: 64
  lr: 0.0005
  weight_decay: 0.04
  log_interval_steps: 50
  checkpoint_path: ${hydra:runtime.cwd}/ssl_trunk.pt
  max_frames: null
  image_size: 224
  local_image_size: 96
  num_local_views: 6
  out_dim: 4096
  hidden_dim: 2048
  bottleneck_dim: 256
  n_layers: 3
  teacher_temp: 0.04
  student_temp: 0.1
  center_momentum: 0.9
  teacher_momentum_base: 0.996
  teacher_momentum_final: 1.0
test:
  num_segment: 2
  num_crop: 3
  flip_tta: false
track:
  name: b
  description: 'Open-world track: pretrained backbone allowed.'
num_classes: 33
seed: 42

[cuda] cache emptied (run-start). Free: 23.15 / 23.54 GiB
[data] use_official_val=true: train=51738 (train_dir=44993 + val_dir=6745), val=6745 (from /Data/thomas.turkieh/smth2smth/data/val)
[2026-05-24 11:24:55,198][httpx][INFO] - HTTP Request: HEAD https://huggingface.co/facebook/vjepa2-vitl-fpc16-256-ssv2/resolve/main/config.json "HTTP/1.1 307 Temporary Redirect"
[2026-05-24 11:24:55,203][httpx][INFO] - HTTP Request: HEAD https://huggingface.co/api/resolve-cache/models/facebook/vjepa2-vitl-fpc16-256-ssv2/4aa02df83918538fc21cfaf576382fa20e489a80/config.json "HTTP/1.1 200 OK"
[2026-05-24 11:24:55,301][httpx][INFO] - HTTP Request: HEAD https://huggingface.co/facebook/vjepa2-vitl-fpc16-256-ssv2/resolve/main/config.json "HTTP/1.1 307 Temporary Redirect"
Warning: You are sending unauthenticated requests to the HF Hub. Please set a HF_TOKEN to enable higher rate limits and faster downloads.
[2026-05-24 11:24:55,302][huggingface_hub.utils._http][WARNING] - Warning: You are sending unauthenticated requests to the HF Hub. Please set a HF_TOKEN to enable higher rate limits and faster downloads.
[2026-05-24 11:24:55,307][httpx][INFO] - HTTP Request: HEAD https://huggingface.co/api/resolve-cache/models/facebook/vjepa2-vitl-fpc16-256-ssv2/4aa02df83918538fc21cfaf576382fa20e489a80/config.json "HTTP/1.1 200 OK"
[2026-05-24 11:24:55,416][httpx][INFO] - HTTP Request: HEAD https://huggingface.co/facebook/vjepa2-vitl-fpc16-256-ssv2/resolve/main/model.safetensors "HTTP/1.1 302 Found"
Loading weights:   0%|          | 0/652 [00:00<?, ?it/s]Loading weights: 100%|██████████| 652/652 [00:00<00:00, 16228.92it/s]
[map] prefix-matched our class 015 ('015_Pretending_to_pour_something_out_of_something_but_something_') to SSv2 idx 70 ('Pretending to pour [something] out of [something], but [something] is empty')
[ssv2ft] head-slice: resolved 32/33 local class indices (32 folder matches)
[model] freeze_backbone ignored (only supported for video_mae_vit).
[optim] two param groups: head lr=5e-05 (n=65), lora lr=1e-05 (n=654)
[optim] trainable 58,103,329 / total 384,074,657 params (15.13%)
[amp] mixed-precision (torch.float16 + GradScaler) enabled.
[ema] enabled (decay=0.999); will eval both live and EMA each epoch.
Resuming from checkpoint: /Data/thomas.turkieh/smth2smth/checkpoints/track_b/ssv2ft_dora16_mlp_best.pt
  Loaded weights from epoch 2; resume_reset_epoch=true -> starting at epoch 0/1 (best val reset for new split).
  Optimizer state restored from checkpoint.
  [resume] resume_apply_cfg_lr=true: applied cfg peak LRs; cosine scheduler will fast-forward from new bases.
  GradScaler state restored from checkpoint.
  LR after resume: head=5e-05, lora=1e-05 (cosine will step after each train epoch).
[cuda] OOM during training: CUDA out of memory. Tried to allocate 64.00 MiB. GPU 0 has a total capacity of 23.54 GiB of which 16.19 MiB is free. Including non-PyTorch memory, this process has 23.39 GiB memory in use. Of the allocated memory 23.07 GiB is allocated by PyTorch, and 5.08 MiB is reserved by PyTorch but unallocated. If reserved but unallocated memory is large try setting PYTORCH_CUDA_ALLOC_CONF=expandable_segments:True to avoid fragmentation.  See documentation for Memory Management  (https://docs.pytorch.org/docs/stable/notes/cuda.html#optimizing-memory-usage-with-pytorch-cuda-alloc-conf). Releasing memory and aborting this job.
[cuda] cache emptied (post-OOM). Free: 0.03 / 23.54 GiB
[cuda] cache emptied (run-end). Free: 0.03 / 23.54 GiB
Error executing job with overrides: ['track=b', 'experiment=track_b_vjepa2_dora16_mlp_fulltrain1e']
Traceback (most recent call last):
  File "/Data/thomas.turkieh/smth2smth/src/smth2smth/pipelines/train.py", line 1402, in main
    run(cfg)
  File "/Data/thomas.turkieh/smth2smth/src/smth2smth/pipelines/train.py", line 1201, in run
    train_stats: EpochStats = train_one_epoch(
                              ^^^^^^^^^^^^^^^^
  File "/Data/thomas.turkieh/smth2smth/src/smth2smth/shared/engine/trainer.py", line 120, in train_one_epoch
    logits = model(video_batch)
             ^^^^^^^^^^^^^^^^^^
  File "/Data/thomas.turkieh/smth2smth/.venv/lib/python3.12/site-packages/torch/nn/modules/module.py", line 1779, in _wrapped_call_impl
    return self._call_impl(*args, **kwargs)
           ^^^^^^^^^^^^^^^^^^^^^^^^^^^^^^^^
  File "/Data/thomas.turkieh/smth2smth/.venv/lib/python3.12/site-packages/torch/nn/modules/module.py", line 1790, in _call_impl
    return forward_call(*args, **kwargs)
           ^^^^^^^^^^^^^^^^^^^^^^^^^^^^^
  File "/Data/thomas.turkieh/smth2smth/src/smth2smth/track_b/vjepa2.py", line 783, in forward
    outputs = self.model(pixel_values_videos=video_batch)
              ^^^^^^^^^^^^^^^^^^^^^^^^^^^^^^^^^^^^^^^^^^^
  File "/Data/thomas.turkieh/smth2smth/.venv/lib/python3.12/site-packages/torch/nn/modules/module.py", line 1779, in _wrapped_call_impl
    return self._call_impl(*args, **kwargs)
           ^^^^^^^^^^^^^^^^^^^^^^^^^^^^^^^^
  File "/Data/thomas.turkieh/smth2smth/.venv/lib/python3.12/site-packages/torch/nn/modules/module.py", line 1790, in _call_impl
    return forward_call(*args, **kwargs)
           ^^^^^^^^^^^^^^^^^^^^^^^^^^^^^
  File "/Data/thomas.turkieh/smth2smth/.venv/lib/python3.12/site-packages/transformers/utils/generic.py", line 900, in wrapper
    output = func(self, *args, **kwargs)
             ^^^^^^^^^^^^^^^^^^^^^^^^^^^
  File "/Data/thomas.turkieh/smth2smth/.venv/lib/python3.12/site-packages/transformers/models/vjepa2/modeling_vjepa2.py", line 1048, in forward
    pooler_output = self.pooler(last_hidden_state)
                    ^^^^^^^^^^^^^^^^^^^^^^^^^^^^^^
  File "/Data/thomas.turkieh/smth2smth/.venv/lib/python3.12/site-packages/torch/nn/modules/module.py", line 1779, in _wrapped_call_impl
    return self._call_impl(*args, **kwargs)
           ^^^^^^^^^^^^^^^^^^^^^^^^^^^^^^^^
  File "/Data/thomas.turkieh/smth2smth/.venv/lib/python3.12/site-packages/torch/nn/modules/module.py", line 1790, in _call_impl
    return forward_call(*args, **kwargs)
           ^^^^^^^^^^^^^^^^^^^^^^^^^^^^^
  File "/Data/thomas.turkieh/smth2smth/.venv/lib/python3.12/site-packages/transformers/models/vjepa2/modeling_vjepa2.py", line 842, in forward
    hidden_state = layer(hidden_state, attention_mask=None)[0]
                   ^^^^^^^^^^^^^^^^^^^^^^^^^^^^^^^^^^^^^^^^
  File "/Data/thomas.turkieh/smth2smth/.venv/lib/python3.12/site-packages/transformers/modeling_layers.py", line 93, in __call__
    return super().__call__(*args, **kwargs)
           ^^^^^^^^^^^^^^^^^^^^^^^^^^^^^^^^^
  File "/Data/thomas.turkieh/smth2smth/.venv/lib/python3.12/site-packages/torch/nn/modules/module.py", line 1779, in _wrapped_call_impl
    return self._call_impl(*args, **kwargs)
           ^^^^^^^^^^^^^^^^^^^^^^^^^^^^^^^^
  File "/Data/thomas.turkieh/smth2smth/.venv/lib/python3.12/site-packages/torch/nn/modules/module.py", line 1790, in _call_impl
    return forward_call(*args, **kwargs)
           ^^^^^^^^^^^^^^^^^^^^^^^^^^^^^
  File "/Data/thomas.turkieh/smth2smth/.venv/lib/python3.12/site-packages/transformers/models/vjepa2/modeling_vjepa2.py", line 789, in forward
    hidden_states = self.mlp(hidden_states)
                    ^^^^^^^^^^^^^^^^^^^^^^^
  File "/Data/thomas.turkieh/smth2smth/.venv/lib/python3.12/site-packages/torch/nn/modules/module.py", line 1779, in _wrapped_call_impl
    return self._call_impl(*args, **kwargs)
           ^^^^^^^^^^^^^^^^^^^^^^^^^^^^^^^^
  File "/Data/thomas.turkieh/smth2smth/.venv/lib/python3.12/site-packages/torch/nn/modules/module.py", line 1790, in _call_impl
    return forward_call(*args, **kwargs)
           ^^^^^^^^^^^^^^^^^^^^^^^^^^^^^
  File "/Data/thomas.turkieh/smth2smth/.venv/lib/python3.12/site-packages/transformers/models/vjepa2/modeling_vjepa2.py", line 373, in forward
    hidden_state = self.fc1(hidden_state)
                   ^^^^^^^^^^^^^^^^^^^^^^
  File "/Data/thomas.turkieh/smth2smth/.venv/lib/python3.12/site-packages/torch/nn/modules/module.py", line 1779, in _wrapped_call_impl
    return self._call_impl(*args, **kwargs)
           ^^^^^^^^^^^^^^^^^^^^^^^^^^^^^^^^
  File "/Data/thomas.turkieh/smth2smth/.venv/lib/python3.12/site-packages/torch/nn/modules/module.py", line 1790, in _call_impl
    return forward_call(*args, **kwargs)
           ^^^^^^^^^^^^^^^^^^^^^^^^^^^^^
  File "/Data/thomas.turkieh/smth2smth/.venv/lib/python3.12/site-packages/torch/nn/modules/linear.py", line 134, in forward
    return F.linear(input, self.weight, self.bias)
           ^^^^^^^^^^^^^^^^^^^^^^^^^^^^^^^^^^^^^^^
torch.OutOfMemoryError: CUDA out of memory. Tried to allocate 64.00 MiB. GPU 0 has a total capacity of 23.54 GiB of which 16.19 MiB is free. Including non-PyTorch memory, this process has 23.39 GiB memory in use. Of the allocated memory 23.07 GiB is allocated by PyTorch, and 5.08 MiB is reserved by PyTorch but unallocated. If reserved but unallocated memory is large try setting PYTORCH_CUDA_ALLOC_CONF=expandable_segments:True to avoid fragmentation.  See documentation for Memory Management  (https://docs.pytorch.org/docs/stable/notes/cuda.html#optimizing-memory-usage-with-pytorch-cuda-alloc-conf)

Set the environment variable HYDRA_FULL_ERROR=1 for a complete stack trace.
[chain] 2026-05-24T11:28:03+02:00 relaunch after OOM (bs=2, notta submit)
[chain] 2026-05-24T11:28:03+02:00 host=barbue expt=track_b_vjepa2_dora16_mlp_fulltrain1e train start
model:
  name: vjepa2_ssv2ft
  pretrained: true
  num_classes: ${num_classes}
  hf_repo: facebook/vjepa2-vitl-fpc16-256-ssv2
  head_type: attentive
  head_num_heads: 8
  head_num_queries: 1
  head_dropout: 0.0
  lora_enabled: true
  lora_r: 16
  lora_alpha: 32
  lora_dropout: 0.05
  lora_target_modules:
  - query
  - key
  - value
  - proj
  - fc1
  - fc2
  freeze_backbone: true
  attn_implementation: sdpa
  init_head_from_ssv2: true
  dora_enabled: true
dataset:
  root: ${hydra:runtime.cwd}/data
  train_dir: ${dataset.root}/train
  val_dir: ${dataset.root}/val
  test_dir: ${dataset.root}/test
  augmented_dirs: []
  test_manifest: null
  submission_output: ${hydra:runtime.cwd}/submissions/track_b_ssv2ft_dora16_mlp_fulltrain1e_notta_20260524.csv
  num_frames: 16
  frame_upsample_mode: cycle
  val_ratio: 0.2
  use_official_val: true
  include_val_in_train: true
  official_val_holdout_ratio: 0.0
  seed: ${seed}
  use_extra: false
  train_extra_dir: ${dataset.root}/train_extra
  max_samples: null
  max_samples_per_class: null
  image_size: 256
  time_reversal_prob: 0.0
  temporal_reversal_augment:
    enabled: false
    prob: 0.5
  class_boosting:
    enabled: false
training:
  batch_size: 2
  lr: 5.0e-05
  epochs: 1
  num_workers: 2
  checkpoint_path: checkpoints/track_b/ssv2ft_dora16_mlp_fulltrain1e.pt
  resume_from: checkpoints/track_b/ssv2ft_dora16_mlp_best.pt
  lora_lr: 1.0e-05
  lora_lr_ratio: 0.25
  motion_lr: null
  motion_lr_ratio: null
  resume_apply_cfg_lr: true
  amp: true
  device: cuda
  optimizer: adamw
  momentum: 0.9
  nesterov: false
  weight_decay: 0.05
  scheduler_cosine: true
  warmup_epochs: 0
  min_lr: 1.0e-06
  label_smoothing: 0.1
  videomix_alpha: 0.0
  videomix_prob: 1.0
  videomix_mode: cube_cutmix
  videomix_mixup_alpha: null
  videomix_cutmix_alpha: null
  videomix_switch_prob: 0.5
  layer_decay: null
  repeated_aug: 1
  grad_accum_steps: 1
  amp_dtype: float16
  scheduler: none
  sgdr_T0: 30
  sgdr_save_snapshots: false
  early_stopping_enabled: false
  early_stopping_patience: 10
  early_stopping_min_delta: 0.0
  log_interval_steps: 50
  ema_enabled: true
  ema_decay: 0.999
  eval_every_n_epochs: 1
  eval_ema: true
  save_last_checkpoint: true
  last_checkpoint_path: null
  resume_reset_scheduler: false
  continuation_warmup_epochs: 0
  continuation_rewarm_lr: false
  continuation_peak_lr_ratio: 0.4
  tta: false
  tta_flip: false
  tta_temporal_shift: 0
  tta_scales: null
  tta_logit_adjust: 0.0
  class_balance_sampler: none
  class_balance_loss: none
  class_balance_beta: 0.999
  wandb:
    enabled: false
    project: null
    entity: null
    name: null
    run_name: null
    tags: []
    mode: null
    log_interval_epochs: 1
  resume_reset_epoch: true
augment:
  name: none
  random_horizontal_flip: false
  random_crop: false
  crop_padding: 0
  color_jitter: false
  color_jitter_brightness: 0.0
  color_jitter_contrast: 0.0
  color_jitter_saturation: 0.0
  color_jitter_hue: 0.0
  random_grayscale: false
  random_grayscale_prob: 0.0
  gaussian_blur: false
  gaussian_blur_prob: 0.0
  gaussian_blur_radius_min: 0.1
  gaussian_blur_radius_max: 2.0
pretrain:
  epochs: 100
  batch_size: 64
  lr: 0.0005
  weight_decay: 0.04
  log_interval_steps: 50
  checkpoint_path: ${hydra:runtime.cwd}/ssl_trunk.pt
  max_frames: null
  image_size: 224
  local_image_size: 96
  num_local_views: 6
  out_dim: 4096
  hidden_dim: 2048
  bottleneck_dim: 256
  n_layers: 3
  teacher_temp: 0.04
  student_temp: 0.1
  center_momentum: 0.9
  teacher_momentum_base: 0.996
  teacher_momentum_final: 1.0
test:
  num_segment: 1
  num_crop: 1
  flip_tta: false
track:
  name: b
  description: 'Open-world track: pretrained backbone allowed.'
num_classes: 33
seed: 42

[cuda] cache emptied (run-start). Free: 23.15 / 23.54 GiB
[data] use_official_val=true: train=51738 (train_dir=44993 + val_dir=6745), val=6745 (from /Data/thomas.turkieh/smth2smth/data/val)
[2026-05-24 11:28:08,662][httpx][INFO] - HTTP Request: HEAD https://huggingface.co/facebook/vjepa2-vitl-fpc16-256-ssv2/resolve/main/config.json "HTTP/1.1 307 Temporary Redirect"
[2026-05-24 11:28:08,668][httpx][INFO] - HTTP Request: HEAD https://huggingface.co/api/resolve-cache/models/facebook/vjepa2-vitl-fpc16-256-ssv2/4aa02df83918538fc21cfaf576382fa20e489a80/config.json "HTTP/1.1 200 OK"
[2026-05-24 11:28:08,770][httpx][INFO] - HTTP Request: HEAD https://huggingface.co/facebook/vjepa2-vitl-fpc16-256-ssv2/resolve/main/config.json "HTTP/1.1 307 Temporary Redirect"
[2026-05-24 11:28:08,775][httpx][INFO] - HTTP Request: HEAD https://huggingface.co/api/resolve-cache/models/facebook/vjepa2-vitl-fpc16-256-ssv2/4aa02df83918538fc21cfaf576382fa20e489a80/config.json "HTTP/1.1 200 OK"
[2026-05-24 11:28:08,881][httpx][INFO] - HTTP Request: HEAD https://huggingface.co/facebook/vjepa2-vitl-fpc16-256-ssv2/resolve/main/model.safetensors "HTTP/1.1 302 Found"
Loading weights:   0%|          | 0/652 [00:00<?, ?it/s]Loading weights: 100%|██████████| 652/652 [00:00<00:00, 15681.71it/s]
[map] prefix-matched our class 015 ('015_Pretending_to_pour_something_out_of_something_but_something_') to SSv2 idx 70 ('Pretending to pour [something] out of [something], but [something] is empty')
[ssv2ft] head-slice: resolved 32/33 local class indices (32 folder matches)
[model] freeze_backbone ignored (only supported for video_mae_vit).
[optim] two param groups: head lr=5e-05 (n=65), lora lr=1e-05 (n=654)
[optim] trainable 58,103,329 / total 384,074,657 params (15.13%)
[amp] mixed-precision (torch.float16 + GradScaler) enabled.
[ema] enabled (decay=0.999); will eval both live and EMA each epoch.
Resuming from checkpoint: /Data/thomas.turkieh/smth2smth/checkpoints/track_b/ssv2ft_dora16_mlp_best.pt
  Loaded weights from epoch 2; resume_reset_epoch=true -> starting at epoch 0/1 (best val reset for new split).
  Optimizer state restored from checkpoint.
  [resume] resume_apply_cfg_lr=true: applied cfg peak LRs; cosine scheduler will fast-forward from new bases.
  GradScaler state restored from checkpoint.
  LR after resume: head=5e-05, lora=1e-05 (cosine will step after each train epoch).
    [11:28:43] step 50/25869 | avg train loss 1.2770 top1 0.7700 top5 0.9800
    [11:29:16] step 100/25869 | avg train loss 1.2561 top1 0.7800 top5 0.9600
    [11:29:48] step 150/25869 | avg train loss 1.2931 top1 0.7600 top5 0.9600
    [11:30:20] step 200/25869 | avg train loss 1.2375 top1 0.7825 top5 0.9675
    [11:30:53] step 250/25869 | avg train loss 1.2273 top1 0.7780 top5 0.9680
    [11:31:25] step 300/25869 | avg train loss 1.2321 top1 0.7817 top5 0.9683
    [11:31:58] step 350/25869 | avg train loss 1.2059 top1 0.7929 top5 0.9700
    [11:32:30] step 400/25869 | avg train loss 1.2049 top1 0.7950 top5 0.9675
    [11:33:03] step 450/25869 | avg train loss 1.2139 top1 0.8000 top5 0.9678
    [11:33:35] step 500/25869 | avg train loss 1.2142 top1 0.8010 top5 0.9660
    [11:34:07] step 550/25869 | avg train loss 1.2100 top1 0.8036 top5 0.9664
    [11:34:40] step 600/25869 | avg train loss 1.2031 top1 0.8042 top5 0.9675
    [11:35:12] step 650/25869 | avg train loss 1.1966 top1 0.8046 top5 0.9685
    [11:35:44] step 700/25869 | avg train loss 1.1908 top1 0.8093 top5 0.9693
    [11:36:16] step 750/25869 | avg train loss 1.1931 top1 0.8067 top5 0.9693
    [11:36:49] step 800/25869 | avg train loss 1.1878 top1 0.8094 top5 0.9700
    [11:37:21] step 850/25869 | avg train loss 1.1844 top1 0.8082 top5 0.9706
    [11:37:53] step 900/25869 | avg train loss 1.1831 top1 0.8083 top5 0.9711
    [11:38:26] step 950/25869 | avg train loss 1.1872 top1 0.8063 top5 0.9716
    [11:38:58] step 1000/25869 | avg train loss 1.1913 top1 0.8055 top5 0.9705
    [11:39:30] step 1050/25869 | avg train loss 1.1835 top1 0.8095 top5 0.9710
    [11:40:03] step 1100/25869 | avg train loss 1.1833 top1 0.8100 top5 0.9705
    [11:40:35] step 1150/25869 | avg train loss 1.1798 top1 0.8117 top5 0.9696
    [11:41:07] step 1200/25869 | avg train loss 1.1774 top1 0.8113 top5 0.9704
    [11:41:40] step 1250/25869 | avg train loss 1.1749 top1 0.8116 top5 0.9716
    [11:42:12] step 1300/25869 | avg train loss 1.1787 top1 0.8104 top5 0.9719
    [11:42:44] step 1350/25869 | avg train loss 1.1788 top1 0.8107 top5 0.9719
    [11:43:17] step 1400/25869 | avg train loss 1.1765 top1 0.8100 top5 0.9721
    [11:43:49] step 1450/25869 | avg train loss 1.1778 top1 0.8103 top5 0.9728
    [11:44:21] step 1500/25869 | avg train loss 1.1759 top1 0.8120 top5 0.9723
    [11:44:53] step 1550/25869 | avg train loss 1.1742 top1 0.8132 top5 0.9723
    [11:45:26] step 1600/25869 | avg train loss 1.1747 top1 0.8128 top5 0.9725
    [11:45:58] step 1650/25869 | avg train loss 1.1741 top1 0.8127 top5 0.9724
    [11:46:30] step 1700/25869 | avg train loss 1.1711 top1 0.8129 top5 0.9729
    [11:47:03] step 1750/25869 | avg train loss 1.1733 top1 0.8126 top5 0.9729
    [11:47:35] step 1800/25869 | avg train loss 1.1760 top1 0.8119 top5 0.9728
    [11:48:07] step 1850/25869 | avg train loss 1.1737 top1 0.8124 top5 0.9732
    [11:48:39] step 1900/25869 | avg train loss 1.1729 top1 0.8126 top5 0.9739
    [11:49:12] step 1950/25869 | avg train loss 1.1723 top1 0.8141 top5 0.9738
    [11:49:44] step 2000/25869 | avg train loss 1.1712 top1 0.8147 top5 0.9735
    [11:50:16] step 2050/25869 | avg train loss 1.1715 top1 0.8141 top5 0.9737
    [11:50:49] step 2100/25869 | avg train loss 1.1687 top1 0.8148 top5 0.9743
    [11:51:21] step 2150/25869 | avg train loss 1.1672 top1 0.8158 top5 0.9744
    [11:51:53] step 2200/25869 | avg train loss 1.1682 top1 0.8157 top5 0.9741
    [11:52:25] step 2250/25869 | avg train loss 1.1705 top1 0.8149 top5 0.9733
    [11:52:58] step 2300/25869 | avg train loss 1.1719 top1 0.8150 top5 0.9726
    [11:53:30] step 2350/25869 | avg train loss 1.1701 top1 0.8162 top5 0.9728
    [11:54:02] step 2400/25869 | avg train loss 1.1696 top1 0.8163 top5 0.9729
    [11:54:35] step 2450/25869 | avg train loss 1.1683 top1 0.8163 top5 0.9729
    [11:55:07] step 2500/25869 | avg train loss 1.1684 top1 0.8160 top5 0.9724
    [11:55:39] step 2550/25869 | avg train loss 1.1717 top1 0.8157 top5 0.9720
    [11:56:12] step 2600/25869 | avg train loss 1.1727 top1 0.8154 top5 0.9721
    [11:56:44] step 2650/25869 | avg train loss 1.1728 top1 0.8158 top5 0.9721
    [11:57:16] step 2700/25869 | avg train loss 1.1715 top1 0.8156 top5 0.9724
    [11:57:48] step 2750/25869 | avg train loss 1.1687 top1 0.8164 top5 0.9727
    [11:58:21] step 2800/25869 | avg train loss 1.1704 top1 0.8155 top5 0.9727
    [11:58:53] step 2850/25869 | avg train loss 1.1681 top1 0.8161 top5 0.9726
    [11:59:25] step 2900/25869 | avg train loss 1.1662 top1 0.8171 top5 0.9729
    [11:59:57] step 2950/25869 | avg train loss 1.1651 top1 0.8171 top5 0.9732
    [12:00:30] step 3000/25869 | avg train loss 1.1653 top1 0.8172 top5 0.9732
    [12:01:02] step 3050/25869 | avg train loss 1.1644 top1 0.8179 top5 0.9734
    [12:01:34] step 3100/25869 | avg train loss 1.1631 top1 0.8179 top5 0.9739
    [12:02:06] step 3150/25869 | avg train loss 1.1641 top1 0.8178 top5 0.9735
    [12:02:39] step 3200/25869 | avg train loss 1.1656 top1 0.8170 top5 0.9728
    [12:03:11] step 3250/25869 | avg train loss 1.1645 top1 0.8177 top5 0.9729
    [12:03:43] step 3300/25869 | avg train loss 1.1645 top1 0.8176 top5 0.9729
    [12:04:16] step 3350/25869 | avg train loss 1.1635 top1 0.8182 top5 0.9730
    [12:04:48] step 3400/25869 | avg train loss 1.1646 top1 0.8176 top5 0.9731
    [12:05:20] step 3450/25869 | avg train loss 1.1646 top1 0.8180 top5 0.9732
    [12:05:52] step 3500/25869 | avg train loss 1.1630 top1 0.8186 top5 0.9733
    [12:06:25] step 3550/25869 | avg train loss 1.1625 top1 0.8193 top5 0.9734
    [12:06:57] step 3600/25869 | avg train loss 1.1614 top1 0.8194 top5 0.9733
    [12:07:29] step 3650/25869 | avg train loss 1.1618 top1 0.8192 top5 0.9733
    [12:08:02] step 3700/25869 | avg train loss 1.1607 top1 0.8196 top5 0.9734
    [12:08:34] step 3750/25869 | avg train loss 1.1607 top1 0.8196 top5 0.9736
    [12:09:06] step 3800/25869 | avg train loss 1.1609 top1 0.8193 top5 0.9732
    [12:09:39] step 3850/25869 | avg train loss 1.1614 top1 0.8194 top5 0.9731
    [12:10:11] step 3900/25869 | avg train loss 1.1623 top1 0.8191 top5 0.9729
    [12:10:43] step 3950/25869 | avg train loss 1.1611 top1 0.8196 top5 0.9730
    [12:11:15] step 4000/25869 | avg train loss 1.1623 top1 0.8196 top5 0.9725
    [12:11:48] step 4050/25869 | avg train loss 1.1608 top1 0.8196 top5 0.9725
    [12:12:20] step 4100/25869 | avg train loss 1.1611 top1 0.8190 top5 0.9726
    [12:12:52] step 4150/25869 | avg train loss 1.1607 top1 0.8190 top5 0.9727
    [12:13:25] step 4200/25869 | avg train loss 1.1603 top1 0.8192 top5 0.9725
    [12:13:57] step 4250/25869 | avg train loss 1.1586 top1 0.8198 top5 0.9727
    [12:14:29] step 4300/25869 | avg train loss 1.1560 top1 0.8207 top5 0.9730
    [12:15:01] step 4350/25869 | avg train loss 1.1559 top1 0.8209 top5 0.9731
    [12:15:34] step 4400/25869 | avg train loss 1.1551 top1 0.8210 top5 0.9733
    [12:16:06] step 4450/25869 | avg train loss 1.1556 top1 0.8207 top5 0.9735
    [12:16:38] step 4500/25869 | avg train loss 1.1538 top1 0.8213 top5 0.9737
    [12:17:11] step 4550/25869 | avg train loss 1.1531 top1 0.8216 top5 0.9736
    [12:17:43] step 4600/25869 | avg train loss 1.1523 top1 0.8218 top5 0.9738
    [12:18:15] step 4650/25869 | avg train loss 1.1521 top1 0.8224 top5 0.9739
    [12:18:47] step 4700/25869 | avg train loss 1.1526 top1 0.8221 top5 0.9741
    [12:19:20] step 4750/25869 | avg train loss 1.1511 top1 0.8227 top5 0.9744
    [12:19:52] step 4800/25869 | avg train loss 1.1513 top1 0.8230 top5 0.9742
    [12:20:24] step 4850/25869 | avg train loss 1.1526 top1 0.8226 top5 0.9737
    [12:20:57] step 4900/25869 | avg train loss 1.1518 top1 0.8229 top5 0.9739
    [12:21:29] step 4950/25869 | avg train loss 1.1515 top1 0.8230 top5 0.9741
    [12:22:01] step 5000/25869 | avg train loss 1.1514 top1 0.8228 top5 0.9742
    [12:22:33] step 5050/25869 | avg train loss 1.1502 top1 0.8232 top5 0.9745
    [12:23:06] step 5100/25869 | avg train loss 1.1501 top1 0.8235 top5 0.9744
    [12:23:38] step 5150/25869 | avg train loss 1.1506 top1 0.8229 top5 0.9743
    [12:24:10] step 5200/25869 | avg train loss 1.1500 top1 0.8230 top5 0.9742
    [12:24:43] step 5250/25869 | avg train loss 1.1489 top1 0.8234 top5 0.9744
    [12:25:15] step 5300/25869 | avg train loss 1.1512 top1 0.8223 top5 0.9742
    [12:25:47] step 5350/25869 | avg train loss 1.1520 top1 0.8222 top5 0.9741
    [12:26:19] step 5400/25869 | avg train loss 1.1521 top1 0.8220 top5 0.9742
    [12:26:52] step 5450/25869 | avg train loss 1.1517 top1 0.8223 top5 0.9740
    [12:27:24] step 5500/25869 | avg train loss 1.1504 top1 0.8226 top5 0.9741
    [12:27:56] step 5550/25869 | avg train loss 1.1500 top1 0.8230 top5 0.9742
    [12:28:29] step 5600/25869 | avg train loss 1.1491 top1 0.8234 top5 0.9742
    [12:29:01] step 5650/25869 | avg train loss 1.1496 top1 0.8231 top5 0.9744
    [12:29:33] step 5700/25869 | avg train loss 1.1487 top1 0.8233 top5 0.9746
    [12:30:06] step 5750/25869 | avg train loss 1.1474 top1 0.8238 top5 0.9745
    [12:30:38] step 5800/25869 | avg train loss 1.1468 top1 0.8242 top5 0.9745
    [12:31:10] step 5850/25869 | avg train loss 1.1477 top1 0.8239 top5 0.9742
    [12:31:42] step 5900/25869 | avg train loss 1.1477 top1 0.8240 top5 0.9743
    [12:32:15] step 5950/25869 | avg train loss 1.1476 top1 0.8239 top5 0.9744
    [12:32:47] step 6000/25869 | avg train loss 1.1470 top1 0.8244 top5 0.9746
    [12:33:19] step 6050/25869 | avg train loss 1.1475 top1 0.8242 top5 0.9746
    [12:33:52] step 6100/25869 | avg train loss 1.1473 top1 0.8243 top5 0.9746
    [12:34:24] step 6150/25869 | avg train loss 1.1479 top1 0.8239 top5 0.9745
    [12:34:56] step 6200/25869 | avg train loss 1.1474 top1 0.8240 top5 0.9744
    [12:35:29] step 6250/25869 | avg train loss 1.1468 top1 0.8241 top5 0.9744
    [12:36:01] step 6300/25869 | avg train loss 1.1463 top1 0.8240 top5 0.9744
    [12:36:33] step 6350/25869 | avg train loss 1.1461 top1 0.8240 top5 0.9743
    [12:37:06] step 6400/25869 | avg train loss 1.1470 top1 0.8236 top5 0.9741
    [12:37:38] step 6450/25869 | avg train loss 1.1470 top1 0.8237 top5 0.9741
    [12:38:10] step 6500/25869 | avg train loss 1.1469 top1 0.8238 top5 0.9741
    [12:38:42] step 6550/25869 | avg train loss 1.1469 top1 0.8236 top5 0.9740
    [12:39:15] step 6600/25869 | avg train loss 1.1463 top1 0.8239 top5 0.9741
    [12:39:47] step 6650/25869 | avg train loss 1.1457 top1 0.8242 top5 0.9742
    [12:40:20] step 6700/25869 | avg train loss 1.1452 top1 0.8246 top5 0.9743
    [12:40:52] step 6750/25869 | avg train loss 1.1450 top1 0.8246 top5 0.9743
    [12:41:24] step 6800/25869 | avg train loss 1.1442 top1 0.8250 top5 0.9743
    [12:41:56] step 6850/25869 | avg train loss 1.1436 top1 0.8251 top5 0.9745
    [12:42:29] step 6900/25869 | avg train loss 1.1432 top1 0.8253 top5 0.9745
    [12:43:01] step 6950/25869 | avg train loss 1.1446 top1 0.8247 top5 0.9745
    [12:43:33] step 7000/25869 | avg train loss 1.1449 top1 0.8244 top5 0.9744
    [12:44:06] step 7050/25869 | avg train loss 1.1442 top1 0.8248 top5 0.9744
    [12:44:38] step 7100/25869 | avg train loss 1.1430 top1 0.8252 top5 0.9744
    [12:45:10] step 7150/25869 | avg train loss 1.1440 top1 0.8248 top5 0.9742
    [12:45:43] step 7200/25869 | avg train loss 1.1436 top1 0.8250 top5 0.9742
    [12:46:15] step 7250/25869 | avg train loss 1.1434 top1 0.8250 top5 0.9743
    [12:46:47] step 7300/25869 | avg train loss 1.1426 top1 0.8254 top5 0.9743
    [12:47:20] step 7350/25869 | avg train loss 1.1417 top1 0.8260 top5 0.9744
    [12:47:52] step 7400/25869 | avg train loss 1.1419 top1 0.8259 top5 0.9743
    [12:48:24] step 7450/25869 | avg train loss 1.1417 top1 0.8258 top5 0.9744
    [12:48:56] step 7500/25869 | avg train loss 1.1418 top1 0.8257 top5 0.9745
    [12:49:29] step 7550/25869 | avg train loss 1.1419 top1 0.8254 top5 0.9746
    [12:50:01] step 7600/25869 | avg train loss 1.1412 top1 0.8258 top5 0.9747
    [12:50:33] step 7650/25869 | avg train loss 1.1418 top1 0.8254 top5 0.9746
    [12:51:06] step 7700/25869 | avg train loss 1.1423 top1 0.8251 top5 0.9747
    [12:51:38] step 7750/25869 | avg train loss 1.1419 top1 0.8252 top5 0.9746
    [12:52:10] step 7800/25869 | avg train loss 1.1413 top1 0.8256 top5 0.9747
    [12:52:42] step 7850/25869 | avg train loss 1.1413 top1 0.8256 top5 0.9746
    [12:53:15] step 7900/25869 | avg train loss 1.1411 top1 0.8256 top5 0.9746
    [12:53:47] step 7950/25869 | avg train loss 1.1413 top1 0.8255 top5 0.9746
    [12:54:19] step 8000/25869 | avg train loss 1.1407 top1 0.8257 top5 0.9747
    [12:54:52] step 8050/25869 | avg train loss 1.1408 top1 0.8255 top5 0.9748
    [12:55:24] step 8100/25869 | avg train loss 1.1408 top1 0.8254 top5 0.9749
    [12:55:56] step 8150/25869 | avg train loss 1.1407 top1 0.8255 top5 0.9750
    [12:56:29] step 8200/25869 | avg train loss 1.1399 top1 0.8257 top5 0.9750
    [12:57:01] step 8250/25869 | avg train loss 1.1392 top1 0.8260 top5 0.9751
    [12:57:33] step 8300/25869 | avg train loss 1.1396 top1 0.8260 top5 0.9751
    [12:58:05] step 8350/25869 | avg train loss 1.1393 top1 0.8260 top5 0.9751
    [12:58:38] step 8400/25869 | avg train loss 1.1393 top1 0.8258 top5 0.9751
    [12:59:10] step 8450/25869 | avg train loss 1.1389 top1 0.8259 top5 0.9751
    [12:59:42] step 8500/25869 | avg train loss 1.1379 top1 0.8262 top5 0.9752
    [13:00:15] step 8550/25869 | avg train loss 1.1384 top1 0.8258 top5 0.9751
    [13:00:47] step 8600/25869 | avg train loss 1.1389 top1 0.8257 top5 0.9750
    [13:01:19] step 8650/25869 | avg train loss 1.1389 top1 0.8260 top5 0.9749
    [13:01:51] step 8700/25869 | avg train loss 1.1387 top1 0.8259 top5 0.9749
    [13:02:24] step 8750/25869 | avg train loss 1.1389 top1 0.8258 top5 0.9749
    [13:02:56] step 8800/25869 | avg train loss 1.1384 top1 0.8260 top5 0.9749
    [13:03:28] step 8850/25869 | avg train loss 1.1380 top1 0.8262 top5 0.9749
    [13:04:00] step 8900/25869 | avg train loss 1.1373 top1 0.8264 top5 0.9749
    [13:04:33] step 8950/25869 | avg train loss 1.1374 top1 0.8264 top5 0.9749
    [13:05:05] step 9000/25869 | avg train loss 1.1373 top1 0.8264 top5 0.9749
    [13:05:37] step 9050/25869 | avg train loss 1.1378 top1 0.8262 top5 0.9749
    [13:06:10] step 9100/25869 | avg train loss 1.1375 top1 0.8263 top5 0.9749
    [13:06:42] step 9150/25869 | avg train loss 1.1379 top1 0.8263 top5 0.9750
    [13:07:14] step 9200/25869 | avg train loss 1.1376 top1 0.8265 top5 0.9749
    [13:07:46] step 9250/25869 | avg train loss 1.1373 top1 0.8266 top5 0.9749
    [13:08:19] step 9300/25869 | avg train loss 1.1371 top1 0.8268 top5 0.9747
    [13:08:51] step 9350/25869 | avg train loss 1.1363 top1 0.8272 top5 0.9748
    [13:09:23] step 9400/25869 | avg train loss 1.1362 top1 0.8271 top5 0.9749
    [13:09:56] step 9450/25869 | avg train loss 1.1363 top1 0.8272 top5 0.9749
    [13:10:28] step 9500/25869 | avg train loss 1.1364 top1 0.8271 top5 0.9749
    [13:11:00] step 9550/25869 | avg train loss 1.1368 top1 0.8269 top5 0.9750
    [13:11:33] step 9600/25869 | avg train loss 1.1375 top1 0.8267 top5 0.9747
    [13:12:05] step 9650/25869 | avg train loss 1.1372 top1 0.8267 top5 0.9747
    [13:12:37] step 9700/25869 | avg train loss 1.1368 top1 0.8269 top5 0.9747
    [13:13:10] step 9750/25869 | avg train loss 1.1363 top1 0.8270 top5 0.9748
    [13:13:42] step 9800/25869 | avg train loss 1.1364 top1 0.8271 top5 0.9747
    [13:14:14] step 9850/25869 | avg train loss 1.1356 top1 0.8274 top5 0.9748
    [13:14:46] step 9900/25869 | avg train loss 1.1362 top1 0.8272 top5 0.9747
    [13:15:19] step 9950/25869 | avg train loss 1.1358 top1 0.8273 top5 0.9748
    [13:15:51] step 10000/25869 | avg train loss 1.1355 top1 0.8275 top5 0.9747
    [13:16:23] step 10050/25869 | avg train loss 1.1357 top1 0.8273 top5 0.9748
    [13:16:55] step 10100/25869 | avg train loss 1.1351 top1 0.8276 top5 0.9749
    [13:17:28] step 10150/25869 | avg train loss 1.1348 top1 0.8276 top5 0.9750
    [13:18:00] step 10200/25869 | avg train loss 1.1347 top1 0.8275 top5 0.9750
    [13:18:32] step 10250/25869 | avg train loss 1.1350 top1 0.8275 top5 0.9751
    [13:19:05] step 10300/25869 | avg train loss 1.1349 top1 0.8274 top5 0.9751
    [13:19:37] step 10350/25869 | avg train loss 1.1347 top1 0.8274 top5 0.9750
    [13:20:09] step 10400/25869 | avg train loss 1.1345 top1 0.8275 top5 0.9750
    [13:20:42] step 10450/25869 | avg train loss 1.1341 top1 0.8276 top5 0.9750
    [13:21:14] step 10500/25869 | avg train loss 1.1336 top1 0.8277 top5 0.9751
    [13:21:46] step 10550/25869 | avg train loss 1.1332 top1 0.8280 top5 0.9752
    [13:22:18] step 10600/25869 | avg train loss 1.1338 top1 0.8277 top5 0.9752
    [13:22:51] step 10650/25869 | avg train loss 1.1343 top1 0.8274 top5 0.9752
    [13:23:23] step 10700/25869 | avg train loss 1.1341 top1 0.8275 top5 0.9752
    [13:23:55] step 10750/25869 | avg train loss 1.1343 top1 0.8274 top5 0.9752
    [13:24:28] step 10800/25869 | avg train loss 1.1345 top1 0.8274 top5 0.9750
    [13:25:00] step 10850/25869 | avg train loss 1.1347 top1 0.8274 top5 0.9750
    [13:25:32] step 10900/25869 | avg train loss 1.1340 top1 0.8278 top5 0.9750
    [13:26:04] step 10950/25869 | avg train loss 1.1333 top1 0.8281 top5 0.9751
    [13:26:37] step 11000/25869 | avg train loss 1.1333 top1 0.8280 top5 0.9751
    [13:27:09] step 11050/25869 | avg train loss 1.1330 top1 0.8281 top5 0.9751
    [13:27:41] step 11100/25869 | avg train loss 1.1333 top1 0.8278 top5 0.9751
    [13:28:14] step 11150/25869 | avg train loss 1.1332 top1 0.8278 top5 0.9751
    [13:28:46] step 11200/25869 | avg train loss 1.1332 top1 0.8277 top5 0.9751
    [13:29:18] step 11250/25869 | avg train loss 1.1331 top1 0.8277 top5 0.9751
    [13:29:50] step 11300/25869 | avg train loss 1.1323 top1 0.8280 top5 0.9752
    [13:30:23] step 11350/25869 | avg train loss 1.1317 top1 0.8282 top5 0.9752
    [13:30:55] step 11400/25869 | avg train loss 1.1315 top1 0.8283 top5 0.9753
    [13:31:27] step 11450/25869 | avg train loss 1.1314 top1 0.8284 top5 0.9753
    [13:32:00] step 11500/25869 | avg train loss 1.1309 top1 0.8286 top5 0.9753
    [13:32:32] step 11550/25869 | avg train loss 1.1309 top1 0.8285 top5 0.9753
    [13:33:04] step 11600/25869 | avg train loss 1.1320 top1 0.8281 top5 0.9753
    [13:33:37] step 11650/25869 | avg train loss 1.1320 top1 0.8281 top5 0.9752
    [13:34:09] step 11700/25869 | avg train loss 1.1320 top1 0.8281 top5 0.9752
    [13:34:41] step 11750/25869 | avg train loss 1.1316 top1 0.8282 top5 0.9752
    [13:35:13] step 11800/25869 | avg train loss 1.1311 top1 0.8284 top5 0.9753
    [13:35:46] step 11850/25869 | avg train loss 1.1306 top1 0.8285 top5 0.9754
    [13:36:18] step 11900/25869 | avg train loss 1.1299 top1 0.8288 top5 0.9754
    [13:36:50] step 11950/25869 | avg train loss 1.1299 top1 0.8287 top5 0.9754
    [13:37:23] step 12000/25869 | avg train loss 1.1300 top1 0.8287 top5 0.9754
    [13:37:55] step 12050/25869 | avg train loss 1.1295 top1 0.8289 top5 0.9753
    [13:38:27] step 12100/25869 | avg train loss 1.1292 top1 0.8291 top5 0.9753
    [13:39:00] step 12150/25869 | avg train loss 1.1289 top1 0.8293 top5 0.9754
    [13:39:32] step 12200/25869 | avg train loss 1.1289 top1 0.8293 top5 0.9755
    [13:40:04] step 12250/25869 | avg train loss 1.1289 top1 0.8292 top5 0.9754
    [13:40:36] step 12300/25869 | avg train loss 1.1289 top1 0.8292 top5 0.9755
    [13:41:09] step 12350/25869 | avg train loss 1.1284 top1 0.8293 top5 0.9755
    [13:41:41] step 12400/25869 | avg train loss 1.1281 top1 0.8294 top5 0.9756
    [13:42:13] step 12450/25869 | avg train loss 1.1283 top1 0.8292 top5 0.9757
    [13:42:46] step 12500/25869 | avg train loss 1.1282 top1 0.8292 top5 0.9756
    [13:43:18] step 12550/25869 | avg train loss 1.1285 top1 0.8290 top5 0.9757
    [13:43:50] step 12600/25869 | avg train loss 1.1282 top1 0.8291 top5 0.9757
    [13:44:23] step 12650/25869 | avg train loss 1.1280 top1 0.8291 top5 0.9757
    [13:44:55] step 12700/25869 | avg train loss 1.1279 top1 0.8291 top5 0.9757
    [13:45:27] step 12750/25869 | avg train loss 1.1278 top1 0.8289 top5 0.9757
    [13:45:59] step 12800/25869 | avg train loss 1.1280 top1 0.8288 top5 0.9758
    [13:46:32] step 12850/25869 | avg train loss 1.1278 top1 0.8289 top5 0.9758
    [13:47:04] step 12900/25869 | avg train loss 1.1273 top1 0.8292 top5 0.9759
    [13:47:36] step 12950/25869 | avg train loss 1.1270 top1 0.8292 top5 0.9759
    [13:48:09] step 13000/25869 | avg train loss 1.1269 top1 0.8293 top5 0.9760
    [13:48:41] step 13050/25869 | avg train loss 1.1269 top1 0.8290 top5 0.9761
    [13:49:13] step 13100/25869 | avg train loss 1.1265 top1 0.8291 top5 0.9761
    [13:49:46] step 13150/25869 | avg train loss 1.1265 top1 0.8291 top5 0.9761
    [13:50:18] step 13200/25869 | avg train loss 1.1265 top1 0.8291 top5 0.9761
    [13:50:50] step 13250/25869 | avg train loss 1.1270 top1 0.8288 top5 0.9760
    [13:51:23] step 13300/25869 | avg train loss 1.1267 top1 0.8291 top5 0.9761
    [13:51:55] step 13350/25869 | avg train loss 1.1264 top1 0.8291 top5 0.9761
    [13:52:27] step 13400/25869 | avg train loss 1.1263 top1 0.8292 top5 0.9761
    [13:52:59] step 13450/25869 | avg train loss 1.1265 top1 0.8291 top5 0.9760
    [13:53:32] step 13500/25869 | avg train loss 1.1265 top1 0.8292 top5 0.9760
    [13:54:04] step 13550/25869 | avg train loss 1.1265 top1 0.8292 top5 0.9761
    [13:54:36] step 13600/25869 | avg train loss 1.1265 top1 0.8293 top5 0.9761
    [13:55:09] step 13650/25869 | avg train loss 1.1262 top1 0.8294 top5 0.9762
    [13:55:41] step 13700/25869 | avg train loss 1.1259 top1 0.8295 top5 0.9761
    [13:56:13] step 13750/25869 | avg train loss 1.1256 top1 0.8296 top5 0.9762
    [13:56:46] step 13800/25869 | avg train loss 1.1249 top1 0.8299 top5 0.9763
    [13:57:18] step 13850/25869 | avg train loss 1.1247 top1 0.8300 top5 0.9764
    [13:57:50] step 13900/25869 | avg train loss 1.1245 top1 0.8300 top5 0.9764
    [13:58:23] step 13950/25869 | avg train loss 1.1246 top1 0.8300 top5 0.9763
    [13:58:55] step 14000/25869 | avg train loss 1.1243 top1 0.8300 top5 0.9764
    [13:59:27] step 14050/25869 | avg train loss 1.1242 top1 0.8300 top5 0.9764
    [13:59:59] step 14100/25869 | avg train loss 1.1240 top1 0.8301 top5 0.9765
    [14:00:32] step 14150/25869 | avg train loss 1.1242 top1 0.8299 top5 0.9765
    [14:01:04] step 14200/25869 | avg train loss 1.1242 top1 0.8299 top5 0.9764
    [14:01:37] step 14250/25869 | avg train loss 1.1236 top1 0.8301 top5 0.9765
    [14:02:09] step 14300/25869 | avg train loss 1.1238 top1 0.8301 top5 0.9765
    [14:02:41] step 14350/25869 | avg train loss 1.1234 top1 0.8302 top5 0.9765
    [14:03:13] step 14400/25869 | avg train loss 1.1235 top1 0.8302 top5 0.9765
    [14:03:46] step 14450/25869 | avg train loss 1.1231 top1 0.8303 top5 0.9766
    [14:04:18] step 14500/25869 | avg train loss 1.1231 top1 0.8304 top5 0.9766
    [14:04:50] step 14550/25869 | avg train loss 1.1227 top1 0.8305 top5 0.9766
    [14:05:23] step 14600/25869 | avg train loss 1.1227 top1 0.8307 top5 0.9766
    [14:05:55] step 14650/25869 | avg train loss 1.1223 top1 0.8307 top5 0.9767
    [14:06:27] step 14700/25869 | avg train loss 1.1228 top1 0.8304 top5 0.9765
    [14:06:59] step 14750/25869 | avg train loss 1.1229 top1 0.8303 top5 0.9765
    [14:07:32] step 14800/25869 | avg train loss 1.1229 top1 0.8303 top5 0.9765
    [14:08:04] step 14850/25869 | avg train loss 1.1231 top1 0.8302 top5 0.9766
    [14:08:36] step 14900/25869 | avg train loss 1.1230 top1 0.8303 top5 0.9766
    [14:09:09] step 14950/25869 | avg train loss 1.1229 top1 0.8304 top5 0.9767
    [14:09:41] step 15000/25869 | avg train loss 1.1232 top1 0.8304 top5 0.9765
    [14:10:13] step 15050/25869 | avg train loss 1.1234 top1 0.8303 top5 0.9765
    [14:10:46] step 15100/25869 | avg train loss 1.1236 top1 0.8300 top5 0.9765
    [14:11:18] step 15150/25869 | avg train loss 1.1234 top1 0.8301 top5 0.9764
    [14:11:50] step 15200/25869 | avg train loss 1.1232 top1 0.8303 top5 0.9764
    [14:12:22] step 15250/25869 | avg train loss 1.1237 top1 0.8301 top5 0.9764
    [14:12:55] step 15300/25869 | avg train loss 1.1239 top1 0.8300 top5 0.9763
    [14:13:27] step 15350/25869 | avg train loss 1.1238 top1 0.8300 top5 0.9763
    [14:13:59] step 15400/25869 | avg train loss 1.1239 top1 0.8299 top5 0.9764
    [14:14:32] step 15450/25869 | avg train loss 1.1237 top1 0.8299 top5 0.9764
    [14:15:04] step 15500/25869 | avg train loss 1.1236 top1 0.8299 top5 0.9765
    [14:15:36] step 15550/25869 | avg train loss 1.1234 top1 0.8300 top5 0.9765
    [14:16:09] step 15600/25869 | avg train loss 1.1238 top1 0.8299 top5 0.9766
    [14:16:41] step 15650/25869 | avg train loss 1.1238 top1 0.8299 top5 0.9766
    [14:17:13] step 15700/25869 | avg train loss 1.1235 top1 0.8300 top5 0.9767
    [14:17:45] step 15750/25869 | avg train loss 1.1239 top1 0.8299 top5 0.9766
    [14:18:18] step 15800/25869 | avg train loss 1.1236 top1 0.8300 top5 0.9767
    [14:18:50] step 15850/25869 | avg train loss 1.1237 top1 0.8298 top5 0.9767
    [14:19:22] step 15900/25869 | avg train loss 1.1234 top1 0.8298 top5 0.9767
    [14:19:55] step 15950/25869 | avg train loss 1.1233 top1 0.8298 top5 0.9767
    [14:20:27] step 16000/25869 | avg train loss 1.1231 top1 0.8300 top5 0.9767
    [14:20:59] step 16050/25869 | avg train loss 1.1227 top1 0.8302 top5 0.9768
    [14:21:32] step 16100/25869 | avg train loss 1.1226 top1 0.8302 top5 0.9767
    [14:22:04] step 16150/25869 | avg train loss 1.1224 top1 0.8302 top5 0.9767
    [14:22:36] step 16200/25869 | avg train loss 1.1227 top1 0.8302 top5 0.9767
    [14:23:09] step 16250/25869 | avg train loss 1.1227 top1 0.8301 top5 0.9767
    [14:23:41] step 16300/25869 | avg train loss 1.1232 top1 0.8299 top5 0.9766
    [14:24:13] step 16350/25869 | avg train loss 1.1230 top1 0.8301 top5 0.9766
    [14:24:45] step 16400/25869 | avg train loss 1.1233 top1 0.8300 top5 0.9766
    [14:25:18] step 16450/25869 | avg train loss 1.1233 top1 0.8299 top5 0.9766
    [14:25:50] step 16500/25869 | avg train loss 1.1231 top1 0.8298 top5 0.9766
    [14:26:22] step 16550/25869 | avg train loss 1.1227 top1 0.8301 top5 0.9766
    [14:26:55] step 16600/25869 | avg train loss 1.1227 top1 0.8302 top5 0.9766
    [14:27:27] step 16650/25869 | avg train loss 1.1226 top1 0.8302 top5 0.9766
    [14:27:59] step 16700/25869 | avg train loss 1.1228 top1 0.8300 top5 0.9766
    [14:28:32] step 16750/25869 | avg train loss 1.1225 top1 0.8301 top5 0.9766
    [14:29:04] step 16800/25869 | avg train loss 1.1224 top1 0.8301 top5 0.9766
    [14:29:36] step 16850/25869 | avg train loss 1.1225 top1 0.8300 top5 0.9765
    [14:30:09] step 16900/25869 | avg train loss 1.1225 top1 0.8300 top5 0.9765
    [14:30:41] step 16950/25869 | avg train loss 1.1221 top1 0.8301 top5 0.9765
    [14:31:13] step 17000/25869 | avg train loss 1.1221 top1 0.8301 top5 0.9765
    [14:31:45] step 17050/25869 | avg train loss 1.1223 top1 0.8301 top5 0.9765
    [14:32:18] step 17100/25869 | avg train loss 1.1229 top1 0.8299 top5 0.9764
    [14:32:50] step 17150/25869 | avg train loss 1.1230 top1 0.8299 top5 0.9764
    [14:33:22] step 17200/25869 | avg train loss 1.1228 top1 0.8300 top5 0.9764
    [14:33:55] step 17250/25869 | avg train loss 1.1229 top1 0.8299 top5 0.9764
    [14:34:27] step 17300/25869 | avg train loss 1.1227 top1 0.8300 top5 0.9764
    [14:34:59] step 17350/25869 | avg train loss 1.1223 top1 0.8302 top5 0.9765
    [14:35:32] step 17400/25869 | avg train loss 1.1222 top1 0.8302 top5 0.9765
    [14:36:04] step 17450/25869 | avg train loss 1.1223 top1 0.8302 top5 0.9765
    [14:36:36] step 17500/25869 | avg train loss 1.1224 top1 0.8301 top5 0.9765
    [14:37:09] step 17550/25869 | avg train loss 1.1223 top1 0.8301 top5 0.9766
    [14:37:41] step 17600/25869 | avg train loss 1.1224 top1 0.8300 top5 0.9765
    [14:38:13] step 17650/25869 | avg train loss 1.1222 top1 0.8301 top5 0.9766
    [14:38:45] step 17700/25869 | avg train loss 1.1224 top1 0.8300 top5 0.9766
    [14:39:18] step 17750/25869 | avg train loss 1.1226 top1 0.8299 top5 0.9765
    [14:39:50] step 17800/25869 | avg train loss 1.1224 top1 0.8300 top5 0.9766
    [14:40:23] step 17850/25869 | avg train loss 1.1220 top1 0.8303 top5 0.9766
    [14:40:55] step 17900/25869 | avg train loss 1.1217 top1 0.8304 top5 0.9767
    [14:41:27] step 17950/25869 | avg train loss 1.1217 top1 0.8305 top5 0.9766
    [14:41:59] step 18000/25869 | avg train loss 1.1215 top1 0.8306 top5 0.9766
    [14:42:32] step 18050/25869 | avg train loss 1.1215 top1 0.8305 top5 0.9766
    [14:43:04] step 18100/25869 | avg train loss 1.1215 top1 0.8306 top5 0.9766
    [14:43:36] step 18150/25869 | avg train loss 1.1212 top1 0.8306 top5 0.9766
    [14:44:09] step 18200/25869 | avg train loss 1.1209 top1 0.8307 top5 0.9766
    [14:44:41] step 18250/25869 | avg train loss 1.1209 top1 0.8307 top5 0.9766
    [14:45:13] step 18300/25869 | avg train loss 1.1207 top1 0.8307 top5 0.9766
    [14:45:46] step 18350/25869 | avg train loss 1.1205 top1 0.8308 top5 0.9766
    [14:46:18] step 18400/25869 | avg train loss 1.1207 top1 0.8307 top5 0.9767
    [14:46:50] step 18450/25869 | avg train loss 1.1203 top1 0.8309 top5 0.9767
    [14:47:23] step 18500/25869 | avg train loss 1.1199 top1 0.8311 top5 0.9767
    [14:47:55] step 18550/25869 | avg train loss 1.1197 top1 0.8312 top5 0.9767
    [14:48:27] step 18600/25869 | avg train loss 1.1194 top1 0.8313 top5 0.9767
    [14:48:59] step 18650/25869 | avg train loss 1.1195 top1 0.8313 top5 0.9768
    [14:49:32] step 18700/25869 | avg train loss 1.1192 top1 0.8314 top5 0.9768
    [14:50:04] step 18750/25869 | avg train loss 1.1192 top1 0.8315 top5 0.9768
    [14:50:36] step 18800/25869 | avg train loss 1.1189 top1 0.8316 top5 0.9768
    [14:51:09] step 18850/25869 | avg train loss 1.1189 top1 0.8316 top5 0.9768
    [14:51:41] step 18900/25869 | avg train loss 1.1190 top1 0.8314 top5 0.9768
    [14:52:13] step 18950/25869 | avg train loss 1.1189 top1 0.8314 top5 0.9768
    [14:52:46] step 19000/25869 | avg train loss 1.1188 top1 0.8314 top5 0.9768
    [14:53:18] step 19050/25869 | avg train loss 1.1183 top1 0.8316 top5 0.9769
    [14:53:50] step 19100/25869 | avg train loss 1.1184 top1 0.8316 top5 0.9768
    [14:54:23] step 19150/25869 | avg train loss 1.1184 top1 0.8314 top5 0.9768
    [14:54:55] step 19200/25869 | avg train loss 1.1182 top1 0.8315 top5 0.9769
    [14:55:27] step 19250/25869 | avg train loss 1.1180 top1 0.8316 top5 0.9769
    [14:55:59] step 19300/25869 | avg train loss 1.1179 top1 0.8316 top5 0.9769
    [14:56:32] step 19350/25869 | avg train loss 1.1178 top1 0.8316 top5 0.9770
    [14:57:04] step 19400/25869 | avg train loss 1.1181 top1 0.8315 top5 0.9770
    [14:57:37] step 19450/25869 | avg train loss 1.1183 top1 0.8314 top5 0.9769
    [14:58:09] step 19500/25869 | avg train loss 1.1181 top1 0.8314 top5 0.9769
    [14:58:41] step 19550/25869 | avg train loss 1.1180 top1 0.8315 top5 0.9770
    [14:59:13] step 19600/25869 | avg train loss 1.1181 top1 0.8315 top5 0.9769
    [14:59:46] step 19650/25869 | avg train loss 1.1178 top1 0.8316 top5 0.9770
    [15:00:18] step 19700/25869 | avg train loss 1.1182 top1 0.8314 top5 0.9770
    [15:00:50] step 19750/25869 | avg train loss 1.1184 top1 0.8314 top5 0.9769
    [15:01:23] step 19800/25869 | avg train loss 1.1185 top1 0.8314 top5 0.9769
    [15:01:55] step 19850/25869 | avg train loss 1.1184 top1 0.8315 top5 0.9769
    [15:02:27] step 19900/25869 | avg train loss 1.1184 top1 0.8315 top5 0.9769
    [15:03:00] step 19950/25869 | avg train loss 1.1186 top1 0.8313 top5 0.9768
    [15:03:32] step 20000/25869 | avg train loss 1.1186 top1 0.8314 top5 0.9768
    [15:04:04] step 20050/25869 | avg train loss 1.1187 top1 0.8314 top5 0.9769
    [15:04:37] step 20100/25869 | avg train loss 1.1189 top1 0.8314 top5 0.9768
    [15:05:09] step 20150/25869 | avg train loss 1.1187 top1 0.8314 top5 0.9768
    [15:05:41] step 20200/25869 | avg train loss 1.1186 top1 0.8314 top5 0.9768
    [15:06:13] step 20250/25869 | avg train loss 1.1185 top1 0.8316 top5 0.9768
    [15:06:46] step 20300/25869 | avg train loss 1.1184 top1 0.8316 top5 0.9768
    [15:07:18] step 20350/25869 | avg train loss 1.1187 top1 0.8314 top5 0.9768
    [15:07:50] step 20400/25869 | avg train loss 1.1182 top1 0.8316 top5 0.9768
    [15:08:23] step 20450/25869 | avg train loss 1.1183 top1 0.8316 top5 0.9769
    [15:08:55] step 20500/25869 | avg train loss 1.1183 top1 0.8315 top5 0.9769
    [15:09:27] step 20550/25869 | avg train loss 1.1184 top1 0.8315 top5 0.9769
    [15:10:00] step 20600/25869 | avg train loss 1.1182 top1 0.8317 top5 0.9769
    [15:10:32] step 20650/25869 | avg train loss 1.1181 top1 0.8317 top5 0.9768
    [15:11:04] step 20700/25869 | avg train loss 1.1180 top1 0.8317 top5 0.9768
    [15:11:37] step 20750/25869 | avg train loss 1.1181 top1 0.8317 top5 0.9768
    [15:12:09] step 20800/25869 | avg train loss 1.1180 top1 0.8317 top5 0.9769
    [15:12:41] step 20850/25869 | avg train loss 1.1180 top1 0.8317 top5 0.9768
    [15:13:14] step 20900/25869 | avg train loss 1.1181 top1 0.8317 top5 0.9768
    [15:13:46] step 20950/25869 | avg train loss 1.1182 top1 0.8316 top5 0.9768
    [15:14:18] step 21000/25869 | avg train loss 1.1179 top1 0.8317 top5 0.9769
    [15:14:51] step 21050/25869 | avg train loss 1.1178 top1 0.8318 top5 0.9769
    [15:15:23] step 21100/25869 | avg train loss 1.1178 top1 0.8318 top5 0.9768
    [15:15:55] step 21150/25869 | avg train loss 1.1175 top1 0.8320 top5 0.9769
    [15:16:27] step 21200/25869 | avg train loss 1.1177 top1 0.8320 top5 0.9768
    [15:17:00] step 21250/25869 | avg train loss 1.1173 top1 0.8321 top5 0.9769
    [15:17:32] step 21300/25869 | avg train loss 1.1174 top1 0.8321 top5 0.9769
    [15:18:05] step 21350/25869 | avg train loss 1.1172 top1 0.8322 top5 0.9770
    [15:18:37] step 21400/25869 | avg train loss 1.1168 top1 0.8323 top5 0.9770
    [15:19:09] step 21450/25869 | avg train loss 1.1166 top1 0.8324 top5 0.9770
    [15:19:41] step 21500/25869 | avg train loss 1.1165 top1 0.8325 top5 0.9770
    [15:20:14] step 21550/25869 | avg train loss 1.1166 top1 0.8325 top5 0.9771
    [15:20:46] step 21600/25869 | avg train loss 1.1164 top1 0.8325 top5 0.9771
    [15:21:19] step 21650/25869 | avg train loss 1.1167 top1 0.8324 top5 0.9771
    [15:21:51] step 21700/25869 | avg train loss 1.1167 top1 0.8323 top5 0.9772
    [15:22:23] step 21750/25869 | avg train loss 1.1162 top1 0.8325 top5 0.9772
    [15:22:55] step 21800/25869 | avg train loss 1.1161 top1 0.8325 top5 0.9772
    [15:23:28] step 21850/25869 | avg train loss 1.1159 top1 0.8326 top5 0.9773
    [15:24:00] step 21900/25869 | avg train loss 1.1157 top1 0.8327 top5 0.9773
    [15:24:32] step 21950/25869 | avg train loss 1.1157 top1 0.8327 top5 0.9773
    [15:25:05] step 22000/25869 | avg train loss 1.1157 top1 0.8327 top5 0.9773
    [15:25:37] step 22050/25869 | avg train loss 1.1157 top1 0.8327 top5 0.9773
    [15:26:09] step 22100/25869 | avg train loss 1.1156 top1 0.8328 top5 0.9772
    [15:26:42] step 22150/25869 | avg train loss 1.1155 top1 0.8329 top5 0.9772
    [15:27:14] step 22200/25869 | avg train loss 1.1151 top1 0.8330 top5 0.9773
    [15:27:46] step 22250/25869 | avg train loss 1.1152 top1 0.8331 top5 0.9772
    [15:28:19] step 22300/25869 | avg train loss 1.1151 top1 0.8331 top5 0.9773
    [15:28:51] step 22350/25869 | avg train loss 1.1152 top1 0.8330 top5 0.9773
    [15:29:23] step 22400/25869 | avg train loss 1.1148 top1 0.8332 top5 0.9774
    [15:29:56] step 22450/25869 | avg train loss 1.1146 top1 0.8333 top5 0.9774
    [15:30:28] step 22500/25869 | avg train loss 1.1149 top1 0.8331 top5 0.9774
    [15:31:00] step 22550/25869 | avg train loss 1.1147 top1 0.8332 top5 0.9774
    [15:31:33] step 22600/25869 | avg train loss 1.1144 top1 0.8333 top5 0.9774
    [15:32:05] step 22650/25869 | avg train loss 1.1143 top1 0.8333 top5 0.9774
    [15:32:37] step 22700/25869 | avg train loss 1.1143 top1 0.8333 top5 0.9774
    [15:33:09] step 22750/25869 | avg train loss 1.1143 top1 0.8332 top5 0.9773
    [15:33:42] step 22800/25869 | avg train loss 1.1144 top1 0.8332 top5 0.9773
    [15:34:14] step 22850/25869 | avg train loss 1.1140 top1 0.8333 top5 0.9774
    [15:34:47] step 22900/25869 | avg train loss 1.1140 top1 0.8334 top5 0.9774
    [15:35:19] step 22950/25869 | avg train loss 1.1140 top1 0.8334 top5 0.9774
    [15:35:51] step 23000/25869 | avg train loss 1.1141 top1 0.8334 top5 0.9774
    [15:36:23] step 23050/25869 | avg train loss 1.1141 top1 0.8334 top5 0.9774
    [15:36:56] step 23100/25869 | avg train loss 1.1139 top1 0.8335 top5 0.9774
    [15:37:28] step 23150/25869 | avg train loss 1.1136 top1 0.8336 top5 0.9775
    [15:38:00] step 23200/25869 | avg train loss 1.1136 top1 0.8336 top5 0.9775
    [15:38:33] step 23250/25869 | avg train loss 1.1138 top1 0.8335 top5 0.9774
    [15:39:05] step 23300/25869 | avg train loss 1.1136 top1 0.8336 top5 0.9774
    [15:39:37] step 23350/25869 | avg train loss 1.1134 top1 0.8336 top5 0.9775
    [15:40:10] step 23400/25869 | avg train loss 1.1136 top1 0.8337 top5 0.9775
    [15:40:42] step 23450/25869 | avg train loss 1.1137 top1 0.8336 top5 0.9775
    [15:41:14] step 23500/25869 | avg train loss 1.1139 top1 0.8334 top5 0.9774
    [15:41:47] step 23550/25869 | avg train loss 1.1137 top1 0.8335 top5 0.9775
    [15:42:19] step 23600/25869 | avg train loss 1.1136 top1 0.8336 top5 0.9775
    [15:42:51] step 23650/25869 | avg train loss 1.1136 top1 0.8336 top5 0.9775
    [15:43:24] step 23700/25869 | avg train loss 1.1137 top1 0.8334 top5 0.9774
    [15:43:56] step 23750/25869 | avg train loss 1.1136 top1 0.8334 top5 0.9775
    [15:44:28] step 23800/25869 | avg train loss 1.1137 top1 0.8334 top5 0.9775
    [15:45:01] step 23850/25869 | avg train loss 1.1139 top1 0.8333 top5 0.9774
    [15:45:33] step 23900/25869 | avg train loss 1.1141 top1 0.8333 top5 0.9774
    [15:46:05] step 23950/25869 | avg train loss 1.1139 top1 0.8334 top5 0.9774
    [15:46:38] step 24000/25869 | avg train loss 1.1140 top1 0.8334 top5 0.9774
    [15:47:10] step 24050/25869 | avg train loss 1.1139 top1 0.8334 top5 0.9774
    [15:47:42] step 24100/25869 | avg train loss 1.1138 top1 0.8333 top5 0.9775
    [15:48:15] step 24150/25869 | avg train loss 1.1135 top1 0.8335 top5 0.9775
    [15:48:47] step 24200/25869 | avg train loss 1.1135 top1 0.8334 top5 0.9775
    [15:49:19] step 24250/25869 | avg train loss 1.1135 top1 0.8334 top5 0.9775
    [15:49:52] step 24300/25869 | avg train loss 1.1132 top1 0.8335 top5 0.9775
    [15:50:24] step 24350/25869 | avg train loss 1.1130 top1 0.8336 top5 0.9775
    [15:50:56] step 24400/25869 | avg train loss 1.1128 top1 0.8336 top5 0.9776
    [15:51:29] step 24450/25869 | avg train loss 1.1127 top1 0.8337 top5 0.9776
    [15:52:01] step 24500/25869 | avg train loss 1.1126 top1 0.8337 top5 0.9776
    [15:52:33] step 24550/25869 | avg train loss 1.1129 top1 0.8336 top5 0.9775
    [15:53:06] step 24600/25869 | avg train loss 1.1130 top1 0.8336 top5 0.9775
    [15:53:38] step 24650/25869 | avg train loss 1.1129 top1 0.8335 top5 0.9775
    [15:54:10] step 24700/25869 | avg train loss 1.1130 top1 0.8335 top5 0.9776
    [15:54:43] step 24750/25869 | avg train loss 1.1128 top1 0.8336 top5 0.9776
    [15:55:15] step 24800/25869 | avg train loss 1.1129 top1 0.8337 top5 0.9775
    [15:55:47] step 24850/25869 | avg train loss 1.1127 top1 0.8337 top5 0.9776
    [15:56:20] step 24900/25869 | avg train loss 1.1126 top1 0.8338 top5 0.9776
    [15:56:52] step 24950/25869 | avg train loss 1.1126 top1 0.8337 top5 0.9776
    [15:57:24] step 25000/25869 | avg train loss 1.1127 top1 0.8336 top5 0.9776
    [15:57:57] step 25050/25869 | avg train loss 1.1131 top1 0.8334 top5 0.9775
    [15:58:29] step 25100/25869 | avg train loss 1.1130 top1 0.8334 top5 0.9775
    [15:59:01] step 25150/25869 | avg train loss 1.1128 top1 0.8335 top5 0.9776
    [15:59:34] step 25200/25869 | avg train loss 1.1129 top1 0.8334 top5 0.9776
    [16:00:06] step 25250/25869 | avg train loss 1.1129 top1 0.8334 top5 0.9776
    [16:00:38] step 25300/25869 | avg train loss 1.1129 top1 0.8334 top5 0.9776
    [16:01:11] step 25350/25869 | avg train loss 1.1130 top1 0.8334 top5 0.9776
    [16:01:43] step 25400/25869 | avg train loss 1.1129 top1 0.8335 top5 0.9777
    [16:02:15] step 25450/25869 | avg train loss 1.1129 top1 0.8335 top5 0.9776
    [16:02:48] step 25500/25869 | avg train loss 1.1128 top1 0.8335 top5 0.9776
    [16:03:20] step 25550/25869 | avg train loss 1.1128 top1 0.8335 top5 0.9777
    [16:03:52] step 25600/25869 | avg train loss 1.1129 top1 0.8336 top5 0.9777
    [16:04:25] step 25650/25869 | avg train loss 1.1128 top1 0.8335 top5 0.9777
    [16:04:57] step 25700/25869 | avg train loss 1.1129 top1 0.8335 top5 0.9777
    [16:05:29] step 25750/25869 | avg train loss 1.1127 top1 0.8335 top5 0.9777
    [16:06:01] step 25800/25869 | avg train loss 1.1126 top1 0.8335 top5 0.9777
    [16:06:34] step 25850/25869 | avg train loss 1.1123 top1 0.8336 top5 0.9778
    [16:06:46] step 25869/25869 | avg train loss 1.1123 top1 0.8336 top5 0.9778
[2026-05-24T16:30:11] Epoch 1/1 | train loss 1.1123 top1 0.8336 | val loss 0.7816 top1 0.7837 top5 0.9660 | ema val top1 0.7890 top5 0.9646
  Saved new best checkpoint (ema): /Data/thomas.turkieh/smth2smth/checkpoints/track_b/ssv2ft_dora16_mlp_fulltrain1e.pt (val top1=0.7890)
[cuda] cache emptied (run-end). Free: 18.27 / 23.54 GiB
Done. Best val top1: 0.7890. Checkpoint: /Data/thomas.turkieh/smth2smth/checkpoints/track_b/ssv2ft_dora16_mlp_fulltrain1e.pt
[chain] 2026-05-24T16:30:14+02:00 train done; starting submit (no TTA: 1 segment, 1 crop)
model:
  name: vjepa2_ssv2ft
  pretrained: true
  num_classes: ${num_classes}
  hf_repo: facebook/vjepa2-vitl-fpc16-256-ssv2
  head_type: attentive
  head_num_heads: 8
  head_num_queries: 1
  head_dropout: 0.0
  lora_enabled: true
  lora_r: 16
  lora_alpha: 32
  lora_dropout: 0.05
  lora_target_modules:
  - query
  - key
  - value
  - proj
  - fc1
  - fc2
  freeze_backbone: true
  attn_implementation: sdpa
  init_head_from_ssv2: true
  dora_enabled: true
dataset:
  root: ${hydra:runtime.cwd}/data
  train_dir: ${dataset.root}/train
  val_dir: ${dataset.root}/val
  test_dir: ${dataset.root}/test
  augmented_dirs: []
  test_manifest: null
  submission_output: ${hydra:runtime.cwd}/submissions/track_b_ssv2ft_dora16_mlp_fulltrain1e_notta_20260524.csv
  num_frames: 16
  frame_upsample_mode: cycle
  val_ratio: 0.2
  use_official_val: true
  include_val_in_train: true
  official_val_holdout_ratio: 0.0
  seed: ${seed}
  use_extra: false
  train_extra_dir: ${dataset.root}/train_extra
  max_samples: null
  max_samples_per_class: null
  image_size: 256
  time_reversal_prob: 0.0
  temporal_reversal_augment:
    enabled: false
    prob: 0.5
  class_boosting:
    enabled: false
training:
  batch_size: 2
  lr: 5.0e-05
  epochs: 1
  num_workers: 2
  checkpoint_path: checkpoints/track_b/ssv2ft_dora16_mlp_fulltrain1e.pt
  resume_from: checkpoints/track_b/ssv2ft_dora16_mlp_best.pt
  lora_lr: 1.0e-05
  lora_lr_ratio: 0.25
  motion_lr: null
  motion_lr_ratio: null
  resume_apply_cfg_lr: true
  amp: true
  device: cuda
  optimizer: adamw
  momentum: 0.9
  nesterov: false
  weight_decay: 0.05
  scheduler_cosine: true
  warmup_epochs: 0
  min_lr: 1.0e-06
  label_smoothing: 0.1
  videomix_alpha: 0.0
  videomix_prob: 1.0
  videomix_mode: cube_cutmix
  videomix_mixup_alpha: null
  videomix_cutmix_alpha: null
  videomix_switch_prob: 0.5
  layer_decay: null
  repeated_aug: 1
  grad_accum_steps: 1
  amp_dtype: float16
  scheduler: none
  sgdr_T0: 30
  sgdr_save_snapshots: false
  early_stopping_enabled: false
  early_stopping_patience: 10
  early_stopping_min_delta: 0.0
  log_interval_steps: 50
  ema_enabled: true
  ema_decay: 0.999
  eval_every_n_epochs: 1
  eval_ema: true
  save_last_checkpoint: true
  last_checkpoint_path: null
  resume_reset_scheduler: false
  continuation_warmup_epochs: 0
  continuation_rewarm_lr: false
  continuation_peak_lr_ratio: 0.4
  tta: false
  tta_flip: false
  tta_temporal_shift: 0
  tta_scales: null
  tta_logit_adjust: 0.0
  class_balance_sampler: none
  class_balance_loss: none
  class_balance_beta: 0.999
  wandb:
    enabled: false
    project: null
    entity: null
    name: null
    run_name: null
    tags: []
    mode: null
    log_interval_epochs: 1
  resume_reset_epoch: true
augment:
  name: none
  random_horizontal_flip: false
  random_crop: false
  crop_padding: 0
  color_jitter: false
  color_jitter_brightness: 0.0
  color_jitter_contrast: 0.0
  color_jitter_saturation: 0.0
  color_jitter_hue: 0.0
  random_grayscale: false
  random_grayscale_prob: 0.0
  gaussian_blur: false
  gaussian_blur_prob: 0.0
  gaussian_blur_radius_min: 0.1
  gaussian_blur_radius_max: 2.0
pretrain:
  epochs: 100
  batch_size: 64
  lr: 0.0005
  weight_decay: 0.04
  log_interval_steps: 50
  checkpoint_path: ${hydra:runtime.cwd}/ssl_trunk.pt
  max_frames: null
  image_size: 224
  local_image_size: 96
  num_local_views: 6
  out_dim: 4096
  hidden_dim: 2048
  bottleneck_dim: 256
  n_layers: 3
  teacher_temp: 0.04
  student_temp: 0.1
  center_momentum: 0.9
  teacher_momentum_base: 0.996
  teacher_momentum_final: 1.0
test:
  num_segment: 1
  num_crop: 1
  flip_tta: false
track:
  name: b
  description: 'Open-world track: pretrained backbone allowed.'
num_classes: 33
seed: 42

[2026-05-24 16:30:19,536][httpx][INFO] - HTTP Request: HEAD https://huggingface.co/facebook/vjepa2-vitl-fpc16-256-ssv2/resolve/main/config.json "HTTP/1.1 307 Temporary Redirect"
Warning: You are sending unauthenticated requests to the HF Hub. Please set a HF_TOKEN to enable higher rate limits and faster downloads.
[2026-05-24 16:30:19,538][huggingface_hub.utils._http][WARNING] - Warning: You are sending unauthenticated requests to the HF Hub. Please set a HF_TOKEN to enable higher rate limits and faster downloads.
[2026-05-24 16:30:19,543][httpx][INFO] - HTTP Request: HEAD https://huggingface.co/api/resolve-cache/models/facebook/vjepa2-vitl-fpc16-256-ssv2/4aa02df83918538fc21cfaf576382fa20e489a80/config.json "HTTP/1.1 200 OK"
[2026-05-24 16:30:19,656][httpx][INFO] - HTTP Request: HEAD https://huggingface.co/facebook/vjepa2-vitl-fpc16-256-ssv2/resolve/main/config.json "HTTP/1.1 307 Temporary Redirect"
[2026-05-24 16:30:19,662][httpx][INFO] - HTTP Request: HEAD https://huggingface.co/api/resolve-cache/models/facebook/vjepa2-vitl-fpc16-256-ssv2/4aa02df83918538fc21cfaf576382fa20e489a80/config.json "HTTP/1.1 200 OK"
[2026-05-24 16:30:19,775][httpx][INFO] - HTTP Request: HEAD https://huggingface.co/facebook/vjepa2-vitl-fpc16-256-ssv2/resolve/main/model.safetensors "HTTP/1.1 302 Found"
Loading weights:   0%|          | 0/652 [00:00<?, ?it/s]Loading weights: 100%|██████████| 652/652 [00:00<00:00, 16480.37it/s]
[map] prefix-matched our class 015 ('015_Pretending_to_pour_something_out_of_something_but_something_') to SSv2 idx 70 ('Pretending to pour [something] out of [something], but [something] is empty')
[ssv2ft] head-slice: resolved 32/33 local class indices (32 folder matches)
Indexing video folders under: /Data/thomas.turkieh/smth2smth/data/test
Found 6913 test videos.
[submit] masking 1 never-trained class index/indices: [27]
[submit] inference autocast fp16 enabled (matches training.amp).
Wrote 6913 rows to /Data/thomas.turkieh/smth2smth/submissions/track_b_ssv2ft_dora16_mlp_fulltrain1e_notta_20260524.csv
[chain] 2026-05-24T16:49:07+02:00 submit done
