model:
  name: vjepa2_ssv2ft
  pretrained: true
  num_classes: ${num_classes}
  hf_repo: facebook/vjepa2-vitl-fpc16-256-ssv2
  head_type: attentive
  head_num_heads: 8
  head_num_queries: 1
  head_dropout: 0.0
  lora_enabled: true
  lora_r: 16
  lora_alpha: 32
  lora_dropout: 0.05
  lora_target_modules: null
  freeze_backbone: true
  attn_implementation: sdpa
  init_head_from_ssv2: true
dataset:
  root: ${hydra:runtime.cwd}/data
  train_dir: ${dataset.root}/train
  val_dir: ${dataset.root}/val
  test_dir: ${dataset.root}/test
  augmented_dirs: []
  test_manifest: null
  submission_output: ${hydra:runtime.cwd}/submissions/track_a.csv
  num_frames: 16
  val_ratio: 0.2
  use_official_val: true
  include_val_in_train: true
  official_val_holdout_ratio: 0.0
  seed: ${seed}
  use_extra: false
  train_extra_dir: ${dataset.root}/train_extra
  max_samples: null
  max_samples_per_class: null
  image_size: 256
  time_reversal_prob: 0.0
  temporal_reversal_augment:
    enabled: false
    prob: 0.5
  class_boosting:
    enabled: false
training:
  batch_size: 4
  lr: 5.0e-05
  epochs: 6
  num_workers: 2
  checkpoint_path: checkpoints/track_b/ssv2ft_lora16f_fulltrain2e.pt
  resume_from: checkpoints/track_b/ssv2ft_lora16f.pt
  lora_lr: 1.0e-05
  lora_lr_ratio: 0.25
  motion_lr: null
  motion_lr_ratio: null
  resume_apply_cfg_lr: true
  amp: true
  device: cuda
  optimizer: adamw
  momentum: 0.9
  nesterov: false
  weight_decay: 0.05
  scheduler_cosine: true
  warmup_epochs: 0
  min_lr: 1.0e-06
  label_smoothing: 0.1
  videomix_alpha: 0.0
  videomix_prob: 1.0
  videomix_mode: cube_cutmix
  videomix_mixup_alpha: null
  videomix_cutmix_alpha: null
  videomix_switch_prob: 0.5
  layer_decay: null
  repeated_aug: 1
  grad_accum_steps: 1
  amp_dtype: float16
  scheduler: none
  sgdr_T0: 30
  sgdr_save_snapshots: false
  early_stopping_enabled: false
  early_stopping_patience: 10
  early_stopping_min_delta: 0.0
  log_interval_steps: 50
  ema_enabled: true
  ema_decay: 0.999
  eval_every_n_epochs: 1
  eval_ema: true
  save_last_checkpoint: true
  last_checkpoint_path: null
  resume_reset_scheduler: false
  continuation_warmup_epochs: 0
  continuation_rewarm_lr: false
  continuation_peak_lr_ratio: 0.4
  tta: false
  tta_flip: false
  tta_temporal_shift: 0
  tta_scales:
  - 0.875
  - 1.0
  - 1.125
  tta_logit_adjust: 0.0
  class_balance_sampler: none
  class_balance_loss: none
  class_balance_beta: 0.999
augment:
  name: none
  random_horizontal_flip: false
  random_crop: false
  crop_padding: 0
  color_jitter: false
  color_jitter_brightness: 0.0
  color_jitter_contrast: 0.0
  color_jitter_saturation: 0.0
  color_jitter_hue: 0.0
  random_grayscale: false
  random_grayscale_prob: 0.0
  gaussian_blur: false
  gaussian_blur_prob: 0.0
  gaussian_blur_radius_min: 0.1
  gaussian_blur_radius_max: 2.0
pretrain:
  epochs: 100
  batch_size: 64
  lr: 0.0005
  weight_decay: 0.04
  log_interval_steps: 50
  checkpoint_path: ${hydra:runtime.cwd}/ssl_trunk.pt
  max_frames: null
  image_size: 224
  local_image_size: 96
  num_local_views: 6
  out_dim: 4096
  hidden_dim: 2048
  bottleneck_dim: 256
  n_layers: 3
  teacher_temp: 0.04
  student_temp: 0.1
  center_momentum: 0.9
  teacher_momentum_base: 0.996
  teacher_momentum_final: 1.0
test:
  num_segment: 2
  num_crop: 3
  flip_tta: false
track:
  name: a
  description: 'Closed-world track: train from scratch.'
num_classes: 33
seed: 42

[cuda] cache emptied (run-start). Free: 23.15 / 23.54 GiB
[data] use_official_val=true: train=51738 (train_dir=44993 + val_dir=6745), val=6745 (from /Data/thomas.turkieh/smth2smth/data/val)
[2026-05-23 16:51:19,825][httpx][INFO] - HTTP Request: HEAD https://huggingface.co/facebook/vjepa2-vitl-fpc16-256-ssv2/resolve/main/config.json "HTTP/1.1 307 Temporary Redirect"
[2026-05-23 16:51:19,831][httpx][INFO] - HTTP Request: HEAD https://huggingface.co/api/resolve-cache/models/facebook/vjepa2-vitl-fpc16-256-ssv2/4aa02df83918538fc21cfaf576382fa20e489a80/config.json "HTTP/1.1 200 OK"
[2026-05-23 16:51:19,836][httpx][INFO] - HTTP Request: GET https://huggingface.co/api/resolve-cache/models/facebook/vjepa2-vitl-fpc16-256-ssv2/4aa02df83918538fc21cfaf576382fa20e489a80/config.json "HTTP/1.1 200 OK"
[2026-05-23 16:51:19,935][httpx][INFO] - HTTP Request: HEAD https://huggingface.co/facebook/vjepa2-vitl-fpc16-256-ssv2/resolve/main/adapter_config.json "HTTP/1.1 404 Not Found"
Warning: You are sending unauthenticated requests to the HF Hub. Please set a HF_TOKEN to enable higher rate limits and faster downloads.
[2026-05-23 16:51:19,935][huggingface_hub.utils._http][WARNING] - Warning: You are sending unauthenticated requests to the HF Hub. Please set a HF_TOKEN to enable higher rate limits and faster downloads.
[2026-05-23 16:51:20,037][httpx][INFO] - HTTP Request: HEAD https://huggingface.co/facebook/vjepa2-vitl-fpc16-256-ssv2/resolve/main/config.json "HTTP/1.1 307 Temporary Redirect"
[2026-05-23 16:51:20,043][httpx][INFO] - HTTP Request: HEAD https://huggingface.co/api/resolve-cache/models/facebook/vjepa2-vitl-fpc16-256-ssv2/4aa02df83918538fc21cfaf576382fa20e489a80/config.json "HTTP/1.1 200 OK"
[2026-05-23 16:51:20,148][httpx][INFO] - HTTP Request: HEAD https://huggingface.co/facebook/vjepa2-vitl-fpc16-256-ssv2/resolve/main/model.safetensors "HTTP/1.1 302 Found"
[2026-05-23 16:51:20,256][httpx][INFO] - HTTP Request: GET https://huggingface.co/api/models/facebook/vjepa2-vitl-fpc16-256-ssv2/xet-read-token/4aa02df83918538fc21cfaf576382fa20e489a80 "HTTP/1.1 200 OK"
Loading weights:   0%|          | 0/652 [00:00<?, ?it/s]Loading weights: 100%|██████████| 652/652 [00:00<00:00, 10024.80it/s]
[map] prefix-matched our class 015 ('015_Pretending_to_pour_something_out_of_something_but_something_') to SSv2 idx 70 ('Pretending to pour [something] out of [something], but [something] is empty')
[ssv2ft] head-slice: resolved 32/33 local class indices (32 folder matches)
[model] freeze_backbone ignored (only supported for video_mae_vit).
[optim] two param groups: head lr=5e-05 (n=65), lora lr=1e-05 (n=292)
[optim] trainable 53,169,185 / total 379,140,513 params (14.02%)
[amp] mixed-precision (torch.float16 + GradScaler) enabled.
[ema] enabled (decay=0.999); will eval both live and EMA each epoch.
Resuming from checkpoint: /Data/thomas.turkieh/smth2smth/checkpoints/track_b/ssv2ft_lora16f.pt
  Resumed at epoch 4/6; best val top1 so far = 0.7191
  Optimizer state restored from checkpoint.
  [resume] resume_apply_cfg_lr=true: applied cfg peak LRs; cosine scheduler will fast-forward from new bases.
/Data/thomas.turkieh/smth2smth/src/smth2smth/pipelines/train.py:1125: UserWarning: Detected call of `lr_scheduler.step()` before `optimizer.step()`. In PyTorch 1.1.0 and later, you should call them in the opposite order: `optimizer.step()` before `lr_scheduler.step()`.  Failure to do this will result in PyTorch skipping the first value of the learning rate schedule. See more details at https://pytorch.org/docs/stable/optim.html#how-to-adjust-learning-rate
  cosine_scheduler.step()
  Cosine scheduler fast-forwarded 4 step(s); resumed LR=1.325e-05
  GradScaler state restored from checkpoint.
  LR after resume: head=1.325e-05, lora=3.25e-06 (cosine will step after each train epoch).
model:
  name: vjepa2_ssv2ft
  pretrained: true
  num_classes: ${num_classes}
  hf_repo: facebook/vjepa2-vitl-fpc16-256-ssv2
  head_type: attentive
  head_num_heads: 8
  head_num_queries: 1
  head_dropout: 0.0
  lora_enabled: true
  lora_r: 16
  lora_alpha: 32
  lora_dropout: 0.05
  lora_target_modules: null
  freeze_backbone: true
  attn_implementation: sdpa
  init_head_from_ssv2: true
dataset:
  root: ${hydra:runtime.cwd}/data
  train_dir: ${dataset.root}/train
  val_dir: ${dataset.root}/val
  test_dir: ${dataset.root}/test
  augmented_dirs: []
  test_manifest: null
  submission_output: ${hydra:runtime.cwd}/submissions/track_a.csv
  num_frames: 16
  val_ratio: 0.2
  use_official_val: true
  include_val_in_train: true
  official_val_holdout_ratio: 0.0
  seed: ${seed}
  use_extra: false
  train_extra_dir: ${dataset.root}/train_extra
  max_samples: null
  max_samples_per_class: null
  image_size: 256
  time_reversal_prob: 0.0
  temporal_reversal_augment:
    enabled: false
    prob: 0.5
  class_boosting:
    enabled: false
training:
  batch_size: 4
  lr: 5.0e-05
  epochs: 2
  num_workers: 2
  checkpoint_path: checkpoints/track_b/ssv2ft_lora16f_fulltrain2e.pt
  resume_from: checkpoints/track_b/ssv2ft_lora16f.pt
  lora_lr: 1.0e-05
  lora_lr_ratio: 0.25
  motion_lr: null
  motion_lr_ratio: null
  resume_apply_cfg_lr: true
  amp: true
  device: cuda
  optimizer: adamw
  momentum: 0.9
  nesterov: false
  weight_decay: 0.05
  scheduler_cosine: true
  warmup_epochs: 0
  min_lr: 1.0e-06
  label_smoothing: 0.1
  videomix_alpha: 0.0
  videomix_prob: 1.0
  videomix_mode: cube_cutmix
  videomix_mixup_alpha: null
  videomix_cutmix_alpha: null
  videomix_switch_prob: 0.5
  layer_decay: null
  repeated_aug: 1
  grad_accum_steps: 1
  amp_dtype: float16
  scheduler: none
  sgdr_T0: 30
  sgdr_save_snapshots: false
  early_stopping_enabled: false
  early_stopping_patience: 10
  early_stopping_min_delta: 0.0
  log_interval_steps: 50
  ema_enabled: true
  ema_decay: 0.999
  eval_every_n_epochs: 1
  eval_ema: true
  save_last_checkpoint: true
  last_checkpoint_path: null
  resume_reset_scheduler: false
  continuation_warmup_epochs: 0
  continuation_rewarm_lr: false
  continuation_peak_lr_ratio: 0.4
  tta: false
  tta_flip: false
  tta_temporal_shift: 0
  tta_scales:
  - 0.875
  - 1.0
  - 1.125
  tta_logit_adjust: 0.0
  class_balance_sampler: none
  class_balance_loss: none
  class_balance_beta: 0.999
  resume_reset_epoch: true
augment:
  name: none
  random_horizontal_flip: false
  random_crop: false
  crop_padding: 0
  color_jitter: false
  color_jitter_brightness: 0.0
  color_jitter_contrast: 0.0
  color_jitter_saturation: 0.0
  color_jitter_hue: 0.0
  random_grayscale: false
  random_grayscale_prob: 0.0
  gaussian_blur: false
  gaussian_blur_prob: 0.0
  gaussian_blur_radius_min: 0.1
  gaussian_blur_radius_max: 2.0
pretrain:
  epochs: 100
  batch_size: 64
  lr: 0.0005
  weight_decay: 0.04
  log_interval_steps: 50
  checkpoint_path: ${hydra:runtime.cwd}/ssl_trunk.pt
  max_frames: null
  image_size: 224
  local_image_size: 96
  num_local_views: 6
  out_dim: 4096
  hidden_dim: 2048
  bottleneck_dim: 256
  n_layers: 3
  teacher_temp: 0.04
  student_temp: 0.1
  center_momentum: 0.9
  teacher_momentum_base: 0.996
  teacher_momentum_final: 1.0
test:
  num_segment: 2
  num_crop: 3
  flip_tta: false
track:
  name: a
  description: 'Closed-world track: train from scratch.'
num_classes: 33
seed: 42

[cuda] cache emptied (run-start). Free: 23.15 / 23.54 GiB
[data] use_official_val=true: train=51738 (train_dir=44993 + val_dir=6745), val=6745 (from /Data/thomas.turkieh/smth2smth/data/val)
[2026-05-23 16:52:11,057][httpx][INFO] - HTTP Request: HEAD https://huggingface.co/facebook/vjepa2-vitl-fpc16-256-ssv2/resolve/main/config.json "HTTP/1.1 307 Temporary Redirect"
Warning: You are sending unauthenticated requests to the HF Hub. Please set a HF_TOKEN to enable higher rate limits and faster downloads.
[2026-05-23 16:52:11,058][huggingface_hub.utils._http][WARNING] - Warning: You are sending unauthenticated requests to the HF Hub. Please set a HF_TOKEN to enable higher rate limits and faster downloads.
[2026-05-23 16:52:11,062][httpx][INFO] - HTTP Request: HEAD https://huggingface.co/api/resolve-cache/models/facebook/vjepa2-vitl-fpc16-256-ssv2/4aa02df83918538fc21cfaf576382fa20e489a80/config.json "HTTP/1.1 200 OK"
[2026-05-23 16:52:11,162][httpx][INFO] - HTTP Request: HEAD https://huggingface.co/facebook/vjepa2-vitl-fpc16-256-ssv2/resolve/main/config.json "HTTP/1.1 307 Temporary Redirect"
[2026-05-23 16:52:11,168][httpx][INFO] - HTTP Request: HEAD https://huggingface.co/api/resolve-cache/models/facebook/vjepa2-vitl-fpc16-256-ssv2/4aa02df83918538fc21cfaf576382fa20e489a80/config.json "HTTP/1.1 200 OK"
[2026-05-23 16:52:11,272][httpx][INFO] - HTTP Request: HEAD https://huggingface.co/facebook/vjepa2-vitl-fpc16-256-ssv2/resolve/main/model.safetensors "HTTP/1.1 302 Found"
Loading weights:   0%|          | 0/652 [00:00<?, ?it/s]Loading weights: 100%|██████████| 652/652 [00:00<00:00, 15002.75it/s]
[map] prefix-matched our class 015 ('015_Pretending_to_pour_something_out_of_something_but_something_') to SSv2 idx 70 ('Pretending to pour [something] out of [something], but [something] is empty')
[ssv2ft] head-slice: resolved 32/33 local class indices (32 folder matches)
[model] freeze_backbone ignored (only supported for video_mae_vit).
[optim] two param groups: head lr=5e-05 (n=65), lora lr=1e-05 (n=292)
[optim] trainable 53,169,185 / total 379,140,513 params (14.02%)
[amp] mixed-precision (torch.float16 + GradScaler) enabled.
[ema] enabled (decay=0.999); will eval both live and EMA each epoch.
Resuming from checkpoint: /Data/thomas.turkieh/smth2smth/checkpoints/track_b/ssv2ft_lora16f.pt
  Loaded weights from epoch 4; resume_reset_epoch=true -> starting at epoch 0/2 (best val reset for new split).
  Optimizer state restored from checkpoint.
  [resume] resume_apply_cfg_lr=true: applied cfg peak LRs; cosine scheduler will fast-forward from new bases.
  GradScaler state restored from checkpoint.
  LR after resume: head=5e-05, lora=1e-05 (cosine will step after each train epoch).
    [16:52:42] step 50/12935 | avg train loss 1.0320 top1 0.8500 top5 0.9800
    [16:53:10] step 100/12935 | avg train loss 0.9741 top1 0.8800 top5 0.9875
    [16:53:39] step 150/12935 | avg train loss 0.9618 top1 0.8817 top5 0.9900
    [16:54:08] step 200/12935 | avg train loss 0.9608 top1 0.8862 top5 0.9888
    [16:54:36] step 250/12935 | avg train loss 0.9478 top1 0.8920 top5 0.9910
    [16:55:05] step 300/12935 | avg train loss 0.9553 top1 0.8892 top5 0.9900
    [16:55:33] step 350/12935 | avg train loss 0.9567 top1 0.8929 top5 0.9893
    [16:56:02] step 400/12935 | avg train loss 0.9618 top1 0.8912 top5 0.9862
    [16:56:31] step 450/12935 | avg train loss 0.9642 top1 0.8911 top5 0.9861
    [16:56:59] step 500/12935 | avg train loss 0.9701 top1 0.8885 top5 0.9855
    [16:57:28] step 550/12935 | avg train loss 0.9721 top1 0.8855 top5 0.9850
    [16:57:57] step 600/12935 | avg train loss 0.9812 top1 0.8812 top5 0.9850
    [16:58:25] step 650/12935 | avg train loss 0.9782 top1 0.8838 top5 0.9854
    [16:58:54] step 700/12935 | avg train loss 0.9780 top1 0.8832 top5 0.9854
    [16:59:22] step 750/12935 | avg train loss 0.9801 top1 0.8827 top5 0.9860
    [16:59:51] step 800/12935 | avg train loss 0.9805 top1 0.8834 top5 0.9862
    [17:00:19] step 850/12935 | avg train loss 0.9786 top1 0.8835 top5 0.9859
    [17:00:48] step 900/12935 | avg train loss 0.9777 top1 0.8839 top5 0.9856
    [17:01:17] step 950/12935 | avg train loss 0.9751 top1 0.8850 top5 0.9855
    [17:01:45] step 1000/12935 | avg train loss 0.9775 top1 0.8850 top5 0.9858
    [17:02:14] step 1050/12935 | avg train loss 0.9776 top1 0.8860 top5 0.9860
    [17:02:42] step 1100/12935 | avg train loss 0.9797 top1 0.8841 top5 0.9861
    [17:03:11] step 1150/12935 | avg train loss 0.9773 top1 0.8854 top5 0.9865
    [17:03:40] step 1200/12935 | avg train loss 0.9790 top1 0.8846 top5 0.9867
    [17:04:08] step 1250/12935 | avg train loss 0.9788 top1 0.8848 top5 0.9866
    [17:04:37] step 1300/12935 | avg train loss 0.9808 top1 0.8833 top5 0.9863
    [17:05:05] step 1350/12935 | avg train loss 0.9832 top1 0.8817 top5 0.9867
    [17:05:34] step 1400/12935 | avg train loss 0.9840 top1 0.8823 top5 0.9864
    [17:06:02] step 1450/12935 | avg train loss 0.9853 top1 0.8822 top5 0.9857
    [17:06:31] step 1500/12935 | avg train loss 0.9863 top1 0.8823 top5 0.9857
    [17:07:00] step 1550/12935 | avg train loss 0.9875 top1 0.8823 top5 0.9853
    [17:07:28] step 1600/12935 | avg train loss 0.9866 top1 0.8825 top5 0.9852
    [17:07:57] step 1650/12935 | avg train loss 0.9884 top1 0.8820 top5 0.9848
    [17:08:25] step 1700/12935 | avg train loss 0.9865 top1 0.8828 top5 0.9849
    [17:08:54] step 1750/12935 | avg train loss 0.9866 top1 0.8827 top5 0.9850
    [17:09:23] step 1800/12935 | avg train loss 0.9875 top1 0.8826 top5 0.9850
    [17:09:51] step 1850/12935 | avg train loss 0.9883 top1 0.8819 top5 0.9849
    [17:10:20] step 1900/12935 | avg train loss 0.9886 top1 0.8813 top5 0.9851
    [17:10:48] step 1950/12935 | avg train loss 0.9880 top1 0.8813 top5 0.9853
    [17:11:17] step 2000/12935 | avg train loss 0.9871 top1 0.8815 top5 0.9854
    [17:11:46] step 2050/12935 | avg train loss 0.9865 top1 0.8816 top5 0.9856
    [17:12:14] step 2100/12935 | avg train loss 0.9857 top1 0.8821 top5 0.9854
    [17:12:43] step 2150/12935 | avg train loss 0.9869 top1 0.8821 top5 0.9852
    [17:13:12] step 2200/12935 | avg train loss 0.9853 top1 0.8827 top5 0.9853
    [17:13:40] step 2250/12935 | avg train loss 0.9847 top1 0.8829 top5 0.9856
    [17:14:09] step 2300/12935 | avg train loss 0.9879 top1 0.8815 top5 0.9852
    [17:14:37] step 2350/12935 | avg train loss 0.9883 top1 0.8817 top5 0.9853
    [17:15:06] step 2400/12935 | avg train loss 0.9875 top1 0.8823 top5 0.9854
    [17:15:35] step 2450/12935 | avg train loss 0.9881 top1 0.8820 top5 0.9852
    [17:16:03] step 2500/12935 | avg train loss 0.9877 top1 0.8819 top5 0.9851
    [17:16:32] step 2550/12935 | avg train loss 0.9864 top1 0.8825 top5 0.9853
    [17:17:00] step 2600/12935 | avg train loss 0.9869 top1 0.8825 top5 0.9852
    [17:17:29] step 2650/12935 | avg train loss 0.9876 top1 0.8823 top5 0.9852
    [17:17:58] step 2700/12935 | avg train loss 0.9878 top1 0.8819 top5 0.9854
    [17:18:26] step 2750/12935 | avg train loss 0.9878 top1 0.8819 top5 0.9855
    [17:18:55] step 2800/12935 | avg train loss 0.9887 top1 0.8820 top5 0.9854
    [17:19:24] step 2850/12935 | avg train loss 0.9888 top1 0.8819 top5 0.9855
    [17:19:52] step 2900/12935 | avg train loss 0.9879 top1 0.8821 top5 0.9858
    [17:20:21] step 2950/12935 | avg train loss 0.9877 top1 0.8822 top5 0.9857
    [17:20:49] step 3000/12935 | avg train loss 0.9871 top1 0.8825 top5 0.9858
    [17:21:18] step 3050/12935 | avg train loss 0.9865 top1 0.8827 top5 0.9857
    [17:21:46] step 3100/12935 | avg train loss 0.9871 top1 0.8824 top5 0.9856
    [17:22:15] step 3150/12935 | avg train loss 0.9860 top1 0.8828 top5 0.9857
    [17:22:44] step 3200/12935 | avg train loss 0.9857 top1 0.8826 top5 0.9859
    [17:23:12] step 3250/12935 | avg train loss 0.9864 top1 0.8825 top5 0.9858
    [17:23:41] step 3300/12935 | avg train loss 0.9869 top1 0.8823 top5 0.9858
    [17:24:09] step 3350/12935 | avg train loss 0.9858 top1 0.8827 top5 0.9859
    [17:24:38] step 3400/12935 | avg train loss 0.9860 top1 0.8829 top5 0.9857
    [17:25:07] step 3450/12935 | avg train loss 0.9859 top1 0.8831 top5 0.9854
    [17:25:35] step 3500/12935 | avg train loss 0.9853 top1 0.8832 top5 0.9856
    [17:26:04] step 3550/12935 | avg train loss 0.9849 top1 0.8836 top5 0.9856
    [17:26:33] step 3600/12935 | avg train loss 0.9846 top1 0.8835 top5 0.9856
    [17:27:01] step 3650/12935 | avg train loss 0.9851 top1 0.8833 top5 0.9858
    [17:27:30] step 3700/12935 | avg train loss 0.9848 top1 0.8834 top5 0.9857
    [17:27:58] step 3750/12935 | avg train loss 0.9858 top1 0.8832 top5 0.9857
    [17:28:27] step 3800/12935 | avg train loss 0.9856 top1 0.8834 top5 0.9858
    [17:28:56] step 3850/12935 | avg train loss 0.9845 top1 0.8838 top5 0.9859
    [17:29:24] step 3900/12935 | avg train loss 0.9839 top1 0.8843 top5 0.9860
    [17:29:53] step 3950/12935 | avg train loss 0.9854 top1 0.8835 top5 0.9858
    [17:30:21] step 4000/12935 | avg train loss 0.9861 top1 0.8832 top5 0.9859
    [17:30:50] step 4050/12935 | avg train loss 0.9864 top1 0.8830 top5 0.9859
    [17:31:19] step 4100/12935 | avg train loss 0.9865 top1 0.8828 top5 0.9860
    [17:31:47] step 4150/12935 | avg train loss 0.9865 top1 0.8829 top5 0.9861
    [17:32:16] step 4200/12935 | avg train loss 0.9864 top1 0.8829 top5 0.9862
    [17:32:45] step 4250/12935 | avg train loss 0.9867 top1 0.8827 top5 0.9863
    [17:33:13] step 4300/12935 | avg train loss 0.9869 top1 0.8827 top5 0.9862
    [17:33:42] step 4350/12935 | avg train loss 0.9866 top1 0.8829 top5 0.9863
    [17:34:11] step 4400/12935 | avg train loss 0.9862 top1 0.8831 top5 0.9863
    [17:34:39] step 4450/12935 | avg train loss 0.9856 top1 0.8834 top5 0.9864
    [17:35:08] step 4500/12935 | avg train loss 0.9855 top1 0.8834 top5 0.9864
    [17:35:36] step 4550/12935 | avg train loss 0.9852 top1 0.8834 top5 0.9864
    [17:36:05] step 4600/12935 | avg train loss 0.9856 top1 0.8830 top5 0.9864
    [17:36:34] step 4650/12935 | avg train loss 0.9853 top1 0.8833 top5 0.9865
    [17:37:02] step 4700/12935 | avg train loss 0.9851 top1 0.8835 top5 0.9864
    [17:37:31] step 4750/12935 | avg train loss 0.9840 top1 0.8840 top5 0.9864
    [17:37:59] step 4800/12935 | avg train loss 0.9840 top1 0.8838 top5 0.9865
    [17:38:28] step 4850/12935 | avg train loss 0.9842 top1 0.8837 top5 0.9865
    [17:38:57] step 4900/12935 | avg train loss 0.9840 top1 0.8837 top5 0.9865
    [17:39:25] step 4950/12935 | avg train loss 0.9840 top1 0.8835 top5 0.9865
    [17:39:54] step 5000/12935 | avg train loss 0.9844 top1 0.8837 top5 0.9864
    [17:40:23] step 5050/12935 | avg train loss 0.9836 top1 0.8839 top5 0.9864
    [17:40:51] step 5100/12935 | avg train loss 0.9841 top1 0.8837 top5 0.9864
    [17:41:20] step 5150/12935 | avg train loss 0.9838 top1 0.8836 top5 0.9865
    [17:41:49] step 5200/12935 | avg train loss 0.9844 top1 0.8832 top5 0.9865
    [17:42:17] step 5250/12935 | avg train loss 0.9843 top1 0.8834 top5 0.9866
    [17:42:46] step 5300/12935 | avg train loss 0.9842 top1 0.8833 top5 0.9865
    [17:43:14] step 5350/12935 | avg train loss 0.9838 top1 0.8835 top5 0.9865
    [17:43:43] step 5400/12935 | avg train loss 0.9839 top1 0.8835 top5 0.9865
    [17:44:12] step 5450/12935 | avg train loss 0.9832 top1 0.8840 top5 0.9866
    [17:44:40] step 5500/12935 | avg train loss 0.9831 top1 0.8841 top5 0.9865
    [17:45:09] step 5550/12935 | avg train loss 0.9831 top1 0.8841 top5 0.9865
    [17:45:38] step 5600/12935 | avg train loss 0.9834 top1 0.8842 top5 0.9865
    [17:46:06] step 5650/12935 | avg train loss 0.9826 top1 0.8844 top5 0.9866
    [17:46:35] step 5700/12935 | avg train loss 0.9824 top1 0.8846 top5 0.9866
    [17:47:03] step 5750/12935 | avg train loss 0.9826 top1 0.8845 top5 0.9866
    [17:47:32] step 5800/12935 | avg train loss 0.9825 top1 0.8846 top5 0.9866
    [17:48:01] step 5850/12935 | avg train loss 0.9817 top1 0.8849 top5 0.9867
    [17:48:29] step 5900/12935 | avg train loss 0.9820 top1 0.8848 top5 0.9867
    [17:48:58] step 5950/12935 | avg train loss 0.9815 top1 0.8849 top5 0.9868
    [17:49:27] step 6000/12935 | avg train loss 0.9819 top1 0.8848 top5 0.9868
    [17:49:55] step 6050/12935 | avg train loss 0.9820 top1 0.8847 top5 0.9868
    [17:50:24] step 6100/12935 | avg train loss 0.9821 top1 0.8845 top5 0.9868
    [17:50:52] step 6150/12935 | avg train loss 0.9822 top1 0.8844 top5 0.9868
    [17:51:21] step 6200/12935 | avg train loss 0.9820 top1 0.8843 top5 0.9868
    [17:51:50] step 6250/12935 | avg train loss 0.9816 top1 0.8844 top5 0.9868
    [17:52:18] step 6300/12935 | avg train loss 0.9815 top1 0.8843 top5 0.9868
    [17:52:47] step 6350/12935 | avg train loss 0.9812 top1 0.8845 top5 0.9868
    [17:53:15] step 6400/12935 | avg train loss 0.9809 top1 0.8846 top5 0.9869
    [17:53:44] step 6450/12935 | avg train loss 0.9813 top1 0.8846 top5 0.9867
    [17:54:13] step 6500/12935 | avg train loss 0.9817 top1 0.8844 top5 0.9866
    [17:54:41] step 6550/12935 | avg train loss 0.9817 top1 0.8842 top5 0.9865
    [17:55:10] step 6600/12935 | avg train loss 0.9816 top1 0.8841 top5 0.9866
    [17:55:39] step 6650/12935 | avg train loss 0.9817 top1 0.8841 top5 0.9866
    [17:56:07] step 6700/12935 | avg train loss 0.9819 top1 0.8840 top5 0.9865
    [17:56:36] step 6750/12935 | avg train loss 0.9819 top1 0.8840 top5 0.9865
    [17:57:04] step 6800/12935 | avg train loss 0.9824 top1 0.8838 top5 0.9864
    [17:57:33] step 6850/12935 | avg train loss 0.9822 top1 0.8837 top5 0.9865
    [17:58:02] step 6900/12935 | avg train loss 0.9825 top1 0.8837 top5 0.9865
    [17:58:30] step 6950/12935 | avg train loss 0.9826 top1 0.8838 top5 0.9864
    [17:58:59] step 7000/12935 | avg train loss 0.9820 top1 0.8840 top5 0.9865
    [17:59:28] step 7050/12935 | avg train loss 0.9818 top1 0.8841 top5 0.9866
    [17:59:56] step 7100/12935 | avg train loss 0.9818 top1 0.8842 top5 0.9866
    [18:00:25] step 7150/12935 | avg train loss 0.9817 top1 0.8842 top5 0.9866
    [18:00:53] step 7200/12935 | avg train loss 0.9818 top1 0.8842 top5 0.9867
    [18:01:22] step 7250/12935 | avg train loss 0.9819 top1 0.8842 top5 0.9867
    [18:01:51] step 7300/12935 | avg train loss 0.9813 top1 0.8843 top5 0.9867
    [18:02:19] step 7350/12935 | avg train loss 0.9814 top1 0.8843 top5 0.9868
    [18:02:48] step 7400/12935 | avg train loss 0.9812 top1 0.8843 top5 0.9868
    [18:03:17] step 7450/12935 | avg train loss 0.9807 top1 0.8846 top5 0.9867
    [18:03:45] step 7500/12935 | avg train loss 0.9805 top1 0.8845 top5 0.9868
    [18:04:14] step 7550/12935 | avg train loss 0.9808 top1 0.8844 top5 0.9868
    [18:04:42] step 7600/12935 | avg train loss 0.9807 top1 0.8844 top5 0.9868
    [18:05:11] step 7650/12935 | avg train loss 0.9806 top1 0.8846 top5 0.9869
    [18:05:39] step 7700/12935 | avg train loss 0.9802 top1 0.8847 top5 0.9869
    [18:06:08] step 7750/12935 | avg train loss 0.9798 top1 0.8848 top5 0.9869
    [18:06:37] step 7800/12935 | avg train loss 0.9801 top1 0.8847 top5 0.9869
    [18:07:05] step 7850/12935 | avg train loss 0.9801 top1 0.8848 top5 0.9869
    [18:07:34] step 7900/12935 | avg train loss 0.9804 top1 0.8847 top5 0.9869
    [18:08:02] step 7950/12935 | avg train loss 0.9804 top1 0.8847 top5 0.9868
    [18:08:31] step 8000/12935 | avg train loss 0.9803 top1 0.8848 top5 0.9869
    [18:09:00] step 8050/12935 | avg train loss 0.9802 top1 0.8849 top5 0.9869
    [18:09:28] step 8100/12935 | avg train loss 0.9798 top1 0.8850 top5 0.9869
    [18:09:57] step 8150/12935 | avg train loss 0.9803 top1 0.8848 top5 0.9869
    [18:10:25] step 8200/12935 | avg train loss 0.9808 top1 0.8847 top5 0.9868
    [18:10:54] step 8250/12935 | avg train loss 0.9812 top1 0.8845 top5 0.9868
    [18:11:23] step 8300/12935 | avg train loss 0.9811 top1 0.8845 top5 0.9868
    [18:11:51] step 8350/12935 | avg train loss 0.9809 top1 0.8848 top5 0.9868
    [18:12:20] step 8400/12935 | avg train loss 0.9813 top1 0.8847 top5 0.9868
    [18:12:49] step 8450/12935 | avg train loss 0.9811 top1 0.8850 top5 0.9867
    [18:13:17] step 8500/12935 | avg train loss 0.9811 top1 0.8850 top5 0.9867
    [18:13:46] step 8550/12935 | avg train loss 0.9814 top1 0.8848 top5 0.9866
    [18:14:14] step 8600/12935 | avg train loss 0.9815 top1 0.8848 top5 0.9867
    [18:14:43] step 8650/12935 | avg train loss 0.9811 top1 0.8850 top5 0.9867
    [18:15:12] step 8700/12935 | avg train loss 0.9811 top1 0.8850 top5 0.9867
    [18:15:40] step 8750/12935 | avg train loss 0.9815 top1 0.8850 top5 0.9867
    [18:16:09] step 8800/12935 | avg train loss 0.9815 top1 0.8850 top5 0.9867
    [18:16:37] step 8850/12935 | avg train loss 0.9815 top1 0.8851 top5 0.9867
    [18:17:06] step 8900/12935 | avg train loss 0.9819 top1 0.8849 top5 0.9867
    [18:17:35] step 8950/12935 | avg train loss 0.9817 top1 0.8850 top5 0.9867
    [18:18:03] step 9000/12935 | avg train loss 0.9818 top1 0.8848 top5 0.9867
    [18:18:32] step 9050/12935 | avg train loss 0.9818 top1 0.8847 top5 0.9867
    [18:19:01] step 9100/12935 | avg train loss 0.9812 top1 0.8849 top5 0.9867
    [18:19:29] step 9150/12935 | avg train loss 0.9813 top1 0.8849 top5 0.9867
    [18:19:58] step 9200/12935 | avg train loss 0.9816 top1 0.8848 top5 0.9866
    [18:20:26] step 9250/12935 | avg train loss 0.9818 top1 0.8847 top5 0.9866
    [18:20:55] step 9300/12935 | avg train loss 0.9814 top1 0.8848 top5 0.9866
    [18:21:24] step 9350/12935 | avg train loss 0.9813 top1 0.8848 top5 0.9866
    [18:21:52] step 9400/12935 | avg train loss 0.9811 top1 0.8849 top5 0.9867
    [18:22:21] step 9450/12935 | avg train loss 0.9811 top1 0.8849 top5 0.9866
    [18:22:49] step 9500/12935 | avg train loss 0.9811 top1 0.8849 top5 0.9867
    [18:23:18] step 9550/12935 | avg train loss 0.9812 top1 0.8849 top5 0.9867
    [18:23:47] step 9600/12935 | avg train loss 0.9809 top1 0.8848 top5 0.9867
    [18:24:15] step 9650/12935 | avg train loss 0.9806 top1 0.8849 top5 0.9868
    [18:24:44] step 9700/12935 | avg train loss 0.9805 top1 0.8849 top5 0.9868
    [18:25:13] step 9750/12935 | avg train loss 0.9802 top1 0.8852 top5 0.9868
    [18:25:41] step 9800/12935 | avg train loss 0.9801 top1 0.8852 top5 0.9868
    [18:26:10] step 9850/12935 | avg train loss 0.9802 top1 0.8852 top5 0.9867
    [18:26:38] step 9900/12935 | avg train loss 0.9804 top1 0.8853 top5 0.9867
    [18:27:07] step 9950/12935 | avg train loss 0.9803 top1 0.8853 top5 0.9867
    [18:27:36] step 10000/12935 | avg train loss 0.9800 top1 0.8854 top5 0.9868
    [18:28:04] step 10050/12935 | avg train loss 0.9804 top1 0.8853 top5 0.9867
    [18:28:33] step 10100/12935 | avg train loss 0.9800 top1 0.8854 top5 0.9867
    [18:29:01] step 10150/12935 | avg train loss 0.9800 top1 0.8855 top5 0.9867
    [18:29:30] step 10200/12935 | avg train loss 0.9802 top1 0.8854 top5 0.9866
    [18:29:59] step 10250/12935 | avg train loss 0.9801 top1 0.8855 top5 0.9867
    [18:30:27] step 10300/12935 | avg train loss 0.9799 top1 0.8856 top5 0.9867
    [18:30:56] step 10350/12935 | avg train loss 0.9799 top1 0.8855 top5 0.9867
    [18:31:24] step 10400/12935 | avg train loss 0.9800 top1 0.8855 top5 0.9866
    [18:31:53] step 10450/12935 | avg train loss 0.9799 top1 0.8854 top5 0.9867
    [18:32:22] step 10500/12935 | avg train loss 0.9793 top1 0.8857 top5 0.9867
    [18:32:50] step 10550/12935 | avg train loss 0.9795 top1 0.8856 top5 0.9867
    [18:33:19] step 10600/12935 | avg train loss 0.9798 top1 0.8856 top5 0.9866
    [18:33:47] step 10650/12935 | avg train loss 0.9801 top1 0.8854 top5 0.9866
    [18:34:16] step 10700/12935 | avg train loss 0.9799 top1 0.8856 top5 0.9866
    [18:34:45] step 10750/12935 | avg train loss 0.9797 top1 0.8857 top5 0.9866
    [18:35:13] step 10800/12935 | avg train loss 0.9798 top1 0.8856 top5 0.9866
    [18:35:42] step 10850/12935 | avg train loss 0.9796 top1 0.8857 top5 0.9866
    [18:36:10] step 10900/12935 | avg train loss 0.9798 top1 0.8856 top5 0.9866
    [18:36:39] step 10950/12935 | avg train loss 0.9798 top1 0.8856 top5 0.9866
    [18:37:08] step 11000/12935 | avg train loss 0.9797 top1 0.8857 top5 0.9866
    [18:37:36] step 11050/12935 | avg train loss 0.9794 top1 0.8858 top5 0.9866
    [18:38:05] step 11100/12935 | avg train loss 0.9793 top1 0.8858 top5 0.9866
    [18:38:33] step 11150/12935 | avg train loss 0.9795 top1 0.8857 top5 0.9867
    [18:39:02] step 11200/12935 | avg train loss 0.9796 top1 0.8856 top5 0.9867
    [18:39:31] step 11250/12935 | avg train loss 0.9793 top1 0.8857 top5 0.9866
    [18:40:00] step 11300/12935 | avg train loss 0.9793 top1 0.8857 top5 0.9866
    [18:40:28] step 11350/12935 | avg train loss 0.9789 top1 0.8859 top5 0.9866
    [18:40:57] step 11400/12935 | avg train loss 0.9790 top1 0.8858 top5 0.9866
    [18:41:25] step 11450/12935 | avg train loss 0.9786 top1 0.8859 top5 0.9866
    [18:41:54] step 11500/12935 | avg train loss 0.9786 top1 0.8860 top5 0.9867
    [18:42:23] step 11550/12935 | avg train loss 0.9786 top1 0.8861 top5 0.9866
    [18:42:51] step 11600/12935 | avg train loss 0.9787 top1 0.8860 top5 0.9866
    [18:43:20] step 11650/12935 | avg train loss 0.9784 top1 0.8861 top5 0.9866
    [18:43:48] step 11700/12935 | avg train loss 0.9782 top1 0.8861 top5 0.9866
    [18:44:17] step 11750/12935 | avg train loss 0.9780 top1 0.8861 top5 0.9866
    [18:44:46] step 11800/12935 | avg train loss 0.9781 top1 0.8861 top5 0.9866
    [18:45:14] step 11850/12935 | avg train loss 0.9780 top1 0.8861 top5 0.9866
    [18:45:43] step 11900/12935 | avg train loss 0.9776 top1 0.8863 top5 0.9866
    [18:46:11] step 11950/12935 | avg train loss 0.9778 top1 0.8862 top5 0.9866
    [18:46:40] step 12000/12935 | avg train loss 0.9779 top1 0.8861 top5 0.9866
    [18:47:09] step 12050/12935 | avg train loss 0.9778 top1 0.8862 top5 0.9866
    [18:47:37] step 12100/12935 | avg train loss 0.9779 top1 0.8861 top5 0.9866
    [18:48:06] step 12150/12935 | avg train loss 0.9777 top1 0.8863 top5 0.9867
    [18:48:35] step 12200/12935 | avg train loss 0.9777 top1 0.8863 top5 0.9867
    [18:49:03] step 12250/12935 | avg train loss 0.9777 top1 0.8863 top5 0.9867
    [18:49:32] step 12300/12935 | avg train loss 0.9775 top1 0.8864 top5 0.9867
    [18:50:00] step 12350/12935 | avg train loss 0.9776 top1 0.8863 top5 0.9867
    [18:50:29] step 12400/12935 | avg train loss 0.9775 top1 0.8864 top5 0.9867
    [18:50:58] step 12450/12935 | avg train loss 0.9776 top1 0.8863 top5 0.9867
    [18:51:26] step 12500/12935 | avg train loss 0.9776 top1 0.8863 top5 0.9867
    [18:51:55] step 12550/12935 | avg train loss 0.9774 top1 0.8864 top5 0.9867
    [18:52:23] step 12600/12935 | avg train loss 0.9772 top1 0.8864 top5 0.9867
    [18:52:52] step 12650/12935 | avg train loss 0.9772 top1 0.8864 top5 0.9868
    [18:53:21] step 12700/12935 | avg train loss 0.9768 top1 0.8866 top5 0.9868
    [18:53:49] step 12750/12935 | avg train loss 0.9767 top1 0.8866 top5 0.9868
    [18:54:18] step 12800/12935 | avg train loss 0.9767 top1 0.8865 top5 0.9868
    [18:54:46] step 12850/12935 | avg train loss 0.9769 top1 0.8864 top5 0.9868
    [18:55:15] step 12900/12935 | avg train loss 0.9769 top1 0.8864 top5 0.9868
    [18:55:35] step 12935/12935 | avg train loss 0.9770 top1 0.8864 top5 0.9867
[2026-05-23T19:07:52] Epoch 1/2 | train loss 0.9770 top1 0.8864 | val loss 0.7703 top1 0.7935 top5 0.9616 | ema val top1 0.7910 top5 0.9626
  Saved new best checkpoint (live): /Data/thomas.turkieh/smth2smth/checkpoints/track_b/ssv2ft_lora16f_fulltrain2e.pt (val top1=0.7935)
    [19:08:23] step 50/12935 | avg train loss 0.9364 top1 0.8850 top5 0.9850
    [19:08:52] step 100/12935 | avg train loss 0.9199 top1 0.8975 top5 0.9900
    [19:09:20] step 150/12935 | avg train loss 0.9486 top1 0.8967 top5 0.9817
    [19:09:49] step 200/12935 | avg train loss 0.9309 top1 0.9038 top5 0.9850
    [19:10:17] step 250/12935 | avg train loss 0.9211 top1 0.9080 top5 0.9870
    [19:10:46] step 300/12935 | avg train loss 0.9098 top1 0.9125 top5 0.9892
    [19:11:15] step 350/12935 | avg train loss 0.9019 top1 0.9157 top5 0.9900
    [19:11:43] step 400/12935 | avg train loss 0.9080 top1 0.9137 top5 0.9894
    [19:12:12] step 450/12935 | avg train loss 0.9084 top1 0.9122 top5 0.9906
    [19:12:41] step 500/12935 | avg train loss 0.9120 top1 0.9100 top5 0.9905
    [19:13:09] step 550/12935 | avg train loss 0.9161 top1 0.9095 top5 0.9900
    [19:13:38] step 600/12935 | avg train loss 0.9210 top1 0.9071 top5 0.9900
    [19:14:07] step 650/12935 | avg train loss 0.9189 top1 0.9085 top5 0.9908
    [19:14:35] step 700/12935 | avg train loss 0.9196 top1 0.9089 top5 0.9907
    [19:15:04] step 750/12935 | avg train loss 0.9200 top1 0.9097 top5 0.9903
    [19:15:32] step 800/12935 | avg train loss 0.9186 top1 0.9094 top5 0.9903
    [19:16:01] step 850/12935 | avg train loss 0.9166 top1 0.9103 top5 0.9903
    [19:16:30] step 900/12935 | avg train loss 0.9153 top1 0.9103 top5 0.9908
    [19:16:58] step 950/12935 | avg train loss 0.9175 top1 0.9092 top5 0.9903
    [19:17:27] step 1000/12935 | avg train loss 0.9159 top1 0.9100 top5 0.9905
    [19:17:55] step 1050/12935 | avg train loss 0.9156 top1 0.9107 top5 0.9905
    [19:18:24] step 1100/12935 | avg train loss 0.9138 top1 0.9114 top5 0.9907
    [19:18:53] step 1150/12935 | avg train loss 0.9158 top1 0.9107 top5 0.9904
    [19:19:21] step 1200/12935 | avg train loss 0.9163 top1 0.9100 top5 0.9908
    [19:19:50] step 1250/12935 | avg train loss 0.9143 top1 0.9108 top5 0.9908
    [19:20:18] step 1300/12935 | avg train loss 0.9135 top1 0.9106 top5 0.9910
    [19:20:47] step 1350/12935 | avg train loss 0.9122 top1 0.9107 top5 0.9911
    [19:21:16] step 1400/12935 | avg train loss 0.9097 top1 0.9120 top5 0.9912
    [19:21:44] step 1450/12935 | avg train loss 0.9087 top1 0.9126 top5 0.9914
    [19:22:13] step 1500/12935 | avg train loss 0.9097 top1 0.9120 top5 0.9912
    [19:22:42] step 1550/12935 | avg train loss 0.9136 top1 0.9102 top5 0.9910
    [19:23:10] step 1600/12935 | avg train loss 0.9129 top1 0.9105 top5 0.9909
    [19:23:39] step 1650/12935 | avg train loss 0.9145 top1 0.9100 top5 0.9903
    [19:24:07] step 1700/12935 | avg train loss 0.9131 top1 0.9103 top5 0.9906
    [19:24:36] step 1750/12935 | avg train loss 0.9110 top1 0.9116 top5 0.9909
    [19:25:05] step 1800/12935 | avg train loss 0.9106 top1 0.9115 top5 0.9910
    [19:25:33] step 1850/12935 | avg train loss 0.9114 top1 0.9116 top5 0.9909
    [19:26:02] step 1900/12935 | avg train loss 0.9100 top1 0.9121 top5 0.9912
    [19:26:31] step 1950/12935 | avg train loss 0.9096 top1 0.9124 top5 0.9912
    [19:26:59] step 2000/12935 | avg train loss 0.9113 top1 0.9116 top5 0.9911
    [19:27:28] step 2050/12935 | avg train loss 0.9103 top1 0.9121 top5 0.9911
    [19:27:57] step 2100/12935 | avg train loss 0.9138 top1 0.9104 top5 0.9908
    [19:28:25] step 2150/12935 | avg train loss 0.9155 top1 0.9101 top5 0.9905
    [19:28:54] step 2200/12935 | avg train loss 0.9150 top1 0.9101 top5 0.9906
    [19:29:23] step 2250/12935 | avg train loss 0.9145 top1 0.9103 top5 0.9906
    [19:29:51] step 2300/12935 | avg train loss 0.9143 top1 0.9108 top5 0.9908
    [19:30:20] step 2350/12935 | avg train loss 0.9133 top1 0.9109 top5 0.9909
    [19:30:48] step 2400/12935 | avg train loss 0.9136 top1 0.9111 top5 0.9907
    [19:31:17] step 2450/12935 | avg train loss 0.9145 top1 0.9107 top5 0.9907
    [19:31:46] step 2500/12935 | avg train loss 0.9135 top1 0.9111 top5 0.9908
    [19:32:14] step 2550/12935 | avg train loss 0.9137 top1 0.9109 top5 0.9908
    [19:32:43] step 2600/12935 | avg train loss 0.9133 top1 0.9112 top5 0.9907
    [19:33:12] step 2650/12935 | avg train loss 0.9144 top1 0.9110 top5 0.9905
    [19:33:40] step 2700/12935 | avg train loss 0.9152 top1 0.9109 top5 0.9905
    [19:34:09] step 2750/12935 | avg train loss 0.9153 top1 0.9108 top5 0.9905
    [19:34:38] step 2800/12935 | avg train loss 0.9150 top1 0.9113 top5 0.9905
    [19:35:06] step 2850/12935 | avg train loss 0.9138 top1 0.9117 top5 0.9906
    [19:35:35] step 2900/12935 | avg train loss 0.9137 top1 0.9118 top5 0.9907
    [19:36:04] step 2950/12935 | avg train loss 0.9139 top1 0.9116 top5 0.9906
    [19:36:32] step 3000/12935 | avg train loss 0.9132 top1 0.9119 top5 0.9908
    [19:37:01] step 3050/12935 | avg train loss 0.9127 top1 0.9120 top5 0.9907
    [19:37:29] step 3100/12935 | avg train loss 0.9131 top1 0.9115 top5 0.9907
    [19:37:58] step 3150/12935 | avg train loss 0.9123 top1 0.9120 top5 0.9908
    [19:38:27] step 3200/12935 | avg train loss 0.9134 top1 0.9113 top5 0.9909
    [19:38:55] step 3250/12935 | avg train loss 0.9137 top1 0.9111 top5 0.9908
    [19:39:24] step 3300/12935 | avg train loss 0.9135 top1 0.9112 top5 0.9907
    [19:39:53] step 3350/12935 | avg train loss 0.9130 top1 0.9113 top5 0.9907
    [19:40:21] step 3400/12935 | avg train loss 0.9128 top1 0.9114 top5 0.9907
    [19:40:50] step 3450/12935 | avg train loss 0.9120 top1 0.9117 top5 0.9907
    [19:41:18] step 3500/12935 | avg train loss 0.9121 top1 0.9119 top5 0.9907
    [19:41:47] step 3550/12935 | avg train loss 0.9126 top1 0.9114 top5 0.9908
    [19:42:16] step 3600/12935 | avg train loss 0.9131 top1 0.9111 top5 0.9908
    [19:42:44] step 3650/12935 | avg train loss 0.9131 top1 0.9113 top5 0.9908
    [19:43:13] step 3700/12935 | avg train loss 0.9129 top1 0.9113 top5 0.9908
    [19:43:42] step 3750/12935 | avg train loss 0.9133 top1 0.9109 top5 0.9907
    [19:44:10] step 3800/12935 | avg train loss 0.9137 top1 0.9107 top5 0.9907
    [19:44:39] step 3850/12935 | avg train loss 0.9135 top1 0.9110 top5 0.9907
    [19:45:07] step 3900/12935 | avg train loss 0.9136 top1 0.9108 top5 0.9907
    [19:45:36] step 3950/12935 | avg train loss 0.9147 top1 0.9104 top5 0.9906
    [19:46:05] step 4000/12935 | avg train loss 0.9141 top1 0.9106 top5 0.9907
    [19:46:33] step 4050/12935 | avg train loss 0.9137 top1 0.9109 top5 0.9907
    [19:47:02] step 4100/12935 | avg train loss 0.9140 top1 0.9109 top5 0.9908
    [19:47:31] step 4150/12935 | avg train loss 0.9142 top1 0.9109 top5 0.9908
    [19:47:59] step 4200/12935 | avg train loss 0.9133 top1 0.9111 top5 0.9909
    [19:48:28] step 4250/12935 | avg train loss 0.9133 top1 0.9109 top5 0.9909
    [19:48:56] step 4300/12935 | avg train loss 0.9129 top1 0.9108 top5 0.9909
    [19:49:25] step 4350/12935 | avg train loss 0.9122 top1 0.9111 top5 0.9909
    [19:49:54] step 4400/12935 | avg train loss 0.9115 top1 0.9114 top5 0.9910
    [19:50:22] step 4450/12935 | avg train loss 0.9117 top1 0.9115 top5 0.9910
    [19:50:51] step 4500/12935 | avg train loss 0.9123 top1 0.9112 top5 0.9909
    [19:51:19] step 4550/12935 | avg train loss 0.9124 top1 0.9113 top5 0.9908
    [19:51:48] step 4600/12935 | avg train loss 0.9128 top1 0.9109 top5 0.9909
    [19:52:17] step 4650/12935 | avg train loss 0.9130 top1 0.9106 top5 0.9909
    [19:52:45] step 4700/12935 | avg train loss 0.9118 top1 0.9109 top5 0.9910
    [19:53:14] step 4750/12935 | avg train loss 0.9117 top1 0.9112 top5 0.9910
    [19:53:42] step 4800/12935 | avg train loss 0.9120 top1 0.9108 top5 0.9911
    [19:54:11] step 4850/12935 | avg train loss 0.9124 top1 0.9108 top5 0.9911
    [19:54:40] step 4900/12935 | avg train loss 0.9120 top1 0.9112 top5 0.9911
    [19:55:09] step 4950/12935 | avg train loss 0.9113 top1 0.9115 top5 0.9912
    [19:55:37] step 5000/12935 | avg train loss 0.9104 top1 0.9119 top5 0.9912
    [19:56:06] step 5050/12935 | avg train loss 0.9102 top1 0.9118 top5 0.9913
    [19:56:34] step 5100/12935 | avg train loss 0.9096 top1 0.9122 top5 0.9914
    [19:57:03] step 5150/12935 | avg train loss 0.9102 top1 0.9122 top5 0.9914
    [19:57:32] step 5200/12935 | avg train loss 0.9105 top1 0.9120 top5 0.9913
    [19:58:00] step 5250/12935 | avg train loss 0.9102 top1 0.9123 top5 0.9914
    [19:58:29] step 5300/12935 | avg train loss 0.9092 top1 0.9127 top5 0.9915
    [19:58:57] step 5350/12935 | avg train loss 0.9091 top1 0.9127 top5 0.9915
    [19:59:26] step 5400/12935 | avg train loss 0.9091 top1 0.9128 top5 0.9915
    [19:59:55] step 5450/12935 | avg train loss 0.9088 top1 0.9129 top5 0.9915
    [20:00:23] step 5500/12935 | avg train loss 0.9085 top1 0.9129 top5 0.9915
    [20:00:52] step 5550/12935 | avg train loss 0.9077 top1 0.9132 top5 0.9915
    [20:01:20] step 5600/12935 | avg train loss 0.9077 top1 0.9132 top5 0.9916
    [20:01:49] step 5650/12935 | avg train loss 0.9085 top1 0.9131 top5 0.9915
    [20:02:17] step 5700/12935 | avg train loss 0.9086 top1 0.9132 top5 0.9916
    [20:02:46] step 5750/12935 | avg train loss 0.9095 top1 0.9127 top5 0.9915
    [20:03:15] step 5800/12935 | avg train loss 0.9095 top1 0.9129 top5 0.9916
    [20:03:43] step 5850/12935 | avg train loss 0.9092 top1 0.9130 top5 0.9915
    [20:04:12] step 5900/12935 | avg train loss 0.9093 top1 0.9129 top5 0.9914
    [20:04:40] step 5950/12935 | avg train loss 0.9091 top1 0.9130 top5 0.9914
    [20:05:09] step 6000/12935 | avg train loss 0.9094 top1 0.9128 top5 0.9914
    [20:05:38] step 6050/12935 | avg train loss 0.9087 top1 0.9131 top5 0.9914
    [20:06:06] step 6100/12935 | avg train loss 0.9094 top1 0.9128 top5 0.9914
    [20:06:35] step 6150/12935 | avg train loss 0.9099 top1 0.9126 top5 0.9914
    [20:07:03] step 6200/12935 | avg train loss 0.9095 top1 0.9128 top5 0.9915
    [20:07:32] step 6250/12935 | avg train loss 0.9098 top1 0.9125 top5 0.9915
    [20:08:01] step 6300/12935 | avg train loss 0.9095 top1 0.9126 top5 0.9915
    [20:08:29] step 6350/12935 | avg train loss 0.9094 top1 0.9125 top5 0.9915
    [20:08:58] step 6400/12935 | avg train loss 0.9092 top1 0.9125 top5 0.9916
    [20:09:27] step 6450/12935 | avg train loss 0.9101 top1 0.9121 top5 0.9916
    [20:09:55] step 6500/12935 | avg train loss 0.9098 top1 0.9121 top5 0.9916
    [20:10:24] step 6550/12935 | avg train loss 0.9097 top1 0.9123 top5 0.9916
    [20:10:52] step 6600/12935 | avg train loss 0.9092 top1 0.9125 top5 0.9916
    [20:11:21] step 6650/12935 | avg train loss 0.9093 top1 0.9125 top5 0.9915
    [20:11:50] step 6700/12935 | avg train loss 0.9095 top1 0.9124 top5 0.9914
    [20:12:18] step 6750/12935 | avg train loss 0.9097 top1 0.9123 top5 0.9913
    [20:12:47] step 6800/12935 | avg train loss 0.9096 top1 0.9124 top5 0.9913
    [20:13:15] step 6850/12935 | avg train loss 0.9097 top1 0.9123 top5 0.9912
    [20:13:44] step 6900/12935 | avg train loss 0.9098 top1 0.9123 top5 0.9912
    [20:14:13] step 6950/12935 | avg train loss 0.9095 top1 0.9123 top5 0.9912
    [20:14:41] step 7000/12935 | avg train loss 0.9097 top1 0.9123 top5 0.9912
    [20:15:10] step 7050/12935 | avg train loss 0.9098 top1 0.9122 top5 0.9912
    [20:15:38] step 7100/12935 | avg train loss 0.9098 top1 0.9121 top5 0.9912
    [20:16:07] step 7150/12935 | avg train loss 0.9099 top1 0.9121 top5 0.9912
    [20:16:36] step 7200/12935 | avg train loss 0.9100 top1 0.9119 top5 0.9911
    [20:17:04] step 7250/12935 | avg train loss 0.9104 top1 0.9119 top5 0.9910
    [20:17:33] step 7300/12935 | avg train loss 0.9106 top1 0.9119 top5 0.9910
    [20:18:02] step 7350/12935 | avg train loss 0.9108 top1 0.9120 top5 0.9911
    [20:18:30] step 7400/12935 | avg train loss 0.9105 top1 0.9121 top5 0.9911
    [20:18:59] step 7450/12935 | avg train loss 0.9107 top1 0.9120 top5 0.9911
    [20:19:27] step 7500/12935 | avg train loss 0.9104 top1 0.9122 top5 0.9911
    [20:19:56] step 7550/12935 | avg train loss 0.9104 top1 0.9121 top5 0.9912
    [20:20:25] step 7600/12935 | avg train loss 0.9104 top1 0.9122 top5 0.9912
    [20:20:53] step 7650/12935 | avg train loss 0.9102 top1 0.9124 top5 0.9912
    [20:21:22] step 7700/12935 | avg train loss 0.9102 top1 0.9125 top5 0.9912
    [20:21:50] step 7750/12935 | avg train loss 0.9100 top1 0.9125 top5 0.9912
    [20:22:19] step 7800/12935 | avg train loss 0.9097 top1 0.9126 top5 0.9912
    [20:22:48] step 7850/12935 | avg train loss 0.9097 top1 0.9126 top5 0.9912
    [20:23:16] step 7900/12935 | avg train loss 0.9091 top1 0.9129 top5 0.9913
    [20:23:45] step 7950/12935 | avg train loss 0.9090 top1 0.9129 top5 0.9913
    [20:24:13] step 8000/12935 | avg train loss 0.9092 top1 0.9128 top5 0.9912
    [20:24:42] step 8050/12935 | avg train loss 0.9091 top1 0.9130 top5 0.9912
    [20:25:11] step 8100/12935 | avg train loss 0.9088 top1 0.9131 top5 0.9912
    [20:25:39] step 8150/12935 | avg train loss 0.9085 top1 0.9131 top5 0.9913
    [20:26:08] step 8200/12935 | avg train loss 0.9085 top1 0.9130 top5 0.9913
    [20:26:36] step 8250/12935 | avg train loss 0.9085 top1 0.9130 top5 0.9914
    [20:27:05] step 8300/12935 | avg train loss 0.9086 top1 0.9131 top5 0.9914
    [20:27:34] step 8350/12935 | avg train loss 0.9085 top1 0.9132 top5 0.9914
    [20:28:02] step 8400/12935 | avg train loss 0.9083 top1 0.9133 top5 0.9914
    [20:28:31] step 8450/12935 | avg train loss 0.9087 top1 0.9131 top5 0.9913
    [20:28:59] step 8500/12935 | avg train loss 0.9085 top1 0.9132 top5 0.9914
    [20:29:28] step 8550/12935 | avg train loss 0.9085 top1 0.9132 top5 0.9914
    [20:29:56] step 8600/12935 | avg train loss 0.9086 top1 0.9133 top5 0.9913
    [20:30:25] step 8650/12935 | avg train loss 0.9086 top1 0.9132 top5 0.9914
    [20:30:54] step 8700/12935 | avg train loss 0.9089 top1 0.9131 top5 0.9913
    [20:31:22] step 8750/12935 | avg train loss 0.9092 top1 0.9131 top5 0.9913
    [20:31:51] step 8800/12935 | avg train loss 0.9096 top1 0.9130 top5 0.9913
    [20:32:20] step 8850/12935 | avg train loss 0.9097 top1 0.9131 top5 0.9912
    [20:32:48] step 8900/12935 | avg train loss 0.9097 top1 0.9130 top5 0.9913
    [20:33:17] step 8950/12935 | avg train loss 0.9099 top1 0.9129 top5 0.9912
    [20:33:45] step 9000/12935 | avg train loss 0.9097 top1 0.9130 top5 0.9912
    [20:34:14] step 9050/12935 | avg train loss 0.9100 top1 0.9128 top5 0.9912
    [20:34:43] step 9100/12935 | avg train loss 0.9102 top1 0.9126 top5 0.9912
    [20:35:11] step 9150/12935 | avg train loss 0.9108 top1 0.9125 top5 0.9911
    [20:35:40] step 9200/12935 | avg train loss 0.9108 top1 0.9125 top5 0.9911
    [20:36:08] step 9250/12935 | avg train loss 0.9105 top1 0.9125 top5 0.9912
    [20:36:37] step 9300/12935 | avg train loss 0.9105 top1 0.9124 top5 0.9912
    [20:37:06] step 9350/12935 | avg train loss 0.9104 top1 0.9125 top5 0.9912
    [20:37:34] step 9400/12935 | avg train loss 0.9103 top1 0.9126 top5 0.9911
    [20:38:03] step 9450/12935 | avg train loss 0.9102 top1 0.9127 top5 0.9911
    [20:38:32] step 9500/12935 | avg train loss 0.9104 top1 0.9126 top5 0.9911
    [20:39:00] step 9550/12935 | avg train loss 0.9105 top1 0.9125 top5 0.9911
    [20:39:29] step 9600/12935 | avg train loss 0.9102 top1 0.9126 top5 0.9911
    [20:39:57] step 9650/12935 | avg train loss 0.9098 top1 0.9127 top5 0.9911
    [20:40:26] step 9700/12935 | avg train loss 0.9099 top1 0.9127 top5 0.9911
    [20:40:54] step 9750/12935 | avg train loss 0.9097 top1 0.9128 top5 0.9911
    [20:41:23] step 9800/12935 | avg train loss 0.9095 top1 0.9129 top5 0.9911
    [20:41:52] step 9850/12935 | avg train loss 0.9098 top1 0.9128 top5 0.9911
    [20:42:20] step 9900/12935 | avg train loss 0.9096 top1 0.9128 top5 0.9911
    [20:42:49] step 9950/12935 | avg train loss 0.9094 top1 0.9129 top5 0.9911
    [20:43:17] step 10000/12935 | avg train loss 0.9096 top1 0.9127 top5 0.9911
    [20:43:46] step 10050/12935 | avg train loss 0.9097 top1 0.9127 top5 0.9911
    [20:44:15] step 10100/12935 | avg train loss 0.9094 top1 0.9127 top5 0.9911
    [20:44:43] step 10150/12935 | avg train loss 0.9097 top1 0.9126 top5 0.9912
    [20:45:12] step 10200/12935 | avg train loss 0.9096 top1 0.9126 top5 0.9912
    [20:45:40] step 10250/12935 | avg train loss 0.9095 top1 0.9126 top5 0.9912
    [20:46:09] step 10300/12935 | avg train loss 0.9097 top1 0.9126 top5 0.9912
    [20:46:38] step 10350/12935 | avg train loss 0.9099 top1 0.9125 top5 0.9912
    [20:47:06] step 10400/12935 | avg train loss 0.9097 top1 0.9126 top5 0.9912
    [20:47:35] step 10450/12935 | avg train loss 0.9097 top1 0.9126 top5 0.9912
    [20:48:03] step 10500/12935 | avg train loss 0.9097 top1 0.9125 top5 0.9913
    [20:48:32] step 10550/12935 | avg train loss 0.9101 top1 0.9125 top5 0.9911
    [20:49:01] step 10600/12935 | avg train loss 0.9100 top1 0.9127 top5 0.9912
    [20:49:29] step 10650/12935 | avg train loss 0.9096 top1 0.9128 top5 0.9912
    [20:49:58] step 10700/12935 | avg train loss 0.9095 top1 0.9128 top5 0.9912
    [20:50:26] step 10750/12935 | avg train loss 0.9094 top1 0.9127 top5 0.9912
    [20:50:55] step 10800/12935 | avg train loss 0.9090 top1 0.9129 top5 0.9912
    [20:51:23] step 10850/12935 | avg train loss 0.9093 top1 0.9128 top5 0.9912
    [20:51:52] step 10900/12935 | avg train loss 0.9093 top1 0.9128 top5 0.9911
    [20:52:21] step 10950/12935 | avg train loss 0.9091 top1 0.9129 top5 0.9912
    [20:52:49] step 11000/12935 | avg train loss 0.9089 top1 0.9130 top5 0.9912
    [20:53:18] step 11050/12935 | avg train loss 0.9089 top1 0.9127 top5 0.9912
    [20:53:47] step 11100/12935 | avg train loss 0.9088 top1 0.9127 top5 0.9912
    [20:54:15] step 11150/12935 | avg train loss 0.9090 top1 0.9127 top5 0.9912
    [20:54:44] step 11200/12935 | avg train loss 0.9087 top1 0.9128 top5 0.9912
    [20:55:12] step 11250/12935 | avg train loss 0.9087 top1 0.9127 top5 0.9912
    [20:55:41] step 11300/12935 | avg train loss 0.9084 top1 0.9129 top5 0.9913
    [20:56:10] step 11350/12935 | avg train loss 0.9085 top1 0.9128 top5 0.9913
    [20:56:38] step 11400/12935 | avg train loss 0.9083 top1 0.9129 top5 0.9913
    [20:57:07] step 11450/12935 | avg train loss 0.9082 top1 0.9130 top5 0.9913
    [20:57:35] step 11500/12935 | avg train loss 0.9079 top1 0.9130 top5 0.9913
    [20:58:04] step 11550/12935 | avg train loss 0.9077 top1 0.9131 top5 0.9913
    [20:58:33] step 11600/12935 | avg train loss 0.9076 top1 0.9132 top5 0.9914
    [20:59:01] step 11650/12935 | avg train loss 0.9077 top1 0.9131 top5 0.9914
    [20:59:30] step 11700/12935 | avg train loss 0.9076 top1 0.9131 top5 0.9914
    [20:59:58] step 11750/12935 | avg train loss 0.9076 top1 0.9131 top5 0.9914
    [21:00:27] step 11800/12935 | avg train loss 0.9075 top1 0.9132 top5 0.9914
    [21:00:56] step 11850/12935 | avg train loss 0.9075 top1 0.9131 top5 0.9914
    [21:01:24] step 11900/12935 | avg train loss 0.9077 top1 0.9131 top5 0.9914
    [21:01:53] step 11950/12935 | avg train loss 0.9074 top1 0.9132 top5 0.9914
    [21:02:22] step 12000/12935 | avg train loss 0.9074 top1 0.9132 top5 0.9915
    [21:02:50] step 12050/12935 | avg train loss 0.9073 top1 0.9133 top5 0.9915
    [21:03:19] step 12100/12935 | avg train loss 0.9075 top1 0.9133 top5 0.9914
    [21:03:47] step 12150/12935 | avg train loss 0.9076 top1 0.9133 top5 0.9915
    [21:04:16] step 12200/12935 | avg train loss 0.9079 top1 0.9132 top5 0.9914
    [21:04:44] step 12250/12935 | avg train loss 0.9077 top1 0.9134 top5 0.9915
    [21:05:13] step 12300/12935 | avg train loss 0.9077 top1 0.9134 top5 0.9915
    [21:05:42] step 12350/12935 | avg train loss 0.9077 top1 0.9134 top5 0.9915
    [21:06:10] step 12400/12935 | avg train loss 0.9077 top1 0.9133 top5 0.9915
    [21:06:39] step 12450/12935 | avg train loss 0.9076 top1 0.9133 top5 0.9915
    [21:07:08] step 12500/12935 | avg train loss 0.9074 top1 0.9134 top5 0.9915
    [21:07:36] step 12550/12935 | avg train loss 0.9074 top1 0.9133 top5 0.9915
    [21:08:05] step 12600/12935 | avg train loss 0.9075 top1 0.9133 top5 0.9915
    [21:08:33] step 12650/12935 | avg train loss 0.9074 top1 0.9134 top5 0.9915
    [21:09:02] step 12700/12935 | avg train loss 0.9071 top1 0.9135 top5 0.9915
    [21:09:31] step 12750/12935 | avg train loss 0.9075 top1 0.9133 top5 0.9915
    [21:09:59] step 12800/12935 | avg train loss 0.9075 top1 0.9133 top5 0.9915
    [21:10:28] step 12850/12935 | avg train loss 0.9076 top1 0.9132 top5 0.9915
    [21:10:56] step 12900/12935 | avg train loss 0.9073 top1 0.9133 top5 0.9916
    [21:11:16] step 12935/12935 | avg train loss 0.9074 top1 0.9133 top5 0.9915
[2026-05-23T21:23:33] Epoch 2/2 | train loss 0.9074 top1 0.9133 | val loss 0.6527 top1 0.8307 top5 0.9720 | ema val top1 0.8314 top5 0.9708
  Saved new best checkpoint (ema): /Data/thomas.turkieh/smth2smth/checkpoints/track_b/ssv2ft_lora16f_fulltrain2e.pt (val top1=0.8314)
[cuda] cache emptied (run-end). Free: 18.30 / 23.54 GiB
Done. Best val top1: 0.8314. Checkpoint: /Data/thomas.turkieh/smth2smth/checkpoints/track_b/ssv2ft_lora16f_fulltrain2e.pt
