[chain] 2026-05-24T10:56:59+02:00 host=anguille expt=track_b_vjepa2_ssv2ft_lora16f_cycle_fulltrain1e train start
model:
  name: vjepa2_ssv2ft
  pretrained: true
  num_classes: ${num_classes}
  hf_repo: facebook/vjepa2-vitl-fpc16-256-ssv2
  head_type: attentive
  head_num_heads: 8
  head_num_queries: 1
  head_dropout: 0.0
  lora_enabled: true
  lora_r: 16
  lora_alpha: 32
  lora_dropout: 0.05
  lora_target_modules: null
  freeze_backbone: true
  attn_implementation: sdpa
  init_head_from_ssv2: true
dataset:
  root: ${hydra:runtime.cwd}/data
  train_dir: ${dataset.root}/train
  val_dir: ${dataset.root}/val
  test_dir: ${dataset.root}/test
  augmented_dirs: []
  test_manifest: null
  submission_output: ${hydra:runtime.cwd}/submissions/track_b_ssv2ft_lora16f_cycle_fulltrain1e_20260524.csv
  num_frames: 16
  frame_upsample_mode: cycle
  val_ratio: 0.2
  use_official_val: true
  include_val_in_train: true
  official_val_holdout_ratio: 0.0
  seed: ${seed}
  use_extra: false
  train_extra_dir: ${dataset.root}/train_extra
  max_samples: null
  max_samples_per_class: null
  image_size: 256
  time_reversal_prob: 0.0
  temporal_reversal_augment:
    enabled: false
    prob: 0.5
  class_boosting:
    enabled: false
training:
  batch_size: 4
  lr: 5.0e-05
  epochs: 1
  num_workers: 2
  checkpoint_path: checkpoints/track_b/ssv2ft_lora16f_cycle_fulltrain1e.pt
  resume_from: checkpoints/track_b/ssv2ft_lora16f_cycle_best.pt
  lora_lr: 1.0e-05
  lora_lr_ratio: 0.25
  motion_lr: null
  motion_lr_ratio: null
  resume_apply_cfg_lr: true
  amp: true
  device: cuda
  optimizer: adamw
  momentum: 0.9
  nesterov: false
  weight_decay: 0.05
  scheduler_cosine: true
  warmup_epochs: 0
  min_lr: 1.0e-06
  label_smoothing: 0.1
  videomix_alpha: 0.0
  videomix_prob: 1.0
  videomix_mode: cube_cutmix
  videomix_mixup_alpha: null
  videomix_cutmix_alpha: null
  videomix_switch_prob: 0.5
  layer_decay: null
  repeated_aug: 1
  grad_accum_steps: 1
  amp_dtype: float16
  scheduler: none
  sgdr_T0: 30
  sgdr_save_snapshots: false
  early_stopping_enabled: false
  early_stopping_patience: 10
  early_stopping_min_delta: 0.0
  log_interval_steps: 50
  ema_enabled: true
  ema_decay: 0.999
  eval_every_n_epochs: 1
  eval_ema: true
  save_last_checkpoint: true
  last_checkpoint_path: null
  resume_reset_scheduler: false
  continuation_warmup_epochs: 0
  continuation_rewarm_lr: false
  continuation_peak_lr_ratio: 0.4
  tta: false
  tta_flip: false
  tta_temporal_shift: 0
  tta_scales: null
  tta_logit_adjust: 0.0
  class_balance_sampler: none
  class_balance_loss: none
  class_balance_beta: 0.999
  wandb:
    enabled: false
    project: null
    entity: null
    name: null
    run_name: null
    tags: []
    mode: null
    log_interval_epochs: 1
  resume_reset_epoch: true
augment:
  name: none
  random_horizontal_flip: false
  random_crop: false
  crop_padding: 0
  color_jitter: false
  color_jitter_brightness: 0.0
  color_jitter_contrast: 0.0
  color_jitter_saturation: 0.0
  color_jitter_hue: 0.0
  random_grayscale: false
  random_grayscale_prob: 0.0
  gaussian_blur: false
  gaussian_blur_prob: 0.0
  gaussian_blur_radius_min: 0.1
  gaussian_blur_radius_max: 2.0
pretrain:
  epochs: 100
  batch_size: 64
  lr: 0.0005
  weight_decay: 0.04
  log_interval_steps: 50
  checkpoint_path: ${hydra:runtime.cwd}/ssl_trunk.pt
  max_frames: null
  image_size: 224
  local_image_size: 96
  num_local_views: 6
  out_dim: 4096
  hidden_dim: 2048
  bottleneck_dim: 256
  n_layers: 3
  teacher_temp: 0.04
  student_temp: 0.1
  center_momentum: 0.9
  teacher_momentum_base: 0.996
  teacher_momentum_final: 1.0
test:
  num_segment: 2
  num_crop: 3
  flip_tta: false
track:
  name: b
  description: 'Open-world track: pretrained backbone allowed.'
num_classes: 33
seed: 42

[cuda] cache emptied (run-start). Free: 23.15 / 23.54 GiB
[data] use_official_val=true: train=51738 (train_dir=44993 + val_dir=6745), val=6745 (from /Data/thomas.turkieh/smth2smth/data/val)
[2026-05-24 10:57:11,316][httpx][INFO] - HTTP Request: HEAD https://huggingface.co/facebook/vjepa2-vitl-fpc16-256-ssv2/resolve/main/config.json "HTTP/1.1 307 Temporary Redirect"
[2026-05-24 10:57:11,323][httpx][INFO] - HTTP Request: HEAD https://huggingface.co/api/resolve-cache/models/facebook/vjepa2-vitl-fpc16-256-ssv2/4aa02df83918538fc21cfaf576382fa20e489a80/config.json "HTTP/1.1 200 OK"
[2026-05-24 10:57:11,423][httpx][INFO] - HTTP Request: HEAD https://huggingface.co/facebook/vjepa2-vitl-fpc16-256-ssv2/resolve/main/config.json "HTTP/1.1 307 Temporary Redirect"
Warning: You are sending unauthenticated requests to the HF Hub. Please set a HF_TOKEN to enable higher rate limits and faster downloads.
[2026-05-24 10:57:11,424][huggingface_hub.utils._http][WARNING] - Warning: You are sending unauthenticated requests to the HF Hub. Please set a HF_TOKEN to enable higher rate limits and faster downloads.
[2026-05-24 10:57:11,429][httpx][INFO] - HTTP Request: HEAD https://huggingface.co/api/resolve-cache/models/facebook/vjepa2-vitl-fpc16-256-ssv2/4aa02df83918538fc21cfaf576382fa20e489a80/config.json "HTTP/1.1 200 OK"
[2026-05-24 10:57:11,538][httpx][INFO] - HTTP Request: HEAD https://huggingface.co/facebook/vjepa2-vitl-fpc16-256-ssv2/resolve/main/model.safetensors "HTTP/1.1 302 Found"
Loading weights:   0%|          | 0/652 [00:00<?, ?it/s]Loading weights: 100%|██████████| 652/652 [00:00<00:00, 13004.17it/s]
[map] prefix-matched our class 015 ('015_Pretending_to_pour_something_out_of_something_but_something_') to SSv2 idx 70 ('Pretending to pour [something] out of [something], but [something] is empty')
[ssv2ft] head-slice: resolved 32/33 local class indices (32 folder matches)
[model] freeze_backbone ignored (only supported for video_mae_vit).
[optim] two param groups: head lr=5e-05 (n=65), lora lr=1e-05 (n=292)
[optim] trainable 53,169,185 / total 379,140,513 params (14.02%)
[amp] mixed-precision (torch.float16 + GradScaler) enabled.
[ema] enabled (decay=0.999); will eval both live and EMA each epoch.
Resuming from checkpoint: /Data/thomas.turkieh/smth2smth/checkpoints/track_b/ssv2ft_lora16f_cycle_best.pt
  Loaded weights from epoch 4; resume_reset_epoch=true -> starting at epoch 0/1 (best val reset for new split).
  Optimizer state restored from checkpoint.
  [resume] resume_apply_cfg_lr=true: applied cfg peak LRs; cosine scheduler will fast-forward from new bases.
  GradScaler state restored from checkpoint.
  LR after resume: head=5e-05, lora=1e-05 (cosine will step after each train epoch).
    [10:57:42] step 50/12935 | avg train loss 1.0467 top1 0.8550 top5 0.9850
    [10:58:10] step 100/12935 | avg train loss 0.9808 top1 0.8800 top5 0.9900
    [10:58:39] step 150/12935 | avg train loss 0.9690 top1 0.8833 top5 0.9867
    [10:59:07] step 200/12935 | avg train loss 0.9653 top1 0.8862 top5 0.9850
    [10:59:36] step 250/12935 | avg train loss 0.9539 top1 0.8920 top5 0.9870
    [11:00:04] step 300/12935 | avg train loss 0.9585 top1 0.8892 top5 0.9867
    [11:00:33] step 350/12935 | avg train loss 0.9687 top1 0.8879 top5 0.9871
    [11:01:02] step 400/12935 | avg train loss 0.9733 top1 0.8856 top5 0.9844
    [11:01:30] step 450/12935 | avg train loss 0.9746 top1 0.8850 top5 0.9839
    [11:01:59] step 500/12935 | avg train loss 0.9811 top1 0.8825 top5 0.9840
    [11:02:27] step 550/12935 | avg train loss 0.9852 top1 0.8800 top5 0.9832
    [11:02:56] step 600/12935 | avg train loss 0.9907 top1 0.8783 top5 0.9829
    [11:03:25] step 650/12935 | avg train loss 0.9877 top1 0.8804 top5 0.9835
    [11:03:53] step 700/12935 | avg train loss 0.9869 top1 0.8796 top5 0.9843
    [11:04:22] step 750/12935 | avg train loss 0.9911 top1 0.8770 top5 0.9847
    [11:04:50] step 800/12935 | avg train loss 0.9904 top1 0.8794 top5 0.9847
    [11:05:19] step 850/12935 | avg train loss 0.9903 top1 0.8794 top5 0.9838
    [11:05:48] step 900/12935 | avg train loss 0.9894 top1 0.8794 top5 0.9842
    [11:06:17] step 950/12935 | avg train loss 0.9854 top1 0.8818 top5 0.9842
    [11:06:45] step 1000/12935 | avg train loss 0.9860 top1 0.8830 top5 0.9842
    [11:07:14] step 1050/12935 | avg train loss 0.9843 top1 0.8840 top5 0.9843
    [11:07:42] step 1100/12935 | avg train loss 0.9876 top1 0.8814 top5 0.9845
    [11:08:11] step 1150/12935 | avg train loss 0.9861 top1 0.8824 top5 0.9846
    [11:08:40] step 1200/12935 | avg train loss 0.9864 top1 0.8817 top5 0.9848
    [11:09:08] step 1250/12935 | avg train loss 0.9857 top1 0.8824 top5 0.9846
    [11:09:37] step 1300/12935 | avg train loss 0.9874 top1 0.8813 top5 0.9844
    [11:10:05] step 1350/12935 | avg train loss 0.9899 top1 0.8800 top5 0.9844
    [11:10:34] step 1400/12935 | avg train loss 0.9890 top1 0.8804 top5 0.9843
    [11:11:03] step 1450/12935 | avg train loss 0.9913 top1 0.8795 top5 0.9838
    [11:11:31] step 1500/12935 | avg train loss 0.9923 top1 0.8790 top5 0.9838
    [11:12:00] step 1550/12935 | avg train loss 0.9934 top1 0.8794 top5 0.9834
    [11:12:28] step 1600/12935 | avg train loss 0.9931 top1 0.8792 top5 0.9836
    [11:12:57] step 1650/12935 | avg train loss 0.9943 top1 0.8794 top5 0.9836
    [11:13:26] step 1700/12935 | avg train loss 0.9921 top1 0.8804 top5 0.9837
    [11:13:54] step 1750/12935 | avg train loss 0.9918 top1 0.8807 top5 0.9839
    [11:14:23] step 1800/12935 | avg train loss 0.9936 top1 0.8799 top5 0.9835
    [11:14:52] step 1850/12935 | avg train loss 0.9941 top1 0.8797 top5 0.9838
    [11:15:20] step 1900/12935 | avg train loss 0.9938 top1 0.8797 top5 0.9841
    [11:15:49] step 1950/12935 | avg train loss 0.9922 top1 0.8804 top5 0.9841
    [11:16:17] step 2000/12935 | avg train loss 0.9908 top1 0.8809 top5 0.9842
    [11:16:46] step 2050/12935 | avg train loss 0.9895 top1 0.8816 top5 0.9846
    [11:17:15] step 2100/12935 | avg train loss 0.9896 top1 0.8814 top5 0.9845
    [11:17:43] step 2150/12935 | avg train loss 0.9895 top1 0.8817 top5 0.9845
    [11:18:12] step 2200/12935 | avg train loss 0.9883 top1 0.8822 top5 0.9847
    [11:18:40] step 2250/12935 | avg train loss 0.9871 top1 0.8824 top5 0.9849
    [11:19:09] step 2300/12935 | avg train loss 0.9905 top1 0.8810 top5 0.9848
    [11:19:38] step 2350/12935 | avg train loss 0.9911 top1 0.8813 top5 0.9850
    [11:20:06] step 2400/12935 | avg train loss 0.9897 top1 0.8820 top5 0.9850
    [11:20:35] step 2450/12935 | avg train loss 0.9895 top1 0.8821 top5 0.9848
    [11:21:04] step 2500/12935 | avg train loss 0.9891 top1 0.8820 top5 0.9850
    [11:21:32] step 2550/12935 | avg train loss 0.9878 top1 0.8826 top5 0.9852
    [11:22:01] step 2600/12935 | avg train loss 0.9886 top1 0.8823 top5 0.9850
    [11:22:29] step 2650/12935 | avg train loss 0.9890 top1 0.8822 top5 0.9851
    [11:22:58] step 2700/12935 | avg train loss 0.9893 top1 0.8816 top5 0.9853
    [11:23:27] step 2750/12935 | avg train loss 0.9897 top1 0.8812 top5 0.9853
    [11:23:55] step 2800/12935 | avg train loss 0.9906 top1 0.8812 top5 0.9848
    [11:24:24] step 2850/12935 | avg train loss 0.9905 top1 0.8813 top5 0.9846
    [11:24:52] step 2900/12935 | avg train loss 0.9894 top1 0.8817 top5 0.9848
    [11:25:21] step 2950/12935 | avg train loss 0.9900 top1 0.8818 top5 0.9846
    [11:25:50] step 3000/12935 | avg train loss 0.9889 top1 0.8827 top5 0.9846
    [11:26:18] step 3050/12935 | avg train loss 0.9892 top1 0.8828 top5 0.9845
    [11:26:47] step 3100/12935 | avg train loss 0.9898 top1 0.8826 top5 0.9846
    [11:27:16] step 3150/12935 | avg train loss 0.9894 top1 0.8825 top5 0.9847
    [11:27:44] step 3200/12935 | avg train loss 0.9893 top1 0.8827 top5 0.9847
    [11:28:13] step 3250/12935 | avg train loss 0.9907 top1 0.8819 top5 0.9845
    [11:28:42] step 3300/12935 | avg train loss 0.9910 top1 0.8818 top5 0.9844
    [11:29:10] step 3350/12935 | avg train loss 0.9898 top1 0.8823 top5 0.9846
    [11:29:39] step 3400/12935 | avg train loss 0.9895 top1 0.8824 top5 0.9845
    [11:30:07] step 3450/12935 | avg train loss 0.9893 top1 0.8828 top5 0.9843
    [11:30:36] step 3500/12935 | avg train loss 0.9887 top1 0.8826 top5 0.9844
    [11:31:05] step 3550/12935 | avg train loss 0.9883 top1 0.8826 top5 0.9844
    [11:31:33] step 3600/12935 | avg train loss 0.9874 top1 0.8831 top5 0.9846
    [11:32:02] step 3650/12935 | avg train loss 0.9875 top1 0.8831 top5 0.9846
    [11:32:31] step 3700/12935 | avg train loss 0.9872 top1 0.8831 top5 0.9846
    [11:32:59] step 3750/12935 | avg train loss 0.9871 top1 0.8831 top5 0.9847
    [11:33:28] step 3800/12935 | avg train loss 0.9864 top1 0.8833 top5 0.9848
    [11:33:56] step 3850/12935 | avg train loss 0.9851 top1 0.8836 top5 0.9849
    [11:34:25] step 3900/12935 | avg train loss 0.9847 top1 0.8840 top5 0.9849
    [11:34:54] step 3950/12935 | avg train loss 0.9858 top1 0.8837 top5 0.9848
    [11:35:22] step 4000/12935 | avg train loss 0.9865 top1 0.8833 top5 0.9849
    [11:35:51] step 4050/12935 | avg train loss 0.9870 top1 0.8830 top5 0.9848
    [11:36:20] step 4100/12935 | avg train loss 0.9868 top1 0.8832 top5 0.9848
    [11:36:48] step 4150/12935 | avg train loss 0.9866 top1 0.8833 top5 0.9850
    [11:37:17] step 4200/12935 | avg train loss 0.9863 top1 0.8834 top5 0.9851
    [11:37:46] step 4250/12935 | avg train loss 0.9865 top1 0.8832 top5 0.9851
    [11:38:14] step 4300/12935 | avg train loss 0.9870 top1 0.8830 top5 0.9849
    [11:38:43] step 4350/12935 | avg train loss 0.9866 top1 0.8828 top5 0.9849
    [11:39:11] step 4400/12935 | avg train loss 0.9865 top1 0.8830 top5 0.9849
    [11:39:40] step 4450/12935 | avg train loss 0.9863 top1 0.8830 top5 0.9850
    [11:40:09] step 4500/12935 | avg train loss 0.9861 top1 0.8834 top5 0.9851
    [11:40:37] step 4550/12935 | avg train loss 0.9859 top1 0.8834 top5 0.9851
    [11:41:06] step 4600/12935 | avg train loss 0.9861 top1 0.8833 top5 0.9851
    [11:41:34] step 4650/12935 | avg train loss 0.9859 top1 0.8835 top5 0.9852
    [11:42:03] step 4700/12935 | avg train loss 0.9858 top1 0.8838 top5 0.9851
    [11:42:32] step 4750/12935 | avg train loss 0.9850 top1 0.8840 top5 0.9852
    [11:43:00] step 4800/12935 | avg train loss 0.9853 top1 0.8839 top5 0.9852
    [11:43:29] step 4850/12935 | avg train loss 0.9853 top1 0.8839 top5 0.9853
    [11:43:58] step 4900/12935 | avg train loss 0.9849 top1 0.8840 top5 0.9853
    [11:44:26] step 4950/12935 | avg train loss 0.9848 top1 0.8842 top5 0.9853
    [11:44:55] step 5000/12935 | avg train loss 0.9847 top1 0.8843 top5 0.9852
    [11:45:23] step 5050/12935 | avg train loss 0.9839 top1 0.8847 top5 0.9853
    [11:45:52] step 5100/12935 | avg train loss 0.9842 top1 0.8847 top5 0.9851
    [11:46:21] step 5150/12935 | avg train loss 0.9839 top1 0.8845 top5 0.9851
    [11:46:49] step 5200/12935 | avg train loss 0.9842 top1 0.8843 top5 0.9852
    [11:47:18] step 5250/12935 | avg train loss 0.9840 top1 0.8846 top5 0.9852
    [11:47:47] step 5300/12935 | avg train loss 0.9840 top1 0.8844 top5 0.9852
    [11:48:15] step 5350/12935 | avg train loss 0.9840 top1 0.8845 top5 0.9853
    [11:48:44] step 5400/12935 | avg train loss 0.9837 top1 0.8848 top5 0.9853
    [11:49:13] step 5450/12935 | avg train loss 0.9830 top1 0.8851 top5 0.9853
    [11:49:41] step 5500/12935 | avg train loss 0.9828 top1 0.8852 top5 0.9853
    [11:50:10] step 5550/12935 | avg train loss 0.9831 top1 0.8851 top5 0.9852
    [11:50:39] step 5600/12935 | avg train loss 0.9834 top1 0.8850 top5 0.9852
    [11:51:07] step 5650/12935 | avg train loss 0.9824 top1 0.8854 top5 0.9853
    [11:51:36] step 5700/12935 | avg train loss 0.9819 top1 0.8856 top5 0.9853
    [11:52:05] step 5750/12935 | avg train loss 0.9826 top1 0.8855 top5 0.9853
    [11:52:33] step 5800/12935 | avg train loss 0.9825 top1 0.8856 top5 0.9853
    [11:53:02] step 5850/12935 | avg train loss 0.9818 top1 0.8856 top5 0.9854
    [11:53:30] step 5900/12935 | avg train loss 0.9817 top1 0.8856 top5 0.9854
    [11:53:59] step 5950/12935 | avg train loss 0.9810 top1 0.8857 top5 0.9855
    [11:54:28] step 6000/12935 | avg train loss 0.9812 top1 0.8858 top5 0.9854
    [11:54:56] step 6050/12935 | avg train loss 0.9812 top1 0.8859 top5 0.9854
    [11:55:25] step 6100/12935 | avg train loss 0.9809 top1 0.8860 top5 0.9854
    [11:55:54] step 6150/12935 | avg train loss 0.9808 top1 0.8858 top5 0.9855
    [11:56:22] step 6200/12935 | avg train loss 0.9809 top1 0.8858 top5 0.9855
    [11:56:51] step 6250/12935 | avg train loss 0.9803 top1 0.8862 top5 0.9854
    [11:57:20] step 6300/12935 | avg train loss 0.9804 top1 0.8862 top5 0.9854
    [11:57:48] step 6350/12935 | avg train loss 0.9804 top1 0.8861 top5 0.9854
    [11:58:17] step 6400/12935 | avg train loss 0.9800 top1 0.8864 top5 0.9855
    [11:58:46] step 6450/12935 | avg train loss 0.9802 top1 0.8863 top5 0.9855
    [11:59:14] step 6500/12935 | avg train loss 0.9805 top1 0.8861 top5 0.9854
    [11:59:43] step 6550/12935 | avg train loss 0.9805 top1 0.8860 top5 0.9854
    [12:00:12] step 6600/12935 | avg train loss 0.9802 top1 0.8859 top5 0.9855
    [12:00:40] step 6650/12935 | avg train loss 0.9802 top1 0.8859 top5 0.9856
    [12:01:09] step 6700/12935 | avg train loss 0.9804 top1 0.8858 top5 0.9855
    [12:01:37] step 6750/12935 | avg train loss 0.9802 top1 0.8859 top5 0.9854
    [12:02:06] step 6800/12935 | avg train loss 0.9806 top1 0.8858 top5 0.9854
    [12:02:35] step 6850/12935 | avg train loss 0.9808 top1 0.8856 top5 0.9854
    [12:03:03] step 6900/12935 | avg train loss 0.9810 top1 0.8857 top5 0.9854
    [12:03:32] step 6950/12935 | avg train loss 0.9810 top1 0.8856 top5 0.9855
    [12:04:01] step 7000/12935 | avg train loss 0.9804 top1 0.8857 top5 0.9856
    [12:04:29] step 7050/12935 | avg train loss 0.9806 top1 0.8857 top5 0.9855
    [12:04:58] step 7100/12935 | avg train loss 0.9805 top1 0.8857 top5 0.9856
    [12:05:27] step 7150/12935 | avg train loss 0.9803 top1 0.8859 top5 0.9856
    [12:05:55] step 7200/12935 | avg train loss 0.9806 top1 0.8859 top5 0.9856
    [12:06:24] step 7250/12935 | avg train loss 0.9806 top1 0.8859 top5 0.9855
    [12:06:52] step 7300/12935 | avg train loss 0.9802 top1 0.8861 top5 0.9856
    [12:07:21] step 7350/12935 | avg train loss 0.9802 top1 0.8859 top5 0.9857
    [12:07:50] step 7400/12935 | avg train loss 0.9801 top1 0.8859 top5 0.9857
    [12:08:18] step 7450/12935 | avg train loss 0.9796 top1 0.8862 top5 0.9857
    [12:08:47] step 7500/12935 | avg train loss 0.9794 top1 0.8863 top5 0.9857
    [12:09:16] step 7550/12935 | avg train loss 0.9794 top1 0.8863 top5 0.9857
    [12:09:44] step 7600/12935 | avg train loss 0.9792 top1 0.8864 top5 0.9858
    [12:10:13] step 7650/12935 | avg train loss 0.9792 top1 0.8864 top5 0.9858
    [12:10:41] step 7700/12935 | avg train loss 0.9791 top1 0.8864 top5 0.9858
    [12:11:10] step 7750/12935 | avg train loss 0.9789 top1 0.8864 top5 0.9858
    [12:11:39] step 7800/12935 | avg train loss 0.9789 top1 0.8864 top5 0.9858
    [12:12:08] step 7850/12935 | avg train loss 0.9791 top1 0.8862 top5 0.9858
    [12:12:36] step 7900/12935 | avg train loss 0.9795 top1 0.8860 top5 0.9858
    [12:13:05] step 7950/12935 | avg train loss 0.9798 top1 0.8859 top5 0.9857
    [12:13:34] step 8000/12935 | avg train loss 0.9793 top1 0.8861 top5 0.9858
    [12:14:02] step 8050/12935 | avg train loss 0.9794 top1 0.8861 top5 0.9857
    [12:14:31] step 8100/12935 | avg train loss 0.9787 top1 0.8863 top5 0.9857
    [12:14:59] step 8150/12935 | avg train loss 0.9795 top1 0.8859 top5 0.9858
    [12:15:28] step 8200/12935 | avg train loss 0.9800 top1 0.8857 top5 0.9857
    [12:15:57] step 8250/12935 | avg train loss 0.9803 top1 0.8856 top5 0.9857
    [12:16:25] step 8300/12935 | avg train loss 0.9803 top1 0.8856 top5 0.9858
    [12:16:54] step 8350/12935 | avg train loss 0.9802 top1 0.8857 top5 0.9857
    [12:17:22] step 8400/12935 | avg train loss 0.9804 top1 0.8857 top5 0.9857
    [12:17:51] step 8450/12935 | avg train loss 0.9802 top1 0.8857 top5 0.9857
    [12:18:20] step 8500/12935 | avg train loss 0.9805 top1 0.8857 top5 0.9857
    [12:18:48] step 8550/12935 | avg train loss 0.9806 top1 0.8856 top5 0.9857
    [12:19:17] step 8600/12935 | avg train loss 0.9811 top1 0.8854 top5 0.9857
    [12:19:46] step 8650/12935 | avg train loss 0.9808 top1 0.8856 top5 0.9857
    [12:20:14] step 8700/12935 | avg train loss 0.9807 top1 0.8856 top5 0.9857
    [12:20:43] step 8750/12935 | avg train loss 0.9809 top1 0.8856 top5 0.9857
    [12:21:12] step 8800/12935 | avg train loss 0.9810 top1 0.8856 top5 0.9857
    [12:21:40] step 8850/12935 | avg train loss 0.9810 top1 0.8857 top5 0.9857
    [12:22:09] step 8900/12935 | avg train loss 0.9813 top1 0.8857 top5 0.9857
    [12:22:38] step 8950/12935 | avg train loss 0.9811 top1 0.8857 top5 0.9857
    [12:23:06] step 9000/12935 | avg train loss 0.9812 top1 0.8856 top5 0.9857
    [12:23:35] step 9050/12935 | avg train loss 0.9813 top1 0.8855 top5 0.9856
    [12:24:03] step 9100/12935 | avg train loss 0.9809 top1 0.8856 top5 0.9857
    [12:24:32] step 9150/12935 | avg train loss 0.9811 top1 0.8856 top5 0.9857
    [12:25:01] step 9200/12935 | avg train loss 0.9816 top1 0.8854 top5 0.9857
    [12:25:29] step 9250/12935 | avg train loss 0.9819 top1 0.8853 top5 0.9856
    [12:25:58] step 9300/12935 | avg train loss 0.9815 top1 0.8854 top5 0.9857
    [12:26:27] step 9350/12935 | avg train loss 0.9815 top1 0.8854 top5 0.9857
    [12:26:55] step 9400/12935 | avg train loss 0.9812 top1 0.8855 top5 0.9857
    [12:27:24] step 9450/12935 | avg train loss 0.9813 top1 0.8855 top5 0.9857
    [12:27:52] step 9500/12935 | avg train loss 0.9812 top1 0.8855 top5 0.9857
    [12:28:21] step 9550/12935 | avg train loss 0.9812 top1 0.8855 top5 0.9858
    [12:28:50] step 9600/12935 | avg train loss 0.9808 top1 0.8857 top5 0.9858
    [12:29:18] step 9650/12935 | avg train loss 0.9807 top1 0.8858 top5 0.9859
    [12:29:47] step 9700/12935 | avg train loss 0.9808 top1 0.8859 top5 0.9859
    [12:30:16] step 9750/12935 | avg train loss 0.9805 top1 0.8861 top5 0.9859
    [12:30:44] step 9800/12935 | avg train loss 0.9803 top1 0.8861 top5 0.9859
    [12:31:13] step 9850/12935 | avg train loss 0.9803 top1 0.8861 top5 0.9859
    [12:31:41] step 9900/12935 | avg train loss 0.9805 top1 0.8862 top5 0.9859
    [12:32:10] step 9950/12935 | avg train loss 0.9804 top1 0.8861 top5 0.9859
    [12:32:39] step 10000/12935 | avg train loss 0.9803 top1 0.8861 top5 0.9859
    [12:33:07] step 10050/12935 | avg train loss 0.9807 top1 0.8859 top5 0.9858
    [12:33:36] step 10100/12935 | avg train loss 0.9803 top1 0.8859 top5 0.9859
    [12:34:05] step 10150/12935 | avg train loss 0.9802 top1 0.8858 top5 0.9859
    [12:34:33] step 10200/12935 | avg train loss 0.9802 top1 0.8858 top5 0.9859
    [12:35:02] step 10250/12935 | avg train loss 0.9802 top1 0.8858 top5 0.9859
    [12:35:31] step 10300/12935 | avg train loss 0.9800 top1 0.8859 top5 0.9859
    [12:35:59] step 10350/12935 | avg train loss 0.9801 top1 0.8859 top5 0.9858
    [12:36:28] step 10400/12935 | avg train loss 0.9802 top1 0.8859 top5 0.9859
    [12:36:57] step 10450/12935 | avg train loss 0.9800 top1 0.8860 top5 0.9859
    [12:37:25] step 10500/12935 | avg train loss 0.9797 top1 0.8861 top5 0.9859
    [12:37:54] step 10550/12935 | avg train loss 0.9797 top1 0.8861 top5 0.9859
    [12:38:22] step 10600/12935 | avg train loss 0.9797 top1 0.8861 top5 0.9858
    [12:38:51] step 10650/12935 | avg train loss 0.9800 top1 0.8860 top5 0.9858
    [12:39:20] step 10700/12935 | avg train loss 0.9797 top1 0.8862 top5 0.9858
    [12:39:48] step 10750/12935 | avg train loss 0.9797 top1 0.8862 top5 0.9858
    [12:40:17] step 10800/12935 | avg train loss 0.9797 top1 0.8862 top5 0.9858
    [12:40:46] step 10850/12935 | avg train loss 0.9797 top1 0.8862 top5 0.9858
    [12:41:15] step 10900/12935 | avg train loss 0.9799 top1 0.8862 top5 0.9858
    [12:41:43] step 10950/12935 | avg train loss 0.9798 top1 0.8861 top5 0.9858
    [12:42:12] step 11000/12935 | avg train loss 0.9798 top1 0.8860 top5 0.9858
    [12:42:41] step 11050/12935 | avg train loss 0.9793 top1 0.8862 top5 0.9858
    [12:43:09] step 11100/12935 | avg train loss 0.9790 top1 0.8863 top5 0.9858
    [12:43:38] step 11150/12935 | avg train loss 0.9792 top1 0.8863 top5 0.9858
    [12:44:06] step 11200/12935 | avg train loss 0.9791 top1 0.8862 top5 0.9858
    [12:44:35] step 11250/12935 | avg train loss 0.9790 top1 0.8862 top5 0.9858
    [12:45:04] step 11300/12935 | avg train loss 0.9789 top1 0.8863 top5 0.9858
    [12:45:32] step 11350/12935 | avg train loss 0.9786 top1 0.8863 top5 0.9859
    [12:46:01] step 11400/12935 | avg train loss 0.9786 top1 0.8862 top5 0.9858
    [12:46:30] step 11450/12935 | avg train loss 0.9783 top1 0.8864 top5 0.9859
    [12:46:58] step 11500/12935 | avg train loss 0.9783 top1 0.8863 top5 0.9858
    [12:47:27] step 11550/12935 | avg train loss 0.9782 top1 0.8864 top5 0.9858
    [12:47:56] step 11600/12935 | avg train loss 0.9783 top1 0.8864 top5 0.9859
    [12:48:24] step 11650/12935 | avg train loss 0.9779 top1 0.8865 top5 0.9859
    [12:48:53] step 11700/12935 | avg train loss 0.9777 top1 0.8865 top5 0.9859
    [12:49:22] step 11750/12935 | avg train loss 0.9775 top1 0.8866 top5 0.9860
    [12:49:50] step 11800/12935 | avg train loss 0.9776 top1 0.8865 top5 0.9860
    [12:50:19] step 11850/12935 | avg train loss 0.9774 top1 0.8865 top5 0.9860
    [12:50:47] step 11900/12935 | avg train loss 0.9770 top1 0.8867 top5 0.9860
    [12:51:16] step 11950/12935 | avg train loss 0.9770 top1 0.8866 top5 0.9861
    [12:51:45] step 12000/12935 | avg train loss 0.9773 top1 0.8865 top5 0.9861
    [12:52:13] step 12050/12935 | avg train loss 0.9772 top1 0.8866 top5 0.9861
    [12:52:42] step 12100/12935 | avg train loss 0.9776 top1 0.8865 top5 0.9860
    [12:53:11] step 12150/12935 | avg train loss 0.9775 top1 0.8866 top5 0.9861
    [12:53:39] step 12200/12935 | avg train loss 0.9775 top1 0.8866 top5 0.9860
    [12:54:08] step 12250/12935 | avg train loss 0.9775 top1 0.8866 top5 0.9861
    [12:54:36] step 12300/12935 | avg train loss 0.9774 top1 0.8867 top5 0.9861
    [12:55:05] step 12350/12935 | avg train loss 0.9778 top1 0.8865 top5 0.9861
    [12:55:34] step 12400/12935 | avg train loss 0.9776 top1 0.8867 top5 0.9860
    [12:56:03] step 12450/12935 | avg train loss 0.9777 top1 0.8867 top5 0.9860
    [12:56:31] step 12500/12935 | avg train loss 0.9775 top1 0.8867 top5 0.9860
    [12:57:00] step 12550/12935 | avg train loss 0.9772 top1 0.8869 top5 0.9861
    [12:57:29] step 12600/12935 | avg train loss 0.9772 top1 0.8868 top5 0.9861
    [12:57:57] step 12650/12935 | avg train loss 0.9770 top1 0.8869 top5 0.9861
    [12:58:26] step 12700/12935 | avg train loss 0.9767 top1 0.8871 top5 0.9861
    [12:58:54] step 12750/12935 | avg train loss 0.9766 top1 0.8871 top5 0.9861
    [12:59:23] step 12800/12935 | avg train loss 0.9766 top1 0.8871 top5 0.9861
    [12:59:52] step 12850/12935 | avg train loss 0.9769 top1 0.8870 top5 0.9861
    [13:00:20] step 12900/12935 | avg train loss 0.9769 top1 0.8870 top5 0.9860
    [13:00:40] step 12935/12935 | avg train loss 0.9770 top1 0.8870 top5 0.9860
[2026-05-24T13:12:57] Epoch 1/1 | train loss 0.9770 top1 0.8870 | val loss 0.7726 top1 0.7941 top5 0.9632 | ema val top1 0.7924 top5 0.9615
  Saved new best checkpoint (live): /Data/thomas.turkieh/smth2smth/checkpoints/track_b/ssv2ft_lora16f_cycle_fulltrain1e.pt (val top1=0.7941)
[cuda] cache emptied (run-end). Free: 18.30 / 23.54 GiB
Done. Best val top1: 0.7941. Checkpoint: /Data/thomas.turkieh/smth2smth/checkpoints/track_b/ssv2ft_lora16f_cycle_fulltrain1e.pt
[chain] 2026-05-24T13:13:01+02:00 train done; starting submit
model:
  name: vjepa2_ssv2ft
  pretrained: true
  num_classes: ${num_classes}
  hf_repo: facebook/vjepa2-vitl-fpc16-256-ssv2
  head_type: attentive
  head_num_heads: 8
  head_num_queries: 1
  head_dropout: 0.0
  lora_enabled: true
  lora_r: 16
  lora_alpha: 32
  lora_dropout: 0.05
  lora_target_modules: null
  freeze_backbone: true
  attn_implementation: sdpa
  init_head_from_ssv2: true
dataset:
  root: ${hydra:runtime.cwd}/data
  train_dir: ${dataset.root}/train
  val_dir: ${dataset.root}/val
  test_dir: ${dataset.root}/test
  augmented_dirs: []
  test_manifest: null
  submission_output: ${hydra:runtime.cwd}/submissions/track_b_ssv2ft_lora16f_cycle_fulltrain1e_notta_20260524.csv
  num_frames: 16
  frame_upsample_mode: cycle
  val_ratio: 0.2
  use_official_val: true
  include_val_in_train: true
  official_val_holdout_ratio: 0.0
  seed: ${seed}
  use_extra: false
  train_extra_dir: ${dataset.root}/train_extra
  max_samples: null
  max_samples_per_class: null
  image_size: 256
  time_reversal_prob: 0.0
  temporal_reversal_augment:
    enabled: false
    prob: 0.5
  class_boosting:
    enabled: false
training:
  batch_size: 4
  lr: 5.0e-05
  epochs: 1
  num_workers: 2
  checkpoint_path: checkpoints/track_b/ssv2ft_lora16f_cycle_fulltrain1e.pt
  resume_from: checkpoints/track_b/ssv2ft_lora16f_cycle_best.pt
  lora_lr: 1.0e-05
  lora_lr_ratio: 0.25
  motion_lr: null
  motion_lr_ratio: null
  resume_apply_cfg_lr: true
  amp: true
  device: cuda
  optimizer: adamw
  momentum: 0.9
  nesterov: false
  weight_decay: 0.05
  scheduler_cosine: true
  warmup_epochs: 0
  min_lr: 1.0e-06
  label_smoothing: 0.1
  videomix_alpha: 0.0
  videomix_prob: 1.0
  videomix_mode: cube_cutmix
  videomix_mixup_alpha: null
  videomix_cutmix_alpha: null
  videomix_switch_prob: 0.5
  layer_decay: null
  repeated_aug: 1
  grad_accum_steps: 1
  amp_dtype: float16
  scheduler: none
  sgdr_T0: 30
  sgdr_save_snapshots: false
  early_stopping_enabled: false
  early_stopping_patience: 10
  early_stopping_min_delta: 0.0
  log_interval_steps: 50
  ema_enabled: true
  ema_decay: 0.999
  eval_every_n_epochs: 1
  eval_ema: true
  save_last_checkpoint: true
  last_checkpoint_path: null
  resume_reset_scheduler: false
  continuation_warmup_epochs: 0
  continuation_rewarm_lr: false
  continuation_peak_lr_ratio: 0.4
  tta: false
  tta_flip: false
  tta_temporal_shift: 0
  tta_scales: null
  tta_logit_adjust: 0.0
  class_balance_sampler: none
  class_balance_loss: none
  class_balance_beta: 0.999
  wandb:
    enabled: false
    project: null
    entity: null
    name: null
    run_name: null
    tags: []
    mode: null
    log_interval_epochs: 1
  resume_reset_epoch: true
augment:
  name: none
  random_horizontal_flip: false
  random_crop: false
  crop_padding: 0
  color_jitter: false
  color_jitter_brightness: 0.0
  color_jitter_contrast: 0.0
  color_jitter_saturation: 0.0
  color_jitter_hue: 0.0
  random_grayscale: false
  random_grayscale_prob: 0.0
  gaussian_blur: false
  gaussian_blur_prob: 0.0
  gaussian_blur_radius_min: 0.1
  gaussian_blur_radius_max: 2.0
pretrain:
  epochs: 100
  batch_size: 64
  lr: 0.0005
  weight_decay: 0.04
  log_interval_steps: 50
  checkpoint_path: ${hydra:runtime.cwd}/ssl_trunk.pt
  max_frames: null
  image_size: 224
  local_image_size: 96
  num_local_views: 6
  out_dim: 4096
  hidden_dim: 2048
  bottleneck_dim: 256
  n_layers: 3
  teacher_temp: 0.04
  student_temp: 0.1
  center_momentum: 0.9
  teacher_momentum_base: 0.996
  teacher_momentum_final: 1.0
test:
  num_segment: 1
  num_crop: 1
  flip_tta: false
track:
  name: b
  description: 'Open-world track: pretrained backbone allowed.'
num_classes: 33
seed: 42

[2026-05-24 13:13:06,112][httpx][INFO] - HTTP Request: HEAD https://huggingface.co/facebook/vjepa2-vitl-fpc16-256-ssv2/resolve/main/config.json "HTTP/1.1 307 Temporary Redirect"
Warning: You are sending unauthenticated requests to the HF Hub. Please set a HF_TOKEN to enable higher rate limits and faster downloads.
[2026-05-24 13:13:06,114][huggingface_hub.utils._http][WARNING] - Warning: You are sending unauthenticated requests to the HF Hub. Please set a HF_TOKEN to enable higher rate limits and faster downloads.
[2026-05-24 13:13:06,118][httpx][INFO] - HTTP Request: HEAD https://huggingface.co/api/resolve-cache/models/facebook/vjepa2-vitl-fpc16-256-ssv2/4aa02df83918538fc21cfaf576382fa20e489a80/config.json "HTTP/1.1 200 OK"
[2026-05-24 13:13:06,217][httpx][INFO] - HTTP Request: HEAD https://huggingface.co/facebook/vjepa2-vitl-fpc16-256-ssv2/resolve/main/config.json "HTTP/1.1 307 Temporary Redirect"
[2026-05-24 13:13:06,223][httpx][INFO] - HTTP Request: HEAD https://huggingface.co/api/resolve-cache/models/facebook/vjepa2-vitl-fpc16-256-ssv2/4aa02df83918538fc21cfaf576382fa20e489a80/config.json "HTTP/1.1 200 OK"
[2026-05-24 13:13:06,332][httpx][INFO] - HTTP Request: HEAD https://huggingface.co/facebook/vjepa2-vitl-fpc16-256-ssv2/resolve/main/model.safetensors "HTTP/1.1 302 Found"
Loading weights:   0%|          | 0/652 [00:00<?, ?it/s]Loading weights: 100%|██████████| 652/652 [00:00<00:00, 10500.46it/s]
[map] prefix-matched our class 015 ('015_Pretending_to_pour_something_out_of_something_but_something_') to SSv2 idx 70 ('Pretending to pour [something] out of [something], but [something] is empty')
[ssv2ft] head-slice: resolved 32/33 local class indices (32 folder matches)
Indexing video folders under: /Data/thomas.turkieh/smth2smth/data/test
Found 6913 test videos.
[submit] masking 1 never-trained class index/indices: [27]
[submit] inference autocast fp16 enabled (matches training.amp).
Wrote 6913 rows to /Data/thomas.turkieh/smth2smth/submissions/track_b_ssv2ft_lora16f_cycle_fulltrain1e_notta_20260524.csv
[chain] 2026-05-24T13:19:26+02:00 submit done
