model:
  name: vjepa2
  pretrained: true
  num_classes: ${num_classes}
  hf_repo: facebook/vjepa2-vitl-fpc64-256
  head_type: attentive
  head_num_heads: 8
  head_num_queries: 1
  head_dropout: 0.0
  lora_enabled: true
  lora_r: 8
  lora_alpha: 16
  lora_dropout: 0.05
  lora_target_modules: null
  freeze_backbone: true
  attn_implementation: sdpa
dataset:
  root: ${hydra:runtime.cwd}/data
  train_dir: ${dataset.root}/train
  val_dir: ${dataset.root}/val
  test_dir: ${dataset.root}/test
  augmented_dirs: []
  test_manifest: null
  submission_output: ${hydra:runtime.cwd}/submissions/track_b.csv
  num_frames: 16
  val_ratio: 0.2
  use_official_val: true
  train_include_val: true
  seed: ${seed}
  max_samples: null
  max_samples_per_class: null
  image_size: 256
  time_reversal_prob: 0.0
  temporal_reversal_augment:
    enabled: false
    prob: 0.5
  class_boosting:
    enabled: false
training:
  batch_size: 4
  lr: 0.0005
  epochs: 30
  num_workers: 0
  checkpoint_path: checkpoints/track_b/vitl_fulltrain_lora.pt
  resume_from: checkpoints/track_b/vitl_30e_warmup_lora.pt
  lora_lr: 0.0001
  lora_lr_ratio: 0.25
  motion_lr: null
  motion_lr_ratio: null
  resume_apply_cfg_lr: false
  amp: true
  device: cuda
  optimizer: adamw
  momentum: 0.9
  nesterov: false
  weight_decay: 0.05
  scheduler_cosine: true
  warmup_epochs: 3
  min_lr: 1.0e-05
  label_smoothing: 0.1
  videomix_alpha: 0.0
  videomix_prob: 1.0
  videomix_mode: cube_cutmix
  early_stopping_enabled: false
  early_stopping_patience: 8
  early_stopping_min_delta: 0.001
  log_interval_steps: 50
  ema_enabled: false
  ema_decay: 0.999
  eval_every_n_epochs: 1
  eval_ema: false
  save_last_checkpoint: true
  last_checkpoint_path: null
  tta: true
  tta_flip: true
  tta_temporal_shift: 0
  tta_scales: null
  tta_logit_adjust: 0.0
  class_balance_sampler: none
  class_balance_loss: none
  class_balance_beta: 0.999
augment:
  name: none
  random_horizontal_flip: false
  random_crop: false
  crop_padding: 0
  color_jitter: false
  color_jitter_brightness: 0.0
  color_jitter_contrast: 0.0
  color_jitter_saturation: 0.0
  color_jitter_hue: 0.0
pretrain:
  epochs: 100
  batch_size: 64
  lr: 0.0005
  weight_decay: 0.04
  log_interval_steps: 50
  checkpoint_path: ${hydra:runtime.cwd}/ssl_trunk.pt
  max_frames: null
  image_size: 224
  local_image_size: 96
  num_local_views: 6
  out_dim: 4096
  hidden_dim: 2048
  bottleneck_dim: 256
  n_layers: 3
  teacher_temp: 0.04
  student_temp: 0.1
  center_momentum: 0.9
  teacher_momentum_base: 0.996
  teacher_momentum_final: 1.0
track:
  name: b
  description: 'Open-world track: pretrained backbone allowed.'
num_classes: 33
seed: 42

[cuda] cache emptied (run-start). Free: 15.28 / 15.58 GiB
[data] train_include_val=true: merged 6745 val clips into train (51738 total). Per-epoch val metrics are optimistic (val clips are in train).
[data] use_official_val=true: train=51738 (from /Data/romain.poggi/Modal/project/smth2smth/data/train+val), val=6745 (from /Data/romain.poggi/Modal/project/smth2smth/data/val)
[2026-05-16 14:00:06,722][httpx][INFO] - HTTP Request: HEAD https://huggingface.co/facebook/vjepa2-vitl-fpc64-256/resolve/main/config.json "HTTP/1.1 307 Temporary Redirect"
[2026-05-16 14:00:06,729][httpx][INFO] - HTTP Request: HEAD https://huggingface.co/api/resolve-cache/models/facebook/vjepa2-vitl-fpc64-256/b3c1679b7c34d3255ef3547f27c7b226aefab26f/config.json "HTTP/1.1 200 OK"
[2026-05-16 14:00:06,942][httpx][INFO] - HTTP Request: HEAD https://huggingface.co/facebook/vjepa2-vitl-fpc64-256/resolve/main/config.json "HTTP/1.1 307 Temporary Redirect"
[2026-05-16 14:00:06,952][httpx][INFO] - HTTP Request: HEAD https://huggingface.co/api/resolve-cache/models/facebook/vjepa2-vitl-fpc64-256/b3c1679b7c34d3255ef3547f27c7b226aefab26f/config.json "HTTP/1.1 200 OK"
Loading weights:   0%|          | 0/587 [00:00<?, ?it/s]Loading weights: 100%|██████████| 587/587 [00:00<00:00, 20602.98it/s]
[optim] two param groups: head lr=0.0005 (n=9), lora lr=0.0001 (n=292)
[optim] trainable 6,134,817 / total 332,106,145 params (1.85%)
[amp] mixed-precision (fp16 + GradScaler) enabled.
Resuming from checkpoint: /Data/romain.poggi/Modal/project/smth2smth/checkpoints/track_b/vitl_30e_warmup_lora.pt
  Resumed at epoch 7/30; best val top1 so far = 0.6895
  Optimizer state restored from checkpoint.
  Cosine scheduler state restored; resumed LR=0.000485225
  GradScaler state restored from checkpoint.
  LR after resume: head=0.000485225, lora=9.72862e-05 (cosine will step after each train epoch).
    step 50/12935 | avg train loss 1.0269 top1 0.8900 top5 0.9800
    step 100/12935 | avg train loss 1.0213 top1 0.9000 top5 0.9800
    step 150/12935 | avg train loss 1.0132 top1 0.8950 top5 0.9800
    step 200/12935 | avg train loss 1.0161 top1 0.8938 top5 0.9788
    step 250/12935 | avg train loss 1.0158 top1 0.8860 top5 0.9790
    step 300/12935 | avg train loss 1.0266 top1 0.8817 top5 0.9808
    step 350/12935 | avg train loss 1.0155 top1 0.8850 top5 0.9821
    step 400/12935 | avg train loss 1.0219 top1 0.8862 top5 0.9794
    step 450/12935 | avg train loss 1.0203 top1 0.8867 top5 0.9811
    step 500/12935 | avg train loss 1.0152 top1 0.8870 top5 0.9825
    step 550/12935 | avg train loss 1.0182 top1 0.8864 top5 0.9832
    step 600/12935 | avg train loss 1.0200 top1 0.8862 top5 0.9825
    step 650/12935 | avg train loss 1.0224 top1 0.8854 top5 0.9831
    step 700/12935 | avg train loss 1.0219 top1 0.8850 top5 0.9829
    step 750/12935 | avg train loss 1.0219 top1 0.8833 top5 0.9837
    step 800/12935 | avg train loss 1.0262 top1 0.8822 top5 0.9825
    step 850/12935 | avg train loss 1.0281 top1 0.8809 top5 0.9824
    step 900/12935 | avg train loss 1.0213 top1 0.8833 top5 0.9833
    step 950/12935 | avg train loss 1.0207 top1 0.8832 top5 0.9829
    step 1000/12935 | avg train loss 1.0204 top1 0.8818 top5 0.9838
    step 1050/12935 | avg train loss 1.0252 top1 0.8798 top5 0.9831
    step 1100/12935 | avg train loss 1.0231 top1 0.8802 top5 0.9836
    step 1150/12935 | avg train loss 1.0218 top1 0.8800 top5 0.9839
    step 1200/12935 | avg train loss 1.0218 top1 0.8794 top5 0.9842
    step 1250/12935 | avg train loss 1.0213 top1 0.8794 top5 0.9844
    step 1300/12935 | avg train loss 1.0212 top1 0.8800 top5 0.9840
    step 1350/12935 | avg train loss 1.0233 top1 0.8796 top5 0.9837
    step 1400/12935 | avg train loss 1.0242 top1 0.8789 top5 0.9838
    step 1450/12935 | avg train loss 1.0253 top1 0.8784 top5 0.9836
    step 1500/12935 | avg train loss 1.0264 top1 0.8782 top5 0.9833
    step 1550/12935 | avg train loss 1.0253 top1 0.8781 top5 0.9835
    step 1600/12935 | avg train loss 1.0275 top1 0.8773 top5 0.9830
    step 1650/12935 | avg train loss 1.0278 top1 0.8771 top5 0.9830
    step 1700/12935 | avg train loss 1.0307 top1 0.8751 top5 0.9829
    step 1750/12935 | avg train loss 1.0295 top1 0.8760 top5 0.9830
    step 1800/12935 | avg train loss 1.0277 top1 0.8769 top5 0.9833
    step 1850/12935 | avg train loss 1.0280 top1 0.8772 top5 0.9835
    step 1900/12935 | avg train loss 1.0271 top1 0.8772 top5 0.9836
    step 1950/12935 | avg train loss 1.0258 top1 0.8777 top5 0.9838
    step 2000/12935 | avg train loss 1.0273 top1 0.8770 top5 0.9830
    step 2050/12935 | avg train loss 1.0278 top1 0.8762 top5 0.9833
    step 2100/12935 | avg train loss 1.0258 top1 0.8768 top5 0.9837
    step 2150/12935 | avg train loss 1.0265 top1 0.8764 top5 0.9836
    step 2200/12935 | avg train loss 1.0265 top1 0.8761 top5 0.9838
    step 2250/12935 | avg train loss 1.0281 top1 0.8760 top5 0.9834
    step 2300/12935 | avg train loss 1.0284 top1 0.8760 top5 0.9835
    step 2350/12935 | avg train loss 1.0282 top1 0.8764 top5 0.9837
    step 2400/12935 | avg train loss 1.0282 top1 0.8764 top5 0.9835
    step 2450/12935 | avg train loss 1.0279 top1 0.8760 top5 0.9838
    step 2500/12935 | avg train loss 1.0293 top1 0.8753 top5 0.9837
    step 2550/12935 | avg train loss 1.0306 top1 0.8744 top5 0.9835
    step 2600/12935 | avg train loss 1.0299 top1 0.8750 top5 0.9834
    step 2650/12935 | avg train loss 1.0312 top1 0.8747 top5 0.9830
    step 2700/12935 | avg train loss 1.0312 top1 0.8747 top5 0.9832
    step 2750/12935 | avg train loss 1.0313 top1 0.8747 top5 0.9834
    step 2800/12935 | avg train loss 1.0323 top1 0.8742 top5 0.9834
    step 2850/12935 | avg train loss 1.0328 top1 0.8737 top5 0.9833
    step 2900/12935 | avg train loss 1.0323 top1 0.8737 top5 0.9834
    step 2950/12935 | avg train loss 1.0321 top1 0.8738 top5 0.9834
    step 3000/12935 | avg train loss 1.0328 top1 0.8734 top5 0.9832
    step 3050/12935 | avg train loss 1.0335 top1 0.8731 top5 0.9833
    step 3100/12935 | avg train loss 1.0345 top1 0.8723 top5 0.9831
    step 3150/12935 | avg train loss 1.0332 top1 0.8730 top5 0.9833
    step 3200/12935 | avg train loss 1.0327 top1 0.8734 top5 0.9831
    step 3250/12935 | avg train loss 1.0331 top1 0.8733 top5 0.9832
    step 3300/12935 | avg train loss 1.0325 top1 0.8735 top5 0.9833
    step 3350/12935 | avg train loss 1.0326 top1 0.8734 top5 0.9832
    step 3400/12935 | avg train loss 1.0325 top1 0.8735 top5 0.9833
    step 3450/12935 | avg train loss 1.0325 top1 0.8737 top5 0.9833
    step 3500/12935 | avg train loss 1.0322 top1 0.8740 top5 0.9834
    step 3550/12935 | avg train loss 1.0328 top1 0.8738 top5 0.9835
    step 3600/12935 | avg train loss 1.0341 top1 0.8734 top5 0.9833
    step 3650/12935 | avg train loss 1.0346 top1 0.8729 top5 0.9834
    step 3700/12935 | avg train loss 1.0353 top1 0.8730 top5 0.9831
    step 3750/12935 | avg train loss 1.0354 top1 0.8729 top5 0.9831
    step 3800/12935 | avg train loss 1.0354 top1 0.8728 top5 0.9832
    step 3850/12935 | avg train loss 1.0356 top1 0.8725 top5 0.9832
    step 3900/12935 | avg train loss 1.0357 top1 0.8724 top5 0.9831
    step 3950/12935 | avg train loss 1.0364 top1 0.8723 top5 0.9832
    step 4000/12935 | avg train loss 1.0372 top1 0.8719 top5 0.9831
    step 4050/12935 | avg train loss 1.0371 top1 0.8715 top5 0.9831
    step 4100/12935 | avg train loss 1.0364 top1 0.8718 top5 0.9831
    step 4150/12935 | avg train loss 1.0363 top1 0.8719 top5 0.9831
    step 4200/12935 | avg train loss 1.0377 top1 0.8712 top5 0.9829
    step 4250/12935 | avg train loss 1.0375 top1 0.8711 top5 0.9827
    step 4300/12935 | avg train loss 1.0384 top1 0.8708 top5 0.9826
    step 4350/12935 | avg train loss 1.0378 top1 0.8714 top5 0.9825
    step 4400/12935 | avg train loss 1.0372 top1 0.8714 top5 0.9827
    step 4450/12935 | avg train loss 1.0364 top1 0.8717 top5 0.9826
    step 4500/12935 | avg train loss 1.0368 top1 0.8717 top5 0.9827
    step 4550/12935 | avg train loss 1.0365 top1 0.8718 top5 0.9828
    step 4600/12935 | avg train loss 1.0360 top1 0.8717 top5 0.9829
    step 4650/12935 | avg train loss 1.0365 top1 0.8715 top5 0.9830
    step 4700/12935 | avg train loss 1.0362 top1 0.8716 top5 0.9830
    step 4750/12935 | avg train loss 1.0372 top1 0.8714 top5 0.9830
    step 4800/12935 | avg train loss 1.0374 top1 0.8713 top5 0.9831
    step 4850/12935 | avg train loss 1.0370 top1 0.8713 top5 0.9832
    step 4900/12935 | avg train loss 1.0375 top1 0.8711 top5 0.9833
    step 4950/12935 | avg train loss 1.0373 top1 0.8713 top5 0.9834
    step 5000/12935 | avg train loss 1.0373 top1 0.8711 top5 0.9834
    step 5050/12935 | avg train loss 1.0382 top1 0.8707 top5 0.9833
    step 5100/12935 | avg train loss 1.0386 top1 0.8704 top5 0.9833
    step 5150/12935 | avg train loss 1.0387 top1 0.8707 top5 0.9832
    step 5200/12935 | avg train loss 1.0388 top1 0.8707 top5 0.9831
    step 5250/12935 | avg train loss 1.0378 top1 0.8711 top5 0.9832
    step 5300/12935 | avg train loss 1.0375 top1 0.8712 top5 0.9833
    step 5350/12935 | avg train loss 1.0372 top1 0.8712 top5 0.9835
    step 5400/12935 | avg train loss 1.0374 top1 0.8710 top5 0.9836
    step 5450/12935 | avg train loss 1.0378 top1 0.8708 top5 0.9834
    step 5500/12935 | avg train loss 1.0376 top1 0.8707 top5 0.9834
    step 5550/12935 | avg train loss 1.0384 top1 0.8700 top5 0.9832
    step 5600/12935 | avg train loss 1.0383 top1 0.8701 top5 0.9832
    step 5650/12935 | avg train loss 1.0386 top1 0.8700 top5 0.9831
    step 5700/12935 | avg train loss 1.0390 top1 0.8697 top5 0.9832
    step 5750/12935 | avg train loss 1.0389 top1 0.8697 top5 0.9832
    step 5800/12935 | avg train loss 1.0395 top1 0.8694 top5 0.9831
    step 5850/12935 | avg train loss 1.0402 top1 0.8691 top5 0.9831
    step 5900/12935 | avg train loss 1.0401 top1 0.8690 top5 0.9831
    step 5950/12935 | avg train loss 1.0401 top1 0.8689 top5 0.9832
    step 6000/12935 | avg train loss 1.0410 top1 0.8688 top5 0.9832
    step 6050/12935 | avg train loss 1.0408 top1 0.8686 top5 0.9832
    step 6100/12935 | avg train loss 1.0404 top1 0.8687 top5 0.9833
    step 6150/12935 | avg train loss 1.0421 top1 0.8680 top5 0.9831
    step 6200/12935 | avg train loss 1.0411 top1 0.8685 top5 0.9833
    step 6250/12935 | avg train loss 1.0414 top1 0.8680 top5 0.9833
    step 6300/12935 | avg train loss 1.0410 top1 0.8683 top5 0.9833
    step 6350/12935 | avg train loss 1.0408 top1 0.8683 top5 0.9833
    step 6400/12935 | avg train loss 1.0409 top1 0.8681 top5 0.9834
    step 6450/12935 | avg train loss 1.0419 top1 0.8678 top5 0.9833
    step 6500/12935 | avg train loss 1.0414 top1 0.8681 top5 0.9833
    step 6550/12935 | avg train loss 1.0412 top1 0.8682 top5 0.9834
    step 6600/12935 | avg train loss 1.0413 top1 0.8681 top5 0.9834
    step 6650/12935 | avg train loss 1.0415 top1 0.8680 top5 0.9835
    step 6700/12935 | avg train loss 1.0419 top1 0.8679 top5 0.9835
    step 6750/12935 | avg train loss 1.0424 top1 0.8678 top5 0.9834
    step 6800/12935 | avg train loss 1.0430 top1 0.8676 top5 0.9834
    step 6850/12935 | avg train loss 1.0426 top1 0.8678 top5 0.9834
    step 6900/12935 | avg train loss 1.0422 top1 0.8679 top5 0.9834
    step 6950/12935 | avg train loss 1.0418 top1 0.8681 top5 0.9835
    step 7000/12935 | avg train loss 1.0420 top1 0.8679 top5 0.9835
    step 7050/12935 | avg train loss 1.0422 top1 0.8678 top5 0.9836
    step 7100/12935 | avg train loss 1.0433 top1 0.8674 top5 0.9836
    step 7150/12935 | avg train loss 1.0432 top1 0.8673 top5 0.9837
    step 7200/12935 | avg train loss 1.0438 top1 0.8670 top5 0.9837
    step 7250/12935 | avg train loss 1.0438 top1 0.8669 top5 0.9837
    step 7300/12935 | avg train loss 1.0437 top1 0.8670 top5 0.9837
    step 7350/12935 | avg train loss 1.0447 top1 0.8667 top5 0.9835
    step 7400/12935 | avg train loss 1.0442 top1 0.8669 top5 0.9836
    step 7450/12935 | avg train loss 1.0449 top1 0.8667 top5 0.9836
    step 7500/12935 | avg train loss 1.0449 top1 0.8667 top5 0.9836
    step 7550/12935 | avg train loss 1.0453 top1 0.8666 top5 0.9835
    step 7600/12935 | avg train loss 1.0460 top1 0.8662 top5 0.9834
    step 7650/12935 | avg train loss 1.0458 top1 0.8662 top5 0.9835
    step 7700/12935 | avg train loss 1.0462 top1 0.8658 top5 0.9835
    step 7750/12935 | avg train loss 1.0458 top1 0.8660 top5 0.9836
    step 7800/12935 | avg train loss 1.0462 top1 0.8658 top5 0.9836
    step 7850/12935 | avg train loss 1.0462 top1 0.8658 top5 0.9836
    step 7900/12935 | avg train loss 1.0462 top1 0.8658 top5 0.9836
    step 7950/12935 | avg train loss 1.0464 top1 0.8657 top5 0.9835
    step 8000/12935 | avg train loss 1.0467 top1 0.8657 top5 0.9834
    step 8050/12935 | avg train loss 1.0465 top1 0.8659 top5 0.9834
    step 8100/12935 | avg train loss 1.0464 top1 0.8658 top5 0.9835
    step 8150/12935 | avg train loss 1.0472 top1 0.8656 top5 0.9833
    step 8200/12935 | avg train loss 1.0475 top1 0.8652 top5 0.9834
    step 8250/12935 | avg train loss 1.0473 top1 0.8653 top5 0.9834
    step 8300/12935 | avg train loss 1.0473 top1 0.8652 top5 0.9833
    step 8350/12935 | avg train loss 1.0477 top1 0.8650 top5 0.9834
    step 8400/12935 | avg train loss 1.0479 top1 0.8649 top5 0.9834
    step 8450/12935 | avg train loss 1.0482 top1 0.8648 top5 0.9833
    step 8500/12935 | avg train loss 1.0479 top1 0.8649 top5 0.9834
    step 8550/12935 | avg train loss 1.0479 top1 0.8650 top5 0.9834
    step 8600/12935 | avg train loss 1.0482 top1 0.8648 top5 0.9833
    step 8650/12935 | avg train loss 1.0483 top1 0.8647 top5 0.9834
    step 8700/12935 | avg train loss 1.0488 top1 0.8646 top5 0.9833
    step 8750/12935 | avg train loss 1.0484 top1 0.8647 top5 0.9833
    step 8800/12935 | avg train loss 1.0479 top1 0.8648 top5 0.9834
    step 8850/12935 | avg train loss 1.0477 top1 0.8647 top5 0.9835
    step 8900/12935 | avg train loss 1.0478 top1 0.8647 top5 0.9835
    step 8950/12935 | avg train loss 1.0479 top1 0.8646 top5 0.9834
    step 9000/12935 | avg train loss 1.0479 top1 0.8645 top5 0.9835
    step 9050/12935 | avg train loss 1.0484 top1 0.8642 top5 0.9835
    step 9100/12935 | avg train loss 1.0489 top1 0.8641 top5 0.9834
    step 9150/12935 | avg train loss 1.0487 top1 0.8641 top5 0.9834
    step 9200/12935 | avg train loss 1.0488 top1 0.8640 top5 0.9834
    step 9250/12935 | avg train loss 1.0489 top1 0.8639 top5 0.9834
    step 9300/12935 | avg train loss 1.0488 top1 0.8638 top5 0.9834
    step 9350/12935 | avg train loss 1.0489 top1 0.8637 top5 0.9834
    step 9400/12935 | avg train loss 1.0491 top1 0.8636 top5 0.9834
    step 9450/12935 | avg train loss 1.0499 top1 0.8634 top5 0.9832
    step 9500/12935 | avg train loss 1.0497 top1 0.8633 top5 0.9833
    step 9550/12935 | avg train loss 1.0499 top1 0.8632 top5 0.9833
    step 9600/12935 | avg train loss 1.0503 top1 0.8630 top5 0.9833
    step 9650/12935 | avg train loss 1.0509 top1 0.8627 top5 0.9832
    step 9700/12935 | avg train loss 1.0512 top1 0.8626 top5 0.9831
    step 9750/12935 | avg train loss 1.0511 top1 0.8624 top5 0.9832
    step 9800/12935 | avg train loss 1.0512 top1 0.8624 top5 0.9832
    step 9850/12935 | avg train loss 1.0508 top1 0.8625 top5 0.9832
    step 9900/12935 | avg train loss 1.0513 top1 0.8622 top5 0.9833
    step 9950/12935 | avg train loss 1.0512 top1 0.8624 top5 0.9833
    step 10000/12935 | avg train loss 1.0511 top1 0.8626 top5 0.9833
    step 10050/12935 | avg train loss 1.0518 top1 0.8623 top5 0.9832
    step 10100/12935 | avg train loss 1.0522 top1 0.8622 top5 0.9830
    step 10150/12935 | avg train loss 1.0522 top1 0.8622 top5 0.9830
    step 10200/12935 | avg train loss 1.0521 top1 0.8622 top5 0.9830
    step 10250/12935 | avg train loss 1.0522 top1 0.8622 top5 0.9830
    step 10300/12935 | avg train loss 1.0519 top1 0.8623 top5 0.9830
    step 10350/12935 | avg train loss 1.0513 top1 0.8625 top5 0.9831
    step 10400/12935 | avg train loss 1.0517 top1 0.8623 top5 0.9831
    step 10450/12935 | avg train loss 1.0520 top1 0.8622 top5 0.9830
    step 10500/12935 | avg train loss 1.0517 top1 0.8622 top5 0.9830
    step 10550/12935 | avg train loss 1.0520 top1 0.8621 top5 0.9830
    step 10600/12935 | avg train loss 1.0517 top1 0.8623 top5 0.9830
    step 10650/12935 | avg train loss 1.0514 top1 0.8624 top5 0.9830
    step 10700/12935 | avg train loss 1.0514 top1 0.8625 top5 0.9830
    step 10750/12935 | avg train loss 1.0517 top1 0.8623 top5 0.9830
    step 10800/12935 | avg train loss 1.0519 top1 0.8622 top5 0.9830
    step 10850/12935 | avg train loss 1.0516 top1 0.8623 top5 0.9829
    step 10900/12935 | avg train loss 1.0521 top1 0.8621 top5 0.9829
    step 10950/12935 | avg train loss 1.0519 top1 0.8622 top5 0.9829
    step 11000/12935 | avg train loss 1.0515 top1 0.8623 top5 0.9829
    step 11050/12935 | avg train loss 1.0515 top1 0.8622 top5 0.9829
    step 11100/12935 | avg train loss 1.0519 top1 0.8620 top5 0.9829
    step 11150/12935 | avg train loss 1.0515 top1 0.8622 top5 0.9829
    step 11200/12935 | avg train loss 1.0522 top1 0.8621 top5 0.9828
    step 11250/12935 | avg train loss 1.0526 top1 0.8618 top5 0.9828
    step 11300/12935 | avg train loss 1.0528 top1 0.8617 top5 0.9828
    step 11350/12935 | avg train loss 1.0530 top1 0.8615 top5 0.9828
    step 11400/12935 | avg train loss 1.0528 top1 0.8615 top5 0.9829
    step 11450/12935 | avg train loss 1.0529 top1 0.8615 top5 0.9829
    step 11500/12935 | avg train loss 1.0530 top1 0.8614 top5 0.9830
    step 11550/12935 | avg train loss 1.0528 top1 0.8615 top5 0.9830
    step 11600/12935 | avg train loss 1.0533 top1 0.8612 top5 0.9829
    step 11650/12935 | avg train loss 1.0534 top1 0.8611 top5 0.9829
    step 11700/12935 | avg train loss 1.0533 top1 0.8612 top5 0.9830
    step 11750/12935 | avg train loss 1.0534 top1 0.8611 top5 0.9829
    step 11800/12935 | avg train loss 1.0533 top1 0.8611 top5 0.9829
    step 11850/12935 | avg train loss 1.0532 top1 0.8611 top5 0.9829
    step 11900/12935 | avg train loss 1.0539 top1 0.8609 top5 0.9828
    step 11950/12935 | avg train loss 1.0544 top1 0.8606 top5 0.9828
    step 12000/12935 | avg train loss 1.0547 top1 0.8604 top5 0.9828
    step 12050/12935 | avg train loss 1.0544 top1 0.8605 top5 0.9828
    step 12100/12935 | avg train loss 1.0544 top1 0.8605 top5 0.9829
    step 12150/12935 | avg train loss 1.0544 top1 0.8604 top5 0.9829
    step 12200/12935 | avg train loss 1.0548 top1 0.8602 top5 0.9829
    step 12250/12935 | avg train loss 1.0550 top1 0.8602 top5 0.9829
    step 12300/12935 | avg train loss 1.0550 top1 0.8602 top5 0.9829
    step 12350/12935 | avg train loss 1.0549 top1 0.8602 top5 0.9830
    step 12400/12935 | avg train loss 1.0549 top1 0.8603 top5 0.9829
    step 12450/12935 | avg train loss 1.0546 top1 0.8604 top5 0.9830
    step 12500/12935 | avg train loss 1.0547 top1 0.8604 top5 0.9830
    step 12550/12935 | avg train loss 1.0550 top1 0.8602 top5 0.9830
    step 12600/12935 | avg train loss 1.0548 top1 0.8602 top5 0.9831
    step 12650/12935 | avg train loss 1.0548 top1 0.8602 top5 0.9830
    step 12700/12935 | avg train loss 1.0548 top1 0.8602 top5 0.9831
    step 12750/12935 | avg train loss 1.0549 top1 0.8601 top5 0.9831
    step 12800/12935 | avg train loss 1.0550 top1 0.8601 top5 0.9831
    step 12850/12935 | avg train loss 1.0549 top1 0.8601 top5 0.9831
    step 12900/12935 | avg train loss 1.0550 top1 0.8601 top5 0.9831
    step 12935/12935 | avg train loss 1.0546 top1 0.8602 top5 0.9831
Epoch 8/30 | train loss 1.0546 top1 0.8602 | val loss 0.6953 top1 0.8142 top5 0.9703
  Saved new best checkpoint (live): /Data/romain.poggi/Modal/project/smth2smth/checkpoints/track_b/vitl_fulltrain_lora.pt (val top1=0.8142)
    step 50/12935 | avg train loss 0.8999 top1 0.9500 top5 0.9850
    step 100/12935 | avg train loss 0.9217 top1 0.9375 top5 0.9800
    step 150/12935 | avg train loss 0.9240 top1 0.9300 top5 0.9833
