model:
  name: video_mae_resnet
  backbone: resnet50
  shift_div: 8
  shift_place: blockres
  encoder_depth: 2
  encoder_heads: 8
dataset:
  root: ${hydra:runtime.cwd}/data
  train_dir: ${dataset.root}/train
  val_dir: ${dataset.root}/val
  test_dir: ${dataset.root}/test
  augmented_dirs: []
  test_manifest: null
  submission_output: ${hydra:runtime.cwd}/submissions/track_a.csv
  num_frames: 8
  val_ratio: 0.2
  use_official_val: false
  include_val_in_train: false
  seed: ${seed}
  max_samples: null
  max_samples_per_class: null
  image_size: 224
  time_reversal_prob: 0.0
  temporal_reversal_augment:
    enabled: false
    prob: 0.5
  class_boosting:
    enabled: false
training:
  batch_size: 8
  lr: 0.0001
  epochs: 5
  num_workers: 4
  checkpoint_path: ${hydra:runtime.cwd}/checkpoints/track_a/best_model.pt
  resume_from: null
  lora_lr: null
  lora_lr_ratio: 0.25
  motion_lr: null
  motion_lr_ratio: null
  resume_apply_cfg_lr: false
  amp: true
  device: cuda
  optimizer: adam
  momentum: 0.9
  nesterov: false
  weight_decay: 0.0
  scheduler_cosine: false
  warmup_epochs: 0
  min_lr: 0.0
  label_smoothing: 0.0
  videomix_alpha: 0.0
  videomix_prob: 1.0
  videomix_mode: cube_cutmix
  early_stopping_enabled: false
  early_stopping_patience: 10
  early_stopping_min_delta: 0.0
  log_interval_steps: 0
  ema_enabled: false
  ema_decay: 0.999
  eval_every_n_epochs: 1
  eval_ema: true
  save_last_checkpoint: true
  last_checkpoint_path: null
  tta: true
  tta_flip: true
  tta_temporal_shift: 0
  tta_scales:
  - 0.875
  - 1.0
  - 1.125
  tta_logit_adjust: 0.0
  class_balance_sampler: none
  class_balance_loss: none
  class_balance_beta: 0.999
augment:
  name: none
  random_horizontal_flip: false
  random_crop: true
  crop_padding: 32
  color_jitter: false
  color_jitter_brightness: 0.0
  color_jitter_contrast: 0.0
  color_jitter_saturation: 0.0
  color_jitter_hue: 0.0
  random_grayscale: false
  random_grayscale_prob: 0.0
  gaussian_blur: false
  gaussian_blur_prob: 0.0
  gaussian_blur_radius_min: 0.1
  gaussian_blur_radius_max: 2.0
pretrain:
  epochs: 100
  warmup_epochs: 5
  batch_size: 16
  lr: 0.00015
  weight_decay: 0.05
  min_lr: 0.0
  mask_ratio: 0.75
  norm_pix: true
  norm_feat: true
  drop_path_rate: 0.0
  tube_t: 2
  patch_size: 16
  checkpoint_path: checkpoints/track_a/trackA_videomae_pretrain_resnet50_tsm_mask0.75_normFeat_adamw_amp_bs16_4frames_e100_wu5_lr1.5e-4_20260516.pt
  max_videos: null
  image_size: 224
  num_frames: 4
  log_interval_steps: 100
track:
  name: a
  description: 'Closed-world track: train from scratch.'
num_classes: 33
seed: 42

[cuda] cache emptied (videomae-pretrain-start). Free: 5.11 / 23.54 GiB
[videomae] scanning video folders from /Data/thomas.turkieh/smth2smth/data/train, /Data/thomas.turkieh/smth2smth/data/val, /Data/thomas.turkieh/smth2smth/data/test
[videomae] using 58651 unlabeled clips (T=4).
[videomae] model: video_mae_resnet (resnet50_tsm), total params=139,039,808, backbone=23,508,032
[videomae] AMP (bfloat16) enabled.
[videomae] epoch 1/100 step 0/3665 loss 1.2087 lr 8.19e-09
Error executing job with overrides: ['track=a', 'experiment=track_a_videomae_pretrain_resnet', 'pretrain.checkpoint_path=checkpoints/track_a/trackA_videomae_pretrain_resnet50_tsm_mask0.75_normFeat_adamw_amp_bs16_4frames_e100_wu5_lr1.5e-4_20260516.pt']
Traceback (most recent call last):
  File "/Data/thomas.turkieh/smth2smth/src/smth2smth/pipelines/pretrain_videomae.py", line 293, in main
    run(cfg)
  File "/Data/thomas.turkieh/smth2smth/src/smth2smth/pipelines/pretrain_videomae.py", line 219, in run
    pred, target, _, _ = model(clip)
                         ^^^^^^^^^^^
  File "/Data/thomas.turkieh/smth2smth/.venv/lib/python3.12/site-packages/torch/nn/modules/module.py", line 1779, in _wrapped_call_impl
    return self._call_impl(*args, **kwargs)
           ^^^^^^^^^^^^^^^^^^^^^^^^^^^^^^^^
  File "/Data/thomas.turkieh/smth2smth/.venv/lib/python3.12/site-packages/torch/nn/modules/module.py", line 1790, in _call_impl
    return forward_call(*args, **kwargs)
           ^^^^^^^^^^^^^^^^^^^^^^^^^^^^^
  File "/Data/thomas.turkieh/smth2smth/src/smth2smth/shared/models/video_mae_resnet.py", line 250, in forward
    spatial = forward_resnet_spatial_features(self.backbone, masked_clips)
              ^^^^^^^^^^^^^^^^^^^^^^^^^^^^^^^^^^^^^^^^^^^^^^^^^^^^^^^^^^^^
  File "/Data/thomas.turkieh/smth2smth/src/smth2smth/shared/models/video_mae_resnet.py", line 71, in forward_resnet_spatial_features
    x = backbone.layer3(x)
        ^^^^^^^^^^^^^^^^^^
  File "/Data/thomas.turkieh/smth2smth/.venv/lib/python3.12/site-packages/torch/nn/modules/module.py", line 1779, in _wrapped_call_impl
    return self._call_impl(*args, **kwargs)
           ^^^^^^^^^^^^^^^^^^^^^^^^^^^^^^^^
  File "/Data/thomas.turkieh/smth2smth/.venv/lib/python3.12/site-packages/torch/nn/modules/module.py", line 1790, in _call_impl
    return forward_call(*args, **kwargs)
           ^^^^^^^^^^^^^^^^^^^^^^^^^^^^^
  File "/Data/thomas.turkieh/smth2smth/.venv/lib/python3.12/site-packages/torch/nn/modules/container.py", line 253, in forward
    input = module(input)
            ^^^^^^^^^^^^^
  File "/Data/thomas.turkieh/smth2smth/.venv/lib/python3.12/site-packages/torch/nn/modules/module.py", line 1779, in _wrapped_call_impl
    return self._call_impl(*args, **kwargs)
           ^^^^^^^^^^^^^^^^^^^^^^^^^^^^^^^^
  File "/Data/thomas.turkieh/smth2smth/.venv/lib/python3.12/site-packages/torch/nn/modules/module.py", line 1790, in _call_impl
    return forward_call(*args, **kwargs)
           ^^^^^^^^^^^^^^^^^^^^^^^^^^^^^
  File "/Data/thomas.turkieh/smth2smth/.venv/lib/python3.12/site-packages/torchvision/models/resnet.py", line 151, in forward
    out = self.bn2(out)
          ^^^^^^^^^^^^^
  File "/Data/thomas.turkieh/smth2smth/.venv/lib/python3.12/site-packages/torch/nn/modules/module.py", line 1779, in _wrapped_call_impl
    return self._call_impl(*args, **kwargs)
           ^^^^^^^^^^^^^^^^^^^^^^^^^^^^^^^^
  File "/Data/thomas.turkieh/smth2smth/.venv/lib/python3.12/site-packages/torch/nn/modules/module.py", line 1790, in _call_impl
    return forward_call(*args, **kwargs)
           ^^^^^^^^^^^^^^^^^^^^^^^^^^^^^
  File "/Data/thomas.turkieh/smth2smth/.venv/lib/python3.12/site-packages/torch/nn/modules/batchnorm.py", line 194, in forward
    return F.batch_norm(
           ^^^^^^^^^^^^^
  File "/Data/thomas.turkieh/smth2smth/.venv/lib/python3.12/site-packages/torch/nn/functional.py", line 2846, in batch_norm
    return torch.batch_norm(
           ^^^^^^^^^^^^^^^^^
torch.OutOfMemoryError: CUDA out of memory. Tried to allocate 20.00 MiB. GPU 0 has a total capacity of 23.54 GiB of which 896.00 KiB is free. Process 2430746 has 18.03 GiB memory in use. Including non-PyTorch memory, this process has 5.36 GiB memory in use. Of the allocated memory 4.97 GiB is allocated by PyTorch, and 70.07 MiB is reserved by PyTorch but unallocated. If reserved but unallocated memory is large try setting PYTORCH_CUDA_ALLOC_CONF=expandable_segments:True to avoid fragmentation.  See documentation for Memory Management  (https://docs.pytorch.org/docs/stable/notes/cuda.html#optimizing-memory-usage-with-pytorch-cuda-alloc-conf)

Set the environment variable HYDRA_FULL_ERROR=1 for a complete stack trace.
