[ensemble] 2026-05-24T14:12:45+02:00 cache start
[cache] holdout N=676 split_seed=42
[cache] test N=6913
[cache] e1_linspace <- ssv2ft_lora16f.pt ...
Traceback (most recent call last):
  File "/Data/thomas.turkieh/smth2smth/scripts/ensemble_track_b_vjepa.py", line 268, in <module>
    main()
  File "/Data/thomas.turkieh/smth2smth/scripts/ensemble_track_b_vjepa.py", line 260, in main
    cmd_cache(args)
  File "/Data/thomas.turkieh/smth2smth/scripts/ensemble_track_b_vjepa.py", line 111, in cmd_cache
    hold_logits = collect_logits_for_videos(
                  ^^^^^^^^^^^^^^^^^^^^^^^^^^
  File "/Data/thomas.turkieh/smth2smth/.venv/lib/python3.12/site-packages/torch/utils/_contextlib.py", line 124, in decorate_context
    return func(*args, **kwargs)
           ^^^^^^^^^^^^^^^^^^^^^
  File "/Data/thomas.turkieh/smth2smth/src/smth2smth/ensemble/inference.py", line 225, in collect_logits_for_videos
    checkpoint = load_checkpoint(checkpoint_path, map_location=device)
                 ^^^^^^^^^^^^^^^^^^^^^^^^^^^^^^^^^^^^^^^^^^^^^^^^^^^^^
  File "/Data/thomas.turkieh/smth2smth/src/smth2smth/shared/io/checkpoints.py", line 79, in load_checkpoint
    payload = torch.load(in_path, map_location=map_location, weights_only=False)
              ^^^^^^^^^^^^^^^^^^^^^^^^^^^^^^^^^^^^^^^^^^^^^^^^^^^^^^^^^^^^^^^^^^
  File "/Data/thomas.turkieh/smth2smth/.venv/lib/python3.12/site-packages/torch/serialization.py", line 1579, in load
    return _load(
           ^^^^^^
  File "/Data/thomas.turkieh/smth2smth/.venv/lib/python3.12/site-packages/torch/serialization.py", line 2190, in _load
    result = unpickler.load()
             ^^^^^^^^^^^^^^^^
  File "/Data/thomas.turkieh/smth2smth/.venv/lib/python3.12/site-packages/torch/serialization.py", line 2154, in persistent_load
    typed_storage = load_tensor(
                    ^^^^^^^^^^^^
  File "/Data/thomas.turkieh/smth2smth/.venv/lib/python3.12/site-packages/torch/serialization.py", line 2116, in load_tensor
    wrap_storage = restore_location(storage, location)
                   ^^^^^^^^^^^^^^^^^^^^^^^^^^^^^^^^^^^
  File "/Data/thomas.turkieh/smth2smth/.venv/lib/python3.12/site-packages/torch/serialization.py", line 1920, in restore_location
    return default_restore_location(storage, str(map_location))
           ^^^^^^^^^^^^^^^^^^^^^^^^^^^^^^^^^^^^^^^^^^^^^^^^^^^^
  File "/Data/thomas.turkieh/smth2smth/.venv/lib/python3.12/site-packages/torch/serialization.py", line 734, in default_restore_location
    result = fn(storage, location)
             ^^^^^^^^^^^^^^^^^^^^^
  File "/Data/thomas.turkieh/smth2smth/.venv/lib/python3.12/site-packages/torch/serialization.py", line 668, in _deserialize
    return obj.to(device=device)
           ^^^^^^^^^^^^^^^^^^^^^
  File "/Data/thomas.turkieh/smth2smth/.venv/lib/python3.12/site-packages/torch/storage.py", line 289, in to
    return _to(self, device, non_blocking)
           ^^^^^^^^^^^^^^^^^^^^^^^^^^^^^^^
  File "/Data/thomas.turkieh/smth2smth/.venv/lib/python3.12/site-packages/torch/_utils.py", line 106, in _to
    untyped_storage = torch.UntypedStorage(self.size(), device=device)
                      ^^^^^^^^^^^^^^^^^^^^^^^^^^^^^^^^^^^^^^^^^^^^^^^^
torch.AcceleratorError: CUDA error: out of memory
Search for `cudaErrorMemoryAllocation' in https://docs.nvidia.com/cuda/cuda-runtime-api/group__CUDART__TYPES.html for more information.
CUDA kernel errors might be asynchronously reported at some other API call, so the stacktrace below might be incorrect.
For debugging consider passing CUDA_LAUNCH_BLOCKING=1
Compile with `TORCH_USE_CUDA_DSA` to enable device-side assertions.

