# run: arch3-divided-st-k12
# started: 2026-05-25T05:32:45+02:00
# track: a
# experiment_doc: experiments/diverse_classifier_heads_post_mae.md
# hydra: experiment=track_a_diverse_arch3_divided_st model.temporal_layers=12
# pid_file: logs/track_a/arch3-divided-st-k12_20260525.pid
model:
  name: video_mae_vit
  variant: vit_b
  num_classes: ${num_classes}
  tube_t: 1
  patch_size: 16
  mlp_ratio: 4.0
  drop_path_rate: 0.2
  dropout: 0.0
  head: perceiver
  head_num_heads: 12
  head_queries: 16
  head_mlp_ratio: 4.0
  temporal_mode: divided_st
  temporal_layers: 12
  aim_bottleneck: 64
  init_from: checkpoints/track_a/ssl/videomaev2_t4native_encoder_ep500.pt
  interpolate_pos_embed: false
  interpolate_src_image_size: 224
  interpolate_src_num_frames: ${dataset.num_frames}
  gradient_checkpointing: true
  freeze_backbone: false
  residual_variant: prenorm
  hc_n: 4
  hc_sk_iters: 3
  hc_sk_tau: 1.0
dataset:
  root: ${hydra:runtime.cwd}/data
  train_dir: ${dataset.root}/train
  val_dir: ${dataset.root}/val
  test_dir: ${dataset.root}/test
  augmented_dirs: []
  test_manifest: null
  submission_output: ${hydra:runtime.cwd}/submissions/track_a.csv
  num_frames: 4
  val_ratio: 0.2
  use_official_val: true
  include_val_in_train: false
  official_val_holdout_ratio: 0.0
  seed: ${seed}
  use_extra: false
  train_extra_dir: ${dataset.root}/train_extra
  max_samples: null
  max_samples_per_class: null
  image_size: 224
  time_reversal_prob: 0.0
  temporal_reversal_augment:
    enabled: false
    prob: 0.5
  class_boosting:
    enabled: false
training:
  optimizer: adamw
  lr: 0.0005
  weight_decay: 0.05
  layer_decay: 0.75
  epochs: 50
  warmup_epochs: 5
  scheduler: cosine
  scheduler_cosine: true
  min_lr: 1.0e-06
  label_smoothing: 0.1
  videomix_mode: mixup_cutmix_switch
  videomix_mixup_alpha: 0.8
  videomix_cutmix_alpha: 1.0
  videomix_prob: 1.0
  videomix_switch_prob: 0.5
  repeated_aug: 2
  amp: true
  amp_dtype: bf16
  ema_enabled: true
  ema_decay: 0.9999
  early_stopping_enabled: true
  early_stopping_patience: 15
  early_stopping_min_delta: 0.001
  num_workers: 4
  log_interval_steps: 25
  batch_size: 8
  grad_accum_steps: 8
  resume_from: null
  save_last_checkpoint: true
  device: cuda
  wandb:
    enabled: true
    mode: online
    project: smth2smth-diverse-heads
    name: arch3-divided-st-k12
    tags:
    - track_a
    - diverse_heads
    - arch3_divided_st
    log_interval_epochs: 1
    log_interval_steps: 25
  checkpoint_path: checkpoints/track_a/videomaev2+ft/arch3-divided-st-k12.pt
  tta: true
  tta_flip: false
  tta_scales: null
augment:
  name: official_videomae_ssv2
  random_horizontal_flip: false
  random_horizontal_flip_prob: 0.0
  random_crop: false
  multiscale_crop: true
  multiscale_scale:
  - 0.08
  - 1.0
  multiscale_aspect:
  - 0.75
  - 1.3333
  color_jitter: false
  sync_across_frames: true
  randaugment:
    enabled: true
    'n': 4
    m: 7.0
    mode: spatial
    magnitude_max: 30.0
    ops: null
  random_erase:
    enabled: true
    prob: 0.25
    mode: pixel
    count: 1
pretrain:
  epochs: 100
  batch_size: 64
  lr: 0.0005
  weight_decay: 0.04
  log_interval_steps: 50
  checkpoint_path: ${hydra:runtime.cwd}/ssl_trunk.pt
  max_frames: null
  image_size: 224
  local_image_size: 96
  num_local_views: 6
  out_dim: 4096
  hidden_dim: 2048
  bottleneck_dim: 256
  n_layers: 3
  teacher_temp: 0.04
  student_temp: 0.1
  center_momentum: 0.9
  teacher_momentum_base: 0.996
  teacher_momentum_final: 1.0
test:
  num_segment: 2
  num_crop: 3
  flip_tta: false
track:
  name: a
  description: 'Closed-world track: train from scratch.'
seed: 42
num_classes: 33

[cuda] cache emptied (run-start). Free: 23.15 / 23.54 GiB
[data] use_official_val=true: train=44993 (train_dir=44993), val=6745 (from /Data/romain.poggi/smth2smth/data/val)
[data] repeated_aug=2: each clip drawn up to 2x per epoch with independent augmentations.
[init_from] loaded 149 encoder tensors from /Data/romain.poggi/smth2smth/checkpoints/track_a/ssl/videomaev2_t4native_encoder_ep500.pt. encoder-missing=96, unexpected=0
[init_from] encoder keys NOT covered by SSL: ['encoder.blocks.0.norm_t.weight', 'encoder.blocks.0.norm_t.bias', 'encoder.blocks.0.temporal_attn.in_proj_weight', 'encoder.blocks.0.temporal_attn.in_proj_bias', 'encoder.blocks.0.temporal_attn.out_proj.weight', 'encoder.blocks.0.temporal_attn.out_proj.bias', 'encoder.blocks.0.temporal_fc.weight', 'encoder.blocks.0.temporal_fc.bias']...
/Data/romain.poggi/smth2smth/src/smth2smth/pipelines/train.py:410: UserWarning: Converting a tensor with requires_grad=True to a scalar may lead to unexpected behavior.
Consider using tensor.detach() first. (Triggered internally at /pytorch/torch/csrc/autograd/generated/python_variable_methods.cpp:836.)
  float(blk.temporal_fc.weight.abs().max()),
[diverse-arch] temporal_mode=divided_st, 12 temporal block(s) at full base LR; identity-at-init OK (temporal path == identity at step 0)
[diverse-arch] pool_head: num_queries=16, init query pairwise cosine=0.0279 (>0.7 later ⇒ query collapse).
[optim] LLRD: layer_decay=0.75, depth=12, 28 param groups.
[optim] trainable 128,831,265 / total 128,831,265 params (100.00%)
[amp] mixed-precision (torch.bfloat16 + GradScaler) enabled.
[train] grad_accum_steps=8 (effective batch scales up).
[ema] enabled (decay=0.9999); will eval both live and EMA each epoch.
wandb: [wandb.login()] Loaded credentials for https://api.wandb.ai from WANDB_API_KEY.
wandb: Currently logged in as: romain-poggi (romain-poggi-ecole-polytechnique) to https://api.wandb.ai. Use `wandb login --relogin` to force relogin
wandb: setting up run 2m07hn79
wandb: Tracking run with wandb version 0.27.0
wandb: Run data is saved locally in /Data/romain.poggi/smth2smth/wandb/run-20260525_053255-2m07hn79
wandb: Run `wandb offline` to turn off syncing.
wandb: Syncing run arch3-divided-st-k12
wandb: ⭐️ View project at https://wandb.ai/romain-poggi-ecole-polytechnique/smth2smth-diverse-heads
wandb: 🚀 View run at https://wandb.ai/romain-poggi-ecole-polytechnique/smth2smth-diverse-heads/runs/2m07hn79
[wandb] run started: https://wandb.ai/romain-poggi-ecole-polytechnique/smth2smth-diverse-heads/runs/2m07hn79
trainer_pid=1451870
    [05:33:03] step 25/5625 | avg train loss 3.5107 top1 0.0200 top5 0.1350
    [05:33:09] step 50/5625 | avg train loss 3.4320 top1 0.0625 top5 0.2300
    [05:33:16] step 75/5625 | avg train loss 3.4398 top1 0.0683 top5 0.2433
    [05:33:22] step 100/5625 | avg train loss 3.4410 top1 0.0688 top5 0.2512
    [05:33:28] step 125/5625 | avg train loss 3.4457 top1 0.0700 top5 0.2560
    [05:33:35] step 150/5625 | avg train loss 3.4357 top1 0.0658 top5 0.2583
    [05:33:41] step 175/5625 | avg train loss 3.4437 top1 0.0607 top5 0.2457
    [05:33:48] step 200/5625 | avg train loss 3.4355 top1 0.0600 top5 0.2506
    [05:33:54] step 225/5625 | avg train loss 3.4358 top1 0.0572 top5 0.2444
    [05:34:00] step 250/5625 | avg train loss 3.4193 top1 0.0605 top5 0.2490
    [05:34:07] step 275/5625 | avg train loss 3.4215 top1 0.0595 top5 0.2514
    [05:34:13] step 300/5625 | avg train loss 3.4167 top1 0.0596 top5 0.2508
    [05:34:20] step 325/5625 | avg train loss 3.4133 top1 0.0581 top5 0.2531
    [05:34:26] step 350/5625 | avg train loss 3.4117 top1 0.0568 top5 0.2546
    [05:34:33] step 375/5625 | avg train loss 3.4116 top1 0.0560 top5 0.2527
    [05:34:39] step 400/5625 | avg train loss 3.4114 top1 0.0566 top5 0.2553
    [05:34:46] step 425/5625 | avg train loss 3.4110 top1 0.0553 top5 0.2544
    [05:34:52] step 450/5625 | avg train loss 3.4090 top1 0.0572 top5 0.2564
    [05:34:59] step 475/5625 | avg train loss 3.4006 top1 0.0592 top5 0.2608
    [05:35:05] step 500/5625 | avg train loss 3.3950 top1 0.0602 top5 0.2645
    [05:35:12] step 525/5625 | avg train loss 3.3907 top1 0.0588 top5 0.2683
    [05:35:18] step 550/5625 | avg train loss 3.3911 top1 0.0589 top5 0.2686
    [05:35:25] step 575/5625 | avg train loss 3.3893 top1 0.0598 top5 0.2707
    [05:35:31] step 600/5625 | avg train loss 3.3912 top1 0.0594 top5 0.2690
    [05:35:38] step 625/5625 | avg train loss 3.3904 top1 0.0602 top5 0.2710
    [05:35:44] step 650/5625 | avg train loss 3.3913 top1 0.0602 top5 0.2692
    [05:35:51] step 675/5625 | avg train loss 3.3931 top1 0.0600 top5 0.2661
    [05:35:57] step 700/5625 | avg train loss 3.3920 top1 0.0605 top5 0.2664
    [05:36:04] step 725/5625 | avg train loss 3.3902 top1 0.0619 top5 0.2684
    [05:36:10] step 750/5625 | avg train loss 3.3905 top1 0.0617 top5 0.2688
    [05:36:17] step 775/5625 | avg train loss 3.3883 top1 0.0613 top5 0.2705
    [05:36:23] step 800/5625 | avg train loss 3.3858 top1 0.0616 top5 0.2731
    [05:36:30] step 825/5625 | avg train loss 3.3864 top1 0.0611 top5 0.2732
    [05:36:36] step 850/5625 | avg train loss 3.3883 top1 0.0613 top5 0.2715
    [05:36:43] step 875/5625 | avg train loss 3.3873 top1 0.0606 top5 0.2709
    [05:36:49] step 900/5625 | avg train loss 3.3877 top1 0.0597 top5 0.2703
    [05:36:56] step 925/5625 | avg train loss 3.3864 top1 0.0600 top5 0.2705
    [05:37:02] step 950/5625 | avg train loss 3.3868 top1 0.0605 top5 0.2701
    [05:37:09] step 975/5625 | avg train loss 3.3854 top1 0.0604 top5 0.2712
    [05:37:15] step 1000/5625 | avg train loss 3.3866 top1 0.0602 top5 0.2707
    [05:37:22] step 1025/5625 | avg train loss 3.3864 top1 0.0602 top5 0.2710
    [05:37:28] step 1050/5625 | avg train loss 3.3855 top1 0.0596 top5 0.2714
    [05:37:35] step 1075/5625 | avg train loss 3.3842 top1 0.0595 top5 0.2731
    [05:37:41] step 1100/5625 | avg train loss 3.3819 top1 0.0609 top5 0.2751
    [05:37:48] step 1125/5625 | avg train loss 3.3816 top1 0.0609 top5 0.2762
    [05:37:54] step 1150/5625 | avg train loss 3.3821 top1 0.0611 top5 0.2752
    [05:38:01] step 1175/5625 | avg train loss 3.3817 top1 0.0611 top5 0.2750
    [05:38:07] step 1200/5625 | avg train loss 3.3816 top1 0.0604 top5 0.2743
    [05:38:14] step 1225/5625 | avg train loss 3.3802 top1 0.0604 top5 0.2738
    [05:38:20] step 1250/5625 | avg train loss 3.3799 top1 0.0600 top5 0.2727
    [05:38:27] step 1275/5625 | avg train loss 3.3799 top1 0.0596 top5 0.2712
    [05:38:33] step 1300/5625 | avg train loss 3.3785 top1 0.0596 top5 0.2711
    [05:38:40] step 1325/5625 | avg train loss 3.3774 top1 0.0595 top5 0.2716
    [05:38:46] step 1350/5625 | avg train loss 3.3766 top1 0.0594 top5 0.2720
    [05:38:53] step 1375/5625 | avg train loss 3.3789 top1 0.0591 top5 0.2718
    [05:38:59] step 1400/5625 | avg train loss 3.3774 top1 0.0593 top5 0.2734
    [05:39:06] step 1425/5625 | avg train loss 3.3765 top1 0.0599 top5 0.2741
    [05:39:12] step 1450/5625 | avg train loss 3.3762 top1 0.0598 top5 0.2746
    [05:39:19] step 1475/5625 | avg train loss 3.3760 top1 0.0598 top5 0.2741
    [05:39:25] step 1500/5625 | avg train loss 3.3764 top1 0.0604 top5 0.2737
    [05:39:32] step 1525/5625 | avg train loss 3.3760 top1 0.0603 top5 0.2734
    [05:39:38] step 1550/5625 | avg train loss 3.3747 top1 0.0602 top5 0.2742
    [05:39:45] step 1575/5625 | avg train loss 3.3740 top1 0.0599 top5 0.2746
    [05:39:51] step 1600/5625 | avg train loss 3.3733 top1 0.0603 top5 0.2742
    [05:39:58] step 1625/5625 | avg train loss 3.3725 top1 0.0602 top5 0.2748
    [05:40:04] step 1650/5625 | avg train loss 3.3732 top1 0.0605 top5 0.2745
    [05:40:11] step 1675/5625 | avg train loss 3.3728 top1 0.0606 top5 0.2746
    [05:40:17] step 1700/5625 | avg train loss 3.3728 top1 0.0604 top5 0.2743
    [05:40:24] step 1725/5625 | avg train loss 3.3745 top1 0.0606 top5 0.2738
    [05:40:30] step 1750/5625 | avg train loss 3.3735 top1 0.0606 top5 0.2736
    [05:40:37] step 1775/5625 | avg train loss 3.3733 top1 0.0608 top5 0.2739
    [05:40:43] step 1800/5625 | avg train loss 3.3723 top1 0.0608 top5 0.2749
    [05:40:50] step 1825/5625 | avg train loss 3.3710 top1 0.0610 top5 0.2752
    [05:40:56] step 1850/5625 | avg train loss 3.3698 top1 0.0612 top5 0.2761
    [05:41:03] step 1875/5625 | avg train loss 3.3694 top1 0.0613 top5 0.2765
    [05:41:09] step 1900/5625 | avg train loss 3.3695 top1 0.0611 top5 0.2759
    [05:41:16] step 1925/5625 | avg train loss 3.3688 top1 0.0610 top5 0.2760
    [05:41:22] step 1950/5625 | avg train loss 3.3683 top1 0.0611 top5 0.2756
    [05:41:29] step 1975/5625 | avg train loss 3.3688 top1 0.0612 top5 0.2752
    [05:41:35] step 2000/5625 | avg train loss 3.3691 top1 0.0609 top5 0.2749
    [05:41:42] step 2025/5625 | avg train loss 3.3689 top1 0.0618 top5 0.2749
    [05:41:48] step 2050/5625 | avg train loss 3.3698 top1 0.0620 top5 0.2746
    [05:41:55] step 2075/5625 | avg train loss 3.3692 top1 0.0627 top5 0.2743
    [05:42:01] step 2100/5625 | avg train loss 3.3680 top1 0.0635 top5 0.2752
    [05:42:08] step 2125/5625 | avg train loss 3.3684 top1 0.0635 top5 0.2752
    [05:42:14] step 2150/5625 | avg train loss 3.3685 top1 0.0635 top5 0.2752
    [05:42:21] step 2175/5625 | avg train loss 3.3670 top1 0.0639 top5 0.2761
    [05:42:27] step 2200/5625 | avg train loss 3.3658 top1 0.0642 top5 0.2770
    [05:42:34] step 2225/5625 | avg train loss 3.3648 top1 0.0647 top5 0.2787
    [05:42:40] step 2250/5625 | avg train loss 3.3649 top1 0.0647 top5 0.2787
    [05:42:47] step 2275/5625 | avg train loss 3.3642 top1 0.0655 top5 0.2794
    [05:42:53] step 2300/5625 | avg train loss 3.3637 top1 0.0659 top5 0.2794
    [05:43:00] step 2325/5625 | avg train loss 3.3643 top1 0.0657 top5 0.2787
    [05:43:06] step 2350/5625 | avg train loss 3.3642 top1 0.0654 top5 0.2787
    [05:43:13] step 2375/5625 | avg train loss 3.3638 top1 0.0655 top5 0.2787
    [05:43:19] step 2400/5625 | avg train loss 3.3621 top1 0.0657 top5 0.2798
    [05:43:26] step 2425/5625 | avg train loss 3.3627 top1 0.0653 top5 0.2792
    [05:43:32] step 2450/5625 | avg train loss 3.3625 top1 0.0653 top5 0.2790
    [05:43:39] step 2475/5625 | avg train loss 3.3623 top1 0.0652 top5 0.2790
    [05:43:46] step 2500/5625 | avg train loss 3.3615 top1 0.0653 top5 0.2794
    [05:43:52] step 2525/5625 | avg train loss 3.3617 top1 0.0653 top5 0.2792
    [05:43:58] step 2550/5625 | avg train loss 3.3613 top1 0.0660 top5 0.2792
    [05:44:05] step 2575/5625 | avg train loss 3.3612 top1 0.0659 top5 0.2791
    [05:44:11] step 2600/5625 | avg train loss 3.3600 top1 0.0662 top5 0.2796
    [05:44:18] step 2625/5625 | avg train loss 3.3590 top1 0.0660 top5 0.2801
    [05:44:24] step 2650/5625 | avg train loss 3.3589 top1 0.0662 top5 0.2801
    [05:44:31] step 2675/5625 | avg train loss 3.3593 top1 0.0661 top5 0.2801
    [05:44:38] step 2700/5625 | avg train loss 3.3590 top1 0.0663 top5 0.2809
    [05:44:44] step 2725/5625 | avg train loss 3.3592 top1 0.0661 top5 0.2805
    [05:44:51] step 2750/5625 | avg train loss 3.3583 top1 0.0661 top5 0.2807
    [05:44:57] step 2775/5625 | avg train loss 3.3583 top1 0.0661 top5 0.2807
    [05:45:04] step 2800/5625 | avg train loss 3.3580 top1 0.0660 top5 0.2810
    [05:45:10] step 2825/5625 | avg train loss 3.3570 top1 0.0662 top5 0.2816
    [05:45:16] step 2850/5625 | avg train loss 3.3565 top1 0.0664 top5 0.2822
    [05:45:23] step 2875/5625 | avg train loss 3.3565 top1 0.0660 top5 0.2822
    [05:45:30] step 2900/5625 | avg train loss 3.3560 top1 0.0661 top5 0.2824
    [05:45:36] step 2925/5625 | avg train loss 3.3557 top1 0.0660 top5 0.2822
    [05:45:43] step 2950/5625 | avg train loss 3.3552 top1 0.0659 top5 0.2820
    [05:45:49] step 2975/5625 | avg train loss 3.3545 top1 0.0661 top5 0.2826
    [05:45:56] step 3000/5625 | avg train loss 3.3536 top1 0.0664 top5 0.2831
    [05:46:02] step 3025/5625 | avg train loss 3.3533 top1 0.0663 top5 0.2833
    [05:46:09] step 3050/5625 | avg train loss 3.3524 top1 0.0663 top5 0.2839
    [05:46:15] step 3075/5625 | avg train loss 3.3517 top1 0.0664 top5 0.2843
    [05:46:22] step 3100/5625 | avg train loss 3.3507 top1 0.0665 top5 0.2850
    [05:46:28] step 3125/5625 | avg train loss 3.3500 top1 0.0665 top5 0.2854
    [05:46:35] step 3150/5625 | avg train loss 3.3501 top1 0.0668 top5 0.2856
    [05:46:41] step 3175/5625 | avg train loss 3.3491 top1 0.0669 top5 0.2857
    [05:46:48] step 3200/5625 | avg train loss 3.3490 top1 0.0668 top5 0.2855
    [05:46:54] step 3225/5625 | avg train loss 3.3488 top1 0.0665 top5 0.2851
    [05:47:01] step 3250/5625 | avg train loss 3.3484 top1 0.0664 top5 0.2852
    [05:47:07] step 3275/5625 | avg train loss 3.3481 top1 0.0666 top5 0.2857
    [05:47:14] step 3300/5625 | avg train loss 3.3480 top1 0.0666 top5 0.2857
    [05:47:20] step 3325/5625 | avg train loss 3.3481 top1 0.0666 top5 0.2855
    [05:47:27] step 3350/5625 | avg train loss 3.3481 top1 0.0665 top5 0.2856
    [05:47:33] step 3375/5625 | avg train loss 3.3472 top1 0.0668 top5 0.2863
    [05:47:40] step 3400/5625 | avg train loss 3.3467 top1 0.0670 top5 0.2868
    [05:47:46] step 3425/5625 | avg train loss 3.3473 top1 0.0670 top5 0.2862
    [05:47:53] step 3450/5625 | avg train loss 3.3470 top1 0.0669 top5 0.2861
    [05:47:59] step 3475/5625 | avg train loss 3.3465 top1 0.0667 top5 0.2859
    [05:48:06] step 3500/5625 | avg train loss 3.3464 top1 0.0667 top5 0.2861
    [05:48:12] step 3525/5625 | avg train loss 3.3462 top1 0.0667 top5 0.2862
    [05:48:19] step 3550/5625 | avg train loss 3.3459 top1 0.0667 top5 0.2859
    [05:48:25] step 3575/5625 | avg train loss 3.3453 top1 0.0667 top5 0.2863
    [05:48:32] step 3600/5625 | avg train loss 3.3448 top1 0.0667 top5 0.2865
    [05:48:38] step 3625/5625 | avg train loss 3.3444 top1 0.0668 top5 0.2866
    [05:48:45] step 3650/5625 | avg train loss 3.3440 top1 0.0671 top5 0.2867
    [05:48:51] step 3675/5625 | avg train loss 3.3432 top1 0.0673 top5 0.2871
    [05:48:58] step 3700/5625 | avg train loss 3.3426 top1 0.0677 top5 0.2877
    [05:49:04] step 3725/5625 | avg train loss 3.3420 top1 0.0677 top5 0.2881
    [05:49:11] step 3750/5625 | avg train loss 3.3421 top1 0.0678 top5 0.2885
    [05:49:17] step 3775/5625 | avg train loss 3.3414 top1 0.0676 top5 0.2888
    [05:49:24] step 3800/5625 | avg train loss 3.3403 top1 0.0679 top5 0.2894
    [05:49:30] step 3825/5625 | avg train loss 3.3397 top1 0.0680 top5 0.2896
    [05:49:37] step 3850/5625 | avg train loss 3.3396 top1 0.0680 top5 0.2896
    [05:49:43] step 3875/5625 | avg train loss 3.3398 top1 0.0680 top5 0.2896
    [05:49:50] step 3900/5625 | avg train loss 3.3399 top1 0.0680 top5 0.2895
    [05:49:56] step 3925/5625 | avg train loss 3.3391 top1 0.0680 top5 0.2899
    [05:50:03] step 3950/5625 | avg train loss 3.3387 top1 0.0683 top5 0.2900
    [05:50:09] step 3975/5625 | avg train loss 3.3390 top1 0.0682 top5 0.2895
    [05:50:16] step 4000/5625 | avg train loss 3.3386 top1 0.0683 top5 0.2898
    [05:50:22] step 4025/5625 | avg train loss 3.3390 top1 0.0684 top5 0.2897
    [05:50:29] step 4050/5625 | avg train loss 3.3397 top1 0.0681 top5 0.2892
    [05:50:35] step 4075/5625 | avg train loss 3.3391 top1 0.0683 top5 0.2894
    [05:50:42] step 4100/5625 | avg train loss 3.3387 top1 0.0685 top5 0.2897
    [05:50:48] step 4125/5625 | avg train loss 3.3380 top1 0.0686 top5 0.2902
    [05:50:55] step 4150/5625 | avg train loss 3.3378 top1 0.0686 top5 0.2904
    [05:51:02] step 4175/5625 | avg train loss 3.3379 top1 0.0688 top5 0.2903
    [05:51:08] step 4200/5625 | avg train loss 3.3371 top1 0.0690 top5 0.2906
    [05:51:15] step 4225/5625 | avg train loss 3.3369 top1 0.0688 top5 0.2906
    [05:51:21] step 4250/5625 | avg train loss 3.3367 top1 0.0689 top5 0.2908
    [05:51:27] step 4275/5625 | avg train loss 3.3358 top1 0.0692 top5 0.2913
    [05:51:34] step 4300/5625 | avg train loss 3.3352 top1 0.0694 top5 0.2916
    [05:51:40] step 4325/5625 | avg train loss 3.3344 top1 0.0695 top5 0.2920
    [05:51:47] step 4350/5625 | avg train loss 3.3333 top1 0.0697 top5 0.2927
    [05:51:54] step 4375/5625 | avg train loss 3.3330 top1 0.0700 top5 0.2931
    [05:52:00] step 4400/5625 | avg train loss 3.3323 top1 0.0702 top5 0.2935
    [05:52:07] step 4425/5625 | avg train loss 3.3316 top1 0.0704 top5 0.2938
    [05:52:13] step 4450/5625 | avg train loss 3.3307 top1 0.0706 top5 0.2943
    [05:52:20] step 4475/5625 | avg train loss 3.3301 top1 0.0711 top5 0.2944
    [05:52:26] step 4500/5625 | avg train loss 3.3299 top1 0.0712 top5 0.2944
    [05:52:33] step 4525/5625 | avg train loss 3.3292 top1 0.0713 top5 0.2947
    [05:52:39] step 4550/5625 | avg train loss 3.3295 top1 0.0715 top5 0.2945
    [05:52:46] step 4575/5625 | avg train loss 3.3287 top1 0.0717 top5 0.2949
    [05:52:52] step 4600/5625 | avg train loss 3.3280 top1 0.0716 top5 0.2951
    [05:52:59] step 4625/5625 | avg train loss 3.3279 top1 0.0717 top5 0.2950
    [05:53:05] step 4650/5625 | avg train loss 3.3280 top1 0.0718 top5 0.2949
    [05:53:12] step 4675/5625 | avg train loss 3.3281 top1 0.0717 top5 0.2948
    [05:53:18] step 4700/5625 | avg train loss 3.3279 top1 0.0720 top5 0.2949
    [05:53:25] step 4725/5625 | avg train loss 3.3273 top1 0.0721 top5 0.2951
    [05:53:31] step 4750/5625 | avg train loss 3.3268 top1 0.0721 top5 0.2953
    [05:53:38] step 4775/5625 | avg train loss 3.3262 top1 0.0721 top5 0.2955
    [05:53:44] step 4800/5625 | avg train loss 3.3259 top1 0.0721 top5 0.2958
    [05:53:51] step 4825/5625 | avg train loss 3.3259 top1 0.0722 top5 0.2955
    [05:53:57] step 4850/5625 | avg train loss 3.3255 top1 0.0722 top5 0.2957
    [05:54:04] step 4875/5625 | avg train loss 3.3252 top1 0.0722 top5 0.2958
    [05:54:10] step 4900/5625 | avg train loss 3.3248 top1 0.0723 top5 0.2961
    [05:54:17] step 4925/5625 | avg train loss 3.3247 top1 0.0724 top5 0.2962
    [05:54:23] step 4950/5625 | avg train loss 3.3244 top1 0.0724 top5 0.2965
    [05:54:30] step 4975/5625 | avg train loss 3.3243 top1 0.0726 top5 0.2965
    [05:54:36] step 5000/5625 | avg train loss 3.3245 top1 0.0725 top5 0.2964
    [05:54:43] step 5025/5625 | avg train loss 3.3240 top1 0.0726 top5 0.2966
    [05:54:49] step 5050/5625 | avg train loss 3.3235 top1 0.0728 top5 0.2969
    [05:54:56] step 5075/5625 | avg train loss 3.3230 top1 0.0728 top5 0.2969
    [05:55:02] step 5100/5625 | avg train loss 3.3229 top1 0.0728 top5 0.2969
    [05:55:09] step 5125/5625 | avg train loss 3.3222 top1 0.0728 top5 0.2971
    [05:55:15] step 5150/5625 | avg train loss 3.3217 top1 0.0728 top5 0.2972
    [05:55:22] step 5175/5625 | avg train loss 3.3212 top1 0.0731 top5 0.2974
    [05:55:28] step 5200/5625 | avg train loss 3.3204 top1 0.0735 top5 0.2980
    [05:55:35] step 5225/5625 | avg train loss 3.3203 top1 0.0733 top5 0.2980
    [05:55:41] step 5250/5625 | avg train loss 3.3192 top1 0.0735 top5 0.2984
    [05:55:48] step 5275/5625 | avg train loss 3.3191 top1 0.0735 top5 0.2984
    [05:55:54] step 5300/5625 | avg train loss 3.3189 top1 0.0737 top5 0.2986
    [05:56:01] step 5325/5625 | avg train loss 3.3183 top1 0.0739 top5 0.2990
    [05:56:07] step 5350/5625 | avg train loss 3.3182 top1 0.0739 top5 0.2991
    [05:56:14] step 5375/5625 | avg train loss 3.3179 top1 0.0741 top5 0.2991
    [05:56:20] step 5400/5625 | avg train loss 3.3178 top1 0.0743 top5 0.2992
    [05:56:27] step 5425/5625 | avg train loss 3.3175 top1 0.0743 top5 0.2991
    [05:56:34] step 5450/5625 | avg train loss 3.3174 top1 0.0744 top5 0.2990
    [05:56:40] step 5475/5625 | avg train loss 3.3169 top1 0.0743 top5 0.2990
    [05:56:46] step 5500/5625 | avg train loss 3.3167 top1 0.0743 top5 0.2989
    [05:56:53] step 5525/5625 | avg train loss 3.3166 top1 0.0743 top5 0.2988
    [05:56:59] step 5550/5625 | avg train loss 3.3166 top1 0.0742 top5 0.2992
    [05:57:06] step 5575/5625 | avg train loss 3.3163 top1 0.0743 top5 0.2995
    [05:57:12] step 5600/5625 | avg train loss 3.3160 top1 0.0744 top5 0.2996
    [05:57:19] step 5625/5625 | avg train loss 3.3154 top1 0.0748 top5 0.2999
[2026-05-25T05:59:11] Epoch 1/50 | train loss 3.3154 top1 0.0748 | val loss 3.2530 top1 0.0944 top5 0.3480 | ema val top1 0.0532 top5 0.1917
  [head-diag] mlp_activity_ratio=0.4109, query_pairwise_cosine=0.0285
  Saved new best checkpoint (live): /Data/romain.poggi/smth2smth/checkpoints/track_a/videomaev2+ft/arch3-divided-st-k12.pt (val top1=0.0944)
    [05:59:20] step 25/5625 | avg train loss 3.2733 top1 0.0650 top5 0.2750
    [05:59:26] step 50/5625 | avg train loss 3.2619 top1 0.0775 top5 0.3025
    [05:59:33] step 75/5625 | avg train loss 3.2735 top1 0.0817 top5 0.3000
    [05:59:39] step 100/5625 | avg train loss 3.2665 top1 0.0800 top5 0.2988
    [05:59:46] step 125/5625 | avg train loss 3.2956 top1 0.0810 top5 0.2970
    [05:59:52] step 150/5625 | avg train loss 3.2836 top1 0.0883 top5 0.3092
    [05:59:58] step 175/5625 | avg train loss 3.2877 top1 0.0907 top5 0.3071
    [06:00:05] step 200/5625 | avg train loss 3.2940 top1 0.0925 top5 0.3031
    [06:00:12] step 225/5625 | avg train loss 3.2921 top1 0.0939 top5 0.3089
    [06:00:18] step 250/5625 | avg train loss 3.2946 top1 0.0935 top5 0.3105
    [06:00:25] step 275/5625 | avg train loss 3.3023 top1 0.0895 top5 0.3132
    [06:00:31] step 300/5625 | avg train loss 3.3093 top1 0.0883 top5 0.3100
    [06:00:38] step 325/5625 | avg train loss 3.3099 top1 0.0881 top5 0.3050
    [06:00:44] step 350/5625 | avg train loss 3.3201 top1 0.0854 top5 0.2964
    [06:00:51] step 375/5625 | avg train loss 3.3224 top1 0.0840 top5 0.2973
    [06:00:57] step 400/5625 | avg train loss 3.3187 top1 0.0834 top5 0.3041
    [06:01:04] step 425/5625 | avg train loss 3.3177 top1 0.0826 top5 0.3053
    [06:01:10] step 450/5625 | avg train loss 3.3146 top1 0.0842 top5 0.3075
    [06:01:17] step 475/5625 | avg train loss 3.3114 top1 0.0850 top5 0.3079
    [06:01:23] step 500/5625 | avg train loss 3.3129 top1 0.0848 top5 0.3105
    [06:01:30] step 525/5625 | avg train loss 3.3157 top1 0.0836 top5 0.3100
    [06:01:36] step 550/5625 | avg train loss 3.3161 top1 0.0823 top5 0.3084
    [06:01:43] step 575/5625 | avg train loss 3.3190 top1 0.0807 top5 0.3067
    [06:01:49] step 600/5625 | avg train loss 3.3205 top1 0.0796 top5 0.3063
    [06:01:56] step 625/5625 | avg train loss 3.3223 top1 0.0784 top5 0.3064
    [06:02:02] step 650/5625 | avg train loss 3.3210 top1 0.0798 top5 0.3094
    [06:02:09] step 675/5625 | avg train loss 3.3254 top1 0.0789 top5 0.3061
    [06:02:15] step 700/5625 | avg train loss 3.3311 top1 0.0770 top5 0.3013
    [06:02:22] step 725/5625 | avg train loss 3.3310 top1 0.0766 top5 0.3019
    [06:02:28] step 750/5625 | avg train loss 3.3324 top1 0.0750 top5 0.2997
    [06:02:35] step 775/5625 | avg train loss 3.3343 top1 0.0744 top5 0.2985
    [06:02:41] step 800/5625 | avg train loss 3.3341 top1 0.0750 top5 0.2991
    [06:02:48] step 825/5625 | avg train loss 3.3372 top1 0.0741 top5 0.2973
    [06:02:54] step 850/5625 | avg train loss 3.3354 top1 0.0741 top5 0.3007
    [06:03:01] step 875/5625 | avg train loss 3.3387 top1 0.0749 top5 0.2990
    [06:03:07] step 900/5625 | avg train loss 3.3397 top1 0.0739 top5 0.2986
    [06:03:14] step 925/5625 | avg train loss 3.3408 top1 0.0738 top5 0.2985
    [06:03:20] step 950/5625 | avg train loss 3.3395 top1 0.0734 top5 0.2991
    [06:03:27] step 975/5625 | avg train loss 3.3385 top1 0.0742 top5 0.2991
    [06:03:33] step 1000/5625 | avg train loss 3.3398 top1 0.0739 top5 0.2986
    [06:03:40] step 1025/5625 | avg train loss 3.3407 top1 0.0737 top5 0.2973
    [06:03:46] step 1050/5625 | avg train loss 3.3422 top1 0.0730 top5 0.2967
    [06:03:53] step 1075/5625 | avg train loss 3.3439 top1 0.0728 top5 0.2957
    [06:03:59] step 1100/5625 | avg train loss 3.3454 top1 0.0718 top5 0.2934
    [06:04:06] step 1125/5625 | avg train loss 3.3460 top1 0.0719 top5 0.2933
    [06:04:12] step 1150/5625 | avg train loss 3.3450 top1 0.0712 top5 0.2930
    [06:04:19] step 1175/5625 | avg train loss 3.3457 top1 0.0706 top5 0.2922
    [06:04:25] step 1200/5625 | avg train loss 3.3458 top1 0.0707 top5 0.2921
    [06:04:32] step 1225/5625 | avg train loss 3.3446 top1 0.0710 top5 0.2929
    [06:04:38] step 1250/5625 | avg train loss 3.3451 top1 0.0707 top5 0.2931
    [06:04:45] step 1275/5625 | avg train loss 3.3464 top1 0.0706 top5 0.2922
    [06:04:51] step 1300/5625 | avg train loss 3.3463 top1 0.0711 top5 0.2914
    [06:04:58] step 1325/5625 | avg train loss 3.3461 top1 0.0712 top5 0.2919
    [06:05:04] step 1350/5625 | avg train loss 3.3467 top1 0.0705 top5 0.2917
    [06:05:11] step 1375/5625 | avg train loss 3.3472 top1 0.0699 top5 0.2918
    [06:05:17] step 1400/5625 | avg train loss 3.3469 top1 0.0694 top5 0.2920
    [06:05:24] step 1425/5625 | avg train loss 3.3477 top1 0.0692 top5 0.2913
    [06:05:30] step 1450/5625 | avg train loss 3.3485 top1 0.0686 top5 0.2901
    [06:05:37] step 1475/5625 | avg train loss 3.3491 top1 0.0682 top5 0.2903
    [06:05:43] step 1500/5625 | avg train loss 3.3495 top1 0.0678 top5 0.2892
    [06:05:50] step 1525/5625 | avg train loss 3.3490 top1 0.0684 top5 0.2889
    [06:05:56] step 1550/5625 | avg train loss 3.3474 top1 0.0682 top5 0.2895
    [06:06:03] step 1575/5625 | avg train loss 3.3470 top1 0.0683 top5 0.2894
    [06:06:09] step 1600/5625 | avg train loss 3.3472 top1 0.0681 top5 0.2890
    [06:06:15] step 1625/5625 | avg train loss 3.3472 top1 0.0682 top5 0.2894
    [06:06:22] step 1650/5625 | avg train loss 3.3459 top1 0.0681 top5 0.2900
    [06:06:29] step 1675/5625 | avg train loss 3.3457 top1 0.0683 top5 0.2900
    [06:06:35] step 1700/5625 | avg train loss 3.3473 top1 0.0687 top5 0.2892
    [06:06:42] step 1725/5625 | avg train loss 3.3479 top1 0.0689 top5 0.2898
    [06:06:48] step 1750/5625 | avg train loss 3.3482 top1 0.0687 top5 0.2886
    [06:06:54] step 1775/5625 | avg train loss 3.3482 top1 0.0690 top5 0.2884
    [06:07:01] step 1800/5625 | avg train loss 3.3494 top1 0.0685 top5 0.2874
    [06:07:07] step 1825/5625 | avg train loss 3.3491 top1 0.0689 top5 0.2879
    [06:07:14] step 1850/5625 | avg train loss 3.3490 top1 0.0689 top5 0.2880
    [06:07:21] step 1875/5625 | avg train loss 3.3485 top1 0.0687 top5 0.2884
    [06:07:27] step 1900/5625 | avg train loss 3.3482 top1 0.0685 top5 0.2882
    [06:07:34] step 1925/5625 | avg train loss 3.3478 top1 0.0684 top5 0.2881
    [06:07:40] step 1950/5625 | avg train loss 3.3464 top1 0.0681 top5 0.2879
    [06:07:46] step 1975/5625 | avg train loss 3.3472 top1 0.0674 top5 0.2870
    [06:07:53] step 2000/5625 | avg train loss 3.3459 top1 0.0679 top5 0.2879
    [06:07:59] step 2025/5625 | avg train loss 3.3462 top1 0.0677 top5 0.2878
    [06:08:06] step 2050/5625 | avg train loss 3.3465 top1 0.0674 top5 0.2874
    [06:08:13] step 2075/5625 | avg train loss 3.3462 top1 0.0675 top5 0.2871
    [06:08:19] step 2100/5625 | avg train loss 3.3455 top1 0.0676 top5 0.2873
    [06:08:25] step 2125/5625 | avg train loss 3.3442 top1 0.0681 top5 0.2884
    [06:08:32] step 2150/5625 | avg train loss 3.3438 top1 0.0679 top5 0.2890
    [06:08:38] step 2175/5625 | avg train loss 3.3445 top1 0.0676 top5 0.2884
    [06:08:45] step 2200/5625 | avg train loss 3.3438 top1 0.0677 top5 0.2885
    [06:08:51] step 2225/5625 | avg train loss 3.3443 top1 0.0676 top5 0.2883
    [06:08:58] step 2250/5625 | avg train loss 3.3444 top1 0.0676 top5 0.2879
    [06:09:04] step 2275/5625 | avg train loss 3.3449 top1 0.0673 top5 0.2879
    [06:09:11] step 2300/5625 | avg train loss 3.3461 top1 0.0671 top5 0.2868
    [06:09:17] step 2325/5625 | avg train loss 3.3462 top1 0.0670 top5 0.2873
    [06:09:24] step 2350/5625 | avg train loss 3.3469 top1 0.0669 top5 0.2874
    [06:09:30] step 2375/5625 | avg train loss 3.3465 top1 0.0671 top5 0.2871
    [06:09:37] step 2400/5625 | avg train loss 3.3465 top1 0.0676 top5 0.2873
    [06:09:43] step 2425/5625 | avg train loss 3.3459 top1 0.0676 top5 0.2881
    [06:09:50] step 2450/5625 | avg train loss 3.3462 top1 0.0673 top5 0.2880
    [06:09:56] step 2475/5625 | avg train loss 3.3458 top1 0.0673 top5 0.2882
    [06:10:03] step 2500/5625 | avg train loss 3.3453 top1 0.0677 top5 0.2887
    [06:10:09] step 2525/5625 | avg train loss 3.3449 top1 0.0675 top5 0.2888
    [06:10:16] step 2550/5625 | avg train loss 3.3441 top1 0.0676 top5 0.2890
    [06:10:22] step 2575/5625 | avg train loss 3.3436 top1 0.0677 top5 0.2891
    [06:10:29] step 2600/5625 | avg train loss 3.3438 top1 0.0676 top5 0.2889
    [06:10:35] step 2625/5625 | avg train loss 3.3431 top1 0.0680 top5 0.2890
    [06:10:42] step 2650/5625 | avg train loss 3.3432 top1 0.0681 top5 0.2890
    [06:10:48] step 2675/5625 | avg train loss 3.3422 top1 0.0682 top5 0.2895
    [06:10:55] step 2700/5625 | avg train loss 3.3423 top1 0.0684 top5 0.2895
    [06:11:01] step 2725/5625 | avg train loss 3.3418 top1 0.0683 top5 0.2900
    [06:11:08] step 2750/5625 | avg train loss 3.3419 top1 0.0681 top5 0.2898
    [06:11:14] step 2775/5625 | avg train loss 3.3430 top1 0.0680 top5 0.2891
    [06:11:21] step 2800/5625 | avg train loss 3.3427 top1 0.0680 top5 0.2891
    [06:11:27] step 2825/5625 | avg train loss 3.3431 top1 0.0679 top5 0.2885
    [06:11:34] step 2850/5625 | avg train loss 3.3434 top1 0.0683 top5 0.2883
    [06:11:40] step 2875/5625 | avg train loss 3.3439 top1 0.0685 top5 0.2887
    [06:11:47] step 2900/5625 | avg train loss 3.3436 top1 0.0688 top5 0.2891
    [06:11:53] step 2925/5625 | avg train loss 3.3430 top1 0.0690 top5 0.2891
    [06:12:00] step 2950/5625 | avg train loss 3.3429 top1 0.0694 top5 0.2892
    [06:12:06] step 2975/5625 | avg train loss 3.3429 top1 0.0695 top5 0.2891
    [06:12:13] step 3000/5625 | avg train loss 3.3429 top1 0.0693 top5 0.2893
    [06:12:19] step 3025/5625 | avg train loss 3.3428 top1 0.0694 top5 0.2898
    [06:12:26] step 3050/5625 | avg train loss 3.3430 top1 0.0692 top5 0.2894
    [06:12:32] step 3075/5625 | avg train loss 3.3434 top1 0.0692 top5 0.2889
    [06:12:39] step 3100/5625 | avg train loss 3.3437 top1 0.0694 top5 0.2886
    [06:12:45] step 3125/5625 | avg train loss 3.3437 top1 0.0693 top5 0.2884
    [06:12:52] step 3150/5625 | avg train loss 3.3440 top1 0.0689 top5 0.2881
    [06:12:58] step 3175/5625 | avg train loss 3.3438 top1 0.0686 top5 0.2883
    [06:13:05] step 3200/5625 | avg train loss 3.3441 top1 0.0682 top5 0.2879
    [06:13:11] step 3225/5625 | avg train loss 3.3438 top1 0.0683 top5 0.2884
    [06:13:18] step 3250/5625 | avg train loss 3.3439 top1 0.0680 top5 0.2878
    [06:13:24] step 3275/5625 | avg train loss 3.3440 top1 0.0679 top5 0.2883
    [06:13:31] step 3300/5625 | avg train loss 3.3433 top1 0.0683 top5 0.2891
    [06:13:37] step 3325/5625 | avg train loss 3.3432 top1 0.0685 top5 0.2893
    [06:13:44] step 3350/5625 | avg train loss 3.3439 top1 0.0681 top5 0.2890
    [06:13:50] step 3375/5625 | avg train loss 3.3432 top1 0.0681 top5 0.2896
    [06:13:57] step 3400/5625 | avg train loss 3.3435 top1 0.0683 top5 0.2895
    [06:14:03] step 3425/5625 | avg train loss 3.3430 top1 0.0685 top5 0.2898
    [06:14:10] step 3450/5625 | avg train loss 3.3424 top1 0.0689 top5 0.2901
    [06:14:16] step 3475/5625 | avg train loss 3.3423 top1 0.0689 top5 0.2906
    [06:14:22] step 3500/5625 | avg train loss 3.3421 top1 0.0692 top5 0.2908
    [06:14:29] step 3525/5625 | avg train loss 3.3419 top1 0.0690 top5 0.2907
    [06:14:36] step 3550/5625 | avg train loss 3.3419 top1 0.0690 top5 0.2912
    [06:14:42] step 3575/5625 | avg train loss 3.3417 top1 0.0691 top5 0.2915
    [06:14:49] step 3600/5625 | avg train loss 3.3420 top1 0.0688 top5 0.2913
    [06:14:55] step 3625/5625 | avg train loss 3.3422 top1 0.0689 top5 0.2912
    [06:15:02] step 3650/5625 | avg train loss 3.3424 top1 0.0687 top5 0.2912
    [06:15:08] step 3675/5625 | avg train loss 3.3426 top1 0.0685 top5 0.2911
    [06:15:14] step 3700/5625 | avg train loss 3.3423 top1 0.0684 top5 0.2913
    [06:15:21] step 3725/5625 | avg train loss 3.3427 top1 0.0686 top5 0.2910
    [06:15:28] step 3750/5625 | avg train loss 3.3422 top1 0.0687 top5 0.2911
    [06:15:34] step 3775/5625 | avg train loss 3.3419 top1 0.0689 top5 0.2914
    [06:15:41] step 3800/5625 | avg train loss 3.3420 top1 0.0687 top5 0.2909
    [06:15:47] step 3825/5625 | avg train loss 3.3422 top1 0.0685 top5 0.2910
    [06:15:53] step 3850/5625 | avg train loss 3.3418 top1 0.0685 top5 0.2909
    [06:16:00] step 3875/5625 | avg train loss 3.3420 top1 0.0683 top5 0.2904
    [06:16:06] step 3900/5625 | avg train loss 3.3423 top1 0.0683 top5 0.2901
    [06:16:13] step 3925/5625 | avg train loss 3.3419 top1 0.0683 top5 0.2904
    [06:16:20] step 3950/5625 | avg train loss 3.3418 top1 0.0683 top5 0.2900
    [06:16:26] step 3975/5625 | avg train loss 3.3416 top1 0.0682 top5 0.2903
    [06:16:33] step 4000/5625 | avg train loss 3.3415 top1 0.0681 top5 0.2903
    [06:16:39] step 4025/5625 | avg train loss 3.3417 top1 0.0682 top5 0.2900
    [06:16:45] step 4050/5625 | avg train loss 3.3413 top1 0.0682 top5 0.2902
    [06:16:52] step 4075/5625 | avg train loss 3.3411 top1 0.0682 top5 0.2904
    [06:16:58] step 4100/5625 | avg train loss 3.3410 top1 0.0684 top5 0.2900
    [06:17:05] step 4125/5625 | avg train loss 3.3412 top1 0.0685 top5 0.2902
    [06:17:11] step 4150/5625 | avg train loss 3.3411 top1 0.0688 top5 0.2907
    [06:17:18] step 4175/5625 | avg train loss 3.3405 top1 0.0690 top5 0.2908
    [06:17:24] step 4200/5625 | avg train loss 3.3406 top1 0.0689 top5 0.2907
    [06:17:31] step 4225/5625 | avg train loss 3.3405 top1 0.0689 top5 0.2907
    [06:17:37] step 4250/5625 | avg train loss 3.3400 top1 0.0691 top5 0.2912
    [06:17:44] step 4275/5625 | avg train loss 3.3402 top1 0.0693 top5 0.2909
    [06:17:50] step 4300/5625 | avg train loss 3.3401 top1 0.0694 top5 0.2911
    [06:17:57] step 4325/5625 | avg train loss 3.3398 top1 0.0693 top5 0.2915
    [06:18:03] step 4350/5625 | avg train loss 3.3399 top1 0.0691 top5 0.2914
    [06:18:10] step 4375/5625 | avg train loss 3.3401 top1 0.0693 top5 0.2916
    [06:18:16] step 4400/5625 | avg train loss 3.3408 top1 0.0693 top5 0.2913
    [06:18:23] step 4425/5625 | avg train loss 3.3401 top1 0.0695 top5 0.2914
    [06:18:29] step 4450/5625 | avg train loss 3.3402 top1 0.0695 top5 0.2913
    [06:18:36] step 4475/5625 | avg train loss 3.3397 top1 0.0695 top5 0.2913
    [06:18:42] step 4500/5625 | avg train loss 3.3399 top1 0.0696 top5 0.2913
    [06:18:49] step 4525/5625 | avg train loss 3.3402 top1 0.0695 top5 0.2911
    [06:18:55] step 4550/5625 | avg train loss 3.3396 top1 0.0696 top5 0.2916
    [06:19:02] step 4575/5625 | avg train loss 3.3395 top1 0.0696 top5 0.2919
    [06:19:08] step 4600/5625 | avg train loss 3.3392 top1 0.0695 top5 0.2920
    [06:19:15] step 4625/5625 | avg train loss 3.3389 top1 0.0693 top5 0.2921
    [06:19:21] step 4650/5625 | avg train loss 3.3392 top1 0.0692 top5 0.2917
    [06:19:28] step 4675/5625 | avg train loss 3.3395 top1 0.0692 top5 0.2916
    [06:19:34] step 4700/5625 | avg train loss 3.3392 top1 0.0694 top5 0.2917
    [06:19:41] step 4725/5625 | avg train loss 3.3389 top1 0.0696 top5 0.2921
    [06:19:47] step 4750/5625 | avg train loss 3.3388 top1 0.0696 top5 0.2922
    [06:19:54] step 4775/5625 | avg train loss 3.3383 top1 0.0698 top5 0.2925
    [06:20:00] step 4800/5625 | avg train loss 3.3380 top1 0.0697 top5 0.2927
    [06:20:07] step 4825/5625 | avg train loss 3.3382 top1 0.0697 top5 0.2925
    [06:20:13] step 4850/5625 | avg train loss 3.3381 top1 0.0695 top5 0.2927
    [06:20:20] step 4875/5625 | avg train loss 3.3382 top1 0.0696 top5 0.2928
    [06:20:26] step 4900/5625 | avg train loss 3.3382 top1 0.0697 top5 0.2927
    [06:20:33] step 4925/5625 | avg train loss 3.3383 top1 0.0699 top5 0.2926
    [06:20:39] step 4950/5625 | avg train loss 3.3380 top1 0.0699 top5 0.2929
    [06:20:46] step 4975/5625 | avg train loss 3.3380 top1 0.0699 top5 0.2928
    [06:20:52] step 5000/5625 | avg train loss 3.3384 top1 0.0698 top5 0.2928
    [06:20:59] step 5025/5625 | avg train loss 3.3381 top1 0.0699 top5 0.2929
    [06:21:05] step 5050/5625 | avg train loss 3.3383 top1 0.0699 top5 0.2929
    [06:21:12] step 5075/5625 | avg train loss 3.3383 top1 0.0698 top5 0.2930
    [06:21:18] step 5100/5625 | avg train loss 3.3383 top1 0.0698 top5 0.2931
    [06:21:25] step 5125/5625 | avg train loss 3.3385 top1 0.0696 top5 0.2928
    [06:21:31] step 5150/5625 | avg train loss 3.3385 top1 0.0695 top5 0.2926
    [06:21:38] step 5175/5625 | avg train loss 3.3386 top1 0.0693 top5 0.2925
    [06:21:44] step 5200/5625 | avg train loss 3.3383 top1 0.0692 top5 0.2925
    [06:21:51] step 5225/5625 | avg train loss 3.3382 top1 0.0692 top5 0.2925
    [06:21:57] step 5250/5625 | avg train loss 3.3385 top1 0.0691 top5 0.2922
    [06:22:04] step 5275/5625 | avg train loss 3.3380 top1 0.0693 top5 0.2925
    [06:22:10] step 5300/5625 | avg train loss 3.3378 top1 0.0695 top5 0.2927
    [06:22:17] step 5325/5625 | avg train loss 3.3384 top1 0.0693 top5 0.2923
    [06:22:23] step 5350/5625 | avg train loss 3.3384 top1 0.0693 top5 0.2919
    [06:22:30] step 5375/5625 | avg train loss 3.3385 top1 0.0693 top5 0.2918
    [06:22:36] step 5400/5625 | avg train loss 3.3385 top1 0.0694 top5 0.2917
    [06:22:43] step 5425/5625 | avg train loss 3.3381 top1 0.0694 top5 0.2919
    [06:22:49] step 5450/5625 | avg train loss 3.3383 top1 0.0694 top5 0.2918
    [06:22:56] step 5475/5625 | avg train loss 3.3382 top1 0.0695 top5 0.2920
    [06:23:02] step 5500/5625 | avg train loss 3.3382 top1 0.0696 top5 0.2917
    [06:23:09] step 5525/5625 | avg train loss 3.3382 top1 0.0694 top5 0.2917
    [06:23:15] step 5550/5625 | avg train loss 3.3384 top1 0.0694 top5 0.2916
    [06:23:22] step 5575/5625 | avg train loss 3.3383 top1 0.0693 top5 0.2915
    [06:23:28] step 5600/5625 | avg train loss 3.3380 top1 0.0693 top5 0.2918
    [06:23:34] step 5625/5625 | avg train loss 3.3379 top1 0.0693 top5 0.2917
Epoch 2/50 | train loss 3.3379 top1 0.0693 | val loss 3.4407 top1 0.0547 top5 0.2363 | ema val top1 0.0532 top5 0.2108
  [head-diag] mlp_activity_ratio=1.8012, query_pairwise_cosine=0.0287
  No val top1 improvement (1/15); best remains 0.0944
    [06:25:35] step 25/5625 | avg train loss 3.3450 top1 0.0450 top5 0.3050
    [06:25:41] step 50/5625 | avg train loss 3.3111 top1 0.0650 top5 0.3150
    [06:25:48] step 75/5625 | avg train loss 3.2913 top1 0.0700 top5 0.3200
    [06:25:54] step 100/5625 | avg train loss 3.2893 top1 0.0638 top5 0.3212
    [06:26:01] step 125/5625 | avg train loss 3.2954 top1 0.0710 top5 0.3260
    [06:26:07] step 150/5625 | avg train loss 3.3133 top1 0.0700 top5 0.3050
    [06:26:14] step 175/5625 | avg train loss 3.3157 top1 0.0736 top5 0.3000
    [06:26:20] step 200/5625 | avg train loss 3.3179 top1 0.0731 top5 0.2950
    [06:26:27] step 225/5625 | avg train loss 3.3229 top1 0.0717 top5 0.2989
    [06:26:33] step 250/5625 | avg train loss 3.3254 top1 0.0675 top5 0.3000
    [06:26:40] step 275/5625 | avg train loss 3.3236 top1 0.0664 top5 0.2991
    [06:26:46] step 300/5625 | avg train loss 3.3301 top1 0.0658 top5 0.2958
    [06:26:53] step 325/5625 | avg train loss 3.3295 top1 0.0662 top5 0.2992
    [06:26:59] step 350/5625 | avg train loss 3.3327 top1 0.0679 top5 0.2996
    [06:27:06] step 375/5625 | avg train loss 3.3333 top1 0.0687 top5 0.3007
    [06:27:12] step 400/5625 | avg train loss 3.3338 top1 0.0681 top5 0.3013
    [06:27:19] step 425/5625 | avg train loss 3.3315 top1 0.0697 top5 0.3018
    [06:27:25] step 450/5625 | avg train loss 3.3354 top1 0.0700 top5 0.2972
    [06:27:32] step 475/5625 | avg train loss 3.3371 top1 0.0692 top5 0.2934
    [06:27:38] step 500/5625 | avg train loss 3.3380 top1 0.0668 top5 0.2913
    [06:27:45] step 525/5625 | avg train loss 3.3368 top1 0.0660 top5 0.2900
    [06:27:51] step 550/5625 | avg train loss 3.3394 top1 0.0670 top5 0.2902
    [06:27:58] step 575/5625 | avg train loss 3.3373 top1 0.0683 top5 0.2917
    [06:28:04] step 600/5625 | avg train loss 3.3369 top1 0.0681 top5 0.2944
    [06:28:11] step 625/5625 | avg train loss 3.3366 top1 0.0688 top5 0.2938
    [06:28:17] step 650/5625 | avg train loss 3.3349 top1 0.0690 top5 0.2938
    [06:28:24] step 675/5625 | avg train loss 3.3348 top1 0.0693 top5 0.2924
    [06:28:30] step 700/5625 | avg train loss 3.3351 top1 0.0679 top5 0.2916
    [06:28:37] step 725/5625 | avg train loss 3.3335 top1 0.0690 top5 0.2922
    [06:28:43] step 750/5625 | avg train loss 3.3333 top1 0.0685 top5 0.2918
    [06:28:50] step 775/5625 | avg train loss 3.3332 top1 0.0687 top5 0.2934
    [06:28:56] step 800/5625 | avg train loss 3.3323 top1 0.0684 top5 0.2944
    [06:29:03] step 825/5625 | avg train loss 3.3299 top1 0.0685 top5 0.2964
    [06:29:09] step 850/5625 | avg train loss 3.3307 top1 0.0679 top5 0.2963
    [06:29:16] step 875/5625 | avg train loss 3.3285 top1 0.0679 top5 0.2974
    [06:29:22] step 900/5625 | avg train loss 3.3269 top1 0.0667 top5 0.2965
    [06:29:29] step 925/5625 | avg train loss 3.3272 top1 0.0666 top5 0.2958
    [06:29:35] step 950/5625 | avg train loss 3.3276 top1 0.0659 top5 0.2930
    [06:29:42] step 975/5625 | avg train loss 3.3293 top1 0.0649 top5 0.2921
    [06:29:48] step 1000/5625 | avg train loss 3.3307 top1 0.0651 top5 0.2925
    [06:29:55] step 1025/5625 | avg train loss 3.3332 top1 0.0648 top5 0.2913
    [06:30:01] step 1050/5625 | avg train loss 3.3340 top1 0.0643 top5 0.2901
    [06:30:08] step 1075/5625 | avg train loss 3.3348 top1 0.0642 top5 0.2899
    [06:30:14] step 1100/5625 | avg train loss 3.3335 top1 0.0649 top5 0.2906
    [06:30:21] step 1125/5625 | avg train loss 3.3326 top1 0.0654 top5 0.2912
    [06:30:27] step 1150/5625 | avg train loss 3.3352 top1 0.0645 top5 0.2890
    [06:30:34] step 1175/5625 | avg train loss 3.3365 top1 0.0641 top5 0.2874
    [06:30:40] step 1200/5625 | avg train loss 3.3371 top1 0.0635 top5 0.2861
    [06:30:47] step 1225/5625 | avg train loss 3.3387 top1 0.0629 top5 0.2846
    [06:30:53] step 1250/5625 | avg train loss 3.3391 top1 0.0626 top5 0.2843
    [06:31:00] step 1275/5625 | avg train loss 3.3398 top1 0.0628 top5 0.2828
    [06:31:06] step 1300/5625 | avg train loss 3.3399 top1 0.0625 top5 0.2824
    [06:31:13] step 1325/5625 | avg train loss 3.3405 top1 0.0625 top5 0.2818
    [06:31:19] step 1350/5625 | avg train loss 3.3407 top1 0.0622 top5 0.2814
    [06:31:26] step 1375/5625 | avg train loss 3.3402 top1 0.0620 top5 0.2821
    [06:31:32] step 1400/5625 | avg train loss 3.3381 top1 0.0632 top5 0.2835
    [06:31:39] step 1425/5625 | avg train loss 3.3384 top1 0.0630 top5 0.2827
    [06:31:45] step 1450/5625 | avg train loss 3.3383 top1 0.0641 top5 0.2832
    [06:31:52] step 1475/5625 | avg train loss 3.3391 top1 0.0644 top5 0.2826
    [06:31:58] step 1500/5625 | avg train loss 3.3383 top1 0.0652 top5 0.2830
    [06:32:05] step 1525/5625 | avg train loss 3.3391 top1 0.0648 top5 0.2825
    [06:32:11] step 1550/5625 | avg train loss 3.3391 top1 0.0647 top5 0.2823
    [06:32:18] step 1575/5625 | avg train loss 3.3405 top1 0.0644 top5 0.2811
    [06:32:24] step 1600/5625 | avg train loss 3.3422 top1 0.0644 top5 0.2799
    [06:32:31] step 1625/5625 | avg train loss 3.3423 top1 0.0640 top5 0.2805
    [06:32:37] step 1650/5625 | avg train loss 3.3425 top1 0.0642 top5 0.2805
    [06:32:44] step 1675/5625 | avg train loss 3.3422 top1 0.0649 top5 0.2811
    [06:32:50] step 1700/5625 | avg train loss 3.3433 top1 0.0644 top5 0.2801
    [06:32:57] step 1725/5625 | avg train loss 3.3419 top1 0.0649 top5 0.2814
    [06:33:03] step 1750/5625 | avg train loss 3.3412 top1 0.0661 top5 0.2814
    [06:33:10] step 1775/5625 | avg train loss 3.3420 top1 0.0658 top5 0.2813
    [06:33:16] step 1800/5625 | avg train loss 3.3411 top1 0.0660 top5 0.2816
    [06:33:23] step 1825/5625 | avg train loss 3.3420 top1 0.0664 top5 0.2813
    [06:33:29] step 1850/5625 | avg train loss 3.3417 top1 0.0666 top5 0.2820
    [06:33:36] step 1875/5625 | avg train loss 3.3417 top1 0.0663 top5 0.2825
    [06:33:42] step 1900/5625 | avg train loss 3.3417 top1 0.0663 top5 0.2824
    [06:33:49] step 1925/5625 | avg train loss 3.3425 top1 0.0663 top5 0.2824
    [06:33:55] step 1950/5625 | avg train loss 3.3433 top1 0.0661 top5 0.2816
    [06:34:02] step 1975/5625 | avg train loss 3.3432 top1 0.0661 top5 0.2818
    [06:34:08] step 2000/5625 | avg train loss 3.3427 top1 0.0665 top5 0.2826
    [06:34:15] step 2025/5625 | avg train loss 3.3427 top1 0.0663 top5 0.2830
    [06:34:21] step 2050/5625 | avg train loss 3.3423 top1 0.0665 top5 0.2835
    [06:34:28] step 2075/5625 | avg train loss 3.3424 top1 0.0661 top5 0.2837
    [06:34:34] step 2100/5625 | avg train loss 3.3421 top1 0.0658 top5 0.2842
    [06:34:41] step 2125/5625 | avg train loss 3.3416 top1 0.0659 top5 0.2845
    [06:34:47] step 2150/5625 | avg train loss 3.3405 top1 0.0661 top5 0.2855
    [06:34:54] step 2175/5625 | avg train loss 3.3409 top1 0.0659 top5 0.2851
    [06:35:00] step 2200/5625 | avg train loss 3.3402 top1 0.0661 top5 0.2859
    [06:35:07] step 2225/5625 | avg train loss 3.3404 top1 0.0665 top5 0.2861
    [06:35:13] step 2250/5625 | avg train loss 3.3398 top1 0.0663 top5 0.2864
    [06:35:20] step 2275/5625 | avg train loss 3.3390 top1 0.0667 top5 0.2868
    [06:35:26] step 2300/5625 | avg train loss 3.3389 top1 0.0667 top5 0.2870
    [06:35:33] step 2325/5625 | avg train loss 3.3392 top1 0.0670 top5 0.2870
    [06:35:39] step 2350/5625 | avg train loss 3.3399 top1 0.0672 top5 0.2869
    [06:35:46] step 2375/5625 | avg train loss 3.3401 top1 0.0671 top5 0.2865
    [06:35:52] step 2400/5625 | avg train loss 3.3402 top1 0.0671 top5 0.2866
    [06:35:59] step 2425/5625 | avg train loss 3.3402 top1 0.0669 top5 0.2863
    [06:36:05] step 2450/5625 | avg train loss 3.3400 top1 0.0667 top5 0.2860
    [06:36:12] step 2475/5625 | avg train loss 3.3397 top1 0.0666 top5 0.2866
    [06:36:18] step 2500/5625 | avg train loss 3.3395 top1 0.0665 top5 0.2868
    [06:36:25] step 2525/5625 | avg train loss 3.3398 top1 0.0661 top5 0.2870
    [06:36:31] step 2550/5625 | avg train loss 3.3392 top1 0.0658 top5 0.2875
    [06:36:38] step 2575/5625 | avg train loss 3.3394 top1 0.0658 top5 0.2876
    [06:36:44] step 2600/5625 | avg train loss 3.3393 top1 0.0659 top5 0.2876
    [06:36:51] step 2625/5625 | avg train loss 3.3393 top1 0.0660 top5 0.2876
    [06:36:57] step 2650/5625 | avg train loss 3.3399 top1 0.0660 top5 0.2874
    [06:37:04] step 2675/5625 | avg train loss 3.3397 top1 0.0658 top5 0.2869
    [06:37:10] step 2700/5625 | avg train loss 3.3404 top1 0.0657 top5 0.2865
    [06:37:17] step 2725/5625 | avg train loss 3.3407 top1 0.0656 top5 0.2865
    [06:37:23] step 2750/5625 | avg train loss 3.3404 top1 0.0655 top5 0.2866
    [06:37:30] step 2775/5625 | avg train loss 3.3410 top1 0.0658 top5 0.2864
    [06:37:36] step 2800/5625 | avg train loss 3.3407 top1 0.0656 top5 0.2863
    [06:37:43] step 2825/5625 | avg train loss 3.3409 top1 0.0654 top5 0.2866
    [06:37:49] step 2850/5625 | avg train loss 3.3411 top1 0.0654 top5 0.2862
    [06:37:56] step 2875/5625 | avg train loss 3.3413 top1 0.0656 top5 0.2860
    [06:38:02] step 2900/5625 | avg train loss 3.3417 top1 0.0659 top5 0.2854
    [06:38:09] step 2925/5625 | avg train loss 3.3413 top1 0.0662 top5 0.2859
    [06:38:15] step 2950/5625 | avg train loss 3.3408 top1 0.0665 top5 0.2860
    [06:38:22] step 2975/5625 | avg train loss 3.3408 top1 0.0662 top5 0.2858
    [06:38:28] step 3000/5625 | avg train loss 3.3406 top1 0.0664 top5 0.2857
    [06:38:35] step 3025/5625 | avg train loss 3.3404 top1 0.0664 top5 0.2858
    [06:38:41] step 3050/5625 | avg train loss 3.3401 top1 0.0664 top5 0.2855
    [06:38:48] step 3075/5625 | avg train loss 3.3404 top1 0.0665 top5 0.2852
    [06:38:54] step 3100/5625 | avg train loss 3.3406 top1 0.0664 top5 0.2852
    [06:39:00] step 3125/5625 | avg train loss 3.3409 top1 0.0663 top5 0.2848
    [06:39:07] step 3150/5625 | avg train loss 3.3409 top1 0.0661 top5 0.2846
    [06:39:14] step 3175/5625 | avg train loss 3.3408 top1 0.0661 top5 0.2844
    [06:39:20] step 3200/5625 | avg train loss 3.3409 top1 0.0663 top5 0.2843
    [06:39:27] step 3225/5625 | avg train loss 3.3410 top1 0.0660 top5 0.2844
    [06:39:33] step 3250/5625 | avg train loss 3.3416 top1 0.0659 top5 0.2841
    [06:39:39] step 3275/5625 | avg train loss 3.3411 top1 0.0657 top5 0.2844
    [06:39:46] step 3300/5625 | avg train loss 3.3405 top1 0.0659 top5 0.2850
    [06:39:52] step 3325/5625 | avg train loss 3.3407 top1 0.0656 top5 0.2846
    [06:39:59] step 3350/5625 | avg train loss 3.3400 top1 0.0655 top5 0.2852
    [06:40:06] step 3375/5625 | avg train loss 3.3404 top1 0.0655 top5 0.2850
    [06:40:12] step 3400/5625 | avg train loss 3.3406 top1 0.0657 top5 0.2853
    [06:40:18] step 3425/5625 | avg train loss 3.3400 top1 0.0657 top5 0.2859
    [06:40:25] step 3450/5625 | avg train loss 3.3399 top1 0.0658 top5 0.2862
    [06:40:31] step 3475/5625 | avg train loss 3.3393 top1 0.0659 top5 0.2864
    [06:40:38] step 3500/5625 | avg train loss 3.3395 top1 0.0659 top5 0.2865
    [06:40:44] step 3525/5625 | avg train loss 3.3395 top1 0.0660 top5 0.2868
    [06:40:51] step 3550/5625 | avg train loss 3.3392 top1 0.0658 top5 0.2873
    [06:40:57] step 3575/5625 | avg train loss 3.3391 top1 0.0657 top5 0.2872
    [06:41:04] step 3600/5625 | avg train loss 3.3390 top1 0.0658 top5 0.2874
    [06:41:10] step 3625/5625 | avg train loss 3.3388 top1 0.0659 top5 0.2874
    [06:41:17] step 3650/5625 | avg train loss 3.3390 top1 0.0658 top5 0.2875
    [06:41:23] step 3675/5625 | avg train loss 3.3390 top1 0.0661 top5 0.2874
    [06:41:30] step 3700/5625 | avg train loss 3.3387 top1 0.0661 top5 0.2874
    [06:41:36] step 3725/5625 | avg train loss 3.3384 top1 0.0663 top5 0.2876
    [06:41:43] step 3750/5625 | avg train loss 3.3387 top1 0.0663 top5 0.2876
    [06:41:49] step 3775/5625 | avg train loss 3.3386 top1 0.0662 top5 0.2875
    [06:41:56] step 3800/5625 | avg train loss 3.3384 top1 0.0663 top5 0.2873
    [06:42:02] step 3825/5625 | avg train loss 3.3378 top1 0.0666 top5 0.2878
    [06:42:09] step 3850/5625 | avg train loss 3.3383 top1 0.0666 top5 0.2876
    [06:42:15] step 3875/5625 | avg train loss 3.3384 top1 0.0664 top5 0.2875
    [06:42:22] step 3900/5625 | avg train loss 3.3385 top1 0.0663 top5 0.2877
    [06:42:28] step 3925/5625 | avg train loss 3.3389 top1 0.0666 top5 0.2877
    [06:42:34] step 3950/5625 | avg train loss 3.3385 top1 0.0666 top5 0.2881
    [06:42:41] step 3975/5625 | avg train loss 3.3386 top1 0.0664 top5 0.2876
    [06:42:48] step 4000/5625 | avg train loss 3.3389 top1 0.0664 top5 0.2878
    [06:42:54] step 4025/5625 | avg train loss 3.3388 top1 0.0667 top5 0.2881
    [06:43:01] step 4050/5625 | avg train loss 3.3390 top1 0.0666 top5 0.2882
    [06:43:07] step 4075/5625 | avg train loss 3.3390 top1 0.0667 top5 0.2881
    [06:43:13] step 4100/5625 | avg train loss 3.3388 top1 0.0670 top5 0.2883
    [06:43:20] step 4125/5625 | avg train loss 3.3391 top1 0.0668 top5 0.2880
    [06:43:26] step 4150/5625 | avg train loss 3.3394 top1 0.0667 top5 0.2878
    [06:43:33] step 4175/5625 | avg train loss 3.3398 top1 0.0668 top5 0.2875
    [06:43:40] step 4200/5625 | avg train loss 3.3398 top1 0.0668 top5 0.2877
    [06:43:46] step 4225/5625 | avg train loss 3.3400 top1 0.0668 top5 0.2876
    [06:43:52] step 4250/5625 | avg train loss 3.3402 top1 0.0664 top5 0.2871
    [06:43:59] step 4275/5625 | avg train loss 3.3401 top1 0.0663 top5 0.2871
    [06:44:05] step 4300/5625 | avg train loss 3.3401 top1 0.0663 top5 0.2868
    [06:44:12] step 4325/5625 | avg train loss 3.3400 top1 0.0663 top5 0.2866
    [06:44:18] step 4350/5625 | avg train loss 3.3406 top1 0.0662 top5 0.2861
    [06:44:25] step 4375/5625 | avg train loss 3.3403 top1 0.0664 top5 0.2861
    [06:44:31] step 4400/5625 | avg train loss 3.3402 top1 0.0663 top5 0.2859
    [06:44:38] step 4425/5625 | avg train loss 3.3397 top1 0.0663 top5 0.2861
    [06:44:44] step 4450/5625 | avg train loss 3.3398 top1 0.0662 top5 0.2856
    [06:44:51] step 4475/5625 | avg train loss 3.3396 top1 0.0662 top5 0.2859
    [06:44:57] step 4500/5625 | avg train loss 3.3393 top1 0.0664 top5 0.2861
    [06:45:04] step 4525/5625 | avg train loss 3.3394 top1 0.0664 top5 0.2862
    [06:45:10] step 4550/5625 | avg train loss 3.3394 top1 0.0665 top5 0.2865
    [06:45:17] step 4575/5625 | avg train loss 3.3395 top1 0.0664 top5 0.2868
    [06:45:23] step 4600/5625 | avg train loss 3.3399 top1 0.0664 top5 0.2866
    [06:45:30] step 4625/5625 | avg train loss 3.3397 top1 0.0663 top5 0.2867
    [06:45:36] step 4650/5625 | avg train loss 3.3396 top1 0.0663 top5 0.2866
    [06:45:43] step 4675/5625 | avg train loss 3.3398 top1 0.0663 top5 0.2866
    [06:45:49] step 4700/5625 | avg train loss 3.3403 top1 0.0662 top5 0.2862
    [06:45:56] step 4725/5625 | avg train loss 3.3401 top1 0.0662 top5 0.2861
    [06:46:02] step 4750/5625 | avg train loss 3.3399 top1 0.0662 top5 0.2862
    [06:46:08] step 4775/5625 | avg train loss 3.3398 top1 0.0663 top5 0.2861
    [06:46:15] step 4800/5625 | avg train loss 3.3399 top1 0.0664 top5 0.2863
    [06:46:22] step 4825/5625 | avg train loss 3.3403 top1 0.0665 top5 0.2859
    [06:46:28] step 4850/5625 | avg train loss 3.3406 top1 0.0664 top5 0.2857
    [06:46:34] step 4875/5625 | avg train loss 3.3408 top1 0.0663 top5 0.2857
    [06:46:41] step 4900/5625 | avg train loss 3.3410 top1 0.0663 top5 0.2858
    [06:46:47] step 4925/5625 | avg train loss 3.3408 top1 0.0663 top5 0.2858
    [06:46:54] step 4950/5625 | avg train loss 3.3414 top1 0.0662 top5 0.2857
    [06:47:00] step 4975/5625 | avg train loss 3.3416 top1 0.0663 top5 0.2854
    [06:47:07] step 5000/5625 | avg train loss 3.3417 top1 0.0662 top5 0.2853
    [06:47:13] step 5025/5625 | avg train loss 3.3419 top1 0.0661 top5 0.2849
    [06:47:20] step 5050/5625 | avg train loss 3.3418 top1 0.0661 top5 0.2852
    [06:47:26] step 5075/5625 | avg train loss 3.3416 top1 0.0662 top5 0.2852
    [06:47:33] step 5100/5625 | avg train loss 3.3419 top1 0.0661 top5 0.2850
    [06:47:39] step 5125/5625 | avg train loss 3.3415 top1 0.0663 top5 0.2855
    [06:47:46] step 5150/5625 | avg train loss 3.3416 top1 0.0663 top5 0.2853
    [06:47:52] step 5175/5625 | avg train loss 3.3413 top1 0.0664 top5 0.2854
    [06:47:59] step 5200/5625 | avg train loss 3.3413 top1 0.0663 top5 0.2851
    [06:48:05] step 5225/5625 | avg train loss 3.3414 top1 0.0663 top5 0.2851
    [06:48:12] step 5250/5625 | avg train loss 3.3415 top1 0.0661 top5 0.2847
    [06:48:18] step 5275/5625 | avg train loss 3.3419 top1 0.0664 top5 0.2847
    [06:48:25] step 5300/5625 | avg train loss 3.3414 top1 0.0662 top5 0.2851
    [06:48:31] step 5325/5625 | avg train loss 3.3413 top1 0.0661 top5 0.2851
    [06:48:38] step 5350/5625 | avg train loss 3.3409 top1 0.0662 top5 0.2854
    [06:48:44] step 5375/5625 | avg train loss 3.3412 top1 0.0662 top5 0.2852
    [06:48:50] step 5400/5625 | avg train loss 3.3408 top1 0.0663 top5 0.2853
    [06:48:57] step 5425/5625 | avg train loss 3.3408 top1 0.0663 top5 0.2854
    [06:49:04] step 5450/5625 | avg train loss 3.3406 top1 0.0664 top5 0.2856
    [06:49:10] step 5475/5625 | avg train loss 3.3406 top1 0.0663 top5 0.2854
    [06:49:16] step 5500/5625 | avg train loss 3.3407 top1 0.0665 top5 0.2856
    [06:49:23] step 5525/5625 | avg train loss 3.3408 top1 0.0665 top5 0.2857
    [06:49:29] step 5550/5625 | avg train loss 3.3405 top1 0.0668 top5 0.2858
    [06:49:36] step 5575/5625 | avg train loss 3.3404 top1 0.0669 top5 0.2859
    [06:49:42] step 5600/5625 | avg train loss 3.3402 top1 0.0669 top5 0.2861
    [06:49:49] step 5625/5625 | avg train loss 3.3403 top1 0.0671 top5 0.2861
Epoch 3/50 | train loss 3.3403 top1 0.0671 | val loss 3.4400 top1 0.0532 top5 0.2400 | ema val top1 0.0532 top5 0.2353
  [head-diag] mlp_activity_ratio=2.7940, query_pairwise_cosine=0.0298
  No val top1 improvement (2/15); best remains 0.0944
    [06:51:48] step 25/5625 | avg train loss 3.3157 top1 0.0500 top5 0.3050
    [06:51:55] step 50/5625 | avg train loss 3.3496 top1 0.0400 top5 0.2675
    [06:52:01] step 75/5625 | avg train loss 3.3104 top1 0.0667 top5 0.2933
    [06:52:08] step 100/5625 | avg train loss 3.3092 top1 0.0750 top5 0.3000
    [06:52:14] step 125/5625 | avg train loss 3.3217 top1 0.0800 top5 0.2860
    [06:52:20] step 150/5625 | avg train loss 3.3301 top1 0.0767 top5 0.2900
    [06:52:27] step 175/5625 | avg train loss 3.3326 top1 0.0714 top5 0.2879
    [06:52:33] step 200/5625 | avg train loss 3.3381 top1 0.0712 top5 0.2869
    [06:52:40] step 225/5625 | avg train loss 3.3351 top1 0.0756 top5 0.2883
    [06:52:47] step 250/5625 | avg train loss 3.3295 top1 0.0720 top5 0.2950
    [06:52:53] step 275/5625 | avg train loss 3.3284 top1 0.0695 top5 0.2905
    [06:52:59] step 300/5625 | avg train loss 3.3261 top1 0.0725 top5 0.2963
    [06:53:06] step 325/5625 | avg train loss 3.3240 top1 0.0723 top5 0.2977
    [06:53:12] step 350/5625 | avg train loss 3.3191 top1 0.0721 top5 0.3018
    [06:53:19] step 375/5625 | avg train loss 3.3231 top1 0.0723 top5 0.3010
    [06:53:25] step 400/5625 | avg train loss 3.3223 top1 0.0728 top5 0.3047
    [06:53:32] step 425/5625 | avg train loss 3.3214 top1 0.0741 top5 0.3065
    [06:53:38] step 450/5625 | avg train loss 3.3241 top1 0.0736 top5 0.3036
    [06:53:45] step 475/5625 | avg train loss 3.3281 top1 0.0724 top5 0.2997
    [06:53:51] step 500/5625 | avg train loss 3.3256 top1 0.0707 top5 0.3018
    [06:53:58] step 525/5625 | avg train loss 3.3273 top1 0.0707 top5 0.2995
    [06:54:04] step 550/5625 | avg train loss 3.3275 top1 0.0714 top5 0.2993
    [06:54:11] step 575/5625 | avg train loss 3.3254 top1 0.0726 top5 0.3009
    [06:54:17] step 600/5625 | avg train loss 3.3262 top1 0.0700 top5 0.2981
    [06:54:24] step 625/5625 | avg train loss 3.3283 top1 0.0690 top5 0.2938
    [06:54:30] step 650/5625 | avg train loss 3.3292 top1 0.0690 top5 0.2940
    [06:54:37] step 675/5625 | avg train loss 3.3281 top1 0.0683 top5 0.2926
    [06:54:43] step 700/5625 | avg train loss 3.3274 top1 0.0675 top5 0.2914
    [06:54:50] step 725/5625 | avg train loss 3.3278 top1 0.0669 top5 0.2898
    [06:54:56] step 750/5625 | avg train loss 3.3288 top1 0.0660 top5 0.2890
    [06:55:03] step 775/5625 | avg train loss 3.3282 top1 0.0660 top5 0.2890
    [06:55:09] step 800/5625 | avg train loss 3.3286 top1 0.0653 top5 0.2897
    [06:55:16] step 825/5625 | avg train loss 3.3342 top1 0.0645 top5 0.2876
    [06:55:22] step 850/5625 | avg train loss 3.3358 top1 0.0635 top5 0.2865
    [06:55:29] step 875/5625 | avg train loss 3.3376 top1 0.0630 top5 0.2854
    [06:55:35] step 900/5625 | avg train loss 3.3376 top1 0.0638 top5 0.2861
    [06:55:42] step 925/5625 | avg train loss 3.3382 top1 0.0642 top5 0.2869
    [06:55:48] step 950/5625 | avg train loss 3.3395 top1 0.0638 top5 0.2863
    [06:55:54] step 975/5625 | avg train loss 3.3388 top1 0.0644 top5 0.2876
    [06:56:01] step 1000/5625 | avg train loss 3.3389 top1 0.0645 top5 0.2870
    [06:56:07] step 1025/5625 | avg train loss 3.3406 top1 0.0637 top5 0.2854
    [06:56:14] step 1050/5625 | avg train loss 3.3391 top1 0.0646 top5 0.2856
    [06:56:20] step 1075/5625 | avg train loss 3.3380 top1 0.0647 top5 0.2863
    [06:56:27] step 1100/5625 | avg train loss 3.3390 top1 0.0653 top5 0.2855
    [06:56:33] step 1125/5625 | avg train loss 3.3400 top1 0.0648 top5 0.2849
    [06:56:40] step 1150/5625 | avg train loss 3.3391 top1 0.0647 top5 0.2859
    [06:56:46] step 1175/5625 | avg train loss 3.3395 top1 0.0650 top5 0.2864
    [06:56:53] step 1200/5625 | avg train loss 3.3388 top1 0.0660 top5 0.2876
    [06:56:59] step 1225/5625 | avg train loss 3.3394 top1 0.0658 top5 0.2877
    [06:57:06] step 1250/5625 | avg train loss 3.3395 top1 0.0667 top5 0.2884
    [06:57:12] step 1275/5625 | avg train loss 3.3401 top1 0.0670 top5 0.2876
    [06:57:19] step 1300/5625 | avg train loss 3.3397 top1 0.0672 top5 0.2885
    [06:57:25] step 1325/5625 | avg train loss 3.3385 top1 0.0675 top5 0.2888
    [06:57:32] step 1350/5625 | avg train loss 3.3387 top1 0.0682 top5 0.2890
    [06:57:38] step 1375/5625 | avg train loss 3.3395 top1 0.0675 top5 0.2880
    [06:57:44] step 1400/5625 | avg train loss 3.3383 top1 0.0679 top5 0.2884
    [06:57:51] step 1425/5625 | avg train loss 3.3401 top1 0.0675 top5 0.2874
    [06:57:57] step 1450/5625 | avg train loss 3.3394 top1 0.0689 top5 0.2883
    [06:58:04] step 1475/5625 | avg train loss 3.3376 top1 0.0704 top5 0.2893
    [06:58:10] step 1500/5625 | avg train loss 3.3383 top1 0.0699 top5 0.2892
    [06:58:17] step 1525/5625 | avg train loss 3.3390 top1 0.0691 top5 0.2882
    [06:58:23] step 1550/5625 | avg train loss 3.3382 top1 0.0694 top5 0.2881
    [06:58:30] step 1575/5625 | avg train loss 3.3377 top1 0.0691 top5 0.2879
    [06:58:36] step 1600/5625 | avg train loss 3.3378 top1 0.0691 top5 0.2883
    [06:58:43] step 1625/5625 | avg train loss 3.3377 top1 0.0694 top5 0.2883
    [06:58:49] step 1650/5625 | avg train loss 3.3375 top1 0.0690 top5 0.2880
    [06:58:55] step 1675/5625 | avg train loss 3.3378 top1 0.0687 top5 0.2880
    [06:59:02] step 1700/5625 | avg train loss 3.3365 top1 0.0690 top5 0.2885
    [06:59:09] step 1725/5625 | avg train loss 3.3370 top1 0.0691 top5 0.2880
    [06:59:15] step 1750/5625 | avg train loss 3.3373 top1 0.0693 top5 0.2876
    [06:59:21] step 1775/5625 | avg train loss 3.3371 top1 0.0696 top5 0.2877
    [06:59:28] step 1800/5625 | avg train loss 3.3373 top1 0.0694 top5 0.2875
    [06:59:34] step 1825/5625 | avg train loss 3.3375 top1 0.0699 top5 0.2880
    [06:59:41] step 1850/5625 | avg train loss 3.3374 top1 0.0699 top5 0.2878
    [06:59:47] step 1875/5625 | avg train loss 3.3375 top1 0.0697 top5 0.2877
    [06:59:54] step 1900/5625 | avg train loss 3.3376 top1 0.0704 top5 0.2886
    [07:00:00] step 1925/5625 | avg train loss 3.3374 top1 0.0706 top5 0.2889
    [07:00:07] step 1950/5625 | avg train loss 3.3376 top1 0.0706 top5 0.2885
    [07:00:13] step 1975/5625 | avg train loss 3.3386 top1 0.0700 top5 0.2875
    [07:00:20] step 2000/5625 | avg train loss 3.3389 top1 0.0695 top5 0.2872
    [07:00:26] step 2025/5625 | avg train loss 3.3380 top1 0.0699 top5 0.2884
    [07:00:33] step 2050/5625 | avg train loss 3.3378 top1 0.0697 top5 0.2891
    [07:00:39] step 2075/5625 | avg train loss 3.3387 top1 0.0693 top5 0.2878
    [07:00:45] step 2100/5625 | avg train loss 3.3378 top1 0.0695 top5 0.2888
    [07:00:52] step 2125/5625 | avg train loss 3.3375 top1 0.0694 top5 0.2894
    [07:00:59] step 2150/5625 | avg train loss 3.3387 top1 0.0691 top5 0.2887
    [07:01:05] step 2175/5625 | avg train loss 3.3388 top1 0.0693 top5 0.2883
    [07:01:11] step 2200/5625 | avg train loss 3.3381 top1 0.0698 top5 0.2892
    [07:01:18] step 2225/5625 | avg train loss 3.3383 top1 0.0699 top5 0.2890
    [07:01:24] step 2250/5625 | avg train loss 3.3383 top1 0.0697 top5 0.2887
    [07:01:31] step 2275/5625 | avg train loss 3.3382 top1 0.0698 top5 0.2892
    [07:01:37] step 2300/5625 | avg train loss 3.3387 top1 0.0698 top5 0.2890
    [07:01:44] step 2325/5625 | avg train loss 3.3391 top1 0.0699 top5 0.2888
    [07:01:50] step 2350/5625 | avg train loss 3.3392 top1 0.0697 top5 0.2886
    [07:01:57] step 2375/5625 | avg train loss 3.3392 top1 0.0695 top5 0.2884
    [07:02:03] step 2400/5625 | avg train loss 3.3392 top1 0.0691 top5 0.2883
    [07:02:10] step 2425/5625 | avg train loss 3.3393 top1 0.0687 top5 0.2870
    [07:02:16] step 2450/5625 | avg train loss 3.3388 top1 0.0688 top5 0.2872
    [07:02:23] step 2475/5625 | avg train loss 3.3394 top1 0.0689 top5 0.2874
    [07:02:29] step 2500/5625 | avg train loss 3.3394 top1 0.0687 top5 0.2868
    [07:02:36] step 2525/5625 | avg train loss 3.3396 top1 0.0684 top5 0.2864
    [07:02:42] step 2550/5625 | avg train loss 3.3398 top1 0.0682 top5 0.2862
    [07:02:49] step 2575/5625 | avg train loss 3.3399 top1 0.0681 top5 0.2860
    [07:02:55] step 2600/5625 | avg train loss 3.3404 top1 0.0683 top5 0.2853
    [07:03:02] step 2625/5625 | avg train loss 3.3414 top1 0.0680 top5 0.2850
    [07:03:08] step 2650/5625 | avg train loss 3.3413 top1 0.0683 top5 0.2853
    [07:03:15] step 2675/5625 | avg train loss 3.3410 top1 0.0684 top5 0.2857
    [07:03:21] step 2700/5625 | avg train loss 3.3410 top1 0.0680 top5 0.2850
    [07:03:27] step 2725/5625 | avg train loss 3.3417 top1 0.0678 top5 0.2843
    [07:03:34] step 2750/5625 | avg train loss 3.3423 top1 0.0676 top5 0.2842
    [07:03:41] step 2775/5625 | avg train loss 3.3426 top1 0.0674 top5 0.2838
    [07:03:47] step 2800/5625 | avg train loss 3.3428 top1 0.0675 top5 0.2841
    [07:03:54] step 2825/5625 | avg train loss 3.3431 top1 0.0672 top5 0.2836
    [07:04:00] step 2850/5625 | avg train loss 3.3424 top1 0.0673 top5 0.2840
    [07:04:06] step 2875/5625 | avg train loss 3.3428 top1 0.0672 top5 0.2840
    [07:04:13] step 2900/5625 | avg train loss 3.3429 top1 0.0671 top5 0.2841
    [07:04:19] step 2925/5625 | avg train loss 3.3425 top1 0.0671 top5 0.2846
    [07:04:26] step 2950/5625 | avg train loss 3.3422 top1 0.0678 top5 0.2851
    [07:04:32] step 2975/5625 | avg train loss 3.3424 top1 0.0677 top5 0.2844
    [07:04:39] step 3000/5625 | avg train loss 3.3421 top1 0.0675 top5 0.2844
    [07:04:45] step 3025/5625 | avg train loss 3.3419 top1 0.0678 top5 0.2844
    [07:04:52] step 3050/5625 | avg train loss 3.3426 top1 0.0678 top5 0.2841
    [07:04:58] step 3075/5625 | avg train loss 3.3430 top1 0.0677 top5 0.2837
    [07:05:05] step 3100/5625 | avg train loss 3.3430 top1 0.0678 top5 0.2838
    [07:05:11] step 3125/5625 | avg train loss 3.3431 top1 0.0676 top5 0.2840
    [07:05:18] step 3150/5625 | avg train loss 3.3429 top1 0.0675 top5 0.2845
    [07:05:24] step 3175/5625 | avg train loss 3.3430 top1 0.0674 top5 0.2840
    [07:05:31] step 3200/5625 | avg train loss 3.3432 top1 0.0673 top5 0.2841
[Stopped Manually as collapsed run]