# run: arch2-perceiver-q16-stab-s42-submit-ep21
# started: 2026-05-25T22:49:44+02:00
# track: a
# experiment_doc: experiments/diver_CL_head_continue.md
# hydra: experiment=track_a_diverse_arch2_perceiver_stab_s42 training.checkpoint_path=checkpoints/track_a/videomaev2+ft/arch2-perceiver-q16-stab-s42-ep21-best.pt
# ckpt_metric: ep21 holdout val top1=0.5725 (live best)
nohup: failed to run command 'uv': No such file or directory
model:
  name: video_mae_vit
  variant: vit_b
  num_classes: ${num_classes}
  tube_t: 1
  patch_size: 16
  mlp_ratio: 4.0
  drop_path_rate: 0.2
  dropout: 0.0
  head: perceiver
  head_num_heads: 12
  head_queries: 16
  head_mlp_ratio: 4.0
  temporal_mode: none
  temporal_layers: 0
  aim_bottleneck: 64
  init_from: ${hydra:runtime.cwd}/checkpoints/track_a/ssl/videomaev2_t4native_encoder_ep500.pt
  interpolate_pos_embed: false
  interpolate_src_image_size: 224
  interpolate_src_num_frames: ${dataset.num_frames}
  gradient_checkpointing: true
  freeze_backbone: false
  residual_variant: prenorm
  hc_n: 4
  hc_sk_iters: 3
  hc_sk_tau: 1.0
dataset:
  root: ${hydra:runtime.cwd}/data
  train_dir: ${dataset.root}/train
  val_dir: ${dataset.root}/val
  test_dir: ${dataset.root}/test
  augmented_dirs: []
  test_manifest: null
  submission_output: submissions/track_a_arch2-perceiver-q16-stab-s42_ep21_champion_tta_20260525.csv
  num_frames: 4
  val_ratio: 0.2
  use_official_val: true
  include_val_in_train: false
  official_val_holdout_ratio: 0.1
  seed: ${seed}
  use_extra: false
  train_extra_dir: ${dataset.root}/train_extra
  max_samples: null
  max_samples_per_class: null
  image_size: 224
  time_reversal_prob: 0.0
  temporal_reversal_augment:
    enabled: false
    prob: 0.5
  class_boosting:
    enabled: false
training:
  optimizer: adamw
  lr: 0.0005
  weight_decay: 0.05
  layer_decay: 0.75
  epochs: 50
  warmup_epochs: 5
  scheduler: cosine
  scheduler_cosine: true
  min_lr: 1.0e-06
  label_smoothing: 0.1
  videomix_mode: mixup_cutmix_switch
  videomix_mixup_alpha: 0.8
  videomix_cutmix_alpha: 1.0
  videomix_prob: 1.0
  videomix_switch_prob: 0.5
  repeated_aug: 2
  amp: true
  amp_dtype: bf16
  ema_enabled: true
  ema_decay: 0.9999
  early_stopping_enabled: true
  early_stopping_patience: 15
  early_stopping_min_delta: 0.001
  num_workers: 4
  log_interval_steps: 25
  batch_size: 4
  grad_accum_steps: 8
  resume_from: null
  save_last_checkpoint: true
  device: cuda
  wandb:
    enabled: false
    mode: online
    project: smth2smth-diverse-heads
    name: arch2-perceiver-q16-stab-s42
    tags:
    - track_a
    - diverse_heads
    - arch2_perceiver
    - stab
    - seed_replica
    log_interval_epochs: 1
    log_interval_steps: 25
  checkpoint_path: checkpoints/track_a/videomaev2+ft/arch2-perceiver-q16-stab-s42-ep21-best.pt
  tta: true
  tta_flip: true
  tta_scales:
  - 0.857
  - 1.0
  - 1.143
  new_module_lr: 0.0001
  new_module_warmup_epochs: 10
  max_grad_norm: 1.0
  new_module_max_grad_norm: 0.5
  stop_on_mlp_activity_ratio: 10.0
augment:
  name: official_videomae_ssv2
  random_horizontal_flip: false
  random_horizontal_flip_prob: 0.0
  random_crop: false
  multiscale_crop: true
  multiscale_scale:
  - 0.08
  - 1.0
  multiscale_aspect:
  - 0.75
  - 1.3333
  color_jitter: false
  sync_across_frames: true
  randaugment:
    enabled: true
    'n': 4
    m: 7.0
    mode: spatial
    magnitude_max: 30.0
    ops: null
  random_erase:
    enabled: true
    prob: 0.25
    mode: pixel
    count: 1
pretrain:
  epochs: 100
  batch_size: 64
  lr: 0.0005
  weight_decay: 0.04
  log_interval_steps: 50
  checkpoint_path: ${hydra:runtime.cwd}/ssl_trunk.pt
  max_frames: null
  image_size: 224
  local_image_size: 96
  num_local_views: 6
  out_dim: 4096
  hidden_dim: 2048
  bottleneck_dim: 256
  n_layers: 3
  teacher_temp: 0.04
  student_temp: 0.1
  center_momentum: 0.9
  teacher_momentum_base: 0.996
  teacher_momentum_final: 1.0
test:
  num_segment: 1
  num_crop: 1
  flip_tta: false
track:
  name: a
  description: 'Closed-world track: train from scratch.'
seed: 42
num_classes: 33

Indexing video folders under: /Data/romain.poggi/smth2smth/data/test
Found 6913 test videos.
[submit] masking 1 never-trained class index/indices: [27]
[tta] flip-pair remap: [(18, 19)] (others identity).
[tta] ViT scale 0.857 -> 192x192 (patch_size=16)
[tta] ViT scale 1 -> 224x224 (patch_size=16)
[tta] ViT scale 1.143 -> 256x256 (patch_size=16)
[submit] inference autocast fp16 enabled (matches training.amp).
trainer_pid=1826427
Wrote 6913 rows to /Data/romain.poggi/smth2smth/submissions/track_a_arch2-perceiver-q16-stab-s42_ep21_champion_tta_20260525.csv
BIG BUG HERE, DID NOT USE THE RIGHT TRAINED HEAD BUT BASIC NOT INITIALISAED MEAN POOLING.