=== LAUNCH ablette -> perceiverQ8-mae50-s42 (SSL ep50 seed42) ===
=== LAUNCH anchois -> perceiverQ8-mae50-s43 (SSL ep50 seed43) ===
=== LAUNCH anguille -> perceiverQ8-mae50-s44 (SSL ep50 seed44) ===
=== LAUNCH barbeau -> perceiverQ8-mae150-s42 (SSL ep150 seed42) ===
=== LAUNCH barbue -> perceiverQ8-mae150-s43 (SSL ep150 seed43) ===
=== LAUNCH carrelet -> perceiverQ8-mae150-s44 (SSL ep150 seed44) ===
=== LAUNCH gardon -> perceiverQ8-mae250-s42 (SSL ep250 seed42) ===
=== LAUNCH labre -> perceiverQ8-mae250-s43 (SSL ep250 seed43) ===
=== LAUNCH mulet -> perceiverQ8-mae350-s42 (SSL ep350 seed42) ===
=== LAUNCH lotte -> perceiverQ8-mae250-s44 (SSL ep250 seed44) ===
=== LAUNCH murene -> perceiverQ8-mae350-s43 (SSL ep350 seed43) ===
=== LAUNCH piranha -> perceiverQ8-mae350-s44 (SSL ep350 seed44) ===
=== LAUNCH raie -> perceiverQ8-mae450-s42 (SSL ep450 seed42) ===
=== LAUNCH requin -> perceiverQ8-mae450-s43 (SSL ep450 seed43) ===
=== LAUNCH rouget -> perceiverQ8-mae450-s44 (SSL ep450 seed44) ===
=== LAUNCH saumon -> perceiverQ8-mae100-s44 (SSL ep100 seed44) ===
=== LAUNCH thon -> perceiverQ8-mae400-s44 (SSL ep400 seed44) ===
=== LAUNCH truite -> perceiverQ8-mae500-s44 (SSL ep500 seed44) ===
=== LAUNCH silure -> perceiverQ8-mae200-s44 (SSL ep200 seed44) ===
=== LAUNCH sole -> perceiverQ8-mae300-s44 (SSL ep300 seed44) ===
trainer_pid=276363 log=logs/track_a/perceiverQ8-mae400-s44_20260604.log
trainer_pid=267486 log=logs/track_a/perceiverQ8-mae250-s43_20260604.log
trainer_pid=273458 log=logs/track_a/perceiverQ8-mae150-s42_20260604.log
trainer_pid=275647 log=logs/track_a/perceiverQ8-mae50-s42_20260604.log
trainer_pid=269352 log=logs/track_a/perceiverQ8-mae50-s43_20260604.log
trainer_pid=265250 log=logs/track_a/perceiverQ8-mae450-s42_20260604.log
trainer_pid=272136 log=logs/track_a/perceiverQ8-mae350-s42_20260604.log
trainer_pid=436568 log=logs/track_a/perceiverQ8-mae500-s44_20260604.log
trainer_pid=268549 log=logs/track_a/perceiverQ8-mae250-s44_20260604.log
trainer_pid=268052 log=logs/track_a/perceiverQ8-mae150-s43_20260604.log
trainer_pid=270096 log=logs/track_a/perceiverQ8-mae350-s43_20260604.log
trainer_pid=273076 log=logs/track_a/perceiverQ8-mae50-s44_20260604.log
trainer_pid=284772 log=logs/track_a/perceiverQ8-mae300-s44_20260604.log
trainer_pid=424883 log=logs/track_a/perceiverQ8-mae200-s44_20260604.log
trainer_pid=264212 log=logs/track_a/perceiverQ8-mae250-s42_20260604.log
trainer_pid=268009 log=logs/track_a/perceiverQ8-mae100-s44_20260604.log
trainer_pid=269451 log=logs/track_a/perceiverQ8-mae150-s44_20260604.log
trainer_pid=276230 log=logs/track_a/perceiverQ8-mae450-s43_20260604.log
trainer_pid=285308 log=logs/track_a/perceiverQ8-mae450-s44_20260604.log
trainer_pid=375733 log=logs/track_a/perceiverQ8-mae350-s44_20260604.log
All 20 launches submitted.
