model:
  name: video_mae_vit
  variant: vit_b
  num_classes: ${num_classes}
  tube_t: 1
  patch_size: 16
  mlp_ratio: 4.0
  drop_path_rate: 0.2
  dropout: 0.0
  head: mean
  head_num_heads: 4
  init_from: checkpoints/track_a/ssl/videomaev2_t4native_encoder_ep150.pt
  interpolate_pos_embed: false
  interpolate_src_image_size: 224
  interpolate_src_num_frames: ${dataset.num_frames}
  gradient_checkpointing: true
  freeze_backbone: false
  residual_variant: prenorm
  hc_n: 4
  hc_sk_iters: 3
  hc_sk_tau: 1.0
dataset:
  root: ${hydra:runtime.cwd}/data
  train_dir: ${dataset.root}/train
  val_dir: ${dataset.root}/val
  test_dir: ${dataset.root}/test
  augmented_dirs: []
  test_manifest: null
  submission_output: ${hydra:runtime.cwd}/submissions/track_a.csv
  num_frames: 4
  val_ratio: 0.2
  use_official_val: true
  include_val_in_train: false
  official_val_holdout_ratio: 0.0
  seed: ${seed}
  use_extra: false
  train_extra_dir: ${dataset.root}/train_extra
  max_samples: null
  max_samples_per_class: null
  image_size: 224
  time_reversal_prob: 0.0
  temporal_reversal_augment:
    enabled: false
    prob: 0.5
  class_boosting:
    enabled: false
training:
  optimizer: adamw
  lr: 0.0005
  weight_decay: 0.05
  layer_decay: 0.75
  epochs: 50
  warmup_epochs: 5
  scheduler: cosine
  scheduler_cosine: true
  min_lr: 1.0e-06
  label_smoothing: 0.1
  videomix_mode: mixup_cutmix_switch
  videomix_mixup_alpha: 0.8
  videomix_cutmix_alpha: 1.0
  videomix_prob: 1.0
  videomix_switch_prob: 0.5
  repeated_aug: 2
  amp: true
  amp_dtype: bf16
  ema_enabled: true
  ema_decay: 0.9999
  early_stopping_enabled: true
  early_stopping_patience: 15
  early_stopping_min_delta: 0.001
  num_workers: 4
  log_interval_steps: 25
  device: cuda
  wandb:
    enabled: true
    mode: online
    project: smth2smth-frame-ablation
    name: mae150-ft-f4
    tags:
    - track_a
    - videomae_official_ssv2
    - rq4
    log_interval_epochs: 1
    log_interval_steps: 25
  checkpoint_path: /Data/romain.poggi/smth2smth/checkpoints/track_a/videomaev2+ft/mae150-ft-f4.pt
  tta: true
  tta_flip: false
  tta_scales: null
  batch_size: 8
  grad_accum_steps: 8
augment:
  name: official_videomae_ssv2
  random_horizontal_flip: false
  random_horizontal_flip_prob: 0.0
  random_crop: false
  multiscale_crop: true
  multiscale_scale:
  - 0.08
  - 1.0
  multiscale_aspect:
  - 0.75
  - 1.3333
  color_jitter: false
  sync_across_frames: true
  randaugment:
    enabled: true
    'n': 4
    m: 7.0
    mode: spatial
    magnitude_max: 30.0
    ops: null
  random_erase:
    enabled: true
    prob: 0.25
    mode: pixel
    count: 1
pretrain:
  epochs: 100
  batch_size: 64
  lr: 0.0005
  weight_decay: 0.04
  log_interval_steps: 50
  checkpoint_path: ${hydra:runtime.cwd}/ssl_trunk.pt
  max_frames: null
  image_size: 224
  local_image_size: 96
  num_local_views: 6
  out_dim: 4096
  hidden_dim: 2048
  bottleneck_dim: 256
  n_layers: 3
  teacher_temp: 0.04
  student_temp: 0.1
  center_momentum: 0.9
  teacher_momentum_base: 0.996
  teacher_momentum_final: 1.0
test:
  num_segment: 2
  num_crop: 3
  flip_tta: false
track:
  name: a
  description: 'Closed-world track: train from scratch.'
seed: 42
num_classes: 33

[cuda] cache emptied (run-start). Free: 20.40 / 23.54 GiB
[data] use_official_val=true: train=44993 (train_dir=44993), val=6745 (from /Data/romain.poggi/smth2smth/data/val)
[data] repeated_aug=2: each clip drawn up to 2x per epoch with independent augmentations.
[init_from] loaded 149 encoder tensors from /Data/romain.poggi/smth2smth/checkpoints/track_a/ssl/videomaev2_t4native_encoder_ep150.pt. encoder-missing=0, unexpected=0
[optim] LLRD: layer_decay=0.75, depth=12, 28 param groups.
[optim] trainable 86,274,081 / total 86,274,081 params (100.00%)
[amp] mixed-precision (torch.bfloat16 + GradScaler) enabled.
[train] grad_accum_steps=8 (effective batch scales up).
[ema] enabled (decay=0.9999); will eval both live and EMA each epoch.
wandb: [wandb.login()] Loaded credentials for https://api.wandb.ai from WANDB_API_KEY.
wandb: Currently logged in as: romain-poggi (romain-poggi-ecole-polytechnique) to https://api.wandb.ai. Use `wandb login --relogin` to force relogin
wandb: Tracking run with wandb version 0.27.0
wandb: Run data is saved locally in /Data/romain.poggi/smth2smth/wandb/run-20260525_012017-tiaanksc
wandb: Run `wandb offline` to turn off syncing.
wandb: Syncing run mae150-ft-f4
wandb: ⭐️ View project at https://wandb.ai/romain-poggi-ecole-polytechnique/smth2smth-frame-ablation
wandb: 🚀 View run at https://wandb.ai/romain-poggi-ecole-polytechnique/smth2smth-frame-ablation/runs/tiaanksc
[wandb] run started: https://wandb.ai/romain-poggi-ecole-polytechnique/smth2smth-frame-ablation/runs/tiaanksc
    [01:20:26] step 25/5625 | avg train loss 3.5003 top1 0.0350 top5 0.1300
    [01:20:33] step 50/5625 | avg train loss 3.4913 top1 0.0275 top5 0.1650
    [01:20:40] step 75/5625 | avg train loss 3.4897 top1 0.0333 top5 0.1667
    [01:20:47] step 100/5625 | avg train loss 3.4861 top1 0.0375 top5 0.1800
    [01:20:53] step 125/5625 | avg train loss 3.4805 top1 0.0400 top5 0.1960
    [01:21:00] step 150/5625 | avg train loss 3.4777 top1 0.0433 top5 0.2033
    [01:21:07] step 175/5625 | avg train loss 3.4752 top1 0.0443 top5 0.2114
    [01:21:14] step 200/5625 | avg train loss 3.4722 top1 0.0437 top5 0.2150
    [01:21:21] step 225/5625 | avg train loss 3.4689 top1 0.0428 top5 0.2133
    [01:21:28] step 250/5625 | avg train loss 3.4649 top1 0.0445 top5 0.2150
    [01:21:35] step 275/5625 | avg train loss 3.4620 top1 0.0477 top5 0.2177
    [01:21:42] step 300/5625 | avg train loss 3.4595 top1 0.0471 top5 0.2175
    [01:21:49] step 325/5625 | avg train loss 3.4522 top1 0.0492 top5 0.2288
    [01:21:55] step 350/5625 | avg train loss 3.4482 top1 0.0507 top5 0.2321
    [01:22:02] step 375/5625 | avg train loss 3.4440 top1 0.0527 top5 0.2370
    [01:22:09] step 400/5625 | avg train loss 3.4422 top1 0.0525 top5 0.2366
    [01:22:16] step 425/5625 | avg train loss 3.4431 top1 0.0518 top5 0.2332
    [01:22:23] step 450/5625 | avg train loss 3.4393 top1 0.0500 top5 0.2353
    [01:22:30] step 475/5625 | avg train loss 3.4325 top1 0.0513 top5 0.2432
    [01:22:37] step 500/5625 | avg train loss 3.4314 top1 0.0515 top5 0.2402
    [01:22:44] step 525/5625 | avg train loss 3.4292 top1 0.0519 top5 0.2407
    [01:22:51] step 550/5625 | avg train loss 3.4269 top1 0.0523 top5 0.2436
    [01:22:58] step 575/5625 | avg train loss 3.4209 top1 0.0522 top5 0.2474
    [01:23:05] step 600/5625 | avg train loss 3.4180 top1 0.0523 top5 0.2498
    [01:23:11] step 625/5625 | avg train loss 3.4146 top1 0.0530 top5 0.2500
    [01:23:18] step 650/5625 | avg train loss 3.4126 top1 0.0523 top5 0.2496
    [01:23:25] step 675/5625 | avg train loss 3.4124 top1 0.0519 top5 0.2502
    [01:23:32] step 700/5625 | avg train loss 3.4104 top1 0.0518 top5 0.2511
    [01:23:39] step 725/5625 | avg train loss 3.4076 top1 0.0528 top5 0.2524
    [01:23:46] step 750/5625 | avg train loss 3.4037 top1 0.0532 top5 0.2543
    [01:23:53] step 775/5625 | avg train loss 3.3992 top1 0.0560 top5 0.2577
    [01:24:00] step 800/5625 | avg train loss 3.3975 top1 0.0558 top5 0.2584
    [01:24:07] step 825/5625 | avg train loss 3.3973 top1 0.0558 top5 0.2585
    [01:24:14] step 850/5625 | avg train loss 3.3953 top1 0.0569 top5 0.2596
    [01:24:20] step 875/5625 | avg train loss 3.3948 top1 0.0570 top5 0.2603
    [01:24:27] step 900/5625 | avg train loss 3.3920 top1 0.0578 top5 0.2621
    [01:24:34] step 925/5625 | avg train loss 3.3893 top1 0.0581 top5 0.2634
    [01:24:41] step 950/5625 | avg train loss 3.3893 top1 0.0576 top5 0.2630
    [01:24:48] step 975/5625 | avg train loss 3.3884 top1 0.0585 top5 0.2651
    [01:24:55] step 1000/5625 | avg train loss 3.3858 top1 0.0585 top5 0.2661
    [01:25:02] step 1025/5625 | avg train loss 3.3852 top1 0.0590 top5 0.2650
    [01:25:09] step 1050/5625 | avg train loss 3.3827 top1 0.0583 top5 0.2675
    [01:25:15] step 1075/5625 | avg train loss 3.3839 top1 0.0573 top5 0.2660
    [01:25:22] step 1100/5625 | avg train loss 3.3827 top1 0.0578 top5 0.2668
    [01:25:29] step 1125/5625 | avg train loss 3.3828 top1 0.0587 top5 0.2674
    [01:25:36] step 1150/5625 | avg train loss 3.3821 top1 0.0587 top5 0.2672
    [01:25:43] step 1175/5625 | avg train loss 3.3810 top1 0.0587 top5 0.2677
    [01:25:50] step 1200/5625 | avg train loss 3.3794 top1 0.0592 top5 0.2684
    [01:25:57] step 1225/5625 | avg train loss 3.3793 top1 0.0586 top5 0.2680
    [01:26:04] step 1250/5625 | avg train loss 3.3770 top1 0.0594 top5 0.2696
    [01:26:10] step 1275/5625 | avg train loss 3.3765 top1 0.0599 top5 0.2691
    [01:26:17] step 1300/5625 | avg train loss 3.3762 top1 0.0602 top5 0.2695
    [01:26:24] step 1325/5625 | avg train loss 3.3742 top1 0.0602 top5 0.2707
    [01:26:31] step 1350/5625 | avg train loss 3.3746 top1 0.0598 top5 0.2712
    [01:26:38] step 1375/5625 | avg train loss 3.3744 top1 0.0595 top5 0.2724
    [01:26:45] step 1400/5625 | avg train loss 3.3740 top1 0.0593 top5 0.2728
    [01:26:52] step 1425/5625 | avg train loss 3.3742 top1 0.0596 top5 0.2728
    [01:26:59] step 1450/5625 | avg train loss 3.3736 top1 0.0598 top5 0.2726
    [01:27:06] step 1475/5625 | avg train loss 3.3725 top1 0.0597 top5 0.2729
    [01:27:12] step 1500/5625 | avg train loss 3.3711 top1 0.0602 top5 0.2742
    [01:27:19] step 1525/5625 | avg train loss 3.3695 top1 0.0609 top5 0.2752
    [01:27:26] step 1550/5625 | avg train loss 3.3692 top1 0.0613 top5 0.2756
    [01:27:33] step 1575/5625 | avg train loss 3.3682 top1 0.0617 top5 0.2760
    [01:27:40] step 1600/5625 | avg train loss 3.3666 top1 0.0619 top5 0.2760
    [01:27:47] step 1625/5625 | avg train loss 3.3677 top1 0.0618 top5 0.2755
    [01:27:54] step 1650/5625 | avg train loss 3.3674 top1 0.0614 top5 0.2758
    [01:28:01] step 1675/5625 | avg train loss 3.3666 top1 0.0615 top5 0.2754
    [01:28:08] step 1700/5625 | avg train loss 3.3665 top1 0.0615 top5 0.2754
    [01:28:14] step 1725/5625 | avg train loss 3.3657 top1 0.0613 top5 0.2758
    [01:28:21] step 1750/5625 | avg train loss 3.3645 top1 0.0614 top5 0.2766
    [01:28:28] step 1775/5625 | avg train loss 3.3641 top1 0.0619 top5 0.2770
    [01:28:35] step 1800/5625 | avg train loss 3.3637 top1 0.0621 top5 0.2774
    [01:28:42] step 1825/5625 | avg train loss 3.3634 top1 0.0617 top5 0.2772
    [01:28:49] step 1850/5625 | avg train loss 3.3636 top1 0.0618 top5 0.2772
    [01:28:56] step 1875/5625 | avg train loss 3.3630 top1 0.0617 top5 0.2776
    [01:29:03] step 1900/5625 | avg train loss 3.3615 top1 0.0618 top5 0.2788
    [01:29:09] step 1925/5625 | avg train loss 3.3607 top1 0.0618 top5 0.2791
    [01:29:16] step 1950/5625 | avg train loss 3.3600 top1 0.0619 top5 0.2800
    [01:29:23] step 1975/5625 | avg train loss 3.3610 top1 0.0618 top5 0.2801
    [01:29:30] step 2000/5625 | avg train loss 3.3613 top1 0.0617 top5 0.2798
    [01:29:37] step 2025/5625 | avg train loss 3.3595 top1 0.0626 top5 0.2814
    [01:29:44] step 2050/5625 | avg train loss 3.3597 top1 0.0626 top5 0.2811
    [01:29:51] step 2075/5625 | avg train loss 3.3592 top1 0.0629 top5 0.2810
    [01:29:57] step 2100/5625 | avg train loss 3.3576 top1 0.0626 top5 0.2820
    [01:30:04] step 2125/5625 | avg train loss 3.3579 top1 0.0624 top5 0.2812
    [01:30:11] step 2150/5625 | avg train loss 3.3566 top1 0.0632 top5 0.2815
    [01:30:18] step 2175/5625 | avg train loss 3.3562 top1 0.0636 top5 0.2819
    [01:30:25] step 2200/5625 | avg train loss 3.3557 top1 0.0634 top5 0.2820
    [01:30:32] step 2225/5625 | avg train loss 3.3554 top1 0.0635 top5 0.2819
    [01:30:39] step 2250/5625 | avg train loss 3.3552 top1 0.0637 top5 0.2818
    [01:30:46] step 2275/5625 | avg train loss 3.3541 top1 0.0643 top5 0.2830
    [01:30:53] step 2300/5625 | avg train loss 3.3539 top1 0.0646 top5 0.2830
    [01:31:00] step 2325/5625 | avg train loss 3.3542 top1 0.0645 top5 0.2829
    [01:31:06] step 2350/5625 | avg train loss 3.3538 top1 0.0645 top5 0.2827
    [01:31:13] step 2375/5625 | avg train loss 3.3538 top1 0.0642 top5 0.2824
    [01:31:20] step 2400/5625 | avg train loss 3.3540 top1 0.0641 top5 0.2821
    [01:31:27] step 2425/5625 | avg train loss 3.3536 top1 0.0641 top5 0.2825
    [01:31:34] step 2450/5625 | avg train loss 3.3532 top1 0.0647 top5 0.2825
    [01:31:41] step 2475/5625 | avg train loss 3.3528 top1 0.0654 top5 0.2834
    [01:31:48] step 2500/5625 | avg train loss 3.3527 top1 0.0654 top5 0.2831
    [01:31:55] step 2525/5625 | avg train loss 3.3526 top1 0.0658 top5 0.2832
    [01:32:02] step 2550/5625 | avg train loss 3.3526 top1 0.0658 top5 0.2832
    [01:32:09] step 2575/5625 | avg train loss 3.3529 top1 0.0658 top5 0.2827
    [01:32:16] step 2600/5625 | avg train loss 3.3527 top1 0.0658 top5 0.2826
    [01:32:22] step 2625/5625 | avg train loss 3.3521 top1 0.0657 top5 0.2827
    [01:32:29] step 2650/5625 | avg train loss 3.3512 top1 0.0659 top5 0.2832
    [01:32:36] step 2675/5625 | avg train loss 3.3516 top1 0.0657 top5 0.2830
    [01:32:43] step 2700/5625 | avg train loss 3.3512 top1 0.0659 top5 0.2833
    [01:32:50] step 2725/5625 | avg train loss 3.3502 top1 0.0663 top5 0.2840
    [01:32:57] step 2750/5625 | avg train loss 3.3502 top1 0.0660 top5 0.2837
    [01:33:04] step 2775/5625 | avg train loss 3.3501 top1 0.0657 top5 0.2830
    [01:33:11] step 2800/5625 | avg train loss 3.3506 top1 0.0655 top5 0.2828
    [01:33:15] step 2825/5625 | avg train loss 3.3498 top1 0.0656 top5 0.2834
    [01:33:19] step 2850/5625 | avg train loss 3.3495 top1 0.0657 top5 0.2836
    [01:33:23] step 2875/5625 | avg train loss 3.3491 top1 0.0656 top5 0.2837
    [01:33:27] step 2900/5625 | avg train loss 3.3495 top1 0.0653 top5 0.2835
    [01:33:31] step 2925/5625 | avg train loss 3.3496 top1 0.0651 top5 0.2831
    [01:33:34] step 2950/5625 | avg train loss 3.3487 top1 0.0653 top5 0.2837
    [01:33:37] step 2975/5625 | avg train loss 3.3486 top1 0.0652 top5 0.2837
    [01:33:41] step 3000/5625 | avg train loss 3.3479 top1 0.0652 top5 0.2838
    [01:33:44] step 3025/5625 | avg train loss 3.3479 top1 0.0652 top5 0.2839
    [01:33:48] step 3050/5625 | avg train loss 3.3482 top1 0.0648 top5 0.2831
    [01:33:51] step 3075/5625 | avg train loss 3.3475 top1 0.0648 top5 0.2837
    [01:33:55] step 3100/5625 | avg train loss 3.3471 top1 0.0652 top5 0.2842
    [01:33:58] step 3125/5625 | avg train loss 3.3472 top1 0.0652 top5 0.2841
    [01:34:02] step 3150/5625 | avg train loss 3.3478 top1 0.0652 top5 0.2836
    [01:34:05] step 3175/5625 | avg train loss 3.3481 top1 0.0651 top5 0.2833
    [01:34:08] step 3200/5625 | avg train loss 3.3481 top1 0.0652 top5 0.2834
    [01:34:12] step 3225/5625 | avg train loss 3.3479 top1 0.0653 top5 0.2834
    [01:34:15] step 3250/5625 | avg train loss 3.3476 top1 0.0655 top5 0.2836
    [01:34:19] step 3275/5625 | avg train loss 3.3471 top1 0.0656 top5 0.2842
    [01:34:22] step 3300/5625 | avg train loss 3.3468 top1 0.0654 top5 0.2842
    [01:34:26] step 3325/5625 | avg train loss 3.3468 top1 0.0653 top5 0.2843
    [01:34:29] step 3350/5625 | avg train loss 3.3468 top1 0.0654 top5 0.2844
    [01:34:34] step 3375/5625 | avg train loss 3.3463 top1 0.0657 top5 0.2846
    [01:34:41] step 3400/5625 | avg train loss 3.3456 top1 0.0661 top5 0.2849
    [01:34:48] step 3425/5625 | avg train loss 3.3454 top1 0.0661 top5 0.2850
    [01:34:55] step 3450/5625 | avg train loss 3.3449 top1 0.0662 top5 0.2854
    [01:35:02] step 3475/5625 | avg train loss 3.3442 top1 0.0664 top5 0.2856
    [01:35:09] step 3500/5625 | avg train loss 3.3448 top1 0.0661 top5 0.2848
    [01:35:15] step 3525/5625 | avg train loss 3.3448 top1 0.0662 top5 0.2847
    [01:35:22] step 3550/5625 | avg train loss 3.3451 top1 0.0661 top5 0.2847
    [01:35:29] step 3575/5625 | avg train loss 3.3448 top1 0.0662 top5 0.2851
    [01:35:36] step 3600/5625 | avg train loss 3.3449 top1 0.0662 top5 0.2848
    [01:35:43] step 3625/5625 | avg train loss 3.3442 top1 0.0661 top5 0.2850
    [01:35:50] step 3650/5625 | avg train loss 3.3440 top1 0.0663 top5 0.2853
    [01:35:56] step 3675/5625 | avg train loss 3.3440 top1 0.0664 top5 0.2854
    [01:36:03] step 3700/5625 | avg train loss 3.3436 top1 0.0666 top5 0.2859
    [01:36:10] step 3725/5625 | avg train loss 3.3430 top1 0.0666 top5 0.2863
    [01:36:17] step 3750/5625 | avg train loss 3.3426 top1 0.0668 top5 0.2866
    [01:36:24] step 3775/5625 | avg train loss 3.3421 top1 0.0671 top5 0.2869
    [01:36:31] step 3800/5625 | avg train loss 3.3423 top1 0.0669 top5 0.2867
    [01:36:38] step 3825/5625 | avg train loss 3.3425 top1 0.0671 top5 0.2867
    [01:36:44] step 3850/5625 | avg train loss 3.3421 top1 0.0670 top5 0.2868
    [01:36:51] step 3875/5625 | avg train loss 3.3418 top1 0.0670 top5 0.2872
    [01:36:58] step 3900/5625 | avg train loss 3.3417 top1 0.0672 top5 0.2876
    [01:37:05] step 3925/5625 | avg train loss 3.3411 top1 0.0674 top5 0.2880
    [01:37:12] step 3950/5625 | avg train loss 3.3405 top1 0.0676 top5 0.2884
    [01:37:19] step 3975/5625 | avg train loss 3.3405 top1 0.0677 top5 0.2883
    [01:37:26] step 4000/5625 | avg train loss 3.3403 top1 0.0677 top5 0.2886
    [01:37:33] step 4025/5625 | avg train loss 3.3402 top1 0.0679 top5 0.2885
    [01:37:40] step 4050/5625 | avg train loss 3.3403 top1 0.0678 top5 0.2882
    [01:37:46] step 4075/5625 | avg train loss 3.3401 top1 0.0679 top5 0.2883
    [01:37:53] step 4100/5625 | avg train loss 3.3400 top1 0.0678 top5 0.2885
    [01:38:00] step 4125/5625 | avg train loss 3.3396 top1 0.0683 top5 0.2888
    [01:38:07] step 4150/5625 | avg train loss 3.3393 top1 0.0683 top5 0.2891
    [01:38:14] step 4175/5625 | avg train loss 3.3390 top1 0.0684 top5 0.2895
    [01:38:21] step 4200/5625 | avg train loss 3.3384 top1 0.0684 top5 0.2898
    [01:38:28] step 4225/5625 | avg train loss 3.3379 top1 0.0688 top5 0.2900
    [01:38:35] step 4250/5625 | avg train loss 3.3379 top1 0.0689 top5 0.2899
    [01:38:42] step 4275/5625 | avg train loss 3.3375 top1 0.0690 top5 0.2906
    [01:38:49] step 4300/5625 | avg train loss 3.3367 top1 0.0691 top5 0.2914
    [01:38:55] step 4325/5625 | avg train loss 3.3366 top1 0.0691 top5 0.2914
    [01:39:02] step 4350/5625 | avg train loss 3.3365 top1 0.0692 top5 0.2914
    [01:39:09] step 4375/5625 | avg train loss 3.3363 top1 0.0693 top5 0.2914
    [01:39:16] step 4400/5625 | avg train loss 3.3360 top1 0.0692 top5 0.2915
    [01:39:23] step 4425/5625 | avg train loss 3.3354 top1 0.0692 top5 0.2915
    [01:39:30] step 4450/5625 | avg train loss 3.3356 top1 0.0694 top5 0.2915
    [01:39:37] step 4475/5625 | avg train loss 3.3357 top1 0.0694 top5 0.2916
    [01:39:44] step 4500/5625 | avg train loss 3.3356 top1 0.0693 top5 0.2913
    [01:39:51] step 4525/5625 | avg train loss 3.3348 top1 0.0697 top5 0.2915
    [01:39:57] step 4550/5625 | avg train loss 3.3342 top1 0.0699 top5 0.2917
    [01:40:04] step 4575/5625 | avg train loss 3.3337 top1 0.0699 top5 0.2920
    [01:40:11] step 4600/5625 | avg train loss 3.3339 top1 0.0699 top5 0.2920
    [01:40:18] step 4625/5625 | avg train loss 3.3335 top1 0.0699 top5 0.2926
    [01:40:25] step 4650/5625 | avg train loss 3.3332 top1 0.0697 top5 0.2923
    [01:40:32] step 4675/5625 | avg train loss 3.3329 top1 0.0697 top5 0.2922
    [01:40:39] step 4700/5625 | avg train loss 3.3326 top1 0.0697 top5 0.2922
    [01:40:46] step 4725/5625 | avg train loss 3.3325 top1 0.0699 top5 0.2921
    [01:40:52] step 4750/5625 | avg train loss 3.3321 top1 0.0698 top5 0.2923
    [01:40:59] step 4775/5625 | avg train loss 3.3315 top1 0.0702 top5 0.2927
    [01:41:06] step 4800/5625 | avg train loss 3.3307 top1 0.0707 top5 0.2932
    [01:41:13] step 4825/5625 | avg train loss 3.3304 top1 0.0706 top5 0.2934
    [01:41:20] step 4850/5625 | avg train loss 3.3297 top1 0.0706 top5 0.2941
    [01:41:27] step 4875/5625 | avg train loss 3.3297 top1 0.0710 top5 0.2943
    [01:41:34] step 4900/5625 | avg train loss 3.3293 top1 0.0711 top5 0.2947
    [01:41:41] step 4925/5625 | avg train loss 3.3288 top1 0.0712 top5 0.2951
    [01:41:47] step 4950/5625 | avg train loss 3.3288 top1 0.0713 top5 0.2950
    [01:41:54] step 4975/5625 | avg train loss 3.3283 top1 0.0714 top5 0.2952
    [01:42:01] step 5000/5625 | avg train loss 3.3282 top1 0.0714 top5 0.2954
    [01:42:08] step 5025/5625 | avg train loss 3.3282 top1 0.0715 top5 0.2955
    [01:42:15] step 5050/5625 | avg train loss 3.3278 top1 0.0716 top5 0.2957
    [01:42:22] step 5075/5625 | avg train loss 3.3278 top1 0.0717 top5 0.2959
    [01:42:29] step 5100/5625 | avg train loss 3.3273 top1 0.0718 top5 0.2960
    [01:42:35] step 5125/5625 | avg train loss 3.3265 top1 0.0718 top5 0.2967
    [01:42:42] step 5150/5625 | avg train loss 3.3263 top1 0.0718 top5 0.2969
    [01:42:49] step 5175/5625 | avg train loss 3.3258 top1 0.0720 top5 0.2971
    [01:42:56] step 5200/5625 | avg train loss 3.3255 top1 0.0720 top5 0.2972
    [01:43:03] step 5225/5625 | avg train loss 3.3251 top1 0.0722 top5 0.2973
    [01:43:10] step 5250/5625 | avg train loss 3.3246 top1 0.0722 top5 0.2976
    [01:43:17] step 5275/5625 | avg train loss 3.3240 top1 0.0722 top5 0.2979
    [01:43:24] step 5300/5625 | avg train loss 3.3236 top1 0.0724 top5 0.2981
    [01:43:31] step 5325/5625 | avg train loss 3.3228 top1 0.0727 top5 0.2985
    [01:43:38] step 5350/5625 | avg train loss 3.3223 top1 0.0729 top5 0.2989
    [01:43:44] step 5375/5625 | avg train loss 3.3218 top1 0.0729 top5 0.2993
    [01:43:51] step 5400/5625 | avg train loss 3.3215 top1 0.0732 top5 0.2995
    [01:43:58] step 5425/5625 | avg train loss 3.3214 top1 0.0732 top5 0.2996
    [01:44:05] step 5450/5625 | avg train loss 3.3205 top1 0.0733 top5 0.3002
    [01:44:12] step 5475/5625 | avg train loss 3.3198 top1 0.0735 top5 0.3006
    [01:44:19] step 5500/5625 | avg train loss 3.3193 top1 0.0737 top5 0.3008
    [01:44:26] step 5525/5625 | avg train loss 3.3192 top1 0.0739 top5 0.3010
    [01:44:33] step 5550/5625 | avg train loss 3.3188 top1 0.0740 top5 0.3010
    [01:44:39] step 5575/5625 | avg train loss 3.3183 top1 0.0740 top5 0.3011
    [01:44:46] step 5600/5625 | avg train loss 3.3179 top1 0.0743 top5 0.3014
    [01:44:53] step 5625/5625 | avg train loss 3.3173 top1 0.0743 top5 0.3016
[2026-05-25T01:46:49] Epoch 1/50 | train loss 3.3173 top1 0.0743 | val loss 3.2904 top1 0.0974 top5 0.3271 | ema val top1 0.0294 top5 0.1361
  Saved new best checkpoint (live): /Data/romain.poggi/smth2smth/checkpoints/track_a/videomaev2+ft/mae150-ft-f4.pt (val top1=0.0974)
    [01:46:58] step 25/5625 | avg train loss 3.2913 top1 0.0950 top5 0.2800
    [01:47:05] step 50/5625 | avg train loss 3.3013 top1 0.0700 top5 0.3000
    [01:47:11] step 75/5625 | avg train loss 3.2955 top1 0.0800 top5 0.3017
    [01:47:18] step 100/5625 | avg train loss 3.2572 top1 0.0838 top5 0.3137
    [01:47:25] step 125/5625 | avg train loss 3.2455 top1 0.0980 top5 0.3330
    [01:47:32] step 150/5625 | avg train loss 3.2604 top1 0.0942 top5 0.3300
    [01:47:39] step 175/5625 | avg train loss 3.2453 top1 0.1036 top5 0.3371
    [01:47:46] step 200/5625 | avg train loss 3.2445 top1 0.1050 top5 0.3325
    [01:47:52] step 225/5625 | avg train loss 3.2469 top1 0.0994 top5 0.3328
    [01:47:59] step 250/5625 | avg train loss 3.2359 top1 0.1010 top5 0.3410
    [01:48:06] step 275/5625 | avg train loss 3.2315 top1 0.0991 top5 0.3432
    [01:48:13] step 300/5625 | avg train loss 3.2282 top1 0.0983 top5 0.3442
    [01:48:20] step 325/5625 | avg train loss 3.2394 top1 0.0977 top5 0.3365
    [01:48:27] step 350/5625 | avg train loss 3.2337 top1 0.0982 top5 0.3389
    [01:48:34] step 375/5625 | avg train loss 3.2309 top1 0.0983 top5 0.3410
    [01:48:40] step 400/5625 | avg train loss 3.2338 top1 0.0966 top5 0.3397
    [01:48:47] step 425/5625 | avg train loss 3.2351 top1 0.0976 top5 0.3403
    [01:48:54] step 450/5625 | avg train loss 3.2408 top1 0.0978 top5 0.3364
    [01:49:01] step 475/5625 | avg train loss 3.2445 top1 0.0979 top5 0.3363
    [01:49:08] step 500/5625 | avg train loss 3.2406 top1 0.0973 top5 0.3400
    [01:49:15] step 525/5625 | avg train loss 3.2384 top1 0.0979 top5 0.3414
    [01:49:22] step 550/5625 | avg train loss 3.2359 top1 0.0991 top5 0.3405
    [01:49:28] step 575/5625 | avg train loss 3.2332 top1 0.0996 top5 0.3396
    [01:49:35] step 600/5625 | avg train loss 3.2280 top1 0.0998 top5 0.3433
    [01:49:42] step 625/5625 | avg train loss 3.2265 top1 0.1008 top5 0.3442
    [01:49:49] step 650/5625 | avg train loss 3.2287 top1 0.0987 top5 0.3425
    [01:49:56] step 675/5625 | avg train loss 3.2285 top1 0.0981 top5 0.3406
    [01:50:03] step 700/5625 | avg train loss 3.2248 top1 0.0988 top5 0.3443
    [01:50:10] step 725/5625 | avg train loss 3.2237 top1 0.0988 top5 0.3434
    [01:50:17] step 750/5625 | avg train loss 3.2222 top1 0.0998 top5 0.3448
    [01:50:23] step 775/5625 | avg train loss 3.2209 top1 0.0992 top5 0.3455
    [01:50:30] step 800/5625 | avg train loss 3.2192 top1 0.0986 top5 0.3467
    [01:50:37] step 825/5625 | avg train loss 3.2175 top1 0.0983 top5 0.3477
    [01:50:44] step 850/5625 | avg train loss 3.2183 top1 0.0978 top5 0.3459
    [01:50:51] step 875/5625 | avg train loss 3.2142 top1 0.0991 top5 0.3474
    [01:50:58] step 900/5625 | avg train loss 3.2121 top1 0.0989 top5 0.3478
    [01:51:05] step 925/5625 | avg train loss 3.2120 top1 0.0981 top5 0.3470
    [01:51:12] step 950/5625 | avg train loss 3.2130 top1 0.0974 top5 0.3463
    [01:51:19] step 975/5625 | avg train loss 3.2117 top1 0.0971 top5 0.3471
    [01:51:25] step 1000/5625 | avg train loss 3.2106 top1 0.0971 top5 0.3488
    [01:51:32] step 1025/5625 | avg train loss 3.2076 top1 0.0972 top5 0.3512
    [01:51:39] step 1050/5625 | avg train loss 3.2076 top1 0.0979 top5 0.3501
    [01:51:46] step 1075/5625 | avg train loss 3.2089 top1 0.0980 top5 0.3502
    [01:51:53] step 1100/5625 | avg train loss 3.2101 top1 0.0984 top5 0.3502
    [01:52:00] step 1125/5625 | avg train loss 3.2093 top1 0.0988 top5 0.3509
    [01:52:07] step 1150/5625 | avg train loss 3.2103 top1 0.0988 top5 0.3507
    [01:52:13] step 1175/5625 | avg train loss 3.2092 top1 0.0991 top5 0.3506
    [01:52:20] step 1200/5625 | avg train loss 3.2078 top1 0.1002 top5 0.3510
    [01:52:27] step 1225/5625 | avg train loss 3.2069 top1 0.1007 top5 0.3521
    [01:52:34] step 1250/5625 | avg train loss 3.2064 top1 0.1009 top5 0.3523
    [01:52:41] step 1275/5625 | avg train loss 3.2053 top1 0.1012 top5 0.3527
    [01:52:48] step 1300/5625 | avg train loss 3.2042 top1 0.1015 top5 0.3538
    [01:52:55] step 1325/5625 | avg train loss 3.2033 top1 0.1015 top5 0.3541
    [01:53:01] step 1350/5625 | avg train loss 3.2016 top1 0.1019 top5 0.3532
    [01:53:08] step 1375/5625 | avg train loss 3.1998 top1 0.1019 top5 0.3542
    [01:53:15] step 1400/5625 | avg train loss 3.1986 top1 0.1018 top5 0.3540
    [01:53:22] step 1425/5625 | avg train loss 3.1985 top1 0.1021 top5 0.3541
    [01:53:29] step 1450/5625 | avg train loss 3.1963 top1 0.1026 top5 0.3557
    [01:53:36] step 1475/5625 | avg train loss 3.1922 top1 0.1033 top5 0.3578
    [01:53:43] step 1500/5625 | avg train loss 3.1920 top1 0.1032 top5 0.3565
    [01:53:50] step 1525/5625 | avg train loss 3.1913 top1 0.1037 top5 0.3565
    [01:53:57] step 1550/5625 | avg train loss 3.1918 top1 0.1032 top5 0.3558
    [01:54:03] step 1575/5625 | avg train loss 3.1917 top1 0.1033 top5 0.3559
    [01:54:10] step 1600/5625 | avg train loss 3.1907 top1 0.1034 top5 0.3569
    [01:54:17] step 1625/5625 | avg train loss 3.1893 top1 0.1042 top5 0.3575
    [01:54:24] step 1650/5625 | avg train loss 3.1886 top1 0.1046 top5 0.3574
    [01:54:31] step 1675/5625 | avg train loss 3.1881 top1 0.1049 top5 0.3578
    [01:54:38] step 1700/5625 | avg train loss 3.1875 top1 0.1051 top5 0.3577
    [01:54:45] step 1725/5625 | avg train loss 3.1880 top1 0.1049 top5 0.3575
    [01:54:52] step 1750/5625 | avg train loss 3.1881 top1 0.1054 top5 0.3578
    [01:54:58] step 1775/5625 | avg train loss 3.1888 top1 0.1052 top5 0.3571
    [01:55:05] step 1800/5625 | avg train loss 3.1894 top1 0.1051 top5 0.3570
    [01:55:12] step 1825/5625 | avg train loss 3.1876 top1 0.1053 top5 0.3570
    [01:55:19] step 1850/5625 | avg train loss 3.1867 top1 0.1053 top5 0.3574
    [01:55:26] step 1875/5625 | avg train loss 3.1860 top1 0.1054 top5 0.3575
    [01:55:33] step 1900/5625 | avg train loss 3.1837 top1 0.1067 top5 0.3588
    [01:55:40] step 1925/5625 | avg train loss 3.1838 top1 0.1067 top5 0.3584
    [01:55:47] step 1950/5625 | avg train loss 3.1836 top1 0.1069 top5 0.3582
    [01:55:53] step 1975/5625 | avg train loss 3.1848 top1 0.1069 top5 0.3590
    [01:56:00] step 2000/5625 | avg train loss 3.1821 top1 0.1076 top5 0.3599
    [01:56:07] step 2025/5625 | avg train loss 3.1811 top1 0.1077 top5 0.3598
    [01:56:14] step 2050/5625 | avg train loss 3.1806 top1 0.1077 top5 0.3597
    [01:56:21] step 2075/5625 | avg train loss 3.1794 top1 0.1080 top5 0.3596
    [01:56:28] step 2100/5625 | avg train loss 3.1785 top1 0.1082 top5 0.3600
    [01:56:35] step 2125/5625 | avg train loss 3.1765 top1 0.1086 top5 0.3609
    [01:56:42] step 2150/5625 | avg train loss 3.1765 top1 0.1088 top5 0.3606
    [01:56:48] step 2175/5625 | avg train loss 3.1762 top1 0.1088 top5 0.3605
    [01:56:55] step 2200/5625 | avg train loss 3.1758 top1 0.1086 top5 0.3602
    [01:57:02] step 2225/5625 | avg train loss 3.1753 top1 0.1087 top5 0.3604
    [01:57:09] step 2250/5625 | avg train loss 3.1741 top1 0.1089 top5 0.3606
    [01:57:16] step 2275/5625 | avg train loss 3.1723 top1 0.1095 top5 0.3610
    [01:57:23] step 2300/5625 | avg train loss 3.1708 top1 0.1101 top5 0.3619
    [01:57:30] step 2325/5625 | avg train loss 3.1706 top1 0.1103 top5 0.3615
    [01:57:36] step 2350/5625 | avg train loss 3.1706 top1 0.1103 top5 0.3607
    [01:57:43] step 2375/5625 | avg train loss 3.1698 top1 0.1105 top5 0.3611
    [01:57:50] step 2400/5625 | avg train loss 3.1685 top1 0.1107 top5 0.3611
    [01:57:57] step 2425/5625 | avg train loss 3.1681 top1 0.1111 top5 0.3614
    [01:58:04] step 2450/5625 | avg train loss 3.1677 top1 0.1113 top5 0.3619
    [01:58:11] step 2475/5625 | avg train loss 3.1679 top1 0.1112 top5 0.3615
    [01:58:18] step 2500/5625 | avg train loss 3.1664 top1 0.1114 top5 0.3619
    [01:58:24] step 2525/5625 | avg train loss 3.1662 top1 0.1114 top5 0.3618
    [01:58:31] step 2550/5625 | avg train loss 3.1662 top1 0.1115 top5 0.3618
    [01:58:38] step 2575/5625 | avg train loss 3.1668 top1 0.1116 top5 0.3619
    [01:58:45] step 2600/5625 | avg train loss 3.1676 top1 0.1113 top5 0.3612
    [01:58:52] step 2625/5625 | avg train loss 3.1669 top1 0.1113 top5 0.3614
    [01:58:59] step 2650/5625 | avg train loss 3.1673 top1 0.1111 top5 0.3615
    [01:59:06] step 2675/5625 | avg train loss 3.1671 top1 0.1111 top5 0.3615
    [01:59:13] step 2700/5625 | avg train loss 3.1662 top1 0.1114 top5 0.3619
    [01:59:20] step 2725/5625 | avg train loss 3.1669 top1 0.1112 top5 0.3617
    [01:59:26] step 2750/5625 | avg train loss 3.1663 top1 0.1113 top5 0.3620
    [01:59:33] step 2775/5625 | avg train loss 3.1665 top1 0.1111 top5 0.3619
    [01:59:40] step 2800/5625 | avg train loss 3.1655 top1 0.1111 top5 0.3617
    [01:59:47] step 2825/5625 | avg train loss 3.1645 top1 0.1111 top5 0.3618
    [01:59:54] step 2850/5625 | avg train loss 3.1634 top1 0.1112 top5 0.3621
    [02:00:01] step 2875/5625 | avg train loss 3.1617 top1 0.1115 top5 0.3629
    [02:00:08] step 2900/5625 | avg train loss 3.1608 top1 0.1117 top5 0.3630
    [02:00:14] step 2925/5625 | avg train loss 3.1607 top1 0.1115 top5 0.3628
    [02:00:21] step 2950/5625 | avg train loss 3.1596 top1 0.1114 top5 0.3634
    [02:00:28] step 2975/5625 | avg train loss 3.1593 top1 0.1116 top5 0.3633
    [02:00:35] step 3000/5625 | avg train loss 3.1585 top1 0.1118 top5 0.3635
    [02:00:42] step 3025/5625 | avg train loss 3.1575 top1 0.1119 top5 0.3638
    [02:00:49] step 3050/5625 | avg train loss 3.1572 top1 0.1120 top5 0.3641
    [02:00:55] step 3075/5625 | avg train loss 3.1585 top1 0.1116 top5 0.3634
    [02:01:02] step 3100/5625 | avg train loss 3.1580 top1 0.1116 top5 0.3632
    [02:01:09] step 3125/5625 | avg train loss 3.1578 top1 0.1115 top5 0.3628
    [02:01:16] step 3150/5625 | avg train loss 3.1583 top1 0.1115 top5 0.3630
    [02:01:23] step 3175/5625 | avg train loss 3.1580 top1 0.1113 top5 0.3628
    [02:01:30] step 3200/5625 | avg train loss 3.1568 top1 0.1118 top5 0.3630
    [02:01:37] step 3225/5625 | avg train loss 3.1561 top1 0.1121 top5 0.3631
    [02:01:44] step 3250/5625 | avg train loss 3.1559 top1 0.1123 top5 0.3635
    [02:01:50] step 3275/5625 | avg train loss 3.1556 top1 0.1123 top5 0.3640
    [02:01:57] step 3300/5625 | avg train loss 3.1548 top1 0.1126 top5 0.3642
    [02:02:04] step 3325/5625 | avg train loss 3.1550 top1 0.1125 top5 0.3642
    [02:02:11] step 3350/5625 | avg train loss 3.1539 top1 0.1125 top5 0.3641
    [02:02:18] step 3375/5625 | avg train loss 3.1524 top1 0.1130 top5 0.3653
    [02:02:25] step 3400/5625 | avg train loss 3.1513 top1 0.1129 top5 0.3655
    [02:02:32] step 3425/5625 | avg train loss 3.1508 top1 0.1132 top5 0.3655
    [02:02:38] step 3450/5625 | avg train loss 3.1507 top1 0.1134 top5 0.3657
    [02:02:45] step 3475/5625 | avg train loss 3.1502 top1 0.1138 top5 0.3663
    [02:02:52] step 3500/5625 | avg train loss 3.1496 top1 0.1138 top5 0.3663
    [02:02:59] step 3525/5625 | avg train loss 3.1482 top1 0.1144 top5 0.3668
    [02:03:06] step 3550/5625 | avg train loss 3.1480 top1 0.1149 top5 0.3668
    [02:03:13] step 3575/5625 | avg train loss 3.1469 top1 0.1152 top5 0.3670
    [02:03:20] step 3600/5625 | avg train loss 3.1464 top1 0.1154 top5 0.3669
    [02:03:27] step 3625/5625 | avg train loss 3.1465 top1 0.1153 top5 0.3673
    [02:03:34] step 3650/5625 | avg train loss 3.1455 top1 0.1155 top5 0.3677
    [02:03:40] step 3675/5625 | avg train loss 3.1456 top1 0.1155 top5 0.3673
    [02:03:47] step 3700/5625 | avg train loss 3.1444 top1 0.1159 top5 0.3677
    [02:03:54] step 3725/5625 | avg train loss 3.1440 top1 0.1160 top5 0.3675
    [02:04:01] step 3750/5625 | avg train loss 3.1433 top1 0.1162 top5 0.3675
    [02:04:08] step 3775/5625 | avg train loss 3.1427 top1 0.1165 top5 0.3679
    [02:04:15] step 3800/5625 | avg train loss 3.1421 top1 0.1168 top5 0.3679
    [02:04:22] step 3825/5625 | avg train loss 3.1414 top1 0.1169 top5 0.3680
    [02:04:28] step 3850/5625 | avg train loss 3.1413 top1 0.1169 top5 0.3681
    [02:04:35] step 3875/5625 | avg train loss 3.1412 top1 0.1169 top5 0.3680
    [02:04:42] step 3900/5625 | avg train loss 3.1409 top1 0.1170 top5 0.3681
    [02:04:49] step 3925/5625 | avg train loss 3.1398 top1 0.1174 top5 0.3682
    [02:04:56] step 3950/5625 | avg train loss 3.1402 top1 0.1176 top5 0.3684
    [02:05:03] step 3975/5625 | avg train loss 3.1403 top1 0.1177 top5 0.3680
    [02:05:10] step 4000/5625 | avg train loss 3.1394 top1 0.1178 top5 0.3681
    [02:05:16] step 4025/5625 | avg train loss 3.1396 top1 0.1182 top5 0.3684
    [02:05:21] step 4050/5625 | avg train loss 3.1390 top1 0.1183 top5 0.3686
    [02:05:25] step 4075/5625 | avg train loss 3.1382 top1 0.1187 top5 0.3689
    [02:05:29] step 4100/5625 | avg train loss 3.1377 top1 0.1189 top5 0.3688
    [02:05:33] step 4125/5625 | avg train loss 3.1362 top1 0.1193 top5 0.3692
    [02:05:37] step 4150/5625 | avg train loss 3.1364 top1 0.1195 top5 0.3690
    [02:05:40] step 4175/5625 | avg train loss 3.1359 top1 0.1194 top5 0.3691
    [02:05:44] step 4200/5625 | avg train loss 3.1351 top1 0.1195 top5 0.3694
    [02:05:47] step 4225/5625 | avg train loss 3.1345 top1 0.1195 top5 0.3694
    [02:05:50] step 4250/5625 | avg train loss 3.1344 top1 0.1196 top5 0.3695
    [02:05:54] step 4275/5625 | avg train loss 3.1339 top1 0.1197 top5 0.3695
    [02:05:57] step 4300/5625 | avg train loss 3.1331 top1 0.1200 top5 0.3698
    [02:06:01] step 4325/5625 | avg train loss 3.1326 top1 0.1202 top5 0.3700
    [02:06:04] step 4350/5625 | avg train loss 3.1315 top1 0.1205 top5 0.3705
    [02:06:08] step 4375/5625 | avg train loss 3.1314 top1 0.1205 top5 0.3704
    [02:06:11] step 4400/5625 | avg train loss 3.1304 top1 0.1206 top5 0.3707
    [02:06:15] step 4425/5625 | avg train loss 3.1291 top1 0.1207 top5 0.3708
    [02:06:18] step 4450/5625 | avg train loss 3.1295 top1 0.1206 top5 0.3706
    [02:06:22] step 4475/5625 | avg train loss 3.1286 top1 0.1208 top5 0.3709
    [02:06:25] step 4500/5625 | avg train loss 3.1286 top1 0.1208 top5 0.3705
    [02:06:28] step 4525/5625 | avg train loss 3.1276 top1 0.1210 top5 0.3709
    [02:06:32] step 4550/5625 | avg train loss 3.1264 top1 0.1211 top5 0.3711
    [02:06:35] step 4575/5625 | avg train loss 3.1258 top1 0.1211 top5 0.3711
    [02:06:41] step 4600/5625 | avg train loss 3.1248 top1 0.1215 top5 0.3714
    [02:06:48] step 4625/5625 | avg train loss 3.1241 top1 0.1216 top5 0.3716
    [02:06:54] step 4650/5625 | avg train loss 3.1229 top1 0.1223 top5 0.3723
    [02:07:01] step 4675/5625 | avg train loss 3.1224 top1 0.1224 top5 0.3727
    [02:07:08] step 4700/5625 | avg train loss 3.1216 top1 0.1225 top5 0.3732
    [02:07:15] step 4725/5625 | avg train loss 3.1216 top1 0.1227 top5 0.3734
    [02:07:22] step 4750/5625 | avg train loss 3.1201 top1 0.1231 top5 0.3739
    [02:07:29] step 4775/5625 | avg train loss 3.1194 top1 0.1231 top5 0.3740
    [02:07:36] step 4800/5625 | avg train loss 3.1198 top1 0.1229 top5 0.3735
    [02:07:42] step 4825/5625 | avg train loss 3.1192 top1 0.1229 top5 0.3737
    [02:07:49] step 4850/5625 | avg train loss 3.1189 top1 0.1230 top5 0.3739
    [02:07:56] step 4875/5625 | avg train loss 3.1192 top1 0.1232 top5 0.3740
    [02:08:03] step 4900/5625 | avg train loss 3.1186 top1 0.1234 top5 0.3738
    [02:08:10] step 4925/5625 | avg train loss 3.1179 top1 0.1234 top5 0.3743
    [02:08:17] step 4950/5625 | avg train loss 3.1180 top1 0.1234 top5 0.3743
    [02:08:24] step 4975/5625 | avg train loss 3.1172 top1 0.1235 top5 0.3745
    [02:08:31] step 5000/5625 | avg train loss 3.1161 top1 0.1241 top5 0.3751
    [02:08:37] step 5025/5625 | avg train loss 3.1163 top1 0.1242 top5 0.3748
    [02:08:44] step 5050/5625 | avg train loss 3.1158 top1 0.1242 top5 0.3751
    [02:08:51] step 5075/5625 | avg train loss 3.1153 top1 0.1243 top5 0.3752
    [02:08:58] step 5100/5625 | avg train loss 3.1148 top1 0.1244 top5 0.3753
    [02:09:05] step 5125/5625 | avg train loss 3.1146 top1 0.1244 top5 0.3754
    [02:09:12] step 5150/5625 | avg train loss 3.1141 top1 0.1246 top5 0.3755
    [02:09:19] step 5175/5625 | avg train loss 3.1144 top1 0.1245 top5 0.3755
    [02:09:25] step 5200/5625 | avg train loss 3.1138 top1 0.1247 top5 0.3757
    [02:09:33] step 5225/5625 | avg train loss 3.1132 top1 0.1249 top5 0.3760
    [02:09:39] step 5250/5625 | avg train loss 3.1127 top1 0.1254 top5 0.3763
    [02:09:46] step 5275/5625 | avg train loss 3.1118 top1 0.1256 top5 0.3767
    [02:09:53] step 5300/5625 | avg train loss 3.1112 top1 0.1255 top5 0.3766
    [02:10:00] step 5325/5625 | avg train loss 3.1114 top1 0.1254 top5 0.3767
    [02:10:07] step 5350/5625 | avg train loss 3.1106 top1 0.1255 top5 0.3768
    [02:10:14] step 5375/5625 | avg train loss 3.1102 top1 0.1256 top5 0.3768
    [02:10:21] step 5400/5625 | avg train loss 3.1095 top1 0.1259 top5 0.3771
    [02:10:28] step 5425/5625 | avg train loss 3.1088 top1 0.1263 top5 0.3777
    [02:10:34] step 5450/5625 | avg train loss 3.1075 top1 0.1265 top5 0.3779
    [02:10:41] step 5475/5625 | avg train loss 3.1064 top1 0.1268 top5 0.3784
    [02:10:48] step 5500/5625 | avg train loss 3.1057 top1 0.1270 top5 0.3788
    [02:10:55] step 5525/5625 | avg train loss 3.1054 top1 0.1272 top5 0.3791
    [02:11:02] step 5550/5625 | avg train loss 3.1050 top1 0.1274 top5 0.3793
    [02:11:09] step 5575/5625 | avg train loss 3.1049 top1 0.1274 top5 0.3796
    [02:11:16] step 5600/5625 | avg train loss 3.1042 top1 0.1276 top5 0.3799
    [02:11:22] step 5625/5625 | avg train loss 3.1038 top1 0.1277 top5 0.3801
Epoch 2/50 | train loss 3.1038 top1 0.1277 | val loss 2.9162 top1 0.1970 top5 0.4827 | ema val top1 0.0337 top5 0.1666
  Saved new best checkpoint (live): /Data/romain.poggi/smth2smth/checkpoints/track_a/videomaev2+ft/mae150-ft-f4.pt (val top1=0.1970)
    [02:13:26] step 25/5625 | avg train loss 2.9480 top1 0.1550 top5 0.4550
    [02:13:33] step 50/5625 | avg train loss 2.9608 top1 0.1475 top5 0.4475
    [02:13:40] step 75/5625 | avg train loss 2.9905 top1 0.1367 top5 0.4350
    [02:13:47] step 100/5625 | avg train loss 3.0442 top1 0.1300 top5 0.4150
    [02:13:54] step 125/5625 | avg train loss 3.0240 top1 0.1360 top5 0.4140
    [02:14:01] step 150/5625 | avg train loss 3.0378 top1 0.1342 top5 0.4058
    [02:14:07] step 175/5625 | avg train loss 3.0529 top1 0.1343 top5 0.4036
    [02:14:14] step 200/5625 | avg train loss 3.0338 top1 0.1375 top5 0.4125
    [02:14:21] step 225/5625 | avg train loss 3.0292 top1 0.1428 top5 0.4194
    [02:14:28] step 250/5625 | avg train loss 3.0103 top1 0.1475 top5 0.4225
    [02:14:35] step 275/5625 | avg train loss 3.0255 top1 0.1445 top5 0.4177
    [02:14:42] step 300/5625 | avg train loss 3.0382 top1 0.1442 top5 0.4175
    [02:14:49] step 325/5625 | avg train loss 3.0338 top1 0.1435 top5 0.4154
    [02:14:56] step 350/5625 | avg train loss 3.0306 top1 0.1429 top5 0.4171
    [02:15:03] step 375/5625 | avg train loss 3.0240 top1 0.1437 top5 0.4163
    [02:15:09] step 400/5625 | avg train loss 3.0290 top1 0.1459 top5 0.4147
    [02:15:16] step 425/5625 | avg train loss 3.0259 top1 0.1485 top5 0.4156
    [02:15:23] step 450/5625 | avg train loss 3.0178 top1 0.1528 top5 0.4206
    [02:15:30] step 475/5625 | avg train loss 3.0082 top1 0.1558 top5 0.4211
    [02:15:37] step 500/5625 | avg train loss 3.0069 top1 0.1575 top5 0.4210
    [02:15:44] step 525/5625 | avg train loss 3.0002 top1 0.1583 top5 0.4238
    [02:15:51] step 550/5625 | avg train loss 3.0003 top1 0.1570 top5 0.4245
    [02:15:58] step 575/5625 | avg train loss 3.0006 top1 0.1574 top5 0.4226
    [02:16:04] step 600/5625 | avg train loss 2.9965 top1 0.1602 top5 0.4244
    [02:16:11] step 625/5625 | avg train loss 2.9936 top1 0.1624 top5 0.4256
    [02:16:18] step 650/5625 | avg train loss 2.9977 top1 0.1606 top5 0.4212
    [02:16:25] step 675/5625 | avg train loss 2.9947 top1 0.1598 top5 0.4217
    [02:16:32] step 700/5625 | avg train loss 2.9901 top1 0.1604 top5 0.4225
    [02:16:39] step 725/5625 | avg train loss 2.9889 top1 0.1588 top5 0.4229
    [02:16:46] step 750/5625 | avg train loss 2.9930 top1 0.1587 top5 0.4205
    [02:16:53] step 775/5625 | avg train loss 2.9909 top1 0.1582 top5 0.4190
    [02:17:00] step 800/5625 | avg train loss 2.9946 top1 0.1570 top5 0.4173
    [02:17:07] step 825/5625 | avg train loss 2.9893 top1 0.1580 top5 0.4188
    [02:17:13] step 850/5625 | avg train loss 2.9908 top1 0.1582 top5 0.4181
    [02:17:20] step 875/5625 | avg train loss 2.9921 top1 0.1571 top5 0.4170
    [02:17:27] step 900/5625 | avg train loss 2.9923 top1 0.1585 top5 0.4168
    [02:17:34] step 925/5625 | avg train loss 2.9943 top1 0.1573 top5 0.4153
    [02:17:41] step 950/5625 | avg train loss 2.9911 top1 0.1597 top5 0.4163
    [02:17:48] step 975/5625 | avg train loss 2.9921 top1 0.1594 top5 0.4167
    [02:17:55] step 1000/5625 | avg train loss 2.9949 top1 0.1583 top5 0.4165
    [02:18:02] step 1025/5625 | avg train loss 2.9981 top1 0.1578 top5 0.4152
    [02:18:08] step 1050/5625 | avg train loss 3.0001 top1 0.1574 top5 0.4143
    [02:18:15] step 1075/5625 | avg train loss 2.9984 top1 0.1579 top5 0.4134
    [02:18:22] step 1100/5625 | avg train loss 2.9985 top1 0.1573 top5 0.4128
    [02:18:29] step 1125/5625 | avg train loss 2.9956 top1 0.1586 top5 0.4142
    [02:18:36] step 1150/5625 | avg train loss 2.9967 top1 0.1580 top5 0.4127
    [02:18:43] step 1175/5625 | avg train loss 2.9982 top1 0.1578 top5 0.4121
    [02:18:50] step 1200/5625 | avg train loss 2.9961 top1 0.1577 top5 0.4136
    [02:18:57] step 1225/5625 | avg train loss 2.9959 top1 0.1578 top5 0.4140
    [02:19:03] step 1250/5625 | avg train loss 2.9959 top1 0.1567 top5 0.4132
    [02:19:10] step 1275/5625 | avg train loss 2.9978 top1 0.1571 top5 0.4129
    [02:19:17] step 1300/5625 | avg train loss 2.9956 top1 0.1578 top5 0.4124
    [02:19:24] step 1325/5625 | avg train loss 2.9948 top1 0.1576 top5 0.4130
    [02:19:31] step 1350/5625 | avg train loss 2.9959 top1 0.1578 top5 0.4140
    [02:19:38] step 1375/5625 | avg train loss 2.9958 top1 0.1583 top5 0.4138
    [02:19:45] step 1400/5625 | avg train loss 2.9966 top1 0.1584 top5 0.4137
    [02:19:52] step 1425/5625 | avg train loss 2.9951 top1 0.1587 top5 0.4138
    [02:19:58] step 1450/5625 | avg train loss 2.9941 top1 0.1584 top5 0.4129
    [02:20:05] step 1475/5625 | avg train loss 2.9920 top1 0.1586 top5 0.4131
    [02:20:12] step 1500/5625 | avg train loss 2.9929 top1 0.1583 top5 0.4143
    [02:20:19] step 1525/5625 | avg train loss 2.9914 top1 0.1584 top5 0.4143
    [02:20:26] step 1550/5625 | avg train loss 2.9895 top1 0.1589 top5 0.4147
    [02:20:33] step 1575/5625 | avg train loss 2.9912 top1 0.1579 top5 0.4133
    [02:20:40] step 1600/5625 | avg train loss 2.9899 top1 0.1581 top5 0.4139
    [02:20:47] step 1625/5625 | avg train loss 2.9903 top1 0.1586 top5 0.4145
    [02:20:54] step 1650/5625 | avg train loss 2.9886 top1 0.1591 top5 0.4149
    [02:21:01] step 1675/5625 | avg train loss 2.9878 top1 0.1595 top5 0.4151
    [02:21:07] step 1700/5625 | avg train loss 2.9857 top1 0.1603 top5 0.4161
    [02:21:14] step 1725/5625 | avg train loss 2.9842 top1 0.1600 top5 0.4159
    [02:21:21] step 1750/5625 | avg train loss 2.9840 top1 0.1596 top5 0.4160
    [02:21:28] step 1775/5625 | avg train loss 2.9843 top1 0.1593 top5 0.4156
    [02:21:35] step 1800/5625 | avg train loss 2.9841 top1 0.1593 top5 0.4169
    [02:21:42] step 1825/5625 | avg train loss 2.9842 top1 0.1593 top5 0.4168
    [02:21:49] step 1850/5625 | avg train loss 2.9837 top1 0.1595 top5 0.4168
    [02:21:56] step 1875/5625 | avg train loss 2.9855 top1 0.1587 top5 0.4163
    [02:22:02] step 1900/5625 | avg train loss 2.9859 top1 0.1587 top5 0.4160
    [02:22:09] step 1925/5625 | avg train loss 2.9844 top1 0.1590 top5 0.4162
    [02:22:16] step 1950/5625 | avg train loss 2.9845 top1 0.1588 top5 0.4153
    [02:22:23] step 1975/5625 | avg train loss 2.9845 top1 0.1590 top5 0.4164
    [02:22:30] step 2000/5625 | avg train loss 2.9858 top1 0.1584 top5 0.4159
    [02:22:37] step 2025/5625 | avg train loss 2.9830 top1 0.1593 top5 0.4164
    [02:22:44] step 2050/5625 | avg train loss 2.9838 top1 0.1592 top5 0.4163
    [02:22:51] step 2075/5625 | avg train loss 2.9848 top1 0.1584 top5 0.4160
    [02:22:58] step 2100/5625 | avg train loss 2.9847 top1 0.1582 top5 0.4153
    [02:23:05] step 2125/5625 | avg train loss 2.9838 top1 0.1584 top5 0.4157
    [02:23:12] step 2150/5625 | avg train loss 2.9830 top1 0.1585 top5 0.4159
    [02:23:18] step 2175/5625 | avg train loss 2.9826 top1 0.1587 top5 0.4165
    [02:23:25] step 2200/5625 | avg train loss 2.9824 top1 0.1588 top5 0.4165
    [02:23:32] step 2225/5625 | avg train loss 2.9806 top1 0.1594 top5 0.4171
    [02:23:39] step 2250/5625 | avg train loss 2.9807 top1 0.1603 top5 0.4177
    [02:23:46] step 2275/5625 | avg train loss 2.9816 top1 0.1599 top5 0.4169
    [02:23:53] step 2300/5625 | avg train loss 2.9806 top1 0.1597 top5 0.4174
    [02:24:00] step 2325/5625 | avg train loss 2.9804 top1 0.1591 top5 0.4173
    [02:24:07] step 2350/5625 | avg train loss 2.9809 top1 0.1591 top5 0.4170
    [02:24:14] step 2375/5625 | avg train loss 2.9808 top1 0.1593 top5 0.4174
    [02:24:21] step 2400/5625 | avg train loss 2.9813 top1 0.1590 top5 0.4170
    [02:24:27] step 2425/5625 | avg train loss 2.9805 top1 0.1594 top5 0.4175
    [02:24:34] step 2450/5625 | avg train loss 2.9799 top1 0.1596 top5 0.4177
    [02:24:41] step 2475/5625 | avg train loss 2.9806 top1 0.1595 top5 0.4175
    [02:24:48] step 2500/5625 | avg train loss 2.9799 top1 0.1598 top5 0.4178
    [02:24:55] step 2525/5625 | avg train loss 2.9794 top1 0.1597 top5 0.4181
    [02:25:02] step 2550/5625 | avg train loss 2.9791 top1 0.1596 top5 0.4184
    [02:25:09] step 2575/5625 | avg train loss 2.9798 top1 0.1597 top5 0.4188
    [02:25:16] step 2600/5625 | avg train loss 2.9790 top1 0.1596 top5 0.4189
    [02:25:22] step 2625/5625 | avg train loss 2.9777 top1 0.1595 top5 0.4194
    [02:25:29] step 2650/5625 | avg train loss 2.9792 top1 0.1589 top5 0.4188
    [02:25:36] step 2675/5625 | avg train loss 2.9786 top1 0.1593 top5 0.4193
    [02:25:43] step 2700/5625 | avg train loss 2.9780 top1 0.1592 top5 0.4196
    [02:25:50] step 2725/5625 | avg train loss 2.9770 top1 0.1591 top5 0.4192
    [02:25:57] step 2750/5625 | avg train loss 2.9752 top1 0.1593 top5 0.4192
    [02:26:04] step 2775/5625 | avg train loss 2.9742 top1 0.1591 top5 0.4192
    [02:26:11] step 2800/5625 | avg train loss 2.9742 top1 0.1587 top5 0.4191
    [02:26:17] step 2825/5625 | avg train loss 2.9727 top1 0.1589 top5 0.4191
    [02:26:24] step 2850/5625 | avg train loss 2.9733 top1 0.1583 top5 0.4186
    [02:26:31] step 2875/5625 | avg train loss 2.9710 top1 0.1587 top5 0.4191
    [02:26:38] step 2900/5625 | avg train loss 2.9701 top1 0.1591 top5 0.4198
    [02:26:45] step 2925/5625 | avg train loss 2.9695 top1 0.1592 top5 0.4201
    [02:26:52] step 2950/5625 | avg train loss 2.9699 top1 0.1590 top5 0.4200
    [02:26:59] step 2975/5625 | avg train loss 2.9682 top1 0.1591 top5 0.4205
    [02:27:06] step 3000/5625 | avg train loss 2.9681 top1 0.1591 top5 0.4208
    [02:27:13] step 3025/5625 | avg train loss 2.9669 top1 0.1590 top5 0.4206
    [02:27:19] step 3050/5625 | avg train loss 2.9669 top1 0.1590 top5 0.4207
    [02:27:26] step 3075/5625 | avg train loss 2.9666 top1 0.1590 top5 0.4207
    [02:27:33] step 3100/5625 | avg train loss 2.9655 top1 0.1590 top5 0.4210
    [02:27:40] step 3125/5625 | avg train loss 2.9641 top1 0.1592 top5 0.4211
    [02:27:47] step 3150/5625 | avg train loss 2.9633 top1 0.1601 top5 0.4219
    [02:27:54] step 3175/5625 | avg train loss 2.9622 top1 0.1601 top5 0.4220
    [02:28:01] step 3200/5625 | avg train loss 2.9621 top1 0.1598 top5 0.4218
    [02:28:08] step 3225/5625 | avg train loss 2.9620 top1 0.1599 top5 0.4222
    [02:28:15] step 3250/5625 | avg train loss 2.9617 top1 0.1597 top5 0.4221
    [02:28:22] step 3275/5625 | avg train loss 2.9611 top1 0.1597 top5 0.4222
    [02:28:28] step 3300/5625 | avg train loss 2.9599 top1 0.1604 top5 0.4231
    [02:28:35] step 3325/5625 | avg train loss 2.9604 top1 0.1600 top5 0.4231
    [02:28:42] step 3350/5625 | avg train loss 2.9589 top1 0.1603 top5 0.4235
    [02:28:49] step 3375/5625 | avg train loss 2.9587 top1 0.1603 top5 0.4234
    [02:28:56] step 3400/5625 | avg train loss 2.9586 top1 0.1604 top5 0.4238
    [02:29:03] step 3425/5625 | avg train loss 2.9572 top1 0.1605 top5 0.4236
    [02:29:10] step 3450/5625 | avg train loss 2.9564 top1 0.1606 top5 0.4238
    [02:29:17] step 3475/5625 | avg train loss 2.9570 top1 0.1608 top5 0.4239
    [02:29:23] step 3500/5625 | avg train loss 2.9580 top1 0.1607 top5 0.4236
    [02:29:30] step 3525/5625 | avg train loss 2.9570 top1 0.1607 top5 0.4234
    [02:29:37] step 3550/5625 | avg train loss 2.9552 top1 0.1606 top5 0.4234
    [02:29:44] step 3575/5625 | avg train loss 2.9556 top1 0.1609 top5 0.4238
    [02:29:51] step 3600/5625 | avg train loss 2.9552 top1 0.1613 top5 0.4240
    [02:29:58] step 3625/5625 | avg train loss 2.9549 top1 0.1612 top5 0.4243
    [02:30:05] step 3650/5625 | avg train loss 2.9547 top1 0.1610 top5 0.4244
    [02:30:12] step 3675/5625 | avg train loss 2.9544 top1 0.1611 top5 0.4247
    [02:30:19] step 3700/5625 | avg train loss 2.9545 top1 0.1609 top5 0.4252
    [02:30:26] step 3725/5625 | avg train loss 2.9538 top1 0.1609 top5 0.4251
    [02:30:32] step 3750/5625 | avg train loss 2.9538 top1 0.1611 top5 0.4254
    [02:30:39] step 3775/5625 | avg train loss 2.9530 top1 0.1610 top5 0.4256
    [02:30:46] step 3800/5625 | avg train loss 2.9532 top1 0.1611 top5 0.4257
    [02:30:53] step 3825/5625 | avg train loss 2.9522 top1 0.1614 top5 0.4259
    [02:31:00] step 3850/5625 | avg train loss 2.9527 top1 0.1614 top5 0.4256
    [02:31:07] step 3875/5625 | avg train loss 2.9526 top1 0.1615 top5 0.4257
    [02:31:14] step 3900/5625 | avg train loss 2.9518 top1 0.1616 top5 0.4260
    [02:31:21] step 3925/5625 | avg train loss 2.9517 top1 0.1619 top5 0.4262
    [02:31:28] step 3950/5625 | avg train loss 2.9506 top1 0.1623 top5 0.4267
    [02:31:34] step 3975/5625 | avg train loss 2.9503 top1 0.1620 top5 0.4264
    [02:31:41] step 4000/5625 | avg train loss 2.9498 top1 0.1621 top5 0.4265
    [02:31:48] step 4025/5625 | avg train loss 2.9497 top1 0.1619 top5 0.4265
    [02:31:55] step 4050/5625 | avg train loss 2.9498 top1 0.1618 top5 0.4263
    [02:32:02] step 4075/5625 | avg train loss 2.9497 top1 0.1620 top5 0.4262
    [02:32:09] step 4100/5625 | avg train loss 2.9494 top1 0.1623 top5 0.4266
    [02:32:16] step 4125/5625 | avg train loss 2.9487 top1 0.1628 top5 0.4268
    [02:32:23] step 4150/5625 | avg train loss 2.9479 top1 0.1627 top5 0.4266
