[chain] 2026-05-17T00:44:44+02:00 Phase 1 MAE pretrain RESUME (E7, from /Data/romain.poggi/smth2smth/checkpoints/track_a/ssl/e7_encoder.pt)
model:
  name: video_mae_vit
  variant: vit_s
  num_classes: ${num_classes}
  tube_t: 2
  patch_size: 16
  mlp_ratio: 4.0
  drop_path_rate: 0.0
  dropout: 0.0
  head: mean
  head_num_heads: 4
  init_from: null
  interpolate_pos_embed: false
  interpolate_src_image_size: 224
  interpolate_src_num_frames: ${dataset.num_frames}
  gradient_checkpointing: false
  freeze_backbone: false
dataset:
  root: ${hydra:runtime.cwd}/data
  train_dir: ${dataset.root}/train
  val_dir: ${dataset.root}/val
  test_dir: ${dataset.root}/test
  augmented_dirs: []
  test_manifest: null
  submission_output: ${hydra:runtime.cwd}/submissions/track_a.csv
  num_frames: 8
  val_ratio: 0.2
  use_official_val: false
  include_val_in_train: false
  seed: ${seed}
  max_samples: null
  max_samples_per_class: null
  image_size: 224
  time_reversal_prob: 0.0
  temporal_reversal_augment:
    enabled: false
    prob: 0.5
  class_boosting:
    enabled: false
training:
  batch_size: 16
  lr: 0.0001
  epochs: 5
  num_workers: 4
  checkpoint_path: ${hydra:runtime.cwd}/checkpoints/track_a/best_model.pt
  resume_from: null
  lora_lr: null
  lora_lr_ratio: 0.25
  motion_lr: null
  motion_lr_ratio: null
  resume_apply_cfg_lr: false
  amp: true
  device: cuda
  optimizer: adam
  momentum: 0.9
  nesterov: false
  weight_decay: 0.0
  scheduler_cosine: false
  warmup_epochs: 0
  min_lr: 0.0
  label_smoothing: 0.0
  videomix_alpha: 0.0
  videomix_prob: 1.0
  videomix_mode: cube_cutmix
  videomix_mixup_alpha: null
  videomix_cutmix_alpha: null
  videomix_switch_prob: 0.5
  layer_decay: null
  repeated_aug: 1
  grad_accum_steps: 1
  amp_dtype: float16
  scheduler: none
  sgdr_T0: 30
  sgdr_save_snapshots: false
  early_stopping_enabled: false
  early_stopping_patience: 10
  early_stopping_min_delta: 0.0
  log_interval_steps: 0
  ema_enabled: false
  ema_decay: 0.999
  eval_every_n_epochs: 1
  eval_ema: true
  save_last_checkpoint: true
  last_checkpoint_path: null
  tta: true
  tta_flip: true
  tta_temporal_shift: 0
  tta_scales:
  - 0.875
  - 1.0
  - 1.125
  tta_logit_adjust: 0.0
  class_balance_sampler: none
  class_balance_loss: none
  class_balance_beta: 0.999
augment:
  name: none
  random_horizontal_flip: false
  random_crop: true
  crop_padding: 32
  color_jitter: false
  color_jitter_brightness: 0.0
  color_jitter_contrast: 0.0
  color_jitter_saturation: 0.0
  color_jitter_hue: 0.0
  random_grayscale: false
  random_grayscale_prob: 0.0
  gaussian_blur: false
  gaussian_blur_prob: 0.0
  gaussian_blur_radius_min: 0.1
  gaussian_blur_radius_max: 2.0
pretrain:
  epochs: 150
  warmup_epochs: 5
  batch_size: 16
  lr: 0.00015
  weight_decay: 0.05
  min_lr: 0.0
  mask_ratio: 0.75
  norm_pix: true
  norm_feat: true
  drop_path_rate: 0.0
  tube_t: 2
  patch_size: 16
  checkpoint_path: ${hydra:runtime.cwd}/checkpoints/track_a/ssl/e7_encoder.pt
  resume_from: /Data/romain.poggi/smth2smth/checkpoints/track_a/ssl/e7_encoder.pt
  max_videos: null
  image_size: 224
  num_frames: 4
  log_interval_steps: 100
  include_val_in_pretrain: false
  mask_ratio_schedule: true
  mask_ratio_start: 0.9
  mask_ratio_end: 0.75
  grad_accum_steps: 1
track:
  name: a
  description: 'Closed-world track: train from scratch.'
seed: 42
num_classes: 33

[cuda] cache emptied (videomae-pretrain-start). Free: 23.15 / 23.54 GiB
[videomae] SSL roots: train + test only (val excluded)
[videomae] using 51906 unlabeled clips (T=4).
[videomae] model: vit_s, total params=30,023,808, encoder=22,035,072
[videomae] AMP (bfloat16) enabled.
[videomae] resumed encoder from /Data/romain.poggi/smth2smth/checkpoints/track_a/ssl/e7_encoder.pt (completed_epochs=137, continuing at epoch 138/150; decoder/optimizer re-initialized).
[videomae] mask_ratio cosine schedule 0.9 -> 0.75
[videomae] epoch 138/150 step 0/3244 loss 1.1502 lr 2.96e-06
[videomae] epoch 138/150 step 100/3244 loss 0.9973 lr 2.94e-06
[videomae] epoch 138/150 step 200/3244 loss 0.9541 lr 2.93e-06
[videomae] epoch 138/150 step 300/3244 loss 0.9250 lr 2.91e-06
[videomae] epoch 138/150 step 400/3244 loss 0.9198 lr 2.90e-06
[videomae] epoch 138/150 step 500/3244 loss 0.9240 lr 2.89e-06
[videomae] epoch 138/150 step 600/3244 loss 0.8839 lr 2.87e-06
[videomae] epoch 138/150 step 700/3244 loss 0.8297 lr 2.86e-06
[videomae] epoch 138/150 step 800/3244 loss 0.8796 lr 2.84e-06
[videomae] epoch 138/150 step 900/3244 loss 0.8907 lr 2.83e-06
[videomae] epoch 138/150 step 1000/3244 loss 0.9200 lr 2.82e-06
[videomae] epoch 138/150 step 1100/3244 loss 0.8813 lr 2.80e-06
[videomae] epoch 138/150 step 1200/3244 loss 0.8581 lr 2.79e-06
[videomae] epoch 138/150 step 1300/3244 loss 0.8732 lr 2.78e-06
[videomae] epoch 138/150 step 1400/3244 loss 0.7834 lr 2.76e-06
[videomae] epoch 138/150 step 1500/3244 loss 0.8041 lr 2.75e-06
[videomae] epoch 138/150 step 1600/3244 loss 0.8408 lr 2.74e-06
[videomae] epoch 138/150 step 1700/3244 loss 0.7462 lr 2.72e-06
[videomae] epoch 138/150 step 1800/3244 loss 0.8046 lr 2.71e-06
[videomae] epoch 138/150 step 1900/3244 loss 0.8883 lr 2.70e-06
[videomae] epoch 138/150 step 2000/3244 loss 0.7328 lr 2.68e-06
[videomae] epoch 138/150 step 2100/3244 loss 0.7015 lr 2.67e-06
[videomae] epoch 138/150 step 2200/3244 loss 0.7913 lr 2.66e-06
[videomae] epoch 138/150 step 2300/3244 loss 0.8774 lr 2.64e-06
[videomae] epoch 138/150 step 2400/3244 loss 0.7900 lr 2.63e-06
[videomae] epoch 138/150 step 2500/3244 loss 0.7654 lr 2.62e-06
[videomae] epoch 138/150 step 2600/3244 loss 0.7582 lr 2.60e-06
[videomae] epoch 138/150 step 2700/3244 loss 0.8046 lr 2.59e-06
[videomae] epoch 138/150 step 2800/3244 loss 0.8064 lr 2.58e-06
[videomae] epoch 138/150 step 2900/3244 loss 0.8886 lr 2.57e-06
[videomae] epoch 138/150 step 3000/3244 loss 0.8724 lr 2.55e-06
[videomae] epoch 138/150 step 3100/3244 loss 0.7992 lr 2.54e-06
[videomae] epoch 138/150 step 3200/3244 loss 0.8060 lr 2.53e-06
[videomae] epoch 138/150 avg loss 0.8441
[videomae] wrote trunk checkpoint -> /Data/romain.poggi/smth2smth/checkpoints/track_a/ssl/e7_encoder.pt (149 tensors)
[videomae] epoch 139/150 step 0/3244 loss 0.8121 lr 2.52e-06
[videomae] epoch 139/150 step 100/3244 loss 0.7755 lr 2.51e-06
[videomae] epoch 139/150 step 200/3244 loss 0.8038 lr 2.49e-06
[videomae] epoch 139/150 step 300/3244 loss 0.8152 lr 2.48e-06
[videomae] epoch 139/150 step 400/3244 loss 0.7644 lr 2.47e-06
[videomae] epoch 139/150 step 500/3244 loss 0.6821 lr 2.46e-06
[videomae] epoch 139/150 step 600/3244 loss 0.6966 lr 2.44e-06
[videomae] epoch 139/150 step 700/3244 loss 0.7010 lr 2.43e-06
[videomae] epoch 139/150 step 800/3244 loss 0.6987 lr 2.42e-06
[videomae] epoch 139/150 step 900/3244 loss 0.7905 lr 2.41e-06
[videomae] epoch 139/150 step 1000/3244 loss 0.7269 lr 2.39e-06
[videomae] epoch 139/150 step 1100/3244 loss 0.7643 lr 2.38e-06
[videomae] epoch 139/150 step 1200/3244 loss 0.6538 lr 2.37e-06
[videomae] epoch 139/150 step 1300/3244 loss 0.6421 lr 2.36e-06
[videomae] epoch 139/150 step 1400/3244 loss 0.6578 lr 2.34e-06
[videomae] epoch 139/150 step 1500/3244 loss 0.7263 lr 2.33e-06
[videomae] epoch 139/150 step 1600/3244 loss 0.7364 lr 2.32e-06
[videomae] epoch 139/150 step 1700/3244 loss 0.5916 lr 2.31e-06
[videomae] epoch 139/150 step 1800/3244 loss 0.6940 lr 2.29e-06
[videomae] epoch 139/150 step 1900/3244 loss 0.6652 lr 2.28e-06
[videomae] epoch 139/150 step 2000/3244 loss 0.6928 lr 2.27e-06
[videomae] epoch 139/150 step 2100/3244 loss 0.6775 lr 2.26e-06
[videomae] epoch 139/150 step 2200/3244 loss 0.6551 lr 2.25e-06
[videomae] epoch 139/150 step 2300/3244 loss 0.6359 lr 2.23e-06
[videomae] epoch 139/150 step 2400/3244 loss 0.6824 lr 2.22e-06
[videomae] epoch 139/150 step 2500/3244 loss 0.6517 lr 2.21e-06
[videomae] epoch 139/150 step 2600/3244 loss 0.6233 lr 2.20e-06
[videomae] epoch 139/150 step 2700/3244 loss 0.5355 lr 2.18e-06
[videomae] epoch 139/150 step 2800/3244 loss 0.5383 lr 2.17e-06
[videomae] epoch 139/150 step 2900/3244 loss 0.5878 lr 2.16e-06
[videomae] epoch 139/150 step 3000/3244 loss 0.6916 lr 2.15e-06
[videomae] epoch 139/150 step 3100/3244 loss 0.6385 lr 2.14e-06
[videomae] epoch 139/150 step 3200/3244 loss 0.6416 lr 2.13e-06
[videomae] epoch 139/150 avg loss 0.6965
[videomae] wrote trunk checkpoint -> /Data/romain.poggi/smth2smth/checkpoints/track_a/ssl/e7_encoder.pt (149 tensors)
[videomae] epoch 140/150 step 0/3244 loss 0.6958 lr 2.12e-06
[videomae] epoch 140/150 step 100/3244 loss 0.6985 lr 2.11e-06
[videomae] epoch 140/150 step 200/3244 loss 0.5884 lr 2.10e-06
[videomae] epoch 140/150 step 300/3244 loss 0.5837 lr 2.08e-06
[videomae] epoch 140/150 step 400/3244 loss 0.5869 lr 2.07e-06
[videomae] epoch 140/150 step 500/3244 loss 0.5685 lr 2.06e-06
[videomae] epoch 140/150 step 600/3244 loss 0.6776 lr 2.05e-06
[videomae] epoch 140/150 step 700/3244 loss 0.5439 lr 2.04e-06
[videomae] epoch 140/150 step 800/3244 loss 0.6158 lr 2.03e-06
[videomae] epoch 140/150 step 900/3244 loss 0.5717 lr 2.01e-06
[videomae] epoch 140/150 step 1000/3244 loss 0.5758 lr 2.00e-06
[videomae] epoch 140/150 step 1100/3244 loss 0.5159 lr 1.99e-06
[videomae] epoch 140/150 step 1200/3244 loss 0.6817 lr 1.98e-06
[videomae] epoch 140/150 step 1300/3244 loss 0.6223 lr 1.97e-06
[videomae] epoch 140/150 step 1400/3244 loss 0.5276 lr 1.96e-06
[videomae] epoch 140/150 step 1500/3244 loss 0.5824 lr 1.95e-06
[videomae] epoch 140/150 step 1600/3244 loss 0.5780 lr 1.93e-06
[videomae] epoch 140/150 step 1700/3244 loss 0.6067 lr 1.92e-06
[videomae] epoch 140/150 step 1800/3244 loss 0.5048 lr 1.91e-06
[videomae] epoch 140/150 step 1900/3244 loss 0.5524 lr 1.90e-06
[videomae] epoch 140/150 step 2000/3244 loss 0.6221 lr 1.89e-06
[videomae] epoch 140/150 step 2100/3244 loss 0.6267 lr 1.88e-06
[videomae] epoch 140/150 step 2200/3244 loss 0.5720 lr 1.87e-06
[videomae] epoch 140/150 step 2300/3244 loss 0.5446 lr 1.86e-06
[videomae] epoch 140/150 step 2400/3244 loss 0.5327 lr 1.85e-06
[videomae] epoch 140/150 step 2500/3244 loss 0.6355 lr 1.83e-06
[videomae] epoch 140/150 step 2600/3244 loss 0.5266 lr 1.82e-06
[videomae] epoch 140/150 step 2700/3244 loss 0.5255 lr 1.81e-06
[videomae] epoch 140/150 step 2800/3244 loss 0.5910 lr 1.80e-06
[videomae] epoch 140/150 step 2900/3244 loss 0.5748 lr 1.79e-06
[videomae] epoch 140/150 step 3000/3244 loss 0.5757 lr 1.78e-06
[videomae] epoch 140/150 step 3100/3244 loss 0.5353 lr 1.77e-06
[videomae] epoch 140/150 step 3200/3244 loss 0.6356 lr 1.76e-06
[videomae] epoch 140/150 avg loss 0.5877
[videomae] wrote trunk checkpoint -> /Data/romain.poggi/smth2smth/checkpoints/track_a/ssl/e7_encoder.pt (149 tensors)
[videomae] epoch 141/150 step 0/3244 loss 0.5252 lr 1.75e-06
[videomae] epoch 141/150 step 100/3244 loss 0.6399 lr 1.74e-06
[videomae] epoch 141/150 step 200/3244 loss 0.5693 lr 1.73e-06
[videomae] epoch 141/150 step 300/3244 loss 0.5956 lr 1.72e-06
[videomae] epoch 141/150 step 400/3244 loss 0.5609 lr 1.71e-06
[videomae] epoch 141/150 step 500/3244 loss 0.5657 lr 1.70e-06
[videomae] epoch 141/150 step 600/3244 loss 0.4522 lr 1.69e-06
[videomae] epoch 141/150 step 700/3244 loss 0.6120 lr 1.68e-06
[videomae] epoch 141/150 step 800/3244 loss 0.5684 lr 1.67e-06
[videomae] epoch 141/150 step 900/3244 loss 0.5961 lr 1.66e-06
[videomae] epoch 141/150 step 1000/3244 loss 0.5758 lr 1.65e-06
[videomae] epoch 141/150 step 1100/3244 loss 0.5219 lr 1.64e-06
[videomae] epoch 141/150 step 1200/3244 loss 0.5213 lr 1.63e-06
[videomae] epoch 141/150 step 1300/3244 loss 0.5829 lr 1.62e-06
[videomae] epoch 141/150 step 1400/3244 loss 0.5530 lr 1.61e-06
[videomae] epoch 141/150 step 1500/3244 loss 0.5807 lr 1.60e-06
[videomae] epoch 141/150 step 1600/3244 loss 0.5512 lr 1.59e-06
[videomae] epoch 141/150 step 1700/3244 loss 0.5128 lr 1.58e-06
[videomae] epoch 141/150 step 1800/3244 loss 0.5168 lr 1.56e-06
[videomae] epoch 141/150 step 1900/3244 loss 0.5663 lr 1.55e-06
[videomae] epoch 141/150 step 2000/3244 loss 0.5180 lr 1.54e-06
[videomae] epoch 141/150 step 2100/3244 loss 0.5312 lr 1.53e-06
[videomae] epoch 141/150 step 2200/3244 loss 0.4743 lr 1.52e-06
[videomae] epoch 141/150 step 2300/3244 loss 0.5724 lr 1.51e-06
[videomae] epoch 141/150 step 2400/3244 loss 0.6281 lr 1.50e-06
[videomae] epoch 141/150 step 2500/3244 loss 0.4821 lr 1.49e-06
[videomae] epoch 141/150 step 2600/3244 loss 0.5630 lr 1.48e-06
[videomae] epoch 141/150 step 2700/3244 loss 0.5698 lr 1.47e-06
[videomae] epoch 141/150 step 2800/3244 loss 0.5326 lr 1.46e-06
[videomae] epoch 141/150 step 2900/3244 loss 0.5651 lr 1.45e-06
[videomae] epoch 141/150 step 3000/3244 loss 0.4674 lr 1.45e-06
[videomae] epoch 141/150 step 3100/3244 loss 0.5310 lr 1.44e-06
[videomae] epoch 141/150 step 3200/3244 loss 0.5006 lr 1.43e-06
[videomae] epoch 141/150 avg loss 0.5531
[videomae] wrote trunk checkpoint -> /Data/romain.poggi/smth2smth/checkpoints/track_a/ssl/e7_encoder.pt (149 tensors)
[videomae] epoch 142/150 step 0/3244 loss 0.5639 lr 1.42e-06
[videomae] epoch 142/150 step 100/3244 loss 0.4908 lr 1.41e-06
[videomae] epoch 142/150 step 200/3244 loss 0.4493 lr 1.40e-06
[videomae] epoch 142/150 step 300/3244 loss 0.6225 lr 1.39e-06
[videomae] epoch 142/150 step 400/3244 loss 0.4585 lr 1.38e-06
[videomae] epoch 142/150 step 500/3244 loss 0.5669 lr 1.37e-06
[videomae] epoch 142/150 step 600/3244 loss 0.5093 lr 1.36e-06
[videomae] epoch 142/150 step 700/3244 loss 0.5265 lr 1.35e-06
[videomae] epoch 142/150 step 800/3244 loss 0.5423 lr 1.34e-06
[videomae] epoch 142/150 step 900/3244 loss 0.5815 lr 1.34e-06
[videomae] epoch 142/150 step 1000/3244 loss 0.5618 lr 1.33e-06
[videomae] epoch 142/150 step 1100/3244 loss 0.4627 lr 1.32e-06
[videomae] epoch 142/150 step 1200/3244 loss 0.4509 lr 1.31e-06
[videomae] epoch 142/150 step 1300/3244 loss 0.5948 lr 1.30e-06
[videomae] epoch 142/150 step 1400/3244 loss 0.5758 lr 1.29e-06
[videomae] epoch 142/150 step 1500/3244 loss 0.5428 lr 1.28e-06
[videomae] epoch 142/150 step 1600/3244 loss 0.4797 lr 1.27e-06
[videomae] epoch 142/150 step 1700/3244 loss 0.4827 lr 1.26e-06
[videomae] epoch 142/150 step 1800/3244 loss 0.4899 lr 1.25e-06
[videomae] epoch 142/150 step 1900/3244 loss 0.5521 lr 1.24e-06
[videomae] epoch 142/150 step 2000/3244 loss 0.5945 lr 1.23e-06
[videomae] epoch 142/150 step 2100/3244 loss 0.5693 lr 1.22e-06
[videomae] epoch 142/150 step 2200/3244 loss 0.5350 lr 1.22e-06
[videomae] epoch 142/150 step 2300/3244 loss 0.6033 lr 1.21e-06
[videomae] epoch 142/150 step 2400/3244 loss 0.5210 lr 1.20e-06
[videomae] epoch 142/150 step 2500/3244 loss 0.5488 lr 1.19e-06
[videomae] epoch 142/150 step 2600/3244 loss 0.4580 lr 1.18e-06
[videomae] epoch 142/150 step 2700/3244 loss 0.5634 lr 1.17e-06
[videomae] epoch 142/150 step 2800/3244 loss 0.5417 lr 1.16e-06
[videomae] epoch 142/150 step 2900/3244 loss 0.5201 lr 1.15e-06
[videomae] epoch 142/150 step 3000/3244 loss 0.4963 lr 1.14e-06
[videomae] epoch 142/150 step 3100/3244 loss 0.5796 lr 1.14e-06
[videomae] epoch 142/150 step 3200/3244 loss 0.5189 lr 1.13e-06
[videomae] epoch 142/150 avg loss 0.5354
[videomae] wrote trunk checkpoint -> /Data/romain.poggi/smth2smth/checkpoints/track_a/ssl/e7_encoder.pt (149 tensors)
[videomae] epoch 143/150 step 0/3244 loss 0.5651 lr 1.12e-06
[videomae] epoch 143/150 step 100/3244 loss 0.5489 lr 1.12e-06
[videomae] epoch 143/150 step 200/3244 loss 0.5637 lr 1.11e-06
[videomae] epoch 143/150 step 300/3244 loss 0.5537 lr 1.10e-06
[videomae] epoch 143/150 step 400/3244 loss 0.5133 lr 1.09e-06
[videomae] epoch 143/150 step 500/3244 loss 0.5582 lr 1.08e-06
[videomae] epoch 143/150 step 600/3244 loss 0.5082 lr 1.07e-06
[videomae] epoch 143/150 step 700/3244 loss 0.4875 lr 1.06e-06
[videomae] epoch 143/150 step 800/3244 loss 0.5382 lr 1.06e-06
[videomae] epoch 143/150 step 900/3244 loss 0.4849 lr 1.05e-06
[videomae] epoch 143/150 step 1000/3244 loss 0.5248 lr 1.04e-06
[videomae] epoch 143/150 step 1100/3244 loss 0.4270 lr 1.03e-06
[videomae] epoch 143/150 step 1200/3244 loss 0.5342 lr 1.02e-06
[videomae] epoch 143/150 step 1300/3244 loss 0.4404 lr 1.01e-06
[videomae] epoch 143/150 step 1400/3244 loss 0.5625 lr 1.01e-06
[videomae] epoch 143/150 step 1500/3244 loss 0.5247 lr 9.98e-07
[videomae] epoch 143/150 step 1600/3244 loss 0.5416 lr 9.90e-07
[videomae] epoch 143/150 step 1700/3244 loss 0.5534 lr 9.82e-07
[videomae] epoch 143/150 step 1800/3244 loss 0.5532 lr 9.74e-07
[videomae] epoch 143/150 step 1900/3244 loss 0.6164 lr 9.66e-07
[videomae] epoch 143/150 step 2000/3244 loss 0.5220 lr 9.58e-07
[videomae] epoch 143/150 step 2100/3244 loss 0.5680 lr 9.50e-07
[videomae] epoch 143/150 step 2200/3244 loss 0.5230 lr 9.42e-07
[videomae] epoch 143/150 step 2300/3244 loss 0.4717 lr 9.34e-07
[videomae] epoch 143/150 step 2400/3244 loss 0.5564 lr 9.26e-07
[videomae] epoch 143/150 step 2500/3244 loss 0.5163 lr 9.18e-07
[videomae] epoch 143/150 step 2600/3244 loss 0.4850 lr 9.10e-07
[videomae] epoch 143/150 step 2700/3244 loss 0.5283 lr 9.03e-07
[videomae] epoch 143/150 step 2800/3244 loss 0.5108 lr 8.95e-07
[videomae] epoch 143/150 step 2900/3244 loss 0.5510 lr 8.87e-07
[videomae] epoch 143/150 step 3000/3244 loss 0.6111 lr 8.79e-07
[videomae] epoch 143/150 step 3100/3244 loss 0.5355 lr 8.72e-07
[videomae] epoch 143/150 step 3200/3244 loss 0.4586 lr 8.64e-07
[videomae] epoch 143/150 avg loss 0.5273
[videomae] wrote trunk checkpoint -> /Data/romain.poggi/smth2smth/checkpoints/track_a/ssl/e7_encoder.pt (149 tensors)
[videomae] epoch 144/150 step 0/3244 loss 0.5667 lr 8.61e-07
[videomae] epoch 144/150 step 100/3244 loss 0.4999 lr 8.53e-07
[videomae] epoch 144/150 step 200/3244 loss 0.5715 lr 8.46e-07
[videomae] epoch 144/150 step 300/3244 loss 0.5269 lr 8.38e-07
[videomae] epoch 144/150 step 400/3244 loss 0.5421 lr 8.31e-07
[videomae] epoch 144/150 step 500/3244 loss 0.5355 lr 8.23e-07
[videomae] epoch 144/150 step 600/3244 loss 0.5359 lr 8.16e-07
[videomae] epoch 144/150 step 700/3244 loss 0.5387 lr 8.09e-07
[videomae] epoch 144/150 step 800/3244 loss 0.4724 lr 8.01e-07
[videomae] epoch 144/150 step 900/3244 loss 0.4453 lr 7.94e-07
[videomae] epoch 144/150 step 1000/3244 loss 0.5412 lr 7.87e-07
[videomae] epoch 144/150 step 1100/3244 loss 0.4869 lr 7.80e-07
[videomae] epoch 144/150 step 1200/3244 loss 0.5746 lr 7.72e-07
[videomae] epoch 144/150 step 1300/3244 loss 0.4720 lr 7.65e-07
[videomae] epoch 144/150 step 1400/3244 loss 0.5868 lr 7.58e-07
[videomae] epoch 144/150 step 1500/3244 loss 0.4980 lr 7.51e-07
[videomae] epoch 144/150 step 1600/3244 loss 0.5203 lr 7.44e-07
[videomae] epoch 144/150 step 1700/3244 loss 0.4560 lr 7.37e-07
[videomae] epoch 144/150 step 1800/3244 loss 0.5070 lr 7.30e-07
[videomae] epoch 144/150 step 1900/3244 loss 0.4509 lr 7.23e-07
[videomae] epoch 144/150 step 2000/3244 loss 0.4901 lr 7.16e-07
[videomae] epoch 144/150 step 2100/3244 loss 0.5340 lr 7.09e-07
[videomae] epoch 144/150 step 2200/3244 loss 0.4611 lr 7.02e-07
[videomae] epoch 144/150 step 2300/3244 loss 0.6138 lr 6.96e-07
[videomae] epoch 144/150 step 2400/3244 loss 0.4632 lr 6.89e-07
[videomae] epoch 144/150 step 2500/3244 loss 0.5816 lr 6.82e-07
[videomae] epoch 144/150 step 2600/3244 loss 0.6087 lr 6.75e-07
[videomae] epoch 144/150 step 2700/3244 loss 0.5319 lr 6.69e-07
[videomae] epoch 144/150 step 2800/3244 loss 0.5313 lr 6.62e-07
[videomae] epoch 144/150 step 2900/3244 loss 0.5866 lr 6.55e-07
[videomae] epoch 144/150 step 3000/3244 loss 0.4345 lr 6.49e-07
[videomae] epoch 144/150 step 3100/3244 loss 0.5203 lr 6.42e-07
[videomae] epoch 144/150 step 3200/3244 loss 0.5203 lr 6.36e-07
[videomae] epoch 144/150 avg loss 0.5226
[videomae] wrote trunk checkpoint -> /Data/romain.poggi/smth2smth/checkpoints/track_a/ssl/e7_encoder.pt (149 tensors)
[videomae] epoch 145/150 step 0/3244 loss 0.5004 lr 6.33e-07
[videomae] epoch 145/150 step 100/3244 loss 0.5447 lr 6.26e-07
[videomae] epoch 145/150 step 200/3244 loss 0.5586 lr 6.20e-07
[videomae] epoch 145/150 step 300/3244 loss 0.5711 lr 6.13e-07
[videomae] epoch 145/150 step 400/3244 loss 0.5326 lr 6.07e-07
[videomae] epoch 145/150 step 500/3244 loss 0.4902 lr 6.01e-07
[videomae] epoch 145/150 step 600/3244 loss 0.4969 lr 5.94e-07
[videomae] epoch 145/150 step 700/3244 loss 0.4138 lr 5.88e-07
[videomae] epoch 145/150 step 800/3244 loss 0.4989 lr 5.82e-07
[videomae] epoch 145/150 step 900/3244 loss 0.5828 lr 5.76e-07
[videomae] epoch 145/150 step 1000/3244 loss 0.5251 lr 5.70e-07
[videomae] epoch 145/150 step 1100/3244 loss 0.4666 lr 5.63e-07
[videomae] epoch 145/150 step 1200/3244 loss 0.5558 lr 5.57e-07
[videomae] epoch 145/150 step 1300/3244 loss 0.5955 lr 5.51e-07
[videomae] epoch 145/150 step 1400/3244 loss 0.4904 lr 5.45e-07
[videomae] epoch 145/150 step 1500/3244 loss 0.4919 lr 5.39e-07
[videomae] epoch 145/150 step 1600/3244 loss 0.5261 lr 5.33e-07
[videomae] epoch 145/150 step 1700/3244 loss 0.5585 lr 5.27e-07
[videomae] epoch 145/150 step 1800/3244 loss 0.5615 lr 5.21e-07
[videomae] epoch 145/150 step 1900/3244 loss 0.5401 lr 5.15e-07
[videomae] epoch 145/150 step 2000/3244 loss 0.5906 lr 5.10e-07
[videomae] epoch 145/150 step 2100/3244 loss 0.4446 lr 5.04e-07
[videomae] epoch 145/150 step 2200/3244 loss 0.5422 lr 4.98e-07
[videomae] epoch 145/150 step 2300/3244 loss 0.5614 lr 4.92e-07
[videomae] epoch 145/150 step 2400/3244 loss 0.4278 lr 4.87e-07
[videomae] epoch 145/150 step 2500/3244 loss 0.4626 lr 4.81e-07
[videomae] epoch 145/150 step 2600/3244 loss 0.5333 lr 4.75e-07
[videomae] epoch 145/150 step 2700/3244 loss 0.5153 lr 4.70e-07
[videomae] epoch 145/150 step 2800/3244 loss 0.5719 lr 4.64e-07
[videomae] epoch 145/150 step 2900/3244 loss 0.6024 lr 4.58e-07
[videomae] epoch 145/150 step 3000/3244 loss 0.5438 lr 4.53e-07
[videomae] epoch 145/150 step 3100/3244 loss 0.5068 lr 4.47e-07
[videomae] epoch 145/150 step 3200/3244 loss 0.5946 lr 4.42e-07
[videomae] epoch 145/150 avg loss 0.5195
[videomae] wrote trunk checkpoint -> /Data/romain.poggi/smth2smth/checkpoints/track_a/ssl/e7_encoder.pt (149 tensors)
[videomae] epoch 146/150 step 0/3244 loss 0.5435 lr 4.40e-07
[videomae] epoch 146/150 step 100/3244 loss 0.4598 lr 4.34e-07
[videomae] epoch 146/150 step 200/3244 loss 0.5273 lr 4.29e-07
[videomae] epoch 146/150 step 300/3244 loss 0.5474 lr 4.24e-07
[videomae] epoch 146/150 step 400/3244 loss 0.6179 lr 4.18e-07
[videomae] epoch 146/150 step 500/3244 loss 0.5517 lr 4.13e-07
[videomae] epoch 146/150 step 600/3244 loss 0.5947 lr 4.08e-07
[videomae] epoch 146/150 step 700/3244 loss 0.4800 lr 4.03e-07
[videomae] epoch 146/150 step 800/3244 loss 0.5563 lr 3.97e-07
[videomae] epoch 146/150 step 900/3244 loss 0.5267 lr 3.92e-07
[videomae] epoch 146/150 step 1000/3244 loss 0.5715 lr 3.87e-07
[videomae] epoch 146/150 step 1100/3244 loss 0.5720 lr 3.82e-07
[videomae] epoch 146/150 step 1200/3244 loss 0.5577 lr 3.77e-07
[videomae] epoch 146/150 step 1300/3244 loss 0.5639 lr 3.72e-07
[videomae] epoch 146/150 step 1400/3244 loss 0.4621 lr 3.67e-07
[videomae] epoch 146/150 step 1500/3244 loss 0.5586 lr 3.62e-07
[videomae] epoch 146/150 step 1600/3244 loss 0.4845 lr 3.57e-07
[videomae] epoch 146/150 step 1700/3244 loss 0.5548 lr 3.52e-07
[videomae] epoch 146/150 step 1800/3244 loss 0.4576 lr 3.48e-07
[videomae] epoch 146/150 step 1900/3244 loss 0.4397 lr 3.43e-07
[videomae] epoch 146/150 step 2000/3244 loss 0.4666 lr 3.38e-07
[videomae] epoch 146/150 step 2100/3244 loss 0.5863 lr 3.33e-07
[videomae] epoch 146/150 step 2200/3244 loss 0.4680 lr 3.29e-07
[videomae] epoch 146/150 step 2300/3244 loss 0.5614 lr 3.24e-07
[videomae] epoch 146/150 step 2400/3244 loss 0.6240 lr 3.19e-07
[videomae] epoch 146/150 step 2500/3244 loss 0.4875 lr 3.15e-07
[videomae] epoch 146/150 step 2600/3244 loss 0.4959 lr 3.10e-07
[videomae] epoch 146/150 step 2700/3244 loss 0.5271 lr 3.06e-07
[videomae] epoch 146/150 step 2800/3244 loss 0.4465 lr 3.01e-07
[videomae] epoch 146/150 step 2900/3244 loss 0.4794 lr 2.97e-07
[videomae] epoch 146/150 step 3000/3244 loss 0.4868 lr 2.92e-07
[videomae] epoch 146/150 step 3100/3244 loss 0.4655 lr 2.88e-07
[videomae] epoch 146/150 step 3200/3244 loss 0.4248 lr 2.83e-07
[videomae] epoch 146/150 avg loss 0.5175
[videomae] wrote trunk checkpoint -> /Data/romain.poggi/smth2smth/checkpoints/track_a/ssl/e7_encoder.pt (149 tensors)
[videomae] epoch 147/150 step 0/3244 loss 0.4925 lr 2.81e-07
[videomae] epoch 147/150 step 100/3244 loss 0.4953 lr 2.77e-07
[videomae] epoch 147/150 step 200/3244 loss 0.4865 lr 2.73e-07
[videomae] epoch 147/150 step 300/3244 loss 0.5066 lr 2.69e-07
[videomae] epoch 147/150 step 400/3244 loss 0.5255 lr 2.64e-07
[videomae] epoch 147/150 step 500/3244 loss 0.5232 lr 2.60e-07
[videomae] epoch 147/150 step 600/3244 loss 0.4692 lr 2.56e-07
[videomae] epoch 147/150 step 700/3244 loss 0.5669 lr 2.52e-07
[videomae] epoch 147/150 step 800/3244 loss 0.5212 lr 2.48e-07
[videomae] epoch 147/150 step 900/3244 loss 0.5333 lr 2.44e-07
[videomae] epoch 147/150 step 1000/3244 loss 0.5919 lr 2.40e-07
[videomae] epoch 147/150 step 1100/3244 loss 0.5944 lr 2.36e-07
[videomae] epoch 147/150 step 1200/3244 loss 0.5119 lr 2.32e-07
[videomae] epoch 147/150 step 1300/3244 loss 0.4301 lr 2.28e-07
[videomae] epoch 147/150 step 1400/3244 loss 0.5658 lr 2.24e-07
[videomae] epoch 147/150 step 1500/3244 loss 0.4748 lr 2.20e-07
[videomae] epoch 147/150 step 1600/3244 loss 0.4391 lr 2.16e-07
[videomae] epoch 147/150 step 1700/3244 loss 0.4477 lr 2.13e-07
[videomae] epoch 147/150 step 1800/3244 loss 0.5735 lr 2.09e-07
[videomae] epoch 147/150 step 1900/3244 loss 0.5132 lr 2.05e-07
[videomae] epoch 147/150 step 2000/3244 loss 0.5147 lr 2.01e-07
[videomae] epoch 147/150 step 2100/3244 loss 0.5582 lr 1.98e-07
[videomae] epoch 147/150 step 2200/3244 loss 0.4986 lr 1.94e-07
[videomae] epoch 147/150 step 2300/3244 loss 0.4941 lr 1.91e-07
[videomae] epoch 147/150 step 2400/3244 loss 0.5217 lr 1.87e-07
[videomae] epoch 147/150 step 2500/3244 loss 0.5581 lr 1.84e-07
[videomae] epoch 147/150 step 2600/3244 loss 0.5221 lr 1.80e-07
[videomae] epoch 147/150 step 2700/3244 loss 0.4992 lr 1.77e-07
[videomae] epoch 147/150 step 2800/3244 loss 0.5394 lr 1.73e-07
[videomae] epoch 147/150 step 2900/3244 loss 0.5940 lr 1.70e-07
[videomae] epoch 147/150 step 3000/3244 loss 0.4812 lr 1.66e-07
[videomae] epoch 147/150 step 3100/3244 loss 0.5102 lr 1.63e-07
[videomae] epoch 147/150 step 3200/3244 loss 0.5079 lr 1.60e-07
[videomae] epoch 147/150 avg loss 0.5164
[videomae] wrote trunk checkpoint -> /Data/romain.poggi/smth2smth/checkpoints/track_a/ssl/e7_encoder.pt (149 tensors)
[videomae] epoch 148/150 step 0/3244 loss 0.5506 lr 1.58e-07
[videomae] epoch 148/150 step 100/3244 loss 0.5888 lr 1.55e-07
[videomae] epoch 148/150 step 200/3244 loss 0.5351 lr 1.52e-07
[videomae] epoch 148/150 step 300/3244 loss 0.5835 lr 1.49e-07
[videomae] epoch 148/150 step 400/3244 loss 0.5364 lr 1.46e-07
[videomae] epoch 148/150 step 500/3244 loss 0.4370 lr 1.43e-07
[videomae] epoch 148/150 step 600/3244 loss 0.5185 lr 1.39e-07
[videomae] epoch 148/150 step 700/3244 loss 0.4851 lr 1.36e-07
[videomae] epoch 148/150 step 800/3244 loss 0.4448 lr 1.33e-07
[videomae] epoch 148/150 step 900/3244 loss 0.4976 lr 1.30e-07
[videomae] epoch 148/150 step 1000/3244 loss 0.5626 lr 1.28e-07
[videomae] epoch 148/150 step 1100/3244 loss 0.4707 lr 1.25e-07
[videomae] epoch 148/150 step 1200/3244 loss 0.4639 lr 1.22e-07
[videomae] epoch 148/150 step 1300/3244 loss 0.5481 lr 1.19e-07
[videomae] epoch 148/150 step 1400/3244 loss 0.5264 lr 1.16e-07
[videomae] epoch 148/150 step 1500/3244 loss 0.4820 lr 1.13e-07
[videomae] epoch 148/150 step 1600/3244 loss 0.5314 lr 1.11e-07
[videomae] epoch 148/150 step 1700/3244 loss 0.4775 lr 1.08e-07
[videomae] epoch 148/150 step 1800/3244 loss 0.5071 lr 1.05e-07
[videomae] epoch 148/150 step 1900/3244 loss 0.4969 lr 1.03e-07
[videomae] epoch 148/150 step 2000/3244 loss 0.5248 lr 1.00e-07
[videomae] epoch 148/150 step 2100/3244 loss 0.4891 lr 9.74e-08
[videomae] epoch 148/150 step 2200/3244 loss 0.5313 lr 9.49e-08
[videomae] epoch 148/150 step 2300/3244 loss 0.5107 lr 9.24e-08
[videomae] epoch 148/150 step 2400/3244 loss 0.5467 lr 8.99e-08
[videomae] epoch 148/150 step 2500/3244 loss 0.5371 lr 8.75e-08
[videomae] epoch 148/150 step 2600/3244 loss 0.4957 lr 8.51e-08
[videomae] epoch 148/150 step 2700/3244 loss 0.5674 lr 8.27e-08
[videomae] epoch 148/150 step 2800/3244 loss 0.5441 lr 8.04e-08
[videomae] epoch 148/150 step 2900/3244 loss 0.5546 lr 7.81e-08
[videomae] epoch 148/150 step 3000/3244 loss 0.5424 lr 7.58e-08
[videomae] epoch 148/150 step 3100/3244 loss 0.5427 lr 7.36e-08
[videomae] epoch 148/150 step 3200/3244 loss 0.5935 lr 7.14e-08
[videomae] epoch 148/150 avg loss 0.5158
[videomae] wrote trunk checkpoint -> /Data/romain.poggi/smth2smth/checkpoints/track_a/ssl/e7_encoder.pt (149 tensors)
[videomae] epoch 149/150 step 0/3244 loss 0.4579 lr 7.04e-08
[videomae] epoch 149/150 step 100/3244 loss 0.4760 lr 6.82e-08
[videomae] epoch 149/150 step 200/3244 loss 0.5172 lr 6.61e-08
[videomae] epoch 149/150 step 300/3244 loss 0.4938 lr 6.40e-08
[videomae] epoch 149/150 step 400/3244 loss 0.4969 lr 6.20e-08
[videomae] epoch 149/150 step 500/3244 loss 0.4843 lr 6.00e-08
[videomae] epoch 149/150 step 600/3244 loss 0.5205 lr 5.80e-08
[videomae] epoch 149/150 step 700/3244 loss 0.4459 lr 5.60e-08
[videomae] epoch 149/150 step 800/3244 loss 0.4799 lr 5.41e-08
[videomae] epoch 149/150 step 900/3244 loss 0.5214 lr 5.22e-08
[videomae] epoch 149/150 step 1000/3244 loss 0.4544 lr 5.04e-08
[videomae] epoch 149/150 step 1100/3244 loss 0.4715 lr 4.86e-08
[videomae] epoch 149/150 step 1200/3244 loss 0.4957 lr 4.68e-08
[videomae] epoch 149/150 step 1300/3244 loss 0.5308 lr 4.50e-08
[videomae] epoch 149/150 step 1400/3244 loss 0.5164 lr 4.33e-08
[videomae] epoch 149/150 step 1500/3244 loss 0.5390 lr 4.16e-08
[videomae] epoch 149/150 step 1600/3244 loss 0.5960 lr 4.00e-08
[videomae] epoch 149/150 step 1700/3244 loss 0.4599 lr 3.83e-08
[videomae] epoch 149/150 step 1800/3244 loss 0.4622 lr 3.68e-08
[videomae] epoch 149/150 step 1900/3244 loss 0.5028 lr 3.52e-08
[videomae] epoch 149/150 step 2000/3244 loss 0.5479 lr 3.37e-08
[videomae] epoch 149/150 step 2100/3244 loss 0.5521 lr 3.22e-08
[videomae] epoch 149/150 step 2200/3244 loss 0.5566 lr 3.08e-08
[videomae] epoch 149/150 step 2300/3244 loss 0.5160 lr 2.93e-08
[videomae] epoch 149/150 step 2400/3244 loss 0.4625 lr 2.80e-08
[videomae] epoch 149/150 step 2500/3244 loss 0.5216 lr 2.66e-08
[videomae] epoch 149/150 step 2600/3244 loss 0.5287 lr 2.53e-08
[videomae] epoch 149/150 step 2700/3244 loss 0.5173 lr 2.40e-08
[videomae] epoch 149/150 step 2800/3244 loss 0.6424 lr 2.28e-08
[videomae] epoch 149/150 step 2900/3244 loss 0.5133 lr 2.15e-08
[videomae] epoch 149/150 step 3000/3244 loss 0.4726 lr 2.04e-08
[videomae] epoch 149/150 step 3100/3244 loss 0.4768 lr 1.92e-08
[videomae] epoch 149/150 step 3200/3244 loss 0.5257 lr 1.81e-08
[videomae] epoch 149/150 avg loss 0.5154
[videomae] wrote trunk checkpoint -> /Data/romain.poggi/smth2smth/checkpoints/track_a/ssl/e7_encoder.pt (149 tensors)
[videomae] epoch 150: mask_ratio=0.7500
[videomae] epoch 150/150 step 0/3244 loss 0.4698 lr 1.76e-08
[videomae] epoch 150/150 step 100/3244 loss 0.4379 lr 1.65e-08
[videomae] epoch 150/150 step 200/3244 loss 0.5654 lr 1.55e-08
[videomae] epoch 150/150 step 300/3244 loss 0.5293 lr 1.45e-08
[videomae] epoch 150/150 step 400/3244 loss 0.4715 lr 1.35e-08
[videomae] epoch 150/150 step 500/3244 loss 0.5354 lr 1.26e-08
[videomae] epoch 150/150 step 600/3244 loss 0.3956 lr 1.17e-08
[videomae] epoch 150/150 step 700/3244 loss 0.4866 lr 1.08e-08
[videomae] epoch 150/150 step 800/3244 loss 0.5476 lr 9.99e-09
[videomae] epoch 150/150 step 900/3244 loss 0.5065 lr 9.19e-09
[videomae] epoch 150/150 step 1000/3244 loss 0.4959 lr 8.42e-09
[videomae] epoch 150/150 step 1100/3244 loss 0.5352 lr 7.69e-09
[videomae] epoch 150/150 step 1200/3244 loss 0.5271 lr 6.99e-09
[videomae] epoch 150/150 step 1300/3244 loss 0.5113 lr 6.32e-09
[videomae] epoch 150/150 step 1400/3244 loss 0.4719 lr 5.69e-09
[videomae] epoch 150/150 step 1500/3244 loss 0.5971 lr 5.09e-09
[videomae] epoch 150/150 step 1600/3244 loss 0.4996 lr 4.52e-09
[videomae] epoch 150/150 step 1700/3244 loss 0.5572 lr 3.99e-09
[videomae] epoch 150/150 step 1800/3244 loss 0.6158 lr 3.49e-09
[videomae] epoch 150/150 step 1900/3244 loss 0.5285 lr 3.02e-09
[videomae] epoch 150/150 step 2000/3244 loss 0.5211 lr 2.59e-09
[videomae] epoch 150/150 step 2100/3244 loss 0.5639 lr 2.19e-09
[videomae] epoch 150/150 step 2200/3244 loss 0.4828 lr 1.82e-09
[videomae] epoch 150/150 step 2300/3244 loss 0.5378 lr 1.49e-09
[videomae] epoch 150/150 step 2400/3244 loss 0.5715 lr 1.19e-09
[videomae] epoch 150/150 step 2500/3244 loss 0.4234 lr 9.26e-10
[videomae] epoch 150/150 step 2600/3244 loss 0.4631 lr 6.94e-10
[videomae] epoch 150/150 step 2700/3244 loss 0.5274 lr 4.95e-10
[videomae] epoch 150/150 step 2800/3244 loss 0.6112 lr 3.30e-10
[videomae] epoch 150/150 step 2900/3244 loss 0.5171 lr 1.98e-10
[videomae] epoch 150/150 step 3000/3244 loss 0.5443 lr 9.96e-11
[videomae] epoch 150/150 step 3100/3244 loss 0.4466 lr 3.47e-11
[videomae] epoch 150/150 step 3200/3244 loss 0.5225 lr 3.24e-12
[videomae] 2026-05-17T01:08:46 epoch 150/150 avg loss 0.5153
[videomae] wrote trunk checkpoint -> /Data/romain.poggi/smth2smth/checkpoints/track_a/ssl/e7_encoder.pt (149 tensors)
[cuda] cache emptied (videomae-pretrain-end). Free: 22.38 / 23.54 GiB
[chain] 2026-05-17T01:08:48+02:00 Phase 2 champion FT (60 ep)
model:
  name: video_mae_vit
  variant: vit_s
  num_classes: ${num_classes}
  tube_t: 2
  patch_size: 16
  mlp_ratio: 4.0
  drop_path_rate: 0.2
  dropout: 0.5
  head: attn
  head_num_heads: 4
  init_from: ${hydra:runtime.cwd}/checkpoints/track_a/ssl/e7_encoder.pt
  interpolate_pos_embed: false
  interpolate_src_image_size: 224
  interpolate_src_num_frames: ${dataset.num_frames}
  gradient_checkpointing: false
  freeze_backbone: false
dataset:
  root: ${hydra:runtime.cwd}/data
  train_dir: ${dataset.root}/train
  val_dir: ${dataset.root}/val
  test_dir: ${dataset.root}/test
  augmented_dirs: []
  test_manifest: null
  submission_output: ${hydra:runtime.cwd}/submissions/track_a.csv
  num_frames: 4
  val_ratio: 0.2
  use_official_val: true
  include_val_in_train: false
  seed: ${seed}
  max_samples: null
  max_samples_per_class: null
  image_size: 224
  time_reversal_prob: 0.0
  temporal_reversal_augment:
    enabled: false
    prob: 0.5
  class_boosting:
    enabled: false
training:
  batch_size: 8
  epochs: 60
  optimizer: adamw
  lr: 0.0005
  layer_decay: 0.75
  weight_decay: 0.05
  scheduler: cosine
  scheduler_cosine: true
  warmup_epochs: 6
  min_lr: 1.0e-06
  label_smoothing: 0.1
  videomix_mode: mixup_cutmix_switch
  videomix_mixup_alpha: 0.8
  videomix_cutmix_alpha: 1.0
  videomix_prob: 1.0
  videomix_switch_prob: 0.5
  repeated_aug: 2
  amp: true
  amp_dtype: bf16
  ema_enabled: true
  ema_decay: 0.9999
  early_stopping_enabled: true
  early_stopping_patience: 25
  early_stopping_min_delta: 0.001
  num_workers: 4
  log_interval_steps: 100
  checkpoint_path: ${hydra:runtime.cwd}/checkpoints/track_a/ssl/e7_ft.pt
  tta: true
  tta_flip: true
  tta_scales:
  - 0.857
  - 1.0
  - 1.143
augment:
  name: champion_ft
  random_horizontal_flip: true
  random_horizontal_flip_prob: 0.5
  random_crop: true
  crop_padding: 32
  color_jitter: false
  sync_across_frames: true
  randaugment:
    enabled: true
    'n': 2
    m: 9.0
    mode: temporal_plus
    magnitude_max: 30.0
    ops: null
pretrain:
  epochs: 100
  batch_size: 64
  lr: 0.0005
  weight_decay: 0.04
  log_interval_steps: 50
  checkpoint_path: ${hydra:runtime.cwd}/ssl_trunk.pt
  max_frames: null
  image_size: 224
  local_image_size: 96
  num_local_views: 6
  out_dim: 4096
  hidden_dim: 2048
  bottleneck_dim: 256
  n_layers: 3
  teacher_temp: 0.04
  student_temp: 0.1
  center_momentum: 0.9
  teacher_momentum_base: 0.996
  teacher_momentum_final: 1.0
track:
  name: a
  description: 'Closed-world track: train from scratch.'
seed: 42
num_classes: 33

[cuda] cache emptied (run-start). Free: 23.15 / 23.54 GiB
Error executing job with overrides: ['experiment=track_a_ssl_finetune_e7', 'track=a']
Traceback (most recent call last):
  File "/Data/romain.poggi/smth2smth/src/smth2smth/pipelines/train.py", line 1192, in main
    run(cfg)
  File "/Data/romain.poggi/smth2smth/src/smth2smth/pipelines/train.py", line 337, in run
    device = _resolve_device(str(cfg.training.device))
                                 ^^^^^^^^^^^^^^^^^^^
omegaconf.errors.ConfigAttributeError: Key 'device' is not in struct
    full_key: training.device
    object_type=dict

Set the environment variable HYDRA_FULL_ERROR=1 for a complete stack trace.
