=== RESUME brochet meanpool-mae050-s44 wandb=cnjvhknv ===
trainer_pid=2996616 log=/Data/romain.poggi/smth2smth/logs/track_a/meanpool-mae050-s44_20260531.log resume=/Data/romain.poggi/smth2smth/checkpoints/track_a/videomaev2+ft/meanpool-mae050-s44.last.pt
=== RESUME gardon perceiverQ2-mae500-s43 wandb=7ew6eok8 ===
trainer_pid=1621438 log=/Data/romain.poggi/smth2smth/logs/track_a/perceiverQ2-mae500-s43_20260531.log resume=/Data/romain.poggi/smth2smth/checkpoints/track_a/videomaev2+ft/perceiverQ2-mae500-s43.last.pt
=== RESUME lieu perceiverQ2-mae500-s44 wandb=gd5o0lwj ===
trainer_pid=1753814 log=/Data/romain.poggi/smth2smth/logs/track_a/perceiverQ2-mae500-s44_20260531.log resume=/Data/romain.poggi/smth2smth/checkpoints/track_a/videomaev2+ft/perceiverQ2-mae500-s44.last.pt
=== RESUME lotte perceiverQ4-mae500-s43 wandb=ldvozwwn ===
trainer_pid=1237557 log=/Data/romain.poggi/smth2smth/logs/track_a/perceiverQ4-mae500-s43_20260531.log resume=/Data/romain.poggi/smth2smth/checkpoints/track_a/videomaev2+ft/perceiverQ4-mae500-s43.last.pt
=== RESUME mulet perceiverQ4-mae500-s44 wandb=3kmbiaki ===
trainer_pid=1645037 log=/Data/romain.poggi/smth2smth/logs/track_a/perceiverQ4-mae500-s44_20260531.log resume=/Data/romain.poggi/smth2smth/checkpoints/track_a/videomaev2+ft/perceiverQ4-mae500-s44.last.pt
=== RESUME murene perceiverQ8-mae500-s43 wandb=wwvaib7c ===
trainer_pid=1612571 log=/Data/romain.poggi/smth2smth/logs/track_a/perceiverQ8-mae500-s43_20260531.log resume=/Data/romain.poggi/smth2smth/checkpoints/track_a/videomaev2+ft/perceiverQ8-mae500-s43.last.pt
=== RESUME piranha perceiverQ8-mae500-s44 wandb=2wusde6o ===
trainer_pid=1790646 log=/Data/romain.poggi/smth2smth/logs/track_a/perceiverQ8-mae500-s44_20260531.log resume=/Data/romain.poggi/smth2smth/checkpoints/track_a/videomaev2+ft/perceiverQ8-mae500-s44.last.pt
=== RESUME raie perceiverQ32-mae500-s43 wandb=20ykyagi ===
trainer_pid=1996581 log=/Data/romain.poggi/smth2smth/logs/track_a/perceiverQ32-mae500-s43_20260531.log resume=/Data/romain.poggi/smth2smth/checkpoints/track_a/videomaev2+ft/perceiverQ32-mae500-s43.last.pt
=== RESUME requin perceiverQ32-mae500-s44 wandb=532pq1s0 ===
trainer_pid=1664893 log=/Data/romain.poggi/smth2smth/logs/track_a/perceiverQ32-mae500-s44_20260531.log resume=/Data/romain.poggi/smth2smth/checkpoints/track_a/videomaev2+ft/perceiverQ32-mae500-s44.last.pt
=== RESUME roussette perceiverQ64-mae500-s42 wandb=e4h78uqj ===
trainer_pid=1921855 log=/Data/romain.poggi/smth2smth/logs/track_a/perceiverQ64-mae500-s42_20260531.log resume=/Data/romain.poggi/smth2smth/checkpoints/track_a/videomaev2+ft/perceiverQ64-mae500-s42.last.pt
=== RESUME sole perceiverQ64-mae500-s43 wandb=0xxh9rr3 ===
trainer_pid=1659003 log=/Data/romain.poggi/smth2smth/logs/track_a/perceiverQ64-mae500-s43_20260531.log resume=/Data/romain.poggi/smth2smth/checkpoints/track_a/videomaev2+ft/perceiverQ64-mae500-s43.last.pt
=== RESUME thon perceiverQ64-mae500-s44 wandb=e363jmlq ===
trainer_pid=1809936 log=/Data/romain.poggi/smth2smth/logs/track_a/perceiverQ64-mae500-s44_20260531.log resume=/Data/romain.poggi/smth2smth/checkpoints/track_a/videomaev2+ft/perceiverQ64-mae500-s44.last.pt
Waiting 90s...
Usage: scripts/resume_ft_mae_scaling_fleet.sh [resume|health]
