model:
  name: video_mae_vit
  variant: vit_b
  num_classes: ${num_classes}
  tube_t: 1
  patch_size: 16
  mlp_ratio: 4.0
  drop_path_rate: 0.2
  dropout: 0.0
  head: mean
  head_num_heads: 4
  init_from: ${hydra:runtime.cwd}/checkpoints/track_a/ssl/espadon_t16_encoder_ep25.pt
  interpolate_pos_embed: false
  interpolate_src_image_size: 224
  interpolate_src_num_frames: 16
  gradient_checkpointing: true
  freeze_backbone: false
  residual_variant: prenorm
  hc_n: 4
  hc_sk_iters: 3
  hc_sk_tau: 1.0
dataset:
  root: ${hydra:runtime.cwd}/data
  train_dir: ${dataset.root}/train
  val_dir: ${dataset.root}/val
  test_dir: ${dataset.root}/test
  augmented_dirs: []
  test_manifest: null
  submission_output: ${hydra:runtime.cwd}/submissions/track_a.csv
  num_frames: 16
  val_ratio: 0.2
  use_official_val: true
  include_val_in_train: false
  official_val_holdout_ratio: 0.0
  seed: ${seed}
  use_extra: false
  train_extra_dir: ${dataset.root}/train_extra
  max_samples: null
  max_samples_per_class: null
  image_size: 224
  time_reversal_prob: 0.0
  temporal_reversal_augment:
    enabled: false
    prob: 0.5
  class_boosting:
    enabled: false
training:
  batch_size: 8
  epochs: 40
  optimizer: adamw
  lr: 0.0005
  layer_decay: 0.75
  weight_decay: 0.05
  scheduler: cosine
  scheduler_cosine: true
  warmup_epochs: 5
  min_lr: 1.0e-06
  label_smoothing: 0.1
  videomix_mode: mixup_cutmix_switch
  videomix_alpha: 1.0
  videomix_mixup_alpha: 0.8
  videomix_cutmix_alpha: 1.0
  videomix_prob: 1.0
  videomix_switch_prob: 0.5
  repeated_aug: 2
  amp: true
  amp_dtype: bf16
  ema_enabled: true
  ema_decay: 0.9999
  early_stopping_enabled: false
  early_stopping_patience: 25
  early_stopping_min_delta: 0.001
  num_workers: 4
  log_interval_steps: 100
  device: cuda
  checkpoint_path: ${hydra:runtime.cwd}/checkpoints/track_a/videomaev2+ft/espadon_official_rq4.pt
  tta: true
  tta_flip: true
  tta_scales:
  - 0.875
  - 1.0
  - 1.125
  grad_accum_steps: 8
  wandb:
    enabled: true
    project: smth2smth-track-a
    entity: null
    name: espadon_official_rq4
    tags:
    - rq4
    - espadon
    - official-recipe
    mode: online
    log_interval_epochs: 1
augment:
  name: official_videomae_ssv2
  random_horizontal_flip: false
  random_crop: false
  multiscale_crop: true
  multiscale_scale:
  - 0.08
  - 1.0
  multiscale_aspect:
  - 0.75
  - 1.3333
  color_jitter: false
  sync_across_frames: true
  randaugment:
    enabled: true
    'n': 4
    m: 7.0
    mode: spatial
    magnitude_max: 30.0
    ops: null
  random_erase:
    enabled: true
    prob: 0.25
    mode: pixel
    count: 1
pretrain:
  epochs: 100
  batch_size: 64
  lr: 0.0005
  weight_decay: 0.04
  log_interval_steps: 50
  checkpoint_path: ${hydra:runtime.cwd}/ssl_trunk.pt
  max_frames: null
  image_size: 224
  local_image_size: 96
  num_local_views: 6
  out_dim: 4096
  hidden_dim: 2048
  bottleneck_dim: 256
  n_layers: 3
  teacher_temp: 0.04
  student_temp: 0.1
  center_momentum: 0.9
  teacher_momentum_base: 0.996
  teacher_momentum_final: 1.0
test:
  num_segment: 2
  num_crop: 3
  flip_tta: false
track:
  name: a
  description: 'Closed-world track: train from scratch.'
num_classes: 33
seed: 42

[cuda] cache emptied (run-start). Free: 19.29 / 23.54 GiB
wandb: [wandb.login()] Using explicit session credentials for https://api.wandb.ai.
wandb: Appending key for api.wandb.ai to your netrc file: /users/eleves-a/2021/romain.poggi/.netrc
wandb: Currently logged in as: romain-poggi (romain-poggi-ecole-polytechnique) to https://api.wandb.ai. Use `wandb login --relogin` to force relogin
wandb: Tracking run with wandb version 0.27.0
wandb: Run data is saved locally in /Data/romain.poggi/smth2smth/wandb/run-20260523_121115-ropybsns
wandb: Run `wandb offline` to turn off syncing.
wandb: Syncing run espadon_official_rq4
wandb: ⭐️ View project at https://wandb.ai/romain-poggi-ecole-polytechnique/smth2smth-track-a
wandb: 🚀 View run at https://wandb.ai/romain-poggi-ecole-polytechnique/smth2smth-track-a/runs/ropybsns
[data] use_official_val=true: train=44993 (train_dir=44993), val=6745 (from /Data/romain.poggi/smth2smth/data/val)
[data] repeated_aug=2: each clip drawn up to 2x per epoch with independent augmentations.
[init_from] loaded 149 encoder tensors from /Data/romain.poggi/smth2smth/checkpoints/track_a/ssl/espadon_t16_encoder_ep25.pt. encoder-missing=0, unexpected=0
[optim] LLRD: layer_decay=0.75, depth=12, 28 param groups.
[optim] trainable 88,080,417 / total 88,080,417 params (100.00%)
[amp] mixed-precision (torch.bfloat16 + GradScaler) enabled.
[train] grad_accum_steps=8 (effective batch scales up).
[ema] enabled (decay=0.9999); will eval both live and EMA each epoch.
    [12:13:40] step 100/5625 | avg train loss 3.4196 top1 0.0500 top5 0.2612
    [12:16:01] step 200/5625 | avg train loss 3.3811 top1 0.0650 top5 0.2844
    [12:18:20] step 300/5625 | avg train loss 3.3708 top1 0.0654 top5 0.2821
    [12:20:58] step 400/5625 | avg train loss 3.3814 top1 0.0619 top5 0.2716
    [12:24:28] step 500/5625 | avg train loss 3.3618 top1 0.0683 top5 0.2863
    [12:27:58] step 600/5625 | avg train loss 3.3639 top1 0.0692 top5 0.2831
    [12:32:24] step 700/5625 | avg train loss 3.3692 top1 0.0657 top5 0.2755
3.3692 top1 0.0657 top5 0.2759
