model:
  name: video_mae_vit
  variant: vit_s
  num_classes: ${num_classes}
  tube_t: 2
  patch_size: 16
  mlp_ratio: 4.0
  drop_path_rate: 0.0
  dropout: 0.0
  head: mean
  head_num_heads: 4
  init_from: null
dataset:
  root: ${hydra:runtime.cwd}/data
  train_dir: ${dataset.root}/train
  val_dir: ${dataset.root}/val
  test_dir: ${dataset.root}/test
  augmented_dirs: []
  test_manifest: null
  submission_output: ${hydra:runtime.cwd}/submissions/track_a.csv
  num_frames: 8
  val_ratio: 0.2
  use_official_val: false
  seed: ${seed}
  max_samples: null
  max_samples_per_class: null
  image_size: 224
  time_reversal_prob: 0.0
  temporal_reversal_augment:
    enabled: false
    prob: 0.5
  class_boosting:
    enabled: false
training:
  batch_size: 16
  lr: 0.0001
  epochs: 5
  num_workers: 4
  checkpoint_path: ${hydra:runtime.cwd}/checkpoints/track_a/best_model.pt
  resume_from: null
  lora_lr: null
  lora_lr_ratio: 0.25
  motion_lr: null
  motion_lr_ratio: null
  resume_apply_cfg_lr: false
  amp: true
  device: cuda
  optimizer: adam
  momentum: 0.9
  nesterov: false
  weight_decay: 0.0
  scheduler_cosine: false
  warmup_epochs: 0
  min_lr: 0.0
  label_smoothing: 0.0
  videomix_alpha: 0.0
  videomix_prob: 1.0
  videomix_mode: cube_cutmix
  early_stopping_enabled: false
  early_stopping_patience: 10
  early_stopping_min_delta: 0.0
  log_interval_steps: 0
  ema_enabled: false
  ema_decay: 0.999
  eval_every_n_epochs: 1
  eval_ema: true
  save_last_checkpoint: true
  last_checkpoint_path: null
  tta: true
  tta_flip: true
  tta_temporal_shift: 0
  tta_scales:
  - 0.875
  - 1.0
  - 1.125
  tta_logit_adjust: 0.0
  class_balance_sampler: none
  class_balance_loss: none
  class_balance_beta: 0.999
augment:
  name: none
  random_horizontal_flip: false
  random_crop: true
  crop_padding: 32
  color_jitter: false
  color_jitter_brightness: 0.0
  color_jitter_contrast: 0.0
  color_jitter_saturation: 0.0
  color_jitter_hue: 0.0
  random_grayscale: false
  random_grayscale_prob: 0.0
  gaussian_blur: false
  gaussian_blur_prob: 0.0
  gaussian_blur_radius_min: 0.1
  gaussian_blur_radius_max: 2.0
pretrain:
  epochs: 100
  warmup_epochs: 5
  batch_size: 16
  lr: 0.00015
  weight_decay: 0.05
  min_lr: 0.0
  mask_ratio: 0.75
  norm_pix: true
  drop_path_rate: 0.0
  tube_t: 2
  patch_size: 16
  checkpoint_path: ${hydra:runtime.cwd}/checkpoints/track_a/ssl/raie_encoder.pt
  max_videos: null
  image_size: 224
  num_frames: 4
  log_interval_steps: 100
track:
  name: a
  description: 'Closed-world track: train from scratch.'
seed: 42
num_classes: 33

[cuda] cache emptied (videomae-pretrain-start). Free: 17.93 / 23.54 GiB
[videomae] scanning video folders from /Data/romain.poggi/smth2smth/data/train, /Data/romain.poggi/smth2smth/data/val, /Data/romain.poggi/smth2smth/data/test
[videomae] using 58651 unlabeled clips (T=4).
[videomae] model: vit_s, total params=30,023,808, encoder=22,035,072
[videomae] AMP (bfloat16) enabled.
Error executing job with overrides: ['experiment=track_a_ssl_pretrain_raie', 'track=a']
Traceback (most recent call last):
  File "/Data/romain.poggi/smth2smth/src/smth2smth/pipelines/pretrain_videomae.py", line 248, in main
    run(cfg)
  File "/Data/romain.poggi/smth2smth/src/smth2smth/pipelines/pretrain_videomae.py", line 190, in run
    pred, _, ids_mask = model(clip)
                        ^^^^^^^^^^^
  File "/Data/romain.poggi/smth2smth/.venv/lib/python3.12/site-packages/torch/nn/modules/module.py", line 1779, in _wrapped_call_impl
    return self._call_impl(*args, **kwargs)
           ^^^^^^^^^^^^^^^^^^^^^^^^^^^^^^^^
  File "/Data/romain.poggi/smth2smth/.venv/lib/python3.12/site-packages/torch/nn/modules/module.py", line 1790, in _call_impl
    return forward_call(*args, **kwargs)
           ^^^^^^^^^^^^^^^^^^^^^^^^^^^^^
  File "/Data/romain.poggi/smth2smth/src/smth2smth/shared/models/video_mae.py", line 517, in forward
    pred = self.decoder(visible, ids_keep, ids_mask)
           ^^^^^^^^^^^^^^^^^^^^^^^^^^^^^^^^^^^^^^^^^
  File "/Data/romain.poggi/smth2smth/.venv/lib/python3.12/site-packages/torch/nn/modules/module.py", line 1779, in _wrapped_call_impl
    return self._call_impl(*args, **kwargs)
           ^^^^^^^^^^^^^^^^^^^^^^^^^^^^^^^^
  File "/Data/romain.poggi/smth2smth/.venv/lib/python3.12/site-packages/torch/nn/modules/module.py", line 1790, in _call_impl
    return forward_call(*args, **kwargs)
           ^^^^^^^^^^^^^^^^^^^^^^^^^^^^^
  File "/Data/romain.poggi/smth2smth/src/smth2smth/shared/models/video_mae.py", line 441, in forward
    full.scatter_(1, idx_v, tokens)
RuntimeError: scatter(): Expected self.dtype to be equal to src.dtype

Set the environment variable HYDRA_FULL_ERROR=1 for a complete stack trace.
