nohup: ignoring input
model:
  name: avanced_resnet50_tsm
  backbone: resnet50
  pretrained: false
  num_classes: ${num_classes}
  shift_div: 8
  shift_place: blockres
  dropout: 0.5
  drop_path_rate: 0.1
  head: attn
  head_num_heads: 4
  init_from: null
dataset:
  root: ${hydra:runtime.cwd}/data
  train_dir: ${dataset.root}/train
  val_dir: ${dataset.root}/val
  test_dir: ${dataset.root}/test
  augmented_dirs: []
  test_manifest: null
  submission_output: ${hydra:runtime.cwd}/submissions/track_a.csv
  num_frames: 4
  val_ratio: 0.2
  use_official_val: true
  include_val_in_train: true
  train_on_val_data: false
  seed: ${seed}
  max_samples: null
  max_samples_per_class: null
  image_size: 224
  time_reversal_prob: 0.0
  temporal_reversal_augment:
    enabled: false
    prob: 0.5
  class_boosting:
    enabled: false
training:
  batch_size: 16
  lr: 0.0001
  epochs: 150
  num_workers: 2
  checkpoint_path: /Data/thomas.turkieh/smth2smth/checkpoints/track_a/trackA_phase2_randaugT_attn_dropPath0.1_adamw_ema_amp_4frames_officialVal_includeValTrain_noHflip_resumeChampion41_ep150_20260516_best.pt
  resume_from: /Data/thomas.turkieh/smth2smth/checkpoints/track_a/champion_41.pt
  lora_lr: null
  lora_lr_ratio: 0.25
  motion_lr: null
  motion_lr_ratio: null
  resume_apply_cfg_lr: false
  amp: true
  device: cuda
  optimizer: adamw
  momentum: 0.9
  nesterov: false
  weight_decay: 0.05
  scheduler_cosine: true
  warmup_epochs: 10
  min_lr: 1.0e-06
  label_smoothing: 0.1
  videomix_alpha: 5.0
  videomix_prob: 0.5
  videomix_mode: frame_mixup
  early_stopping_enabled: true
  early_stopping_patience: 25
  early_stopping_min_delta: 0.001
  log_interval_steps: 100
  ema_enabled: true
  ema_decay: 0.999
  eval_every_n_epochs: 1
  eval_ema: true
  save_last_checkpoint: true
  last_checkpoint_path: null
  tta: true
  tta_flip: true
  tta_temporal_shift: 0
  tta_scales:
  - 0.875
  - 1.0
  - 1.125
  tta_logit_adjust: 0.0
  class_balance_sampler: none
  class_balance_loss: none
  class_balance_beta: 0.999
augment:
  name: randaugment_t
  random_horizontal_flip: false
  random_crop: true
  crop_padding: 32
  color_jitter: false
  color_jitter_brightness: 0.0
  color_jitter_contrast: 0.0
  color_jitter_saturation: 0.0
  color_jitter_hue: 0.0
  sync_across_frames: true
  random_grayscale: false
  random_grayscale_prob: 0.0
  gaussian_blur: false
  gaussian_blur_prob: 0.0
  gaussian_blur_radius_min: 0.1
  gaussian_blur_radius_max: 2.0
  randaugment:
    enabled: true
    'n': 2
    m: 9.0
    mode: temporal_plus
    magnitude_max: 30.0
    ops: null
pretrain:
  epochs: 100
  batch_size: 64
  lr: 0.0005
  weight_decay: 0.04
  log_interval_steps: 50
  checkpoint_path: ${hydra:runtime.cwd}/ssl_trunk.pt
  max_frames: null
  image_size: 224
  local_image_size: 96
  num_local_views: 6
  out_dim: 4096
  hidden_dim: 2048
  bottleneck_dim: 256
  n_layers: 3
  teacher_temp: 0.04
  student_temp: 0.1
  center_momentum: 0.9
  teacher_momentum_base: 0.996
  teacher_momentum_final: 1.0
track:
  name: a
  description: 'Closed-world track: train from scratch.'
num_classes: 33
seed: 42

[cuda] cache emptied (run-start). Free: 18.45 / 23.54 GiB
[data] use_official_val=true: train=51738 (train_dir=44993 + val_dir=6745), val=6745 (from /Data/thomas.turkieh/smth2smth/data/val)
[optim] trainable 40,367,201 / total 40,367,201 params (100.00%)
[amp] mixed-precision (fp16 + GradScaler) enabled.
[ema] enabled (decay=0.999); will eval both live and EMA each epoch.
Resuming from checkpoint: /Data/thomas.turkieh/smth2smth/checkpoints/track_a/champion_41.pt
  Resumed at epoch 43/150; best val top1 so far = 0.4108
  Optimizer state restored from checkpoint.
  Cosine scheduler state restored; resumed LR=8.7777e-05
  GradScaler state restored from checkpoint.
  LR after resume: trainable=8.7777e-05 (cosine will step after each train epoch).
    [17:11:27] step 100/3234 | avg train loss 2.1645 top1 0.4781 top5 0.7887
    [17:11:52] step 200/3234 | avg train loss 2.1844 top1 0.4709 top5 0.7812
    [17:12:17] step 300/3234 | avg train loss 2.1978 top1 0.4658 top5 0.7827
    [17:12:41] step 400/3234 | avg train loss 2.2151 top1 0.4603 top5 0.7742
    [17:13:06] step 500/3234 | avg train loss 2.2290 top1 0.4610 top5 0.7726
    [17:13:31] step 600/3234 | avg train loss 2.2267 top1 0.4634 top5 0.7733
    [17:13:55] step 700/3234 | avg train loss 2.2388 top1 0.4574 top5 0.7674
    [17:14:20] step 800/3234 | avg train loss 2.2417 top1 0.4557 top5 0.7654
    [17:14:45] step 900/3234 | avg train loss 2.2392 top1 0.4570 top5 0.7669
    [17:15:09] step 1000/3234 | avg train loss 2.2448 top1 0.4546 top5 0.7648
    [17:15:34] step 1100/3234 | avg train loss 2.2403 top1 0.4568 top5 0.7657
    [17:15:59] step 1200/3234 | avg train loss 2.2488 top1 0.4546 top5 0.7625
    [17:16:23] step 1300/3234 | avg train loss 2.2456 top1 0.4554 top5 0.7630
    [17:16:48] step 1400/3234 | avg train loss 2.2482 top1 0.4541 top5 0.7627
    [17:17:12] step 1500/3234 | avg train loss 2.2473 top1 0.4556 top5 0.7625
    [17:17:37] step 1600/3234 | avg train loss 2.2494 top1 0.4549 top5 0.7627
    [17:18:01] step 1700/3234 | avg train loss 2.2429 top1 0.4577 top5 0.7648
    [17:18:26] step 1800/3234 | avg train loss 2.2429 top1 0.4581 top5 0.7645
    [17:18:51] step 1900/3234 | avg train loss 2.2421 top1 0.4587 top5 0.7645
    [17:19:15] step 2000/3234 | avg train loss 2.2402 top1 0.4597 top5 0.7644
    [17:19:40] step 2100/3234 | avg train loss 2.2403 top1 0.4600 top5 0.7639
    [17:20:04] step 2200/3234 | avg train loss 2.2375 top1 0.4611 top5 0.7642
    [17:20:29] step 2300/3234 | avg train loss 2.2348 top1 0.4606 top5 0.7647
    [17:20:53] step 2400/3234 | avg train loss 2.2359 top1 0.4608 top5 0.7645
    [17:21:18] step 2500/3234 | avg train loss 2.2338 top1 0.4612 top5 0.7645
    [17:21:42] step 2600/3234 | avg train loss 2.2313 top1 0.4617 top5 0.7649
    [17:22:07] step 2700/3234 | avg train loss 2.2303 top1 0.4622 top5 0.7653
    [17:22:31] step 2800/3234 | avg train loss 2.2343 top1 0.4615 top5 0.7643
    [17:22:56] step 2900/3234 | avg train loss 2.2329 top1 0.4616 top5 0.7643
    [17:23:21] step 3000/3234 | avg train loss 2.2320 top1 0.4621 top5 0.7646
    [17:23:44] step 3100/3234 | avg train loss 2.2303 top1 0.4628 top5 0.7649
    [17:24:09] step 3200/3234 | avg train loss 2.2302 top1 0.4626 top5 0.7648
    [17:24:17] step 3234/3234 | avg train loss 2.2302 top1 0.4625 top5 0.7649
Epoch 44/150 | train loss 2.2302 top1 0.4625 | val loss 1.9481 top1 0.4420 top5 0.7838 | ema val top1 0.4799 top5 0.8096
  Saved new best checkpoint (ema): /Data/thomas.turkieh/smth2smth/checkpoints/track_a/trackA_phase2_randaugT_attn_dropPath0.1_adamw_ema_amp_4frames_officialVal_includeValTrain_noHflip_resumeChampion41_ep150_20260516_best.pt (val top1=0.4799)
    [17:25:32] step 100/3234 | avg train loss 2.2184 top1 0.4675 top5 0.7800
    [17:25:56] step 200/3234 | avg train loss 2.2012 top1 0.4700 top5 0.7734
    [17:26:21] step 300/3234 | avg train loss 2.1890 top1 0.4777 top5 0.7748
    [17:26:45] step 400/3234 | avg train loss 2.1740 top1 0.4819 top5 0.7755
    [17:27:10] step 500/3234 | avg train loss 2.1765 top1 0.4811 top5 0.7759
    [17:27:34] step 600/3234 | avg train loss 2.1848 top1 0.4768 top5 0.7735
    [17:27:59] step 700/3234 | avg train loss 2.1879 top1 0.4781 top5 0.7747
    [17:28:23] step 800/3234 | avg train loss 2.1960 top1 0.4762 top5 0.7744
    [17:28:48] step 900/3234 | avg train loss 2.1939 top1 0.4780 top5 0.7765
    [17:29:13] step 1000/3234 | avg train loss 2.1916 top1 0.4786 top5 0.7774
    [17:29:37] step 1100/3234 | avg train loss 2.1950 top1 0.4789 top5 0.7772
    [17:30:02] step 1200/3234 | avg train loss 2.1940 top1 0.4792 top5 0.7766
    [17:30:27] step 1300/3234 | avg train loss 2.1917 top1 0.4800 top5 0.7766
    [17:30:51] step 1400/3234 | avg train loss 2.1938 top1 0.4784 top5 0.7753
    [17:31:15] step 1500/3234 | avg train loss 2.1927 top1 0.4777 top5 0.7761
    [17:31:40] step 1600/3234 | avg train loss 2.1933 top1 0.4769 top5 0.7762
    [17:32:05] step 1700/3234 | avg train loss 2.1935 top1 0.4765 top5 0.7762
    [17:32:30] step 1800/3234 | avg train loss 2.1944 top1 0.4764 top5 0.7758
    [17:32:54] step 1900/3234 | avg train loss 2.1972 top1 0.4762 top5 0.7752
    [17:33:19] step 2000/3234 | avg train loss 2.1955 top1 0.4772 top5 0.7756
    [17:33:43] step 2100/3234 | avg train loss 2.1946 top1 0.4778 top5 0.7766
    [17:34:08] step 2200/3234 | avg train loss 2.1919 top1 0.4783 top5 0.7776
    [17:34:32] step 2300/3234 | avg train loss 2.1944 top1 0.4782 top5 0.7771
    [17:34:57] step 2400/3234 | avg train loss 2.1939 top1 0.4785 top5 0.7763
    [17:35:21] step 2500/3234 | avg train loss 2.1944 top1 0.4788 top5 0.7764
    [17:35:45] step 2600/3234 | avg train loss 2.1957 top1 0.4777 top5 0.7762
    [17:36:10] step 2700/3234 | avg train loss 2.1959 top1 0.4780 top5 0.7759
    [17:36:35] step 2800/3234 | avg train loss 2.1939 top1 0.4790 top5 0.7761
    [17:36:59] step 2900/3234 | avg train loss 2.1948 top1 0.4785 top5 0.7759
    [17:37:24] step 3000/3234 | avg train loss 2.1938 top1 0.4790 top5 0.7761
    [17:37:48] step 3100/3234 | avg train loss 2.1961 top1 0.4783 top5 0.7752
    [17:38:13] step 3200/3234 | avg train loss 2.1959 top1 0.4783 top5 0.7751
    [17:38:21] step 3234/3234 | avg train loss 2.1956 top1 0.4784 top5 0.7752
Epoch 45/150 | train loss 2.1956 top1 0.4784 | val loss 1.7591 top1 0.4968 top5 0.8172 | ema val top1 0.5176 top5 0.8372
  Saved new best checkpoint (ema): /Data/thomas.turkieh/smth2smth/checkpoints/track_a/trackA_phase2_randaugT_attn_dropPath0.1_adamw_ema_amp_4frames_officialVal_includeValTrain_noHflip_resumeChampion41_ep150_20260516_best.pt (val top1=0.5176)
    [17:39:36] step 100/3234 | avg train loss 2.1714 top1 0.4850 top5 0.7612
    [17:40:00] step 200/3234 | avg train loss 2.1612 top1 0.4894 top5 0.7747
    [17:40:25] step 300/3234 | avg train loss 2.1556 top1 0.4979 top5 0.7823
    [17:40:49] step 400/3234 | avg train loss 2.1651 top1 0.4898 top5 0.7794
    [17:41:14] step 500/3234 | avg train loss 2.1517 top1 0.4930 top5 0.7809
    [17:41:38] step 600/3234 | avg train loss 2.1577 top1 0.4915 top5 0.7799
    [17:42:03] step 700/3234 | avg train loss 2.1514 top1 0.4944 top5 0.7821
    [17:42:28] step 800/3234 | avg train loss 2.1506 top1 0.4934 top5 0.7818
    [17:42:52] step 900/3234 | avg train loss 2.1520 top1 0.4922 top5 0.7828
    [17:43:17] step 1000/3234 | avg train loss 2.1503 top1 0.4911 top5 0.7844
    [17:43:41] step 1100/3234 | avg train loss 2.1510 top1 0.4925 top5 0.7850
    [17:44:06] step 1200/3234 | avg train loss 2.1548 top1 0.4916 top5 0.7846
    [17:44:30] step 1300/3234 | avg train loss 2.1513 top1 0.4925 top5 0.7860
    [17:44:55] step 1400/3234 | avg train loss 2.1496 top1 0.4936 top5 0.7869
    [17:45:19] step 1500/3234 | avg train loss 2.1521 top1 0.4935 top5 0.7859
    [17:45:44] step 1600/3234 | avg train loss 2.1524 top1 0.4939 top5 0.7863
    [17:46:09] step 1700/3234 | avg train loss 2.1536 top1 0.4938 top5 0.7865
    [17:46:33] step 1800/3234 | avg train loss 2.1563 top1 0.4932 top5 0.7856
    [17:46:58] step 1900/3234 | avg train loss 2.1529 top1 0.4937 top5 0.7862
    [17:47:22] step 2000/3234 | avg train loss 2.1554 top1 0.4926 top5 0.7857
    [17:47:46] step 2100/3234 | avg train loss 2.1534 top1 0.4928 top5 0.7861
    [17:48:10] step 2200/3234 | avg train loss 2.1513 top1 0.4933 top5 0.7868
    [17:48:35] step 2300/3234 | avg train loss 2.1499 top1 0.4940 top5 0.7875
    [17:48:59] step 2400/3234 | avg train loss 2.1502 top1 0.4937 top5 0.7878
    [17:49:24] step 2500/3234 | avg train loss 2.1506 top1 0.4935 top5 0.7882
    [17:49:49] step 2600/3234 | avg train loss 2.1537 top1 0.4920 top5 0.7873
    [17:50:13] step 2700/3234 | avg train loss 2.1546 top1 0.4917 top5 0.7867
    [17:50:38] step 2800/3234 | avg train loss 2.1551 top1 0.4915 top5 0.7862
    [17:51:02] step 2900/3234 | avg train loss 2.1551 top1 0.4914 top5 0.7861
    [17:51:27] step 3000/3234 | avg train loss 2.1546 top1 0.4912 top5 0.7858
    [17:51:51] step 3100/3234 | avg train loss 2.1553 top1 0.4912 top5 0.7860
    [17:52:16] step 3200/3234 | avg train loss 2.1570 top1 0.4903 top5 0.7854
    [17:52:24] step 3234/3234 | avg train loss 2.1575 top1 0.4900 top5 0.7853
Epoch 46/150 | train loss 2.1575 top1 0.4900 | val loss 1.7165 top1 0.5073 top5 0.8231 | ema val top1 0.5411 top5 0.8517
  Saved new best checkpoint (ema): /Data/thomas.turkieh/smth2smth/checkpoints/track_a/trackA_phase2_randaugT_attn_dropPath0.1_adamw_ema_amp_4frames_officialVal_includeValTrain_noHflip_resumeChampion41_ep150_20260516_best.pt (val top1=0.5411)
    [17:53:38] step 100/3234 | avg train loss 2.1184 top1 0.5025 top5 0.7975
    [17:54:03] step 200/3234 | avg train loss 2.1172 top1 0.4978 top5 0.7994
    [17:54:28] step 300/3234 | avg train loss 2.1381 top1 0.4900 top5 0.7871
    [17:54:52] step 400/3234 | avg train loss 2.1452 top1 0.4911 top5 0.7877
    [17:55:17] step 500/3234 | avg train loss 2.1287 top1 0.4980 top5 0.7914
    [17:55:41] step 600/3234 | avg train loss 2.1268 top1 0.4979 top5 0.7928
    [17:56:06] step 700/3234 | avg train loss 2.1351 top1 0.4958 top5 0.7917
    [17:56:30] step 800/3234 | avg train loss 2.1328 top1 0.4963 top5 0.7929
    [17:56:55] step 900/3234 | avg train loss 2.1389 top1 0.4946 top5 0.7894
    [17:57:19] step 1000/3234 | avg train loss 2.1359 top1 0.4962 top5 0.7911
    [17:57:44] step 1100/3234 | avg train loss 2.1432 top1 0.4941 top5 0.7897
    [17:58:09] step 1200/3234 | avg train loss 2.1466 top1 0.4939 top5 0.7877
    [17:58:33] step 1300/3234 | avg train loss 2.1463 top1 0.4926 top5 0.7873
    [17:58:57] step 1400/3234 | avg train loss 2.1449 top1 0.4928 top5 0.7880
    [17:59:22] step 1500/3234 | avg train loss 2.1453 top1 0.4937 top5 0.7887
    [17:59:46] step 1600/3234 | avg train loss 2.1444 top1 0.4936 top5 0.7891
    [18:00:10] step 1700/3234 | avg train loss 2.1426 top1 0.4942 top5 0.7899
    [18:00:35] step 1800/3234 | avg train loss 2.1433 top1 0.4937 top5 0.7892
    [18:01:00] step 1900/3234 | avg train loss 2.1454 top1 0.4931 top5 0.7887
    [18:01:24] step 2000/3234 | avg train loss 2.1486 top1 0.4927 top5 0.7881
    [18:01:49] step 2100/3234 | avg train loss 2.1478 top1 0.4921 top5 0.7882
    [18:02:14] step 2200/3234 | avg train loss 2.1487 top1 0.4919 top5 0.7877
    [18:02:38] step 2300/3234 | avg train loss 2.1496 top1 0.4922 top5 0.7880
    [18:03:03] step 2400/3234 | avg train loss 2.1479 top1 0.4928 top5 0.7883
    [18:03:27] step 2500/3234 | avg train loss 2.1505 top1 0.4924 top5 0.7877
    [18:03:52] step 2600/3234 | avg train loss 2.1504 top1 0.4924 top5 0.7881
    [18:04:17] step 2700/3234 | avg train loss 2.1492 top1 0.4928 top5 0.7881
    [18:04:41] step 2800/3234 | avg train loss 2.1474 top1 0.4937 top5 0.7884
    [18:05:06] step 2900/3234 | avg train loss 2.1472 top1 0.4938 top5 0.7885
    [18:05:30] step 3000/3234 | avg train loss 2.1484 top1 0.4934 top5 0.7885
    [18:05:55] step 3100/3234 | avg train loss 2.1473 top1 0.4941 top5 0.7891
    [18:06:20] step 3200/3234 | avg train loss 2.1458 top1 0.4946 top5 0.7889
    [18:06:28] step 3234/3234 | avg train loss 2.1453 top1 0.4947 top5 0.7891
Epoch 47/150 | train loss 2.1453 top1 0.4947 | val loss 1.6357 top1 0.5257 top5 0.8430 | ema val top1 0.5655 top5 0.8691
  Saved new best checkpoint (ema): /Data/thomas.turkieh/smth2smth/checkpoints/track_a/trackA_phase2_randaugT_attn_dropPath0.1_adamw_ema_amp_4frames_officialVal_includeValTrain_noHflip_resumeChampion41_ep150_20260516_best.pt (val top1=0.5655)
    [18:07:42] step 100/3234 | avg train loss 2.1471 top1 0.4900 top5 0.7894
    [18:08:07] step 200/3234 | avg train loss 2.1376 top1 0.4950 top5 0.7878
    [18:08:31] step 300/3234 | avg train loss 2.1170 top1 0.4994 top5 0.7950
    [18:08:56] step 400/3234 | avg train loss 2.1158 top1 0.5016 top5 0.7950
    [18:09:20] step 500/3234 | avg train loss 2.1117 top1 0.5034 top5 0.7949
    [18:09:45] step 600/3234 | avg train loss 2.1285 top1 0.4990 top5 0.7908
    [18:10:10] step 700/3234 | avg train loss 2.1231 top1 0.5009 top5 0.7924
    [18:10:34] step 800/3234 | avg train loss 2.1220 top1 0.5004 top5 0.7927
    [18:10:59] step 900/3234 | avg train loss 2.1155 top1 0.5025 top5 0.7940
    [18:11:23] step 1000/3234 | avg train loss 2.1112 top1 0.5029 top5 0.7921
    [18:11:48] step 1100/3234 | avg train loss 2.1142 top1 0.5022 top5 0.7915
    [18:12:12] step 1200/3234 | avg train loss 2.1118 top1 0.5021 top5 0.7923
    [18:12:37] step 1300/3234 | avg train loss 2.1124 top1 0.5023 top5 0.7929
    [18:13:01] step 1400/3234 | avg train loss 2.1055 top1 0.5056 top5 0.7953
    [18:13:26] step 1500/3234 | avg train loss 2.1041 top1 0.5069 top5 0.7962
    [18:13:50] step 1600/3234 | avg train loss 2.1038 top1 0.5066 top5 0.7966
    [18:14:15] step 1700/3234 | avg train loss 2.1014 top1 0.5069 top5 0.7972
    [18:14:39] step 1800/3234 | avg train loss 2.1005 top1 0.5084 top5 0.7986
    [18:15:04] step 1900/3234 | avg train loss 2.1013 top1 0.5072 top5 0.7984
    [18:15:29] step 2000/3234 | avg train loss 2.1045 top1 0.5058 top5 0.7975
    [18:15:53] step 2100/3234 | avg train loss 2.1019 top1 0.5055 top5 0.7975
    [18:16:18] step 2200/3234 | avg train loss 2.1029 top1 0.5053 top5 0.7973
    [18:16:42] step 2300/3234 | avg train loss 2.1061 top1 0.5044 top5 0.7968
    [18:17:07] step 2400/3234 | avg train loss 2.1097 top1 0.5040 top5 0.7968
    [18:17:32] step 2500/3234 | avg train loss 2.1117 top1 0.5040 top5 0.7958
    [18:17:56] step 2600/3234 | avg train loss 2.1110 top1 0.5045 top5 0.7962
    [18:18:21] step 2700/3234 | avg train loss 2.1121 top1 0.5037 top5 0.7962
    [18:18:45] step 2800/3234 | avg train loss 2.1126 top1 0.5034 top5 0.7963
    [18:19:10] step 2900/3234 | avg train loss 2.1148 top1 0.5027 top5 0.7955
    [18:19:35] step 3000/3234 | avg train loss 2.1150 top1 0.5029 top5 0.7956
    [18:19:59] step 3100/3234 | avg train loss 2.1147 top1 0.5030 top5 0.7960
    [18:20:24] step 3200/3234 | avg train loss 2.1150 top1 0.5032 top5 0.7960
    [18:20:32] step 3234/3234 | avg train loss 2.1171 top1 0.5026 top5 0.7955
Epoch 48/150 | train loss 2.1171 top1 0.5026 | val loss 1.6138 top1 0.5462 top5 0.8534 | ema val top1 0.5846 top5 0.8830
  Saved new best checkpoint (ema): /Data/thomas.turkieh/smth2smth/checkpoints/track_a/trackA_phase2_randaugT_attn_dropPath0.1_adamw_ema_amp_4frames_officialVal_includeValTrain_noHflip_resumeChampion41_ep150_20260516_best.pt (val top1=0.5846)
    [18:21:46] step 100/3234 | avg train loss 2.1255 top1 0.4975 top5 0.7800
    [18:22:11] step 200/3234 | avg train loss 2.1036 top1 0.5094 top5 0.7878
    [18:22:35] step 300/3234 | avg train loss 2.1098 top1 0.5148 top5 0.7858
    [18:23:00] step 400/3234 | avg train loss 2.1184 top1 0.5122 top5 0.7897
    [18:23:24] step 500/3234 | avg train loss 2.1044 top1 0.5149 top5 0.7945
    [18:23:49] step 600/3234 | avg train loss 2.1193 top1 0.5086 top5 0.7927
    [18:24:12] step 700/3234 | avg train loss 2.1153 top1 0.5079 top5 0.7927
    [18:24:37] step 800/3234 | avg train loss 2.1097 top1 0.5123 top5 0.7935
    [18:25:02] step 900/3234 | avg train loss 2.1128 top1 0.5105 top5 0.7928
    [18:25:26] step 1000/3234 | avg train loss 2.1069 top1 0.5114 top5 0.7944
    [18:25:51] step 1100/3234 | avg train loss 2.1033 top1 0.5119 top5 0.7964
    [18:26:15] step 1200/3234 | avg train loss 2.0977 top1 0.5120 top5 0.7978
    [18:26:40] step 1300/3234 | avg train loss 2.0941 top1 0.5123 top5 0.7993
    [18:27:04] step 1400/3234 | avg train loss 2.0969 top1 0.5108 top5 0.7985
    [18:27:29] step 1500/3234 | avg train loss 2.0966 top1 0.5126 top5 0.7987
    [18:27:53] step 1600/3234 | avg train loss 2.0946 top1 0.5134 top5 0.8007
    [18:28:18] step 1700/3234 | avg train loss 2.0937 top1 0.5131 top5 0.8011
    [18:28:43] step 1800/3234 | avg train loss 2.0908 top1 0.5142 top5 0.8014
    [18:29:07] step 1900/3234 | avg train loss 2.0916 top1 0.5134 top5 0.8013
    [18:29:32] step 2000/3234 | avg train loss 2.0919 top1 0.5125 top5 0.8012
    [18:29:57] step 2100/3234 | avg train loss 2.0936 top1 0.5111 top5 0.8000
    [18:30:21] step 2200/3234 | avg train loss 2.0938 top1 0.5119 top5 0.8002
    [18:30:46] step 2300/3234 | avg train loss 2.0928 top1 0.5117 top5 0.8004
    [18:31:10] step 2400/3234 | avg train loss 2.0943 top1 0.5107 top5 0.8001
    [18:31:35] step 2500/3234 | avg train loss 2.0962 top1 0.5098 top5 0.7995
    [18:31:59] step 2600/3234 | avg train loss 2.0952 top1 0.5100 top5 0.7998
    [18:32:24] step 2700/3234 | avg train loss 2.0956 top1 0.5105 top5 0.7994
    [18:32:49] step 2800/3234 | avg train loss 2.0940 top1 0.5106 top5 0.7994
    [18:33:13] step 2900/3234 | avg train loss 2.0932 top1 0.5105 top5 0.7994
    [18:33:38] step 3000/3234 | avg train loss 2.0932 top1 0.5107 top5 0.7995
    [18:34:02] step 3100/3234 | avg train loss 2.0950 top1 0.5104 top5 0.7993
    [18:34:27] step 3200/3234 | avg train loss 2.0950 top1 0.5103 top5 0.7992
    [18:34:35] step 3234/3234 | avg train loss 2.0930 top1 0.5109 top5 0.7998
Epoch 49/150 | train loss 2.0930 top1 0.5109 | val loss 1.5357 top1 0.5634 top5 0.8605 | ema val top1 0.6079 top5 0.8891
  Saved new best checkpoint (ema): /Data/thomas.turkieh/smth2smth/checkpoints/track_a/trackA_phase2_randaugT_attn_dropPath0.1_adamw_ema_amp_4frames_officialVal_includeValTrain_noHflip_resumeChampion41_ep150_20260516_best.pt (val top1=0.6079)
    [18:35:49] step 100/3234 | avg train loss 2.0865 top1 0.5081 top5 0.7950
    [18:36:14] step 200/3234 | avg train loss 2.0587 top1 0.5253 top5 0.8047
    [18:36:38] step 300/3234 | avg train loss 2.0733 top1 0.5206 top5 0.8037
    [18:37:02] step 400/3234 | avg train loss 2.0572 top1 0.5280 top5 0.8077
    [18:37:26] step 500/3234 | avg train loss 2.0721 top1 0.5235 top5 0.8084
    [18:37:51] step 600/3234 | avg train loss 2.0689 top1 0.5228 top5 0.8093
    [18:38:16] step 700/3234 | avg train loss 2.0605 top1 0.5269 top5 0.8085
    [18:38:40] step 800/3234 | avg train loss 2.0575 top1 0.5269 top5 0.8106
    [18:39:05] step 900/3234 | avg train loss 2.0621 top1 0.5260 top5 0.8095
    [18:39:29] step 1000/3234 | avg train loss 2.0626 top1 0.5254 top5 0.8107
    [18:39:54] step 1100/3234 | avg train loss 2.0588 top1 0.5269 top5 0.8117
    [18:40:19] step 1200/3234 | avg train loss 2.0585 top1 0.5265 top5 0.8120
    [18:40:43] step 1300/3234 | avg train loss 2.0548 top1 0.5278 top5 0.8131
    [18:41:08] step 1400/3234 | avg train loss 2.0557 top1 0.5271 top5 0.8138
    [18:41:32] step 1500/3234 | avg train loss 2.0544 top1 0.5266 top5 0.8151
    [18:41:57] step 1600/3234 | avg train loss 2.0537 top1 0.5256 top5 0.8146
    [18:42:22] step 1700/3234 | avg train loss 2.0560 top1 0.5252 top5 0.8139
    [18:42:46] step 1800/3234 | avg train loss 2.0591 top1 0.5238 top5 0.8124
    [18:43:11] step 1900/3234 | avg train loss 2.0589 top1 0.5239 top5 0.8114
    [18:43:35] step 2000/3234 | avg train loss 2.0617 top1 0.5235 top5 0.8111
    [18:44:00] step 2100/3234 | avg train loss 2.0661 top1 0.5220 top5 0.8094
    [18:44:25] step 2200/3234 | avg train loss 2.0663 top1 0.5207 top5 0.8095
    [18:44:49] step 2300/3234 | avg train loss 2.0683 top1 0.5203 top5 0.8085
    [18:45:14] step 2400/3234 | avg train loss 2.0742 top1 0.5182 top5 0.8067
    [18:45:38] step 2500/3234 | avg train loss 2.0741 top1 0.5184 top5 0.8065
    [18:46:03] step 2600/3234 | avg train loss 2.0708 top1 0.5195 top5 0.8072
    [18:46:27] step 2700/3234 | avg train loss 2.0714 top1 0.5191 top5 0.8066
    [18:46:52] step 2800/3234 | avg train loss 2.0729 top1 0.5190 top5 0.8066
    [18:47:17] step 2900/3234 | avg train loss 2.0748 top1 0.5183 top5 0.8059
    [18:47:41] step 3000/3234 | avg train loss 2.0752 top1 0.5178 top5 0.8057
    [18:48:06] step 3100/3234 | avg train loss 2.0734 top1 0.5185 top5 0.8064
    [18:48:30] step 3200/3234 | avg train loss 2.0743 top1 0.5181 top5 0.8059
    [18:48:38] step 3234/3234 | avg train loss 2.0751 top1 0.5179 top5 0.8059
[2026-05-16T18:49:27] Epoch 50/150 | train loss 2.0751 top1 0.5179 | val loss 1.4924 top1 0.5779 top5 0.8710 | ema val top1 0.6277 top5 0.8955
  Saved new best checkpoint (ema): /Data/thomas.turkieh/smth2smth/checkpoints/track_a/trackA_phase2_randaugT_attn_dropPath0.1_adamw_ema_amp_4frames_officialVal_includeValTrain_noHflip_resumeChampion41_ep150_20260516_best.pt (val top1=0.6277)
    [18:49:53] step 100/3234 | avg train loss 2.0452 top1 0.5363 top5 0.8087
    [18:50:17] step 200/3234 | avg train loss 2.0883 top1 0.5156 top5 0.7969
    [18:50:42] step 300/3234 | avg train loss 2.0748 top1 0.5204 top5 0.8010
    [18:51:07] step 400/3234 | avg train loss 2.0561 top1 0.5253 top5 0.8080
    [18:51:31] step 500/3234 | avg train loss 2.0439 top1 0.5280 top5 0.8099
    [18:51:56] step 600/3234 | avg train loss 2.0529 top1 0.5270 top5 0.8068
    [18:52:21] step 700/3234 | avg train loss 2.0346 top1 0.5326 top5 0.8123
    [18:52:45] step 800/3234 | avg train loss 2.0293 top1 0.5347 top5 0.8148
    [18:53:10] step 900/3234 | avg train loss 2.0350 top1 0.5317 top5 0.8158
    [18:53:34] step 1000/3234 | avg train loss 2.0393 top1 0.5290 top5 0.8163
    [18:53:59] step 1100/3234 | avg train loss 2.0429 top1 0.5262 top5 0.8139
    [18:54:23] step 1200/3234 | avg train loss 2.0445 top1 0.5258 top5 0.8138
    [18:54:48] step 1300/3234 | avg train loss 2.0461 top1 0.5262 top5 0.8138
    [18:55:12] step 1400/3234 | avg train loss 2.0443 top1 0.5277 top5 0.8148
    [18:55:37] step 1500/3234 | avg train loss 2.0455 top1 0.5275 top5 0.8143
    [18:56:01] step 1600/3234 | avg train loss 2.0438 top1 0.5289 top5 0.8148
    [18:56:26] step 1700/3234 | avg train loss 2.0474 top1 0.5274 top5 0.8133
    [18:56:51] step 1800/3234 | avg train loss 2.0479 top1 0.5275 top5 0.8139
    [18:57:15] step 1900/3234 | avg train loss 2.0486 top1 0.5262 top5 0.8134
    [18:57:40] step 2000/3234 | avg train loss 2.0503 top1 0.5259 top5 0.8132
    [18:58:05] step 2100/3234 | avg train loss 2.0511 top1 0.5255 top5 0.8129
    [18:58:29] step 2200/3234 | avg train loss 2.0570 top1 0.5237 top5 0.8114
    [18:58:54] step 2300/3234 | avg train loss 2.0569 top1 0.5235 top5 0.8116
    [18:59:19] step 2400/3234 | avg train loss 2.0560 top1 0.5242 top5 0.8121
    [18:59:43] step 2500/3234 | avg train loss 2.0569 top1 0.5237 top5 0.8121
    [19:00:08] step 2600/3234 | avg train loss 2.0578 top1 0.5235 top5 0.8116
    [19:00:33] step 2700/3234 | avg train loss 2.0604 top1 0.5225 top5 0.8110
    [19:00:57] step 2800/3234 | avg train loss 2.0602 top1 0.5230 top5 0.8114
    [19:01:21] step 2900/3234 | avg train loss 2.0602 top1 0.5231 top5 0.8113
    [19:01:46] step 3000/3234 | avg train loss 2.0597 top1 0.5233 top5 0.8115
    [19:02:10] step 3100/3234 | avg train loss 2.0601 top1 0.5229 top5 0.8116
    [19:02:35] step 3200/3234 | avg train loss 2.0591 top1 0.5231 top5 0.8122
    [19:02:43] step 3234/3234 | avg train loss 2.0582 top1 0.5230 top5 0.8126
Epoch 51/150 | train loss 2.0582 top1 0.5230 | val loss 1.4161 top1 0.5831 top5 0.8833 | ema val top1 0.6476 top5 0.9090
  Saved new best checkpoint (ema): /Data/thomas.turkieh/smth2smth/checkpoints/track_a/trackA_phase2_randaugT_attn_dropPath0.1_adamw_ema_amp_4frames_officialVal_includeValTrain_noHflip_resumeChampion41_ep150_20260516_best.pt (val top1=0.6476)
    [19:03:58] step 100/3234 | avg train loss 1.9948 top1 0.5387 top5 0.8213
    [19:04:22] step 200/3234 | avg train loss 1.9948 top1 0.5437 top5 0.8272
    [19:04:46] step 300/3234 | avg train loss 2.0164 top1 0.5381 top5 0.8208
    [19:05:11] step 400/3234 | avg train loss 2.0148 top1 0.5370 top5 0.8263
    [19:05:35] step 500/3234 | avg train loss 2.0104 top1 0.5374 top5 0.8267
    [19:06:00] step 600/3234 | avg train loss 2.0056 top1 0.5396 top5 0.8279
    [19:06:25] step 700/3234 | avg train loss 2.0063 top1 0.5387 top5 0.8277
    [19:06:49] step 800/3234 | avg train loss 1.9971 top1 0.5420 top5 0.8296
    [19:07:14] step 900/3234 | avg train loss 1.9935 top1 0.5444 top5 0.8301
    [19:07:38] step 1000/3234 | avg train loss 1.9951 top1 0.5436 top5 0.8297
    [19:08:03] step 1100/3234 | avg train loss 1.9999 top1 0.5427 top5 0.8287
    [19:08:28] step 1200/3234 | avg train loss 2.0018 top1 0.5420 top5 0.8291
    [19:08:52] step 1300/3234 | avg train loss 1.9995 top1 0.5440 top5 0.8293
    [19:09:17] step 1400/3234 | avg train loss 2.0023 top1 0.5416 top5 0.8274
    [19:09:42] step 1500/3234 | avg train loss 2.0030 top1 0.5421 top5 0.8271
    [19:10:06] step 1600/3234 | avg train loss 2.0063 top1 0.5402 top5 0.8257
    [19:10:31] step 1700/3234 | avg train loss 2.0035 top1 0.5408 top5 0.8257
    [19:10:55] step 1800/3234 | avg train loss 2.0057 top1 0.5396 top5 0.8247
    [19:11:20] step 1900/3234 | avg train loss 2.0053 top1 0.5404 top5 0.8246
    [19:11:45] step 2000/3234 | avg train loss 2.0053 top1 0.5400 top5 0.8245
    [19:12:09] step 2100/3234 | avg train loss 2.0045 top1 0.5398 top5 0.8251
    [19:12:34] step 2200/3234 | avg train loss 2.0055 top1 0.5397 top5 0.8246
    [19:12:58] step 2300/3234 | avg train loss 2.0074 top1 0.5394 top5 0.8242
    [19:13:22] step 2400/3234 | avg train loss 2.0067 top1 0.5398 top5 0.8247
    [19:13:47] step 2500/3234 | avg train loss 2.0088 top1 0.5387 top5 0.8241
    [19:14:11] step 2600/3234 | avg train loss 2.0108 top1 0.5386 top5 0.8241
    [19:14:36] step 2700/3234 | avg train loss 2.0107 top1 0.5383 top5 0.8245
    [19:15:00] step 2800/3234 | avg train loss 2.0125 top1 0.5385 top5 0.8242
    [19:15:25] step 2900/3234 | avg train loss 2.0123 top1 0.5384 top5 0.8243
    [19:15:50] step 3000/3234 | avg train loss 2.0118 top1 0.5381 top5 0.8237
    [19:16:14] step 3100/3234 | avg train loss 2.0112 top1 0.5384 top5 0.8242
    [19:16:39] step 3200/3234 | avg train loss 2.0113 top1 0.5379 top5 0.8238
    [19:16:47] step 3234/3234 | avg train loss 2.0117 top1 0.5377 top5 0.8239
Epoch 52/150 | train loss 2.0117 top1 0.5377 | val loss 1.3773 top1 0.6092 top5 0.8848 | ema val top1 0.6679 top5 0.9185
  Saved new best checkpoint (ema): /Data/thomas.turkieh/smth2smth/checkpoints/track_a/trackA_phase2_randaugT_attn_dropPath0.1_adamw_ema_amp_4frames_officialVal_includeValTrain_noHflip_resumeChampion41_ep150_20260516_best.pt (val top1=0.6679)
    [19:18:01] step 100/3234 | avg train loss 2.0394 top1 0.5281 top5 0.8075
    [19:18:26] step 200/3234 | avg train loss 2.0256 top1 0.5353 top5 0.8119
    [19:18:51] step 300/3234 | avg train loss 2.0432 top1 0.5273 top5 0.8123
    [19:19:15] step 400/3234 | avg train loss 2.0308 top1 0.5297 top5 0.8153
    [19:19:40] step 500/3234 | avg train loss 2.0209 top1 0.5334 top5 0.8180
    [19:20:04] step 600/3234 | avg train loss 2.0100 top1 0.5396 top5 0.8225
    [19:20:29] step 700/3234 | avg train loss 2.0100 top1 0.5396 top5 0.8240
    [19:20:53] step 800/3234 | avg train loss 2.0010 top1 0.5403 top5 0.8238
    [19:21:18] step 900/3234 | avg train loss 2.0009 top1 0.5399 top5 0.8231
    [19:21:43] step 1000/3234 | avg train loss 2.0019 top1 0.5396 top5 0.8236
    [19:22:07] step 1100/3234 | avg train loss 1.9981 top1 0.5404 top5 0.8245
    [19:22:32] step 1200/3234 | avg train loss 1.9977 top1 0.5402 top5 0.8257
    [19:22:56] step 1300/3234 | avg train loss 1.9979 top1 0.5405 top5 0.8259
    [19:23:21] step 1400/3234 | avg train loss 1.9963 top1 0.5411 top5 0.8264
    [19:23:46] step 1500/3234 | avg train loss 2.0009 top1 0.5391 top5 0.8249
    [19:24:10] step 1600/3234 | avg train loss 1.9998 top1 0.5395 top5 0.8246
    [19:24:35] step 1700/3234 | avg train loss 1.9953 top1 0.5415 top5 0.8256
    [19:24:59] step 1800/3234 | avg train loss 1.9982 top1 0.5413 top5 0.8250
    [19:25:23] step 1900/3234 | avg train loss 1.9974 top1 0.5424 top5 0.8256
    [19:25:48] step 2000/3234 | avg train loss 1.9984 top1 0.5410 top5 0.8250
    [19:26:13] step 2100/3234 | avg train loss 1.9977 top1 0.5417 top5 0.8255
    [19:26:37] step 2200/3234 | avg train loss 1.9963 top1 0.5422 top5 0.8258
    [19:27:02] step 2300/3234 | avg train loss 1.9943 top1 0.5426 top5 0.8266
    [19:27:26] step 2400/3234 | avg train loss 1.9920 top1 0.5436 top5 0.8268
    [19:27:51] step 2500/3234 | avg train loss 1.9942 top1 0.5429 top5 0.8266
    [19:28:16] step 2600/3234 | avg train loss 1.9963 top1 0.5423 top5 0.8260
    [19:28:40] step 2700/3234 | avg train loss 1.9953 top1 0.5429 top5 0.8264
    [19:29:05] step 2800/3234 | avg train loss 1.9933 top1 0.5433 top5 0.8269
    [19:29:29] step 2900/3234 | avg train loss 1.9927 top1 0.5437 top5 0.8269
    [19:29:54] step 3000/3234 | avg train loss 1.9942 top1 0.5433 top5 0.8271
    [19:30:19] step 3100/3234 | avg train loss 1.9947 top1 0.5431 top5 0.8269
    [19:30:43] step 3200/3234 | avg train loss 1.9942 top1 0.5433 top5 0.8271
    [19:30:52] step 3234/3234 | avg train loss 1.9951 top1 0.5432 top5 0.8268
Epoch 53/150 | train loss 1.9951 top1 0.5432 | val loss 1.2924 top1 0.6368 top5 0.8976 | ema val top1 0.6808 top5 0.9247
  Saved new best checkpoint (ema): /Data/thomas.turkieh/smth2smth/checkpoints/track_a/trackA_phase2_randaugT_attn_dropPath0.1_adamw_ema_amp_4frames_officialVal_includeValTrain_noHflip_resumeChampion41_ep150_20260516_best.pt (val top1=0.6808)
    [19:32:06] step 100/3234 | avg train loss 1.9541 top1 0.5725 top5 0.8406
    [19:32:30] step 200/3234 | avg train loss 1.9420 top1 0.5709 top5 0.8325
    [19:32:55] step 300/3234 | avg train loss 1.9538 top1 0.5658 top5 0.8279
    [19:33:20] step 400/3234 | avg train loss 1.9478 top1 0.5639 top5 0.8327
    [19:33:44] step 500/3234 | avg train loss 1.9636 top1 0.5585 top5 0.8305
    [19:34:09] step 600/3234 | avg train loss 1.9622 top1 0.5582 top5 0.8332
    [19:34:34] step 700/3234 | avg train loss 1.9525 top1 0.5594 top5 0.8358
    [19:34:58] step 800/3234 | avg train loss 1.9587 top1 0.5570 top5 0.8357
    [19:35:23] step 900/3234 | avg train loss 1.9630 top1 0.5560 top5 0.8357
    [19:35:47] step 1000/3234 | avg train loss 1.9662 top1 0.5569 top5 0.8358
    [19:36:12] step 1100/3234 | avg train loss 1.9704 top1 0.5550 top5 0.8351
    [19:36:37] step 1200/3234 | avg train loss 1.9697 top1 0.5556 top5 0.8363
    [19:37:01] step 1300/3234 | avg train loss 1.9675 top1 0.5564 top5 0.8359
    [19:37:25] step 1400/3234 | avg train loss 1.9607 top1 0.5586 top5 0.8381
    [19:37:50] step 1500/3234 | avg train loss 1.9628 top1 0.5587 top5 0.8377
    [19:38:14] step 1600/3234 | avg train loss 1.9635 top1 0.5582 top5 0.8372
    [19:38:39] step 1700/3234 | avg train loss 1.9606 top1 0.5593 top5 0.8375
    [19:39:04] step 1800/3234 | avg train loss 1.9652 top1 0.5577 top5 0.8355
    [19:39:28] step 1900/3234 | avg train loss 1.9677 top1 0.5569 top5 0.8343
    [19:39:53] step 2000/3234 | avg train loss 1.9680 top1 0.5571 top5 0.8353
    [19:40:17] step 2100/3234 | avg train loss 1.9722 top1 0.5554 top5 0.8346
    [19:40:42] step 2200/3234 | avg train loss 1.9704 top1 0.5560 top5 0.8351
    [19:41:07] step 2300/3234 | avg train loss 1.9744 top1 0.5549 top5 0.8345
    [19:41:31] step 2400/3234 | avg train loss 1.9744 top1 0.5551 top5 0.8339
    [19:41:55] step 2500/3234 | avg train loss 1.9746 top1 0.5550 top5 0.8343
    [19:42:20] step 2600/3234 | avg train loss 1.9759 top1 0.5539 top5 0.8339
    [19:42:45] step 2700/3234 | avg train loss 1.9759 top1 0.5538 top5 0.8335
    [19:43:09] step 2800/3234 | avg train loss 1.9756 top1 0.5540 top5 0.8333
    [19:43:34] step 2900/3234 | avg train loss 1.9741 top1 0.5544 top5 0.8337
    [19:43:58] step 3000/3234 | avg train loss 1.9747 top1 0.5544 top5 0.8335
    [19:44:23] step 3100/3234 | avg train loss 1.9738 top1 0.5547 top5 0.8337
    [19:44:48] step 3200/3234 | avg train loss 1.9744 top1 0.5546 top5 0.8338
    [19:44:56] step 3234/3234 | avg train loss 1.9744 top1 0.5547 top5 0.8337
Epoch 54/150 | train loss 1.9744 top1 0.5547 | val loss 1.2394 top1 0.6427 top5 0.9088 | ema val top1 0.6927 top5 0.9315
  Saved new best checkpoint (ema): /Data/thomas.turkieh/smth2smth/checkpoints/track_a/trackA_phase2_randaugT_attn_dropPath0.1_adamw_ema_amp_4frames_officialVal_includeValTrain_noHflip_resumeChampion41_ep150_20260516_best.pt (val top1=0.6927)
    [19:46:11] step 100/3234 | avg train loss 1.9898 top1 0.5419 top5 0.8225
    [19:46:35] step 200/3234 | avg train loss 1.9391 top1 0.5572 top5 0.8381
    [19:47:00] step 300/3234 | avg train loss 1.9231 top1 0.5623 top5 0.8373
    [19:47:24] step 400/3234 | avg train loss 1.9287 top1 0.5581 top5 0.8366
    [19:47:49] step 500/3234 | avg train loss 1.9300 top1 0.5640 top5 0.8406
    [19:48:14] step 600/3234 | avg train loss 1.9293 top1 0.5644 top5 0.8406
    [19:48:38] step 700/3234 | avg train loss 1.9415 top1 0.5617 top5 0.8395
    [19:49:02] step 800/3234 | avg train loss 1.9494 top1 0.5618 top5 0.8365
    [19:49:27] step 900/3234 | avg train loss 1.9571 top1 0.5605 top5 0.8355
    [19:49:51] step 1000/3234 | avg train loss 1.9587 top1 0.5588 top5 0.8368
    [19:50:16] step 1100/3234 | avg train loss 1.9663 top1 0.5559 top5 0.8348
    [19:50:41] step 1200/3234 | avg train loss 1.9596 top1 0.5582 top5 0.8355
    [19:51:05] step 1300/3234 | avg train loss 1.9578 top1 0.5597 top5 0.8358
    [19:51:30] step 1400/3234 | avg train loss 1.9584 top1 0.5598 top5 0.8352
    [19:51:56] step 1500/3234 | avg train loss 1.9569 top1 0.5604 top5 0.8356
    [19:52:22] step 1600/3234 | avg train loss 1.9574 top1 0.5600 top5 0.8352
    [19:52:48] step 1700/3234 | avg train loss 1.9580 top1 0.5601 top5 0.8350
    [19:53:24] step 1800/3234 | avg train loss 1.9573 top1 0.5606 top5 0.8356
    [19:54:00] step 1900/3234 | avg train loss 1.9575 top1 0.5601 top5 0.8354
    [19:54:37] step 2000/3234 | avg train loss 1.9561 top1 0.5605 top5 0.8357
    [19:55:14] step 2100/3234 | avg train loss 1.9598 top1 0.5592 top5 0.8341
    [19:55:50] step 2200/3234 | avg train loss 1.9597 top1 0.5587 top5 0.8337
    [19:56:27] step 2300/3234 | avg train loss 1.9613 top1 0.5589 top5 0.8345
    [19:57:04] step 2400/3234 | avg train loss 1.9628 top1 0.5582 top5 0.8343
    [19:57:40] step 2500/3234 | avg train loss 1.9635 top1 0.5581 top5 0.8340
    [19:58:17] step 2600/3234 | avg train loss 1.9634 top1 0.5585 top5 0.8333
    [19:58:54] step 2700/3234 | avg train loss 1.9637 top1 0.5587 top5 0.8335
    [19:59:30] step 2800/3234 | avg train loss 1.9636 top1 0.5587 top5 0.8335
    [20:00:02] step 2900/3234 | avg train loss 1.9653 top1 0.5584 top5 0.8332
    [20:00:37] step 3000/3234 | avg train loss 1.9651 top1 0.5579 top5 0.8329
    [20:01:14] step 3100/3234 | avg train loss 1.9641 top1 0.5585 top5 0.8336
    [20:01:50] step 3200/3234 | avg train loss 1.9674 top1 0.5571 top5 0.8327
    [20:02:03] step 3234/3234 | avg train loss 1.9680 top1 0.5570 top5 0.8328
Epoch 55/150 | train loss 1.9680 top1 0.5570 | val loss 1.2391 top1 0.6517 top5 0.9105 | ema val top1 0.7118 top5 0.9370
  Saved new best checkpoint (ema): /Data/thomas.turkieh/smth2smth/checkpoints/track_a/trackA_phase2_randaugT_attn_dropPath0.1_adamw_ema_amp_4frames_officialVal_includeValTrain_noHflip_resumeChampion41_ep150_20260516_best.pt (val top1=0.7118)
    [20:03:52] step 100/3234 | avg train loss 1.9047 top1 0.5831 top5 0.8469
    [20:04:28] step 200/3234 | avg train loss 1.8720 top1 0.5847 top5 0.8612
    [20:05:05] step 300/3234 | avg train loss 1.9121 top1 0.5771 top5 0.8483
    [20:05:42] step 400/3234 | avg train loss 1.9016 top1 0.5811 top5 0.8517
    [20:06:18] step 500/3234 | avg train loss 1.8980 top1 0.5803 top5 0.8539
    [20:06:55] step 600/3234 | avg train loss 1.8947 top1 0.5833 top5 0.8544
    [20:07:31] step 700/3234 | avg train loss 1.9038 top1 0.5802 top5 0.8529
    [20:08:07] step 800/3234 | avg train loss 1.9075 top1 0.5814 top5 0.8536
    [20:08:43] step 900/3234 | avg train loss 1.9092 top1 0.5826 top5 0.8538
    [20:09:20] step 1000/3234 | avg train loss 1.9072 top1 0.5827 top5 0.8541
    [20:09:56] step 1100/3234 | avg train loss 1.9070 top1 0.5832 top5 0.8537
    [20:10:33] step 1200/3234 | avg train loss 1.9087 top1 0.5837 top5 0.8531
    [20:11:10] step 1300/3234 | avg train loss 1.9097 top1 0.5835 top5 0.8525
    [20:11:47] step 1400/3234 | avg train loss 1.9104 top1 0.5837 top5 0.8520
    [20:12:23] step 1500/3234 | avg train loss 1.9112 top1 0.5818 top5 0.8508
    [20:13:00] step 1600/3234 | avg train loss 1.9123 top1 0.5811 top5 0.8498
    [20:13:37] step 1700/3234 | avg train loss 1.9115 top1 0.5802 top5 0.8494
    [20:14:13] step 1800/3234 | avg train loss 1.9128 top1 0.5796 top5 0.8481
    [20:14:49] step 1900/3234 | avg train loss 1.9198 top1 0.5776 top5 0.8464
    [20:15:24] step 2000/3234 | avg train loss 1.9176 top1 0.5778 top5 0.8457
    [20:16:01] step 2100/3234 | avg train loss 1.9202 top1 0.5767 top5 0.8454
    [20:16:38] step 2200/3234 | avg train loss 1.9212 top1 0.5761 top5 0.8447
    [20:17:14] step 2300/3234 | avg train loss 1.9261 top1 0.5744 top5 0.8437
    [20:17:51] step 2400/3234 | avg train loss 1.9256 top1 0.5746 top5 0.8441
    [20:18:28] step 2500/3234 | avg train loss 1.9234 top1 0.5754 top5 0.8445
    [20:19:04] step 2600/3234 | avg train loss 1.9241 top1 0.5745 top5 0.8441
    [20:19:41] step 2700/3234 | avg train loss 1.9251 top1 0.5738 top5 0.8443
    [20:20:18] step 2800/3234 | avg train loss 1.9255 top1 0.5738 top5 0.8441
    [20:20:55] step 2900/3234 | avg train loss 1.9265 top1 0.5734 top5 0.8439
    [20:21:31] step 3000/3234 | avg train loss 1.9251 top1 0.5734 top5 0.8444
    [20:22:07] step 3100/3234 | avg train loss 1.9276 top1 0.5725 top5 0.8441
    [20:22:43] step 3200/3234 | avg train loss 1.9266 top1 0.5724 top5 0.8443
    [20:22:55] step 3234/3234 | avg train loss 1.9276 top1 0.5722 top5 0.8443
Epoch 56/150 | train loss 1.9276 top1 0.5722 | val loss 1.1897 top1 0.6630 top5 0.9186 | ema val top1 0.7296 top5 0.9459
  Saved new best checkpoint (ema): /Data/thomas.turkieh/smth2smth/checkpoints/track_a/trackA_phase2_randaugT_attn_dropPath0.1_adamw_ema_amp_4frames_officialVal_includeValTrain_noHflip_resumeChampion41_ep150_20260516_best.pt (val top1=0.7296)
    [20:24:44] step 100/3234 | avg train loss 1.9311 top1 0.5794 top5 0.8331
    [20:25:21] step 200/3234 | avg train loss 1.8878 top1 0.5872 top5 0.8534
    [20:25:58] step 300/3234 | avg train loss 1.8864 top1 0.5823 top5 0.8515
    [20:26:34] step 400/3234 | avg train loss 1.8649 top1 0.5884 top5 0.8561
    [20:27:11] step 500/3234 | avg train loss 1.8646 top1 0.5880 top5 0.8556
    [20:27:48] step 600/3234 | avg train loss 1.8765 top1 0.5831 top5 0.8514
    [20:28:24] step 700/3234 | avg train loss 1.8814 top1 0.5831 top5 0.8529
    [20:29:01] step 800/3234 | avg train loss 1.8899 top1 0.5823 top5 0.8499
    [20:29:35] step 900/3234 | avg train loss 1.8892 top1 0.5842 top5 0.8496
    [20:30:12] step 1000/3234 | avg train loss 1.8956 top1 0.5819 top5 0.8505
    [20:30:49] step 1100/3234 | avg train loss 1.9020 top1 0.5791 top5 0.8478
    [20:31:26] step 1200/3234 | avg train loss 1.9029 top1 0.5792 top5 0.8490
    [20:32:02] step 1300/3234 | avg train loss 1.8995 top1 0.5805 top5 0.8503
    [20:32:39] step 1400/3234 | avg train loss 1.9060 top1 0.5787 top5 0.8486
    [20:33:15] step 1500/3234 | avg train loss 1.9014 top1 0.5790 top5 0.8499
    [20:33:52] step 1600/3234 | avg train loss 1.9002 top1 0.5786 top5 0.8491
    [20:34:29] step 1700/3234 | avg train loss 1.8985 top1 0.5800 top5 0.8489
    [20:35:06] step 1800/3234 | avg train loss 1.8986 top1 0.5798 top5 0.8491
    [20:35:42] step 1900/3234 | avg train loss 1.8984 top1 0.5810 top5 0.8497
    [20:36:19] step 2000/3234 | avg train loss 1.8972 top1 0.5815 top5 0.8498
    [20:36:53] step 2100/3234 | avg train loss 1.8955 top1 0.5815 top5 0.8500
    [20:37:30] step 2200/3234 | avg train loss 1.8949 top1 0.5823 top5 0.8505
    [20:38:06] step 2300/3234 | avg train loss 1.8944 top1 0.5823 top5 0.8499
    [20:38:43] step 2400/3234 | avg train loss 1.8955 top1 0.5817 top5 0.8496
    [20:39:20] step 2500/3234 | avg train loss 1.8964 top1 0.5816 top5 0.8494
    [20:39:56] step 2600/3234 | avg train loss 1.8973 top1 0.5805 top5 0.8492
    [20:40:33] step 2700/3234 | avg train loss 1.8984 top1 0.5800 top5 0.8492
    [20:41:10] step 2800/3234 | avg train loss 1.9017 top1 0.5790 top5 0.8481
    [20:41:47] step 2900/3234 | avg train loss 1.9026 top1 0.5781 top5 0.8476
    [20:42:23] step 3000/3234 | avg train loss 1.8992 top1 0.5792 top5 0.8484
    [20:43:00] step 3100/3234 | avg train loss 1.9014 top1 0.5780 top5 0.8476
    [20:43:36] step 3200/3234 | avg train loss 1.9014 top1 0.5782 top5 0.8479
    [20:43:48] step 3234/3234 | avg train loss 1.9021 top1 0.5779 top5 0.8478
Epoch 57/150 | train loss 1.9021 top1 0.5779 | val loss 1.1201 top1 0.6841 top5 0.9216 | ema val top1 0.7435 top5 0.9484
  Saved new best checkpoint (ema): /Data/thomas.turkieh/smth2smth/checkpoints/track_a/trackA_phase2_randaugT_attn_dropPath0.1_adamw_ema_amp_4frames_officialVal_includeValTrain_noHflip_resumeChampion41_ep150_20260516_best.pt (val top1=0.7435)
    [20:45:37] step 100/3234 | avg train loss 1.8660 top1 0.6100 top5 0.8588
    [20:46:13] step 200/3234 | avg train loss 1.8655 top1 0.6041 top5 0.8628
    [20:46:50] step 300/3234 | avg train loss 1.8762 top1 0.6012 top5 0.8610
    [20:47:26] step 400/3234 | avg train loss 1.8696 top1 0.6022 top5 0.8606
    [20:48:03] step 500/3234 | avg train loss 1.8669 top1 0.6002 top5 0.8596
    [20:48:40] step 600/3234 | avg train loss 1.8734 top1 0.5949 top5 0.8552
    [20:49:17] step 700/3234 | avg train loss 1.8681 top1 0.5965 top5 0.8585
    [20:49:53] step 800/3234 | avg train loss 1.8667 top1 0.5953 top5 0.8579
    [20:50:30] step 900/3234 | avg train loss 1.8609 top1 0.5974 top5 0.8592
    [20:51:05] step 1000/3234 | avg train loss 1.8548 top1 0.5988 top5 0.8589
    [20:51:41] step 1100/3234 | avg train loss 1.8582 top1 0.5974 top5 0.8588
    [20:52:18] step 1200/3234 | avg train loss 1.8602 top1 0.5981 top5 0.8596
    [20:52:55] step 1300/3234 | avg train loss 1.8638 top1 0.5947 top5 0.8591
    [20:53:32] step 1400/3234 | avg train loss 1.8720 top1 0.5926 top5 0.8573
    [20:54:08] step 1500/3234 | avg train loss 1.8739 top1 0.5918 top5 0.8569
    [20:54:45] step 1600/3234 | avg train loss 1.8744 top1 0.5906 top5 0.8570
    [20:55:21] step 1700/3234 | avg train loss 1.8725 top1 0.5908 top5 0.8576
    [20:55:58] step 1800/3234 | avg train loss 1.8745 top1 0.5905 top5 0.8565
    [20:56:35] step 1900/3234 | avg train loss 1.8759 top1 0.5891 top5 0.8548
    [20:57:12] step 2000/3234 | avg train loss 1.8770 top1 0.5888 top5 0.8549
    [20:57:48] step 2100/3234 | avg train loss 1.8762 top1 0.5891 top5 0.8556
    [20:58:23] step 2200/3234 | avg train loss 1.8767 top1 0.5882 top5 0.8550
    [20:58:59] step 2300/3234 | avg train loss 1.8780 top1 0.5882 top5 0.8551
    [20:59:36] step 2400/3234 | avg train loss 1.8794 top1 0.5874 top5 0.8549
    [21:00:13] step 2500/3234 | avg train loss 1.8811 top1 0.5867 top5 0.8542
    [21:00:49] step 2600/3234 | avg train loss 1.8815 top1 0.5869 top5 0.8537
    [21:01:26] step 2700/3234 | avg train loss 1.8832 top1 0.5860 top5 0.8535
    [21:02:03] step 2800/3234 | avg train loss 1.8823 top1 0.5858 top5 0.8539
    [21:02:39] step 2900/3234 | avg train loss 1.8814 top1 0.5859 top5 0.8542
    [21:03:16] step 3000/3234 | avg train loss 1.8819 top1 0.5852 top5 0.8539
    [21:03:53] step 3100/3234 | avg train loss 1.8826 top1 0.5851 top5 0.8536
    [21:04:29] step 3200/3234 | avg train loss 1.8802 top1 0.5854 top5 0.8535
    [21:04:42] step 3234/3234 | avg train loss 1.8808 top1 0.5852 top5 0.8532
Epoch 58/150 | train loss 1.8808 top1 0.5852 | val loss 1.0583 top1 0.6976 top5 0.9328 | ema val top1 0.7610 top5 0.9524
  Saved new best checkpoint (ema): /Data/thomas.turkieh/smth2smth/checkpoints/track_a/trackA_phase2_randaugT_attn_dropPath0.1_adamw_ema_amp_4frames_officialVal_includeValTrain_noHflip_resumeChampion41_ep150_20260516_best.pt (val top1=0.7610)
    [21:06:31] step 100/3234 | avg train loss 1.9211 top1 0.5831 top5 0.8588
    [21:07:08] step 200/3234 | avg train loss 1.8749 top1 0.6016 top5 0.8653
    [21:07:44] step 300/3234 | avg train loss 1.8466 top1 0.6090 top5 0.8679
    [21:08:21] step 400/3234 | avg train loss 1.8443 top1 0.6080 top5 0.8639
    [21:08:58] step 500/3234 | avg train loss 1.8528 top1 0.6052 top5 0.8598
    [21:09:34] step 600/3234 | avg train loss 1.8610 top1 0.5997 top5 0.8583
    [21:10:11] step 700/3234 | avg train loss 1.8611 top1 0.5978 top5 0.8561
    [21:10:48] step 800/3234 | avg train loss 1.8712 top1 0.5934 top5 0.8522
    [21:11:24] step 900/3234 | avg train loss 1.8741 top1 0.5890 top5 0.8498
    [21:12:01] step 1000/3234 | avg train loss 1.8605 top1 0.5919 top5 0.8537
    [21:12:38] step 1100/3234 | avg train loss 1.8617 top1 0.5912 top5 0.8538
    [21:13:13] step 1200/3234 | avg train loss 1.8643 top1 0.5896 top5 0.8548
    [21:13:49] step 1300/3234 | avg train loss 1.8672 top1 0.5884 top5 0.8537
    [21:14:25] step 1400/3234 | avg train loss 1.8648 top1 0.5900 top5 0.8529
    [21:15:02] step 1500/3234 | avg train loss 1.8633 top1 0.5913 top5 0.8537
    [21:15:38] step 1600/3234 | avg train loss 1.8654 top1 0.5895 top5 0.8527
    [21:16:15] step 1700/3234 | avg train loss 1.8704 top1 0.5878 top5 0.8520
    [21:16:52] step 1800/3234 | avg train loss 1.8687 top1 0.5887 top5 0.8521
    [21:17:29] step 1900/3234 | avg train loss 1.8722 top1 0.5879 top5 0.8513
    [21:18:06] step 2000/3234 | avg train loss 1.8728 top1 0.5883 top5 0.8515
    [21:18:43] step 2100/3234 | avg train loss 1.8698 top1 0.5884 top5 0.8522
    [21:19:19] step 2200/3234 | avg train loss 1.8677 top1 0.5891 top5 0.8526
    [21:19:56] step 2300/3234 | avg train loss 1.8681 top1 0.5892 top5 0.8524
    [21:20:31] step 2400/3234 | avg train loss 1.8676 top1 0.5891 top5 0.8524
    [21:21:07] step 2500/3234 | avg train loss 1.8697 top1 0.5882 top5 0.8520
    [21:21:44] step 2600/3234 | avg train loss 1.8733 top1 0.5869 top5 0.8508
    [21:22:20] step 2700/3234 | avg train loss 1.8740 top1 0.5869 top5 0.8509
    [21:22:57] step 2800/3234 | avg train loss 1.8760 top1 0.5862 top5 0.8508
    [21:23:34] step 2900/3234 | avg train loss 1.8746 top1 0.5870 top5 0.8511
    [21:24:10] step 3000/3234 | avg train loss 1.8735 top1 0.5875 top5 0.8515
    [21:24:47] step 3100/3234 | avg train loss 1.8721 top1 0.5873 top5 0.8511
    [21:25:24] step 3200/3234 | avg train loss 1.8709 top1 0.5877 top5 0.8520
    [21:25:36] step 3234/3234 | avg train loss 1.8719 top1 0.5871 top5 0.8516
Epoch 59/150 | train loss 1.8719 top1 0.5871 | val loss 1.0293 top1 0.7161 top5 0.9422 | ema val top1 0.7683 top5 0.9563
  Saved new best checkpoint (ema): /Data/thomas.turkieh/smth2smth/checkpoints/track_a/trackA_phase2_randaugT_attn_dropPath0.1_adamw_ema_amp_4frames_officialVal_includeValTrain_noHflip_resumeChampion41_ep150_20260516_best.pt (val top1=0.7683)
    [21:27:25] step 100/3234 | avg train loss 1.7609 top1 0.6356 top5 0.8806
    [21:28:00] step 200/3234 | avg train loss 1.7575 top1 0.6303 top5 0.8869
    [21:28:36] step 300/3234 | avg train loss 1.7994 top1 0.6152 top5 0.8727
    [21:29:13] step 400/3234 | avg train loss 1.8080 top1 0.6148 top5 0.8692
    [21:29:49] step 500/3234 | avg train loss 1.8180 top1 0.6145 top5 0.8692
    [21:30:26] step 600/3234 | avg train loss 1.8240 top1 0.6130 top5 0.8695
    [21:31:03] step 700/3234 | avg train loss 1.8203 top1 0.6136 top5 0.8700
    [21:31:39] step 800/3234 | avg train loss 1.8240 top1 0.6120 top5 0.8688
    [21:32:16] step 900/3234 | avg train loss 1.8190 top1 0.6124 top5 0.8691
    [21:32:53] step 1000/3234 | avg train loss 1.8352 top1 0.6057 top5 0.8651
    [21:33:29] step 1100/3234 | avg train loss 1.8319 top1 0.6062 top5 0.8657
    [21:34:06] step 1200/3234 | avg train loss 1.8370 top1 0.6059 top5 0.8637
    [21:34:43] step 1300/3234 | avg train loss 1.8395 top1 0.6041 top5 0.8626
    [21:35:19] step 1400/3234 | avg train loss 1.8394 top1 0.6034 top5 0.8637
    [21:35:54] step 1500/3234 | avg train loss 1.8401 top1 0.6025 top5 0.8632
    [21:36:31] step 1600/3234 | avg train loss 1.8436 top1 0.6011 top5 0.8631
    [21:37:08] step 1700/3234 | avg train loss 1.8483 top1 0.5994 top5 0.8624
    [21:37:44] step 1800/3234 | avg train loss 1.8444 top1 0.6006 top5 0.8633
    [21:38:21] step 1900/3234 | avg train loss 1.8462 top1 0.5999 top5 0.8630
