model:
  name: video_mae_vit
  variant: vit_b
  num_classes: ${num_classes}
  tube_t: 2
  patch_size: 16
  mlp_ratio: 4.0
  drop_path_rate: 0.1
  dropout: 0.0
  head: attn
  head_num_heads: 4
  init_from: null
dataset:
  root: ${hydra:runtime.cwd}/data
  train_dir: ${dataset.root}/train
  val_dir: ${dataset.root}/val
  test_dir: ${dataset.root}/test
  augmented_dirs: []
  test_manifest: null
  submission_output: ${hydra:runtime.cwd}/submissions/track_a.csv
  num_frames: 4
  val_ratio: 0.2
  use_official_val: true
  seed: ${seed}
  max_samples: null
  max_samples_per_class: null
  image_size: 224
  time_reversal_prob: 0.0
  temporal_reversal_augment:
    enabled: false
    prob: 0.5
  class_boosting:
    enabled: false
training:
  batch_size: 16
  lr: 0.0005
  epochs: 40
  num_workers: 4
  checkpoint_path: ${hydra:runtime.cwd}/checkpoints/track_a/vit_truite_ap.pt
  resume_from: null
  lora_lr: null
  lora_lr_ratio: 0.25
  motion_lr: null
  motion_lr_ratio: null
  resume_apply_cfg_lr: false
  amp: true
  device: cuda
  optimizer: adamw
  momentum: 0.9
  nesterov: false
  weight_decay: 0.05
  scheduler_cosine: true
  warmup_epochs: 5
  min_lr: 1.0e-06
  label_smoothing: 0.1
  videomix_alpha: 1.0
  videomix_prob: 0.5
  videomix_mode: cube_cutmix
  early_stopping_enabled: true
  early_stopping_patience: 15
  early_stopping_min_delta: 0.001
  log_interval_steps: 50
  ema_enabled: true
  ema_decay: 0.9999
  eval_every_n_epochs: 1
  eval_ema: true
  save_last_checkpoint: true
  last_checkpoint_path: null
  tta: true
  tta_flip: true
  tta_temporal_shift: 0
  tta_scales:
  - 0.875
  - 1.0
  - 1.125
  tta_logit_adjust: 0.0
  class_balance_sampler: none
  class_balance_loss: none
  class_balance_beta: 0.999
augment:
  name: randaugment_t
  random_horizontal_flip: false
  random_crop: true
  crop_padding: 32
  color_jitter: false
  color_jitter_brightness: 0.0
  color_jitter_contrast: 0.0
  color_jitter_saturation: 0.0
  color_jitter_hue: 0.0
  sync_across_frames: true
  randaugment:
    enabled: true
    'n': 4
    m: 7.0
    mode: temporal_plus
    magnitude_max: 30.0
    ops: null
pretrain:
  epochs: 100
  batch_size: 64
  lr: 0.0005
  weight_decay: 0.04
  log_interval_steps: 50
  checkpoint_path: ${hydra:runtime.cwd}/ssl_trunk.pt
  max_frames: null
  image_size: 224
  local_image_size: 96
  num_local_views: 6
  out_dim: 4096
  hidden_dim: 2048
  bottleneck_dim: 256
  n_layers: 3
  teacher_temp: 0.04
  student_temp: 0.1
  center_momentum: 0.9
  teacher_momentum_base: 0.996
  teacher_momentum_final: 1.0
track:
  name: a
  description: 'Closed-world track: train from scratch.'
num_classes: 33
seed: 42

[cuda] cache emptied (run-start). Free: 18.67 / 23.53 GiB
[data] use_official_val=true: train=44993 (from /Data/romain.poggi/smth2smth/data/train), val=6745 (from /Data/romain.poggi/smth2smth/data/val)
[optim] trainable 88,927,521 / total 88,927,521 params (100.00%)
[amp] mixed-precision (fp16 + GradScaler) enabled.
[ema] enabled (decay=0.9999); will eval both live and EMA each epoch.
    [23:52:48] step 50/2813 | avg train loss 3.5960 top1 0.0387 top5 0.2238
    [23:52:55] step 100/2813 | avg train loss 3.5108 top1 0.0481 top5 0.2369
    [23:53:02] step 150/2813 | avg train loss 3.4823 top1 0.0479 top5 0.2425
    [23:53:08] step 200/2813 | avg train loss 3.4661 top1 0.0512 top5 0.2428
    [23:53:15] step 250/2813 | avg train loss 3.4583 top1 0.0522 top5 0.2422
    [23:53:21] step 300/2813 | avg train loss 3.4494 top1 0.0527 top5 0.2450
    [23:53:28] step 350/2813 | avg train loss 3.4433 top1 0.0545 top5 0.2445
    [23:53:35] step 400/2813 | avg train loss 3.4401 top1 0.0527 top5 0.2459
    [23:53:41] step 450/2813 | avg train loss 3.4325 top1 0.0543 top5 0.2512
    [23:53:48] step 500/2813 | avg train loss 3.4283 top1 0.0554 top5 0.2531
    [23:53:55] step 550/2813 | avg train loss 3.4273 top1 0.0557 top5 0.2526
    [23:54:01] step 600/2813 | avg train loss 3.4253 top1 0.0561 top5 0.2548
    [23:54:08] step 650/2813 | avg train loss 3.4207 top1 0.0570 top5 0.2579
    [23:54:15] step 700/2813 | avg train loss 3.4197 top1 0.0564 top5 0.2576
    [23:54:21] step 750/2813 | avg train loss 3.4149 top1 0.0570 top5 0.2602
    [23:54:28] step 800/2813 | avg train loss 3.4123 top1 0.0572 top5 0.2616
    [23:54:35] step 850/2813 | avg train loss 3.4121 top1 0.0574 top5 0.2601
    [23:54:41] step 900/2813 | avg train loss 3.4100 top1 0.0581 top5 0.2626
    [23:54:48] step 950/2813 | avg train loss 3.4094 top1 0.0582 top5 0.2632
    [23:54:55] step 1000/2813 | avg train loss 3.4084 top1 0.0579 top5 0.2635
    [23:55:01] step 1050/2813 | avg train loss 3.4057 top1 0.0588 top5 0.2661
    [23:55:08] step 1100/2813 | avg train loss 3.4053 top1 0.0592 top5 0.2660
    [23:55:15] step 1150/2813 | avg train loss 3.4040 top1 0.0602 top5 0.2673
    [23:55:21] step 1200/2813 | avg train loss 3.4027 top1 0.0600 top5 0.2682
    [23:55:28] step 1250/2813 | avg train loss 3.4017 top1 0.0602 top5 0.2688
    [23:55:35] step 1300/2813 | avg train loss 3.4021 top1 0.0599 top5 0.2691
    [23:55:41] step 1350/2813 | avg train loss 3.4007 top1 0.0600 top5 0.2699
    [23:55:48] step 1400/2813 | avg train loss 3.4000 top1 0.0600 top5 0.2692
    [23:55:55] step 1450/2813 | avg train loss 3.3991 top1 0.0602 top5 0.2698
    [23:56:01] step 1500/2813 | avg train loss 3.3995 top1 0.0605 top5 0.2702
    [23:56:08] step 1550/2813 | avg train loss 3.3993 top1 0.0601 top5 0.2691
    [23:56:15] step 1600/2813 | avg train loss 3.3991 top1 0.0600 top5 0.2692
    [23:56:21] step 1650/2813 | avg train loss 3.3984 top1 0.0602 top5 0.2692
    [23:56:28] step 1700/2813 | avg train loss 3.3972 top1 0.0605 top5 0.2684
    [23:56:35] step 1750/2813 | avg train loss 3.3963 top1 0.0606 top5 0.2690
    [23:56:41] step 1800/2813 | avg train loss 3.3959 top1 0.0605 top5 0.2694
    [23:56:48] step 1850/2813 | avg train loss 3.3961 top1 0.0605 top5 0.2692
    [23:56:54] step 1900/2813 | avg train loss 3.3954 top1 0.0604 top5 0.2694
    [23:57:01] step 1950/2813 | avg train loss 3.3937 top1 0.0606 top5 0.2703
    [23:57:08] step 2000/2813 | avg train loss 3.3931 top1 0.0613 top5 0.2706
    [23:57:14] step 2050/2813 | avg train loss 3.3927 top1 0.0609 top5 0.2703
    [23:57:21] step 2100/2813 | avg train loss 3.3921 top1 0.0607 top5 0.2706
    [23:57:28] step 2150/2813 | avg train loss 3.3908 top1 0.0612 top5 0.2717
    [23:57:34] step 2200/2813 | avg train loss 3.3909 top1 0.0609 top5 0.2710
    [23:57:41] step 2250/2813 | avg train loss 3.3903 top1 0.0607 top5 0.2717
    [23:57:48] step 2300/2813 | avg train loss 3.3895 top1 0.0609 top5 0.2720
    [23:57:54] step 2350/2813 | avg train loss 3.3892 top1 0.0609 top5 0.2718
    [23:58:01] step 2400/2813 | avg train loss 3.3891 top1 0.0607 top5 0.2719
    [23:58:08] step 2450/2813 | avg train loss 3.3887 top1 0.0606 top5 0.2721
    [23:58:14] step 2500/2813 | avg train loss 3.3881 top1 0.0606 top5 0.2728
    [23:58:21] step 2550/2813 | avg train loss 3.3875 top1 0.0606 top5 0.2726
    [23:58:28] step 2600/2813 | avg train loss 3.3873 top1 0.0608 top5 0.2728
    [23:58:34] step 2650/2813 | avg train loss 3.3865 top1 0.0609 top5 0.2726
    [23:58:41] step 2700/2813 | avg train loss 3.3862 top1 0.0609 top5 0.2727
    [23:58:48] step 2750/2813 | avg train loss 3.3863 top1 0.0609 top5 0.2728
    [23:58:54] step 2800/2813 | avg train loss 3.3859 top1 0.0610 top5 0.2729
    [23:58:56] step 2813/2813 | avg train loss 3.3860 top1 0.0609 top5 0.2729
Epoch 1/40 | train loss 3.3860 top1 0.0609 | val loss 3.4787 top1 0.0482 top5 0.2374 | ema val top1 0.0457 top5 0.2197
  Saved new best checkpoint (live): /Data/romain.poggi/smth2smth/checkpoints/track_a/vit_truite_ap.pt (val top1=0.0482)
    [23:59:45] step 50/2813 | avg train loss 3.3986 top1 0.0512 top5 0.2762
    [23:59:51] step 100/2813 | avg train loss 3.3983 top1 0.0563 top5 0.2631
    [23:59:58] step 150/2813 | avg train loss 3.3902 top1 0.0621 top5 0.2733
    [00:00:05] step 200/2813 | avg train loss 3.3933 top1 0.0609 top5 0.2731
    [00:00:11] step 250/2813 | avg train loss 3.3966 top1 0.0620 top5 0.2727
    [00:00:18] step 300/2813 | avg train loss 3.3954 top1 0.0610 top5 0.2696
    [00:00:24] step 350/2813 | avg train loss 3.3967 top1 0.0584 top5 0.2670
    [00:00:31] step 400/2813 | avg train loss 3.3927 top1 0.0583 top5 0.2697
    [00:00:38] step 450/2813 | avg train loss 3.3873 top1 0.0578 top5 0.2728
    [00:00:44] step 500/2813 | avg train loss 3.3843 top1 0.0590 top5 0.2784
    [00:00:51] step 550/2813 | avg train loss 3.3849 top1 0.0599 top5 0.2784
    [00:00:58] step 600/2813 | avg train loss 3.3852 top1 0.0602 top5 0.2776
    [00:01:04] step 650/2813 | avg train loss 3.3854 top1 0.0607 top5 0.2786
    [00:01:11] step 700/2813 | avg train loss 3.3862 top1 0.0602 top5 0.2777
    [00:01:18] step 750/2813 | avg train loss 3.3861 top1 0.0609 top5 0.2781
    [00:01:24] step 800/2813 | avg train loss 3.3874 top1 0.0613 top5 0.2773
    [00:01:31] step 850/2813 | avg train loss 3.3862 top1 0.0613 top5 0.2771
    [00:01:38] step 900/2813 | avg train loss 3.3865 top1 0.0615 top5 0.2764
    [00:01:44] step 950/2813 | avg train loss 3.3855 top1 0.0611 top5 0.2759
    [00:01:51] step 1000/2813 | avg train loss 3.3851 top1 0.0619 top5 0.2752
    [00:01:58] step 1050/2813 | avg train loss 3.3850 top1 0.0614 top5 0.2739
    [00:02:04] step 1100/2813 | avg train loss 3.3859 top1 0.0618 top5 0.2745
    [00:02:11] step 1150/2813 | avg train loss 3.3856 top1 0.0616 top5 0.2751
    [00:02:18] step 1200/2813 | avg train loss 3.3847 top1 0.0629 top5 0.2754
    [00:02:24] step 1250/2813 | avg train loss 3.3845 top1 0.0633 top5 0.2752
    [00:02:31] step 1300/2813 | avg train loss 3.3833 top1 0.0636 top5 0.2758
    [00:02:38] step 1350/2813 | avg train loss 3.3824 top1 0.0635 top5 0.2767
    [00:02:44] step 1400/2813 | avg train loss 3.3822 top1 0.0629 top5 0.2772
    [00:02:51] step 1450/2813 | avg train loss 3.3829 top1 0.0625 top5 0.2762
    [00:02:58] step 1500/2813 | avg train loss 3.3824 top1 0.0623 top5 0.2760
    [00:03:04] step 1550/2813 | avg train loss 3.3818 top1 0.0626 top5 0.2763
    [00:03:11] step 1600/2813 | avg train loss 3.3819 top1 0.0629 top5 0.2767
    [00:03:18] step 1650/2813 | avg train loss 3.3809 top1 0.0629 top5 0.2772
    [00:03:24] step 1700/2813 | avg train loss 3.3797 top1 0.0631 top5 0.2781
    [00:03:31] step 1750/2813 | avg train loss 3.3803 top1 0.0630 top5 0.2776
    [00:03:38] step 1800/2813 | avg train loss 3.3799 top1 0.0629 top5 0.2782
    [00:03:44] step 1850/2813 | avg train loss 3.3803 top1 0.0630 top5 0.2781
    [00:03:51] step 1900/2813 | avg train loss 3.3796 top1 0.0630 top5 0.2786
    [00:03:58] step 1950/2813 | avg train loss 3.3789 top1 0.0628 top5 0.2784
    [00:04:04] step 2000/2813 | avg train loss 3.3782 top1 0.0627 top5 0.2786
    [00:04:11] step 2050/2813 | avg train loss 3.3779 top1 0.0626 top5 0.2789
    [00:04:17] step 2100/2813 | avg train loss 3.3776 top1 0.0624 top5 0.2784
    [00:04:24] step 2150/2813 | avg train loss 3.3773 top1 0.0627 top5 0.2784
    [00:04:31] step 2200/2813 | avg train loss 3.3772 top1 0.0624 top5 0.2782
    [00:04:40] step 2250/2813 | avg train loss 3.3769 top1 0.0624 top5 0.2782
    [00:04:48] step 2300/2813 | avg train loss 3.3768 top1 0.0624 top5 0.2786
    [00:04:54] step 2350/2813 | avg train loss 3.3759 top1 0.0628 top5 0.2792
    [00:05:01] step 2400/2813 | avg train loss 3.3763 top1 0.0627 top5 0.2791
    [00:05:08] step 2450/2813 | avg train loss 3.3762 top1 0.0626 top5 0.2793
    [00:05:14] step 2500/2813 | avg train loss 3.3761 top1 0.0626 top5 0.2793
    [00:05:21] step 2550/2813 | avg train loss 3.3759 top1 0.0629 top5 0.2792
    [00:05:27] step 2600/2813 | avg train loss 3.3760 top1 0.0630 top5 0.2794
    [00:05:34] step 2650/2813 | avg train loss 3.3757 top1 0.0630 top5 0.2798
    [00:05:41] step 2700/2813 | avg train loss 3.3755 top1 0.0632 top5 0.2802
    [00:05:47] step 2750/2813 | avg train loss 3.3749 top1 0.0632 top5 0.2807
    [00:05:54] step 2800/2813 | avg train loss 3.3748 top1 0.0635 top5 0.2807
    [00:05:55] step 2813/2813 | avg train loss 3.3748 top1 0.0634 top5 0.2808
Epoch 2/40 | train loss 3.3748 top1 0.0634 | val loss 3.4473 top1 0.0608 top5 0.2632 | ema val top1 0.0455 top5 0.2400
  Saved new best checkpoint (live): /Data/romain.poggi/smth2smth/checkpoints/track_a/vit_truite_ap.pt (val top1=0.0608)
    [00:06:45] step 50/2813 | avg train loss 3.3501 top1 0.0650 top5 0.2888
    [00:06:52] step 100/2813 | avg train loss 3.3464 top1 0.0769 top5 0.2988
    [00:06:59] step 150/2813 | avg train loss 3.3608 top1 0.0725 top5 0.2846
    [00:07:05] step 200/2813 | avg train loss 3.3669 top1 0.0706 top5 0.2794
    [00:07:12] step 250/2813 | avg train loss 3.3680 top1 0.0653 top5 0.2750
    [00:07:18] step 300/2813 | avg train loss 3.3677 top1 0.0673 top5 0.2773
    [00:07:25] step 350/2813 | avg train loss 3.3683 top1 0.0664 top5 0.2784
    [00:07:32] step 400/2813 | avg train loss 3.3679 top1 0.0647 top5 0.2800
    [00:07:38] step 450/2813 | avg train loss 3.3668 top1 0.0649 top5 0.2800
    [00:07:45] step 500/2813 | avg train loss 3.3638 top1 0.0659 top5 0.2846
    [00:07:52] step 550/2813 | avg train loss 3.3634 top1 0.0663 top5 0.2860
    [00:07:58] step 600/2813 | avg train loss 3.3651 top1 0.0650 top5 0.2822
    [00:08:05] step 650/2813 | avg train loss 3.3653 top1 0.0644 top5 0.2823
    [00:08:12] step 700/2813 | avg train loss 3.3657 top1 0.0649 top5 0.2813
    [00:08:18] step 750/2813 | avg train loss 3.3653 top1 0.0657 top5 0.2818
    [00:08:25] step 800/2813 | avg train loss 3.3656 top1 0.0665 top5 0.2809
    [00:08:32] step 850/2813 | avg train loss 3.3652 top1 0.0674 top5 0.2823
    [00:08:38] step 900/2813 | avg train loss 3.3658 top1 0.0667 top5 0.2828
    [00:08:45] step 950/2813 | avg train loss 3.3668 top1 0.0670 top5 0.2829
    [00:08:52] step 1000/2813 | avg train loss 3.3672 top1 0.0664 top5 0.2825
    [00:08:58] step 1050/2813 | avg train loss 3.3683 top1 0.0669 top5 0.2826
    [00:09:05] step 1100/2813 | avg train loss 3.3686 top1 0.0670 top5 0.2814
    [00:09:12] step 1150/2813 | avg train loss 3.3692 top1 0.0663 top5 0.2812
    [00:09:18] step 1200/2813 | avg train loss 3.3685 top1 0.0660 top5 0.2820
    [00:09:25] step 1250/2813 | avg train loss 3.3677 top1 0.0662 top5 0.2826
    [00:09:32] step 1300/2813 | avg train loss 3.3669 top1 0.0664 top5 0.2833
    [00:09:38] step 1350/2813 | avg train loss 3.3669 top1 0.0659 top5 0.2837
    [00:09:45] step 1400/2813 | avg train loss 3.3673 top1 0.0654 top5 0.2832
    [00:09:52] step 1450/2813 | avg train loss 3.3668 top1 0.0649 top5 0.2824
    [00:09:58] step 1500/2813 | avg train loss 3.3675 top1 0.0650 top5 0.2824
    [00:10:05] step 1550/2813 | avg train loss 3.3660 top1 0.0657 top5 0.2833
    [00:10:12] step 1600/2813 | avg train loss 3.3659 top1 0.0661 top5 0.2834
    [00:10:18] step 1650/2813 | avg train loss 3.3665 top1 0.0659 top5 0.2828
    [00:10:25] step 1700/2813 | avg train loss 3.3660 top1 0.0657 top5 0.2833
    [00:10:31] step 1750/2813 | avg train loss 3.3653 top1 0.0656 top5 0.2844
    [00:10:38] step 1800/2813 | avg train loss 3.3656 top1 0.0657 top5 0.2846
    [00:10:45] step 1850/2813 | avg train loss 3.3655 top1 0.0659 top5 0.2846
    [00:10:51] step 1900/2813 | avg train loss 3.3652 top1 0.0660 top5 0.2852
    [00:10:58] step 1950/2813 | avg train loss 3.3652 top1 0.0662 top5 0.2857
    [00:11:05] step 2000/2813 | avg train loss 3.3647 top1 0.0660 top5 0.2860
    [00:11:11] step 2050/2813 | avg train loss 3.3645 top1 0.0662 top5 0.2860
    [00:11:18] step 2100/2813 | avg train loss 3.3645 top1 0.0662 top5 0.2863
    [00:11:25] step 2150/2813 | avg train loss 3.3639 top1 0.0667 top5 0.2868
    [00:11:31] step 2200/2813 | avg train loss 3.3644 top1 0.0663 top5 0.2865
    [00:11:38] step 2250/2813 | avg train loss 3.3642 top1 0.0664 top5 0.2866
    [00:11:45] step 2300/2813 | avg train loss 3.3646 top1 0.0663 top5 0.2858
    [00:11:51] step 2350/2813 | avg train loss 3.3643 top1 0.0661 top5 0.2861
    [00:11:58] step 2400/2813 | avg train loss 3.3636 top1 0.0663 top5 0.2866
    [00:12:05] step 2450/2813 | avg train loss 3.3635 top1 0.0663 top5 0.2871
    [00:12:11] step 2500/2813 | avg train loss 3.3642 top1 0.0659 top5 0.2867
    [00:12:18] step 2550/2813 | avg train loss 3.3639 top1 0.0662 top5 0.2872
    [00:12:25] step 2600/2813 | avg train loss 3.3638 top1 0.0661 top5 0.2871
    [00:12:31] step 2650/2813 | avg train loss 3.3638 top1 0.0659 top5 0.2872
    [00:12:38] step 2700/2813 | avg train loss 3.3636 top1 0.0656 top5 0.2868
    [00:12:45] step 2750/2813 | avg train loss 3.3636 top1 0.0652 top5 0.2868
    [00:12:51] step 2800/2813 | avg train loss 3.3634 top1 0.0652 top5 0.2866
    [00:12:53] step 2813/2813 | avg train loss 3.3635 top1 0.0653 top5 0.2864
Epoch 3/40 | train loss 3.3635 top1 0.0653 | val loss 3.4478 top1 0.0532 top5 0.2543 | ema val top1 0.0466 top5 0.2517
  No val top1 improvement (1/15); best remains 0.0608
    [00:13:42] step 50/2813 | avg train loss 3.3172 top1 0.0788 top5 0.2988
    [00:13:49] step 100/2813 | avg train loss 3.3453 top1 0.0737 top5 0.2869
    [00:13:56] step 150/2813 | avg train loss 3.3426 top1 0.0721 top5 0.2883
    [00:14:02] step 200/2813 | avg train loss 3.3471 top1 0.0666 top5 0.2881
    [00:14:09] step 250/2813 | avg train loss 3.3480 top1 0.0683 top5 0.2945
    [00:14:16] step 300/2813 | avg train loss 3.3525 top1 0.0675 top5 0.2910
    [00:14:22] step 350/2813 | avg train loss 3.3513 top1 0.0682 top5 0.2959
    [00:14:29] step 400/2813 | avg train loss 3.3510 top1 0.0681 top5 0.2959
    [00:14:35] step 450/2813 | avg train loss 3.3516 top1 0.0672 top5 0.2942
    [00:14:42] step 500/2813 | avg train loss 3.3549 top1 0.0653 top5 0.2926
    [00:14:49] step 550/2813 | avg train loss 3.3550 top1 0.0647 top5 0.2935
    [00:14:55] step 600/2813 | avg train loss 3.3568 top1 0.0640 top5 0.2909
    [00:15:02] step 650/2813 | avg train loss 3.3576 top1 0.0644 top5 0.2895
    [00:15:09] step 700/2813 | avg train loss 3.3575 top1 0.0655 top5 0.2904
    [00:15:15] step 750/2813 | avg train loss 3.3579 top1 0.0661 top5 0.2907
    [00:15:22] step 800/2813 | avg train loss 3.3569 top1 0.0659 top5 0.2918
    [00:15:29] step 850/2813 | avg train loss 3.3573 top1 0.0656 top5 0.2911
    [00:15:35] step 900/2813 | avg train loss 3.3579 top1 0.0650 top5 0.2898
    [00:15:42] step 950/2813 | avg train loss 3.3560 top1 0.0649 top5 0.2903
    [00:15:49] step 1000/2813 | avg train loss 3.3566 top1 0.0649 top5 0.2903
    [00:15:55] step 1050/2813 | avg train loss 3.3591 top1 0.0651 top5 0.2886
    [00:16:02] step 1100/2813 | avg train loss 3.3588 top1 0.0644 top5 0.2889
    [00:16:09] step 1150/2813 | avg train loss 3.3598 top1 0.0632 top5 0.2880
    [00:16:15] step 1200/2813 | avg train loss 3.3585 top1 0.0635 top5 0.2890
    [00:16:22] step 1250/2813 | avg train loss 3.3581 top1 0.0635 top5 0.2896
    [00:16:29] step 1300/2813 | avg train loss 3.3575 top1 0.0638 top5 0.2899
    [00:16:35] step 1350/2813 | avg train loss 3.3569 top1 0.0642 top5 0.2899
    [00:16:42] step 1400/2813 | avg train loss 3.3579 top1 0.0641 top5 0.2893
    [00:16:48] step 1450/2813 | avg train loss 3.3585 top1 0.0645 top5 0.2888
    [00:16:55] step 1500/2813 | avg train loss 3.3583 top1 0.0647 top5 0.2885
    [00:17:02] step 1550/2813 | avg train loss 3.3581 top1 0.0651 top5 0.2884
    [00:17:08] step 1600/2813 | avg train loss 3.3573 top1 0.0654 top5 0.2889
    [00:17:15] step 1650/2813 | avg train loss 3.3572 top1 0.0652 top5 0.2892
    [00:17:22] step 1700/2813 | avg train loss 3.3560 top1 0.0651 top5 0.2903
    [00:17:28] step 1750/2813 | avg train loss 3.3566 top1 0.0650 top5 0.2908
    [00:17:35] step 1800/2813 | avg train loss 3.3564 top1 0.0652 top5 0.2906
    [00:17:41] step 1850/2813 | avg train loss 3.3570 top1 0.0650 top5 0.2901
    [00:17:48] step 1900/2813 | avg train loss 3.3563 top1 0.0659 top5 0.2910
    [00:17:55] step 1950/2813 | avg train loss 3.3568 top1 0.0658 top5 0.2914
    [00:18:01] step 2000/2813 | avg train loss 3.3568 top1 0.0658 top5 0.2912
    [00:18:08] step 2050/2813 | avg train loss 3.3571 top1 0.0654 top5 0.2911
    [00:18:15] step 2100/2813 | avg train loss 3.3565 top1 0.0654 top5 0.2915
    [00:18:21] step 2150/2813 | avg train loss 3.3569 top1 0.0656 top5 0.2911
    [00:18:28] step 2200/2813 | avg train loss 3.3567 top1 0.0656 top5 0.2913
    [00:18:35] step 2250/2813 | avg train loss 3.3574 top1 0.0656 top5 0.2909
    [00:18:41] step 2300/2813 | avg train loss 3.3574 top1 0.0659 top5 0.2911
    [00:18:48] step 2350/2813 | avg train loss 3.3579 top1 0.0656 top5 0.2909
    [00:18:55] step 2400/2813 | avg train loss 3.3575 top1 0.0656 top5 0.2914
    [00:19:01] step 2450/2813 | avg train loss 3.3581 top1 0.0653 top5 0.2904
    [00:19:08] step 2500/2813 | avg train loss 3.3578 top1 0.0653 top5 0.2908
    [00:19:15] step 2550/2813 | avg train loss 3.3573 top1 0.0651 top5 0.2912
    [00:19:21] step 2600/2813 | avg train loss 3.3575 top1 0.0650 top5 0.2908
    [00:19:28] step 2650/2813 | avg train loss 3.3570 top1 0.0651 top5 0.2916
    [00:19:34] step 2700/2813 | avg train loss 3.3573 top1 0.0651 top5 0.2914
    [00:19:41] step 2750/2813 | avg train loss 3.3568 top1 0.0651 top5 0.2916
    [00:19:48] step 2800/2813 | avg train loss 3.3569 top1 0.0652 top5 0.2915
    [00:19:49] step 2813/2813 | avg train loss 3.3567 top1 0.0653 top5 0.2916
Epoch 4/40 | train loss 3.3567 top1 0.0653 | val loss 3.4496 top1 0.0532 top5 0.2523 | ema val top1 0.0448 top5 0.2514
  No val top1 improvement (2/15); best remains 0.0608
    [00:20:37] step 50/2813 | avg train loss 3.3466 top1 0.0625 top5 0.3013
    [00:20:44] step 100/2813 | avg train loss 3.3447 top1 0.0638 top5 0.3156
    [00:20:51] step 150/2813 | avg train loss 3.3414 top1 0.0612 top5 0.3075
    [00:20:57] step 200/2813 | avg train loss 3.3507 top1 0.0581 top5 0.2922
    [00:21:04] step 250/2813 | avg train loss 3.3448 top1 0.0612 top5 0.2950
    [00:21:11] step 300/2813 | avg train loss 3.3481 top1 0.0604 top5 0.2944
    [00:21:17] step 350/2813 | avg train loss 3.3506 top1 0.0602 top5 0.2893
    [00:21:24] step 400/2813 | avg train loss 3.3497 top1 0.0602 top5 0.2920
    [00:21:30] step 450/2813 | avg train loss 3.3533 top1 0.0617 top5 0.2901
    [00:21:37] step 500/2813 | avg train loss 3.3527 top1 0.0640 top5 0.2944
    [00:21:44] step 550/2813 | avg train loss 3.3550 top1 0.0638 top5 0.2918
    [00:21:50] step 600/2813 | avg train loss 3.3538 top1 0.0646 top5 0.2940
    [00:21:57] step 650/2813 | avg train loss 3.3553 top1 0.0643 top5 0.2917
    [00:22:04] step 700/2813 | avg train loss 3.3568 top1 0.0645 top5 0.2913
    [00:22:10] step 750/2813 | avg train loss 3.3563 top1 0.0636 top5 0.2913
    [00:22:17] step 800/2813 | avg train loss 3.3575 top1 0.0630 top5 0.2892
    [00:22:23] step 850/2813 | avg train loss 3.3562 top1 0.0634 top5 0.2913
    [00:22:30] step 900/2813 | avg train loss 3.3551 top1 0.0638 top5 0.2929
    [00:22:37] step 950/2813 | avg train loss 3.3551 top1 0.0641 top5 0.2924
    [00:22:43] step 1000/2813 | avg train loss 3.3559 top1 0.0643 top5 0.2918
    [00:22:50] step 1050/2813 | avg train loss 3.3548 top1 0.0643 top5 0.2925
    [00:22:56] step 1100/2813 | avg train loss 3.3543 top1 0.0651 top5 0.2929
    [00:23:03] step 1150/2813 | avg train loss 3.3554 top1 0.0650 top5 0.2917
    [00:23:10] step 1200/2813 | avg train loss 3.3547 top1 0.0657 top5 0.2935
    [00:23:16] step 1250/2813 | avg train loss 3.3535 top1 0.0666 top5 0.2940
    [00:23:23] step 1300/2813 | avg train loss 3.3532 top1 0.0669 top5 0.2933
    [00:23:29] step 1350/2813 | avg train loss 3.3533 top1 0.0668 top5 0.2931
    [00:23:36] step 1400/2813 | avg train loss 3.3536 top1 0.0668 top5 0.2930
    [00:23:43] step 1450/2813 | avg train loss 3.3540 top1 0.0662 top5 0.2925
    [00:23:49] step 1500/2813 | avg train loss 3.3544 top1 0.0666 top5 0.2923
    [00:23:56] step 1550/2813 | avg train loss 3.3543 top1 0.0663 top5 0.2925
    [00:24:02] step 1600/2813 | avg train loss 3.3534 top1 0.0664 top5 0.2931
    [00:24:09] step 1650/2813 | avg train loss 3.3541 top1 0.0661 top5 0.2923
    [00:24:16] step 1700/2813 | avg train loss 3.3544 top1 0.0658 top5 0.2918
    [00:24:22] step 1750/2813 | avg train loss 3.3552 top1 0.0659 top5 0.2908
    [00:24:29] step 1800/2813 | avg train loss 3.3553 top1 0.0659 top5 0.2909
    [00:24:35] step 1850/2813 | avg train loss 3.3555 top1 0.0657 top5 0.2899
    [00:24:42] step 1900/2813 | avg train loss 3.3546 top1 0.0659 top5 0.2908
    [00:24:49] step 1950/2813 | avg train loss 3.3541 top1 0.0659 top5 0.2911
    [00:24:55] step 2000/2813 | avg train loss 3.3549 top1 0.0658 top5 0.2911
    [00:25:02] step 2050/2813 | avg train loss 3.3551 top1 0.0658 top5 0.2909
    [00:25:09] step 2100/2813 | avg train loss 3.3552 top1 0.0660 top5 0.2902
    [00:25:15] step 2150/2813 | avg train loss 3.3548 top1 0.0660 top5 0.2907
    [00:25:22] step 2200/2813 | avg train loss 3.3546 top1 0.0660 top5 0.2905
    [00:25:29] step 2250/2813 | avg train loss 3.3552 top1 0.0662 top5 0.2904
    [00:25:35] step 2300/2813 | avg train loss 3.3549 top1 0.0665 top5 0.2905
    [00:25:42] step 2350/2813 | avg train loss 3.3543 top1 0.0668 top5 0.2912
    [00:25:48] step 2400/2813 | avg train loss 3.3535 top1 0.0669 top5 0.2914
    [00:25:55] step 2450/2813 | avg train loss 3.3524 top1 0.0671 top5 0.2923
    [00:26:02] step 2500/2813 | avg train loss 3.3528 top1 0.0670 top5 0.2924
    [00:26:08] step 2550/2813 | avg train loss 3.3528 top1 0.0671 top5 0.2926
    [00:26:15] step 2600/2813 | avg train loss 3.3527 top1 0.0671 top5 0.2928
