nohup: ignoring input
model:
  name: avanced_resnet50_tsm
  backbone: resnet50
  pretrained: false
  num_classes: ${num_classes}
  shift_div: 8
  shift_place: blockres
  dropout: 0.5
  drop_path_rate: 0.1
  head: attn
  head_num_heads: 4
  init_from: null
dataset:
  root: ${hydra:runtime.cwd}/data
  train_dir: ${dataset.root}/train
  val_dir: ${dataset.root}/val
  test_dir: ${dataset.root}/test
  augmented_dirs: []
  test_manifest: null
  submission_output: ${hydra:runtime.cwd}/submissions/track_a.csv
  num_frames: 4
  val_ratio: 0.2
  use_official_val: true
  seed: ${seed}
  max_samples: null
  image_size: 224
  time_reversal_prob: 0
training:
  batch_size: 16
  lr: 0.0001
  epochs: 150
  num_workers: 2
  checkpoint_path: ${hydra:runtime.cwd}/checkpoints/track_a/best_model.pt
  resume_from: null
  amp: true
  device: cuda
  optimizer: adamw
  momentum: 0.9
  nesterov: false
  weight_decay: 0.05
  scheduler_cosine: true
  warmup_epochs: 10
  min_lr: 1.0e-06
  label_smoothing: 0.1
  videomix_alpha: 5.0
  videomix_prob: 0.5
  videomix_mode: cube_cutmix
  early_stopping_enabled: true
  early_stopping_patience: 25
  early_stopping_min_delta: 0.001
  log_interval_steps: 100
  ema_enabled: true
  ema_decay: 0.999
  tta: true
  tta_flip: true
  tta_temporal_shift: 0
  tta_scales:
  - 0.875
  - 1.0
  - 1.125
  tta_logit_adjust: 1.0
  class_balance_sampler: sqrt_inverse
  class_balance_loss: cb
  class_balance_beta: 0.999
augment:
  name: randaugment_t
  random_horizontal_flip: true
  random_crop: true
  crop_padding: 32
  color_jitter: false
  color_jitter_brightness: 0.0
  color_jitter_contrast: 0.0
  color_jitter_saturation: 0.0
  color_jitter_hue: 0.0
  sync_across_frames: true
  randaugment:
    enabled: true
    'n': 2
    m: 9.0
    mode: temporal_plus
    magnitude_max: 30.0
    ops: null
pretrain:
  epochs: 100
  batch_size: 64
  lr: 0.0005
  weight_decay: 0.04
  log_interval_steps: 50
  checkpoint_path: ${hydra:runtime.cwd}/ssl_trunk.pt
  max_frames: null
  image_size: 224
  local_image_size: 96
  num_local_views: 6
  out_dim: 4096
  hidden_dim: 2048
  bottleneck_dim: 256
  n_layers: 3
  teacher_temp: 0.04
  student_temp: 0.1
  center_momentum: 0.9
  teacher_momentum_base: 0.996
  teacher_momentum_final: 1.0
track:
  name: a
  description: 'Closed-world track: train from scratch.'
num_classes: 33
seed: 42

[cuda] cache emptied (run-start). Free: 23.18 / 23.54 GiB
[data] use_official_val=true: train=44993 (from /Data/thomas.turkieh/smth2smth/data/train), val=6745 (from /Data/thomas.turkieh/smth2smth/data/val)
[class-balance] sampler='sqrt_inverse'; trained classes=32, effective per-class draw equalised by sqrt_inverse.
[class-balance] loss policy='cb', beta=0.999; min=0.610, max=3.909, never-trained classes set to 0: 1.
[amp] mixed-precision (fp16 + GradScaler) enabled.
[ema] enabled (decay=0.999); will eval both live and EMA each epoch.
    step 100/2813 | avg train loss 3.6430 top1 0.0344 top5 0.1694
    step 200/2813 | avg train loss 3.6281 top1 0.0322 top5 0.1650
    step 300/2813 | avg train loss 3.6213 top1 0.0335 top5 0.1638
    step 400/2813 | avg train loss 3.6207 top1 0.0344 top5 0.1656
    step 500/2813 | avg train loss 3.6161 top1 0.0346 top5 0.1626
    step 600/2813 | avg train loss 3.6103 top1 0.0342 top5 0.1643
    step 700/2813 | avg train loss 3.6060 top1 0.0346 top5 0.1663
    step 800/2813 | avg train loss 3.6028 top1 0.0347 top5 0.1682
    step 900/2813 | avg train loss 3.6009 top1 0.0338 top5 0.1674
    step 1000/2813 | avg train loss 3.6005 top1 0.0332 top5 0.1663
    step 1100/2813 | avg train loss 3.5982 top1 0.0339 top5 0.1681
    step 1200/2813 | avg train loss 3.5968 top1 0.0338 top5 0.1688
    step 1300/2813 | avg train loss 3.5947 top1 0.0338 top5 0.1702
    step 1400/2813 | avg train loss 3.5929 top1 0.0344 top5 0.1714
    step 1500/2813 | avg train loss 3.5938 top1 0.0338 top5 0.1701
    step 1600/2813 | avg train loss 3.5913 top1 0.0336 top5 0.1704
    step 1700/2813 | avg train loss 3.5897 top1 0.0332 top5 0.1707
    step 1800/2813 | avg train loss 3.5886 top1 0.0333 top5 0.1717
    step 1900/2813 | avg train loss 3.5889 top1 0.0332 top5 0.1711
    step 2000/2813 | avg train loss 3.5879 top1 0.0330 top5 0.1703
    step 2100/2813 | avg train loss 3.5869 top1 0.0331 top5 0.1705
    step 2200/2813 | avg train loss 3.5857 top1 0.0332 top5 0.1703
    step 2300/2813 | avg train loss 3.5855 top1 0.0332 top5 0.1709
    step 2400/2813 | avg train loss 3.5841 top1 0.0334 top5 0.1717
    step 2500/2813 | avg train loss 3.5829 top1 0.0337 top5 0.1716
    step 2600/2813 | avg train loss 3.5821 top1 0.0336 top5 0.1719
    step 2700/2813 | avg train loss 3.5809 top1 0.0337 top5 0.1718
    step 2800/2813 | avg train loss 3.5798 top1 0.0340 top5 0.1720
    step 2813/2813 | avg train loss 3.5794 top1 0.0340 top5 0.1721
Epoch 1/150 | train loss 3.5794 top1 0.0340 | val loss 3.4887 top1 0.0365 top5 0.1560 | ema val top1 0.0532 top5 0.1580
  Saved new best checkpoint (ema): /Data/thomas.turkieh/smth2smth/checkpoints/track_a/best_model.pt (val top1=0.0532)
    step 100/2813 | avg train loss 3.5549 top1 0.0431 top5 0.1806
    step 200/2813 | avg train loss 3.5722 top1 0.0381 top5 0.1709
    step 300/2813 | avg train loss 3.5725 top1 0.0346 top5 0.1660
    step 400/2813 | avg train loss 3.5743 top1 0.0342 top5 0.1663
    step 500/2813 | avg train loss 3.5745 top1 0.0348 top5 0.1659
    step 600/2813 | avg train loss 3.5725 top1 0.0348 top5 0.1682
    step 700/2813 | avg train loss 3.5711 top1 0.0347 top5 0.1692
    step 800/2813 | avg train loss 3.5694 top1 0.0347 top5 0.1696
    step 900/2813 | avg train loss 3.5681 top1 0.0344 top5 0.1692
    step 1000/2813 | avg train loss 3.5657 top1 0.0343 top5 0.1695
    step 1100/2813 | avg train loss 3.5644 top1 0.0349 top5 0.1707
    step 1200/2813 | avg train loss 3.5627 top1 0.0357 top5 0.1731
    step 1300/2813 | avg train loss 3.5605 top1 0.0360 top5 0.1737
