model:
  name: video_mae_vit
  variant: vit_s
  num_classes: ${num_classes}
  tube_t: 2
  patch_size: 16
  mlp_ratio: 4.0
  drop_path_rate: 0.1
  dropout: 0.0
  head: mean
  head_num_heads: 4
  init_from: null
dataset:
  root: ${hydra:runtime.cwd}/data
  train_dir: ${dataset.root}/train
  val_dir: ${dataset.root}/val
  test_dir: ${dataset.root}/test
  augmented_dirs: []
  test_manifest: null
  submission_output: ${hydra:runtime.cwd}/submissions/track_a.csv
  num_frames: 4
  val_ratio: 0.2
  use_official_val: true
  seed: ${seed}
  max_samples: null
  max_samples_per_class: null
  image_size: 224
  time_reversal_prob: 0.0
  temporal_reversal_augment:
    enabled: false
    prob: 0.5
  class_boosting:
    enabled: false
training:
  batch_size: 64
  lr: 0.001
  epochs: 80
  num_workers: 8
  checkpoint_path: ${hydra:runtime.cwd}/checkpoints/track_a/vit_sardine.pt
  resume_from: null
  lora_lr: null
  lora_lr_ratio: 0.25
  motion_lr: null
  motion_lr_ratio: null
  resume_apply_cfg_lr: false
  amp: true
  device: cuda
  optimizer: adamw
  momentum: 0.9
  nesterov: false
  weight_decay: 0.05
  scheduler_cosine: true
  warmup_epochs: 10
  min_lr: 1.0e-06
  label_smoothing: 0.1
  videomix_alpha: 1.0
  videomix_prob: 0.5
  videomix_mode: cube_cutmix
  early_stopping_enabled: true
  early_stopping_patience: 15
  early_stopping_min_delta: 0.001
  log_interval_steps: 50
  ema_enabled: true
  ema_decay: 0.9999
  eval_every_n_epochs: 1
  eval_ema: true
  save_last_checkpoint: true
  last_checkpoint_path: null
  tta: true
  tta_flip: false
  tta_temporal_shift: 0
  tta_scales:
  - 0.875
  - 1.0
  - 1.125
  tta_logit_adjust: 0.0
  class_balance_sampler: none
  class_balance_loss: none
  class_balance_beta: 0.999
augment:
  name: randaugment_t
  random_horizontal_flip: false
  random_crop: true
  crop_padding: 32
  color_jitter: false
  color_jitter_brightness: 0.0
  color_jitter_contrast: 0.0
  color_jitter_saturation: 0.0
  color_jitter_hue: 0.0
  sync_across_frames: true
  randaugment:
    enabled: true
    'n': 6
    m: 10.0
    mode: temporal_plus
    magnitude_max: 30.0
    ops: null
pretrain:
  epochs: 100
  batch_size: 64
  lr: 0.0005
  weight_decay: 0.04
  log_interval_steps: 50
  checkpoint_path: ${hydra:runtime.cwd}/ssl_trunk.pt
  max_frames: null
  image_size: 224
  local_image_size: 96
  num_local_views: 6
  out_dim: 4096
  hidden_dim: 2048
  bottleneck_dim: 256
  n_layers: 3
  teacher_temp: 0.04
  student_temp: 0.1
  center_momentum: 0.9
  teacher_momentum_base: 0.996
  teacher_momentum_final: 1.0
track:
  name: a
  description: 'Closed-world track: train from scratch.'
num_classes: 33
seed: 42

[cuda] cache emptied (run-start). Free: 14.98 / 23.53 GiB
[data] use_official_val=true: train=44993 (from /Data/romain.poggi/smth2smth/data/train), val=6745 (from /Data/romain.poggi/smth2smth/data/val)
[optim] trainable 22,047,777 / total 22,047,777 params (100.00%)
[amp] mixed-precision (fp16 + GradScaler) enabled.
[ema] enabled (decay=0.9999); will eval both live and EMA each epoch.
    [23:02:32] step 50/704 | avg train loss 3.4263 top1 0.0519 top5 0.2447
    [23:02:48] step 100/704 | avg train loss 3.3947 top1 0.0545 top5 0.2648
    [23:03:02] step 150/704 | avg train loss 3.3820 top1 0.0565 top5 0.2730
    [23:03:10] step 200/704 | avg train loss 3.3726 top1 0.0592 top5 0.2777
    [23:03:19] step 250/704 | avg train loss 3.3714 top1 0.0604 top5 0.2787
    [23:03:28] step 300/704 | avg train loss 3.3696 top1 0.0617 top5 0.2828
    [23:03:37] step 350/704 | avg train loss 3.3684 top1 0.0617 top5 0.2833
    [23:03:45] step 400/704 | avg train loss 3.3685 top1 0.0618 top5 0.2824
    [23:03:54] step 450/704 | avg train loss 3.3666 top1 0.0629 top5 0.2842
    [23:04:03] step 500/704 | avg train loss 3.3652 top1 0.0635 top5 0.2838
    [23:04:11] step 550/704 | avg train loss 3.3629 top1 0.0638 top5 0.2849
    [23:04:20] step 600/704 | avg train loss 3.3620 top1 0.0643 top5 0.2863
    [23:04:29] step 650/704 | avg train loss 3.3612 top1 0.0651 top5 0.2866
    [23:04:37] step 700/704 | avg train loss 3.3603 top1 0.0647 top5 0.2876
    [23:04:38] step 704/704 | avg train loss 3.3603 top1 0.0646 top5 0.2875
Epoch 1/80 | train loss 3.3603 top1 0.0646 | val loss 3.4404 top1 0.0522 top5 0.2498 | ema val top1 0.0280 top5 0.1822
  Saved new best checkpoint (live): /Data/romain.poggi/smth2smth/checkpoints/track_a/vit_sardine.pt (val top1=0.0522)
    [23:05:15] step 50/704 | avg train loss 3.3655 top1 0.0678 top5 0.2806
    [23:05:24] step 100/704 | avg train loss 3.3680 top1 0.0652 top5 0.2791
    [23:05:32] step 150/704 | avg train loss 3.3686 top1 0.0614 top5 0.2843
    [23:05:41] step 200/704 | avg train loss 3.3646 top1 0.0623 top5 0.2880
    [23:05:50] step 250/704 | avg train loss 3.3629 top1 0.0632 top5 0.2907
    [23:05:58] step 300/704 | avg train loss 3.3608 top1 0.0644 top5 0.2920
    [23:06:07] step 350/704 | avg train loss 3.3607 top1 0.0643 top5 0.2913
    [23:06:16] step 400/704 | avg train loss 3.3599 top1 0.0645 top5 0.2923
    [23:06:24] step 450/704 | avg train loss 3.3611 top1 0.0635 top5 0.2895
    [23:06:33] step 500/704 | avg train loss 3.3613 top1 0.0640 top5 0.2898
    [23:06:41] step 550/704 | avg train loss 3.3616 top1 0.0645 top5 0.2895
    [23:06:50] step 600/704 | avg train loss 3.3602 top1 0.0648 top5 0.2900
    [23:06:59] step 650/704 | avg train loss 3.3592 top1 0.0658 top5 0.2904
    [23:07:08] step 700/704 | avg train loss 3.3586 top1 0.0660 top5 0.2899
    [23:07:08] step 704/704 | avg train loss 3.3584 top1 0.0660 top5 0.2901
Epoch 2/80 | train loss 3.3584 top1 0.0660 | val loss 3.4605 top1 0.0615 top5 0.2377 | ema val top1 0.0424 top5 0.2061
  Saved new best checkpoint (live): /Data/romain.poggi/smth2smth/checkpoints/track_a/vit_sardine.pt (val top1=0.0615)
    [23:07:45] step 50/704 | avg train loss 3.3434 top1 0.0628 top5 0.3009
    [23:07:53] step 100/704 | avg train loss 3.3545 top1 0.0619 top5 0.2984
    [23:08:02] step 150/704 | avg train loss 3.3615 top1 0.0627 top5 0.2908
    [23:08:11] step 200/704 | avg train loss 3.3588 top1 0.0623 top5 0.2886
    [23:08:20] step 250/704 | avg train loss 3.3582 top1 0.0636 top5 0.2881
    [23:08:28] step 300/704 | avg train loss 3.3596 top1 0.0643 top5 0.2874
    [23:08:37] step 350/704 | avg train loss 3.3589 top1 0.0645 top5 0.2881
    [23:08:46] step 400/704 | avg train loss 3.3578 top1 0.0648 top5 0.2886
    [23:08:54] step 450/704 | avg train loss 3.3574 top1 0.0660 top5 0.2885
    [23:09:03] step 500/704 | avg train loss 3.3586 top1 0.0662 top5 0.2888
    [23:09:12] step 550/704 | avg train loss 3.3578 top1 0.0670 top5 0.2905
    [23:09:20] step 600/704 | avg train loss 3.3578 top1 0.0666 top5 0.2902
    [23:09:29] step 650/704 | avg train loss 3.3576 top1 0.0669 top5 0.2902
    [23:09:38] step 700/704 | avg train loss 3.3579 top1 0.0667 top5 0.2900
    [23:09:38] step 704/704 | avg train loss 3.3581 top1 0.0666 top5 0.2901
Epoch 3/80 | train loss 3.3581 top1 0.0666 | val loss 3.4381 top1 0.0581 top5 0.2470 | ema val top1 0.0480 top5 0.2259
  No val top1 improvement (1/15); best remains 0.0615
    [23:10:15] step 50/704 | avg train loss 3.3595 top1 0.0656 top5 0.2872
    [23:10:24] step 100/704 | avg train loss 3.3595 top1 0.0656 top5 0.2905
    [23:10:34] step 150/704 | avg train loss 3.3576 top1 0.0649 top5 0.2936
    [23:10:44] step 200/704 | avg train loss 3.3607 top1 0.0634 top5 0.2899
    [23:10:53] step 250/704 | avg train loss 3.3572 top1 0.0656 top5 0.2906
    [23:11:03] step 300/704 | avg train loss 3.3575 top1 0.0651 top5 0.2910
    [23:11:12] step 350/704 | avg train loss 3.3581 top1 0.0653 top5 0.2919
    [23:11:22] step 400/704 | avg train loss 3.3577 top1 0.0650 top5 0.2921
    [23:11:32] step 450/704 | avg train loss 3.3592 top1 0.0651 top5 0.2914
