warning: `VIRTUAL_ENV=/usr` does not match the project environment path `.venv` and will be ignored; use `--active` to target the active environment instead
model:
  name: video_mae_vit
  variant: vit_b
  num_classes: ${num_classes}
  tube_t: 2
  patch_size: 16
  mlp_ratio: 4.0
  drop_path_rate: 0.1
  dropout: 0.0
  head: mean
  head_num_heads: 4
  init_from: null
dataset:
  root: ${hydra:runtime.cwd}/data
  train_dir: ${dataset.root}/train
  val_dir: ${dataset.root}/val
  test_dir: ${dataset.root}/test
  augmented_dirs: []
  test_manifest: null
  submission_output: ${hydra:runtime.cwd}/submissions/track_a.csv
  num_frames: 4
  val_ratio: 0.2
  use_official_val: true
  seed: ${seed}
  max_samples: null
  max_samples_per_class: null
  image_size: 224
  time_reversal_prob: 0.0
  temporal_reversal_augment:
    enabled: false
    prob: 0.5
  class_boosting:
    enabled: false
training:
  batch_size: 16
  lr: 0.0005
  epochs: 40
  num_workers: 4
  checkpoint_path: ${hydra:runtime.cwd}/checkpoints/track_a/best_model.pt
  resume_from: null
  lora_lr: null
  lora_lr_ratio: 0.25
  motion_lr: null
  motion_lr_ratio: null
  resume_apply_cfg_lr: false
  amp: true
  device: cuda
  optimizer: adamw
  momentum: 0.9
  nesterov: false
  weight_decay: 0.05
  scheduler_cosine: true
  warmup_epochs: 5
  min_lr: 1.0e-06
  label_smoothing: 0.1
  videomix_alpha: 1.0
  videomix_prob: 0.5
  videomix_mode: cube_cutmix
  early_stopping_enabled: true
  early_stopping_patience: 15
  early_stopping_min_delta: 0.001
  log_interval_steps: 50
  ema_enabled: true
  ema_decay: 0.9999
  eval_every_n_epochs: 1
  eval_ema: true
  save_last_checkpoint: true
  last_checkpoint_path: null
  tta: true
  tta_flip: true
  tta_temporal_shift: 0
  tta_scales:
  - 0.875
  - 1.0
  - 1.125
  tta_logit_adjust: 0.0
  class_balance_sampler: none
  class_balance_loss: none
  class_balance_beta: 0.999
augment:
  name: randaugment_t
  random_horizontal_flip: false
  random_crop: true
  crop_padding: 32
  color_jitter: false
  color_jitter_brightness: 0.0
  color_jitter_contrast: 0.0
  color_jitter_saturation: 0.0
  color_jitter_hue: 0.0
  sync_across_frames: true
  randaugment:
    enabled: true
    'n': 4
    m: 7.0
    mode: temporal_plus
    magnitude_max: 30.0
    ops: null
pretrain:
  epochs: 100
  batch_size: 64
  lr: 0.0005
  weight_decay: 0.04
  log_interval_steps: 50
  checkpoint_path: ${hydra:runtime.cwd}/ssl_trunk.pt
  max_frames: null
  image_size: 224
  local_image_size: 96
  num_local_views: 6
  out_dim: 4096
  hidden_dim: 2048
  bottleneck_dim: 256
  n_layers: 3
  teacher_temp: 0.04
  student_temp: 0.1
  center_momentum: 0.9
  teacher_momentum_base: 0.996
  teacher_momentum_final: 1.0
track:
  name: a
  description: 'Closed-world track: train from scratch.'
num_classes: 33
seed: 42

[cuda] cache emptied (run-start). Free: 20.28 / 23.53 GiB
[data] use_official_val=true: train=44993 (from /Data/romain.poggi/smth2smth/data/train), val=6745 (from /Data/romain.poggi/smth2smth/data/val)
[optim] trainable 86,562,849 / total 86,562,849 params (100.00%)
[amp] mixed-precision (fp16 + GradScaler) enabled.
[ema] enabled (decay=0.9999); will eval both live and EMA each epoch.
    [20:32:18] step 50/2813 | avg train loss 3.5523 top1 0.0612 top5 0.2325
    [20:32:24] step 100/2813 | avg train loss 3.4961 top1 0.0581 top5 0.2369
    [20:32:30] step 150/2813 | avg train loss 3.4673 top1 0.0579 top5 0.2433
    [20:32:36] step 200/2813 | avg train loss 3.4558 top1 0.0575 top5 0.2431
    [20:32:42] step 250/2813 | avg train loss 3.4416 top1 0.0553 top5 0.2465
    [20:32:48] step 300/2813 | avg train loss 3.4347 top1 0.0575 top5 0.2519
    [20:32:55] step 350/2813 | avg train loss 3.4308 top1 0.0580 top5 0.2505
    [20:33:01] step 400/2813 | avg train loss 3.4266 top1 0.0572 top5 0.2539
    [20:33:07] step 450/2813 | avg train loss 3.4246 top1 0.0567 top5 0.2542
    [20:33:13] step 500/2813 | avg train loss 3.4203 top1 0.0560 top5 0.2577
    [20:33:19] step 550/2813 | avg train loss 3.4157 top1 0.0569 top5 0.2614
    [20:33:26] step 600/2813 | avg train loss 3.4155 top1 0.0561 top5 0.2586
    [20:33:32] step 650/2813 | avg train loss 3.4121 top1 0.0559 top5 0.2578
    [20:33:38] step 700/2813 | avg train loss 3.4101 top1 0.0566 top5 0.2596
    [20:33:44] step 750/2813 | avg train loss 3.4078 top1 0.0577 top5 0.2595
    [20:33:50] step 800/2813 | avg train loss 3.4051 top1 0.0583 top5 0.2608
    [20:33:57] step 850/2813 | avg train loss 3.4026 top1 0.0593 top5 0.2632
    [20:34:03] step 900/2813 | avg train loss 3.4009 top1 0.0590 top5 0.2641
    [20:34:09] step 950/2813 | avg train loss 3.3977 top1 0.0600 top5 0.2654
    [20:34:15] step 1000/2813 | avg train loss 3.3960 top1 0.0602 top5 0.2667
    [20:34:21] step 1050/2813 | avg train loss 3.3960 top1 0.0604 top5 0.2669
    [20:34:28] step 1100/2813 | avg train loss 3.3935 top1 0.0604 top5 0.2677
    [20:34:34] step 1150/2813 | avg train loss 3.3919 top1 0.0601 top5 0.2671
    [20:34:40] step 1200/2813 | avg train loss 3.3901 top1 0.0606 top5 0.2677
    [20:34:46] step 1250/2813 | avg train loss 3.3883 top1 0.0611 top5 0.2687
    [20:34:52] step 1300/2813 | avg train loss 3.3865 top1 0.0626 top5 0.2693
    [20:34:59] step 1350/2813 | avg train loss 3.3870 top1 0.0623 top5 0.2687
    [20:35:05] step 1400/2813 | avg train loss 3.3859 top1 0.0625 top5 0.2696
    [20:35:11] step 1450/2813 | avg train loss 3.3858 top1 0.0621 top5 0.2698
    [20:35:17] step 1500/2813 | avg train loss 3.3850 top1 0.0622 top5 0.2702
    [20:35:23] step 1550/2813 | avg train loss 3.3844 top1 0.0625 top5 0.2707
    [20:35:29] step 1600/2813 | avg train loss 3.3839 top1 0.0622 top5 0.2705
    [20:35:36] step 1650/2813 | avg train loss 3.3846 top1 0.0620 top5 0.2704
    [20:35:42] step 1700/2813 | avg train loss 3.3859 top1 0.0618 top5 0.2701
    [20:35:48] step 1750/2813 | avg train loss 3.3862 top1 0.0623 top5 0.2706
    [20:35:54] step 1800/2813 | avg train loss 3.3870 top1 0.0623 top5 0.2700
    [20:36:00] step 1850/2813 | avg train loss 3.3872 top1 0.0625 top5 0.2697
    [20:36:07] step 1900/2813 | avg train loss 3.3878 top1 0.0626 top5 0.2695
    [20:36:13] step 1950/2813 | avg train loss 3.3873 top1 0.0622 top5 0.2702
    [20:36:19] step 2000/2813 | avg train loss 3.3869 top1 0.0625 top5 0.2712
    [20:36:25] step 2050/2813 | avg train loss 3.3870 top1 0.0624 top5 0.2716
    [20:36:31] step 2100/2813 | avg train loss 3.3872 top1 0.0624 top5 0.2717
    [20:36:37] step 2150/2813 | avg train loss 3.3869 top1 0.0623 top5 0.2722
    [20:36:44] step 2200/2813 | avg train loss 3.3866 top1 0.0622 top5 0.2724
    [20:36:50] step 2250/2813 | avg train loss 3.3865 top1 0.0624 top5 0.2725
    [20:36:56] step 2300/2813 | avg train loss 3.3868 top1 0.0623 top5 0.2726
    [20:37:02] step 2350/2813 | avg train loss 3.3871 top1 0.0621 top5 0.2724
    [20:37:08] step 2400/2813 | avg train loss 3.3869 top1 0.0617 top5 0.2721
    [20:37:15] step 2450/2813 | avg train loss 3.3868 top1 0.0616 top5 0.2721
    [20:37:21] step 2500/2813 | avg train loss 3.3862 top1 0.0615 top5 0.2726
    [20:37:27] step 2550/2813 | avg train loss 3.3867 top1 0.0614 top5 0.2723
    [20:37:33] step 2600/2813 | avg train loss 3.3866 top1 0.0614 top5 0.2719
    [20:37:39] step 2650/2813 | avg train loss 3.3862 top1 0.0614 top5 0.2719
    [20:37:45] step 2700/2813 | avg train loss 3.3857 top1 0.0617 top5 0.2722
    [20:37:52] step 2750/2813 | avg train loss 3.3851 top1 0.0618 top5 0.2729
    [20:37:58] step 2800/2813 | avg train loss 3.3850 top1 0.0619 top5 0.2732
    [20:37:59] step 2813/2813 | avg train loss 3.3849 top1 0.0619 top5 0.2734
Epoch 1/40 | train loss 3.3849 top1 0.0619 | val loss 3.4645 top1 0.0509 top5 0.2259 | ema val top1 0.0409 top5 0.2448
  Saved new best checkpoint (live): /Data/romain.poggi/smth2smth/checkpoints/track_a/best_model.pt (val top1=0.0509)
    [20:38:41] step 50/2813 | avg train loss 3.4331 top1 0.0437 top5 0.2475
    [20:38:47] step 100/2813 | avg train loss 3.4187 top1 0.0512 top5 0.2550
    [20:38:53] step 150/2813 | avg train loss 3.4062 top1 0.0621 top5 0.2629
    [20:38:59] step 200/2813 | avg train loss 3.4046 top1 0.0619 top5 0.2656
    [20:39:05] step 250/2813 | avg train loss 3.3995 top1 0.0615 top5 0.2695
    [20:39:11] step 300/2813 | avg train loss 3.3974 top1 0.0627 top5 0.2687
    [20:39:18] step 350/2813 | avg train loss 3.3970 top1 0.0621 top5 0.2721
    [20:39:24] step 400/2813 | avg train loss 3.3990 top1 0.0602 top5 0.2675
    [20:39:30] step 450/2813 | avg train loss 3.3992 top1 0.0608 top5 0.2668
    [20:39:36] step 500/2813 | avg train loss 3.3979 top1 0.0615 top5 0.2677
    [20:39:42] step 550/2813 | avg train loss 3.3957 top1 0.0599 top5 0.2697
    [20:39:49] step 600/2813 | avg train loss 3.3929 top1 0.0594 top5 0.2711
    [20:39:55] step 650/2813 | avg train loss 3.3919 top1 0.0600 top5 0.2723
    [20:40:01] step 700/2813 | avg train loss 3.3881 top1 0.0601 top5 0.2753
    [20:40:07] step 750/2813 | avg train loss 3.3877 top1 0.0612 top5 0.2753
    [20:40:13] step 800/2813 | avg train loss 3.3880 top1 0.0610 top5 0.2755
    [20:40:19] step 850/2813 | avg train loss 3.3861 top1 0.0622 top5 0.2766
    [20:40:26] step 900/2813 | avg train loss 3.3867 top1 0.0616 top5 0.2761
    [20:40:32] step 950/2813 | avg train loss 3.3850 top1 0.0622 top5 0.2768
    [20:40:38] step 1000/2813 | avg train loss 3.3861 top1 0.0618 top5 0.2766
    [20:40:44] step 1050/2813 | avg train loss 3.3855 top1 0.0618 top5 0.2776
    [20:40:50] step 1100/2813 | avg train loss 3.3842 top1 0.0618 top5 0.2782
    [20:40:56] step 1150/2813 | avg train loss 3.3851 top1 0.0612 top5 0.2770
    [20:41:03] step 1200/2813 | avg train loss 3.3851 top1 0.0609 top5 0.2756
    [20:41:09] step 1250/2813 | avg train loss 3.3852 top1 0.0605 top5 0.2748
    [20:41:15] step 1300/2813 | avg train loss 3.3855 top1 0.0608 top5 0.2746
    [20:41:21] step 1350/2813 | avg train loss 3.3853 top1 0.0603 top5 0.2744
    [20:41:27] step 1400/2813 | avg train loss 3.3844 top1 0.0602 top5 0.2755
    [20:41:34] step 1450/2813 | avg train loss 3.3831 top1 0.0607 top5 0.2771
    [20:41:40] step 1500/2813 | avg train loss 3.3832 top1 0.0606 top5 0.2772
    [20:41:46] step 1550/2813 | avg train loss 3.3828 top1 0.0603 top5 0.2773
    [20:41:52] step 1600/2813 | avg train loss 3.3824 top1 0.0609 top5 0.2780
    [20:41:58] step 1650/2813 | avg train loss 3.3819 top1 0.0615 top5 0.2787
    [20:42:04] step 1700/2813 | avg train loss 3.3815 top1 0.0619 top5 0.2790
    [20:42:11] step 1750/2813 | avg train loss 3.3803 top1 0.0624 top5 0.2797
    [20:42:17] step 1800/2813 | avg train loss 3.3795 top1 0.0626 top5 0.2793
    [20:42:23] step 1850/2813 | avg train loss 3.3797 top1 0.0626 top5 0.2792
    [20:42:29] step 1900/2813 | avg train loss 3.3791 top1 0.0625 top5 0.2791
    [20:42:35] step 1950/2813 | avg train loss 3.3782 top1 0.0621 top5 0.2788
    [20:42:41] step 2000/2813 | avg train loss 3.3777 top1 0.0623 top5 0.2795
    [20:42:48] step 2050/2813 | avg train loss 3.3773 top1 0.0620 top5 0.2798
    [20:42:54] step 2100/2813 | avg train loss 3.3772 top1 0.0624 top5 0.2804
    [20:43:00] step 2150/2813 | avg train loss 3.3776 top1 0.0628 top5 0.2798
    [20:43:06] step 2200/2813 | avg train loss 3.3779 top1 0.0626 top5 0.2791
    [20:43:12] step 2250/2813 | avg train loss 3.3776 top1 0.0624 top5 0.2791
    [20:43:19] step 2300/2813 | avg train loss 3.3775 top1 0.0629 top5 0.2794
    [20:43:25] step 2350/2813 | avg train loss 3.3762 top1 0.0629 top5 0.2799
    [20:43:31] step 2400/2813 | avg train loss 3.3760 top1 0.0629 top5 0.2798
    [20:43:37] step 2450/2813 | avg train loss 3.3754 top1 0.0630 top5 0.2806
    [20:43:43] step 2500/2813 | avg train loss 3.3751 top1 0.0628 top5 0.2806
    [20:43:49] step 2550/2813 | avg train loss 3.3752 top1 0.0630 top5 0.2800
    [20:43:56] step 2600/2813 | avg train loss 3.3751 top1 0.0630 top5 0.2795
    [20:44:02] step 2650/2813 | avg train loss 3.3749 top1 0.0627 top5 0.2795
    [20:44:08] step 2700/2813 | avg train loss 3.3745 top1 0.0629 top5 0.2799
    [20:44:14] step 2750/2813 | avg train loss 3.3745 top1 0.0631 top5 0.2800
    [20:44:20] step 2800/2813 | avg train loss 3.3738 top1 0.0630 top5 0.2804
    [20:44:22] step 2813/2813 | avg train loss 3.3737 top1 0.0631 top5 0.2806
Epoch 2/40 | train loss 3.3737 top1 0.0631 | val loss 3.4701 top1 0.0474 top5 0.2424 | ema val top1 0.0451 top5 0.2556
  No val top1 improvement (1/15); best remains 0.0509
    [20:45:02] step 50/2813 | avg train loss 3.3585 top1 0.0638 top5 0.2750
    [20:45:08] step 100/2813 | avg train loss 3.3688 top1 0.0606 top5 0.2806
    [20:45:15] step 150/2813 | avg train loss 3.3644 top1 0.0663 top5 0.2892
    [20:45:21] step 200/2813 | avg train loss 3.3684 top1 0.0672 top5 0.2869
    [20:45:27] step 250/2813 | avg train loss 3.3641 top1 0.0653 top5 0.2893
    [20:45:33] step 300/2813 | avg train loss 3.3684 top1 0.0640 top5 0.2815
    [20:45:39] step 350/2813 | avg train loss 3.3686 top1 0.0627 top5 0.2804
    [20:45:45] step 400/2813 | avg train loss 3.3681 top1 0.0614 top5 0.2830
    [20:45:52] step 450/2813 | avg train loss 3.3704 top1 0.0635 top5 0.2825
    [20:45:58] step 500/2813 | avg train loss 3.3706 top1 0.0633 top5 0.2812
    [20:46:04] step 550/2813 | avg train loss 3.3705 top1 0.0609 top5 0.2820
    [20:46:10] step 600/2813 | avg train loss 3.3729 top1 0.0606 top5 0.2789
    [20:46:16] step 650/2813 | avg train loss 3.3723 top1 0.0603 top5 0.2773
    [20:46:22] step 700/2813 | avg train loss 3.3729 top1 0.0597 top5 0.2775
    [20:46:29] step 750/2813 | avg train loss 3.3714 top1 0.0611 top5 0.2787
    [20:46:35] step 800/2813 | avg train loss 3.3731 top1 0.0607 top5 0.2778
    [20:46:41] step 850/2813 | avg train loss 3.3731 top1 0.0607 top5 0.2785
    [20:46:47] step 900/2813 | avg train loss 3.3709 top1 0.0608 top5 0.2803
    [20:46:53] step 950/2813 | avg train loss 3.3708 top1 0.0616 top5 0.2813
    [20:46:59] step 1000/2813 | avg train loss 3.3720 top1 0.0617 top5 0.2809
    [20:47:06] step 1050/2813 | avg train loss 3.3718 top1 0.0617 top5 0.2818
    [20:47:12] step 1100/2813 | avg train loss 3.3719 top1 0.0611 top5 0.2812
    [20:47:18] step 1150/2813 | avg train loss 3.3710 top1 0.0611 top5 0.2822
    [20:47:24] step 1200/2813 | avg train loss 3.3701 top1 0.0613 top5 0.2818
    [20:47:30] step 1250/2813 | avg train loss 3.3692 top1 0.0619 top5 0.2824
    [20:47:36] step 1300/2813 | avg train loss 3.3697 top1 0.0618 top5 0.2822
    [20:47:43] step 1350/2813 | avg train loss 3.3701 top1 0.0619 top5 0.2822
    [20:47:49] step 1400/2813 | avg train loss 3.3700 top1 0.0626 top5 0.2816
    [20:47:55] step 1450/2813 | avg train loss 3.3696 top1 0.0630 top5 0.2823
    [20:48:01] step 1500/2813 | avg train loss 3.3697 top1 0.0629 top5 0.2826
    [20:48:07] step 1550/2813 | avg train loss 3.3697 top1 0.0629 top5 0.2825
    [20:48:13] step 1600/2813 | avg train loss 3.3686 top1 0.0636 top5 0.2832
    [20:48:20] step 1650/2813 | avg train loss 3.3682 top1 0.0635 top5 0.2837
    [20:48:26] step 1700/2813 | avg train loss 3.3680 top1 0.0640 top5 0.2841
    [20:48:32] step 1750/2813 | avg train loss 3.3688 top1 0.0637 top5 0.2837
    [20:48:38] step 1800/2813 | avg train loss 3.3686 top1 0.0636 top5 0.2841
    [20:48:44] step 1850/2813 | avg train loss 3.3689 top1 0.0634 top5 0.2835
    [20:48:50] step 1900/2813 | avg train loss 3.3691 top1 0.0631 top5 0.2835
    [20:48:57] step 1950/2813 | avg train loss 3.3692 top1 0.0633 top5 0.2835
    [20:49:03] step 2000/2813 | avg train loss 3.3685 top1 0.0633 top5 0.2842
    [20:49:09] step 2050/2813 | avg train loss 3.3688 top1 0.0634 top5 0.2838
    [20:49:15] step 2100/2813 | avg train loss 3.3682 top1 0.0637 top5 0.2841
    [20:49:21] step 2150/2813 | avg train loss 3.3675 top1 0.0639 top5 0.2850
    [20:49:27] step 2200/2813 | avg train loss 3.3676 top1 0.0639 top5 0.2850
    [20:49:34] step 2250/2813 | avg train loss 3.3676 top1 0.0640 top5 0.2849
    [20:49:40] step 2300/2813 | avg train loss 3.3674 top1 0.0639 top5 0.2848
    [20:49:46] step 2350/2813 | avg train loss 3.3668 top1 0.0638 top5 0.2845
    [20:49:52] step 2400/2813 | avg train loss 3.3664 top1 0.0639 top5 0.2853
    [20:49:58] step 2450/2813 | avg train loss 3.3661 top1 0.0638 top5 0.2859
    [20:50:04] step 2500/2813 | avg train loss 3.3659 top1 0.0637 top5 0.2859
    [20:50:11] step 2550/2813 | avg train loss 3.3661 top1 0.0635 top5 0.2858
    [20:50:17] step 2600/2813 | avg train loss 3.3660 top1 0.0633 top5 0.2860
    [20:50:23] step 2650/2813 | avg train loss 3.3660 top1 0.0636 top5 0.2859
    [20:50:29] step 2700/2813 | avg train loss 3.3657 top1 0.0635 top5 0.2858
    [20:50:35] step 2750/2813 | avg train loss 3.3654 top1 0.0636 top5 0.2861
    [20:50:41] step 2800/2813 | avg train loss 3.3652 top1 0.0637 top5 0.2862
    [20:50:43] step 2813/2813 | avg train loss 3.3652 top1 0.0637 top5 0.2863
Epoch 3/40 | train loss 3.3652 top1 0.0637 | val loss 3.4557 top1 0.0541 top5 0.2503 | ema val top1 0.0489 top5 0.2549
  Saved new best checkpoint (live): /Data/romain.poggi/smth2smth/checkpoints/track_a/best_model.pt (val top1=0.0541)
    [20:51:24] step 50/2813 | avg train loss 3.3591 top1 0.0712 top5 0.3075
    [20:51:30] step 100/2813 | avg train loss 3.3703 top1 0.0669 top5 0.2938
    [20:51:37] step 150/2813 | avg train loss 3.3782 top1 0.0604 top5 0.2846
    [20:51:43] step 200/2813 | avg train loss 3.3707 top1 0.0631 top5 0.2859
    [20:51:49] step 250/2813 | avg train loss 3.3673 top1 0.0628 top5 0.2865
    [20:51:55] step 300/2813 | avg train loss 3.3654 top1 0.0627 top5 0.2877
    [20:52:01] step 350/2813 | avg train loss 3.3650 top1 0.0621 top5 0.2823
    [20:52:07] step 400/2813 | avg train loss 3.3646 top1 0.0628 top5 0.2867
    [20:52:13] step 450/2813 | avg train loss 3.3646 top1 0.0644 top5 0.2882
    [20:52:20] step 500/2813 | avg train loss 3.3617 top1 0.0656 top5 0.2913
    [20:52:26] step 550/2813 | avg train loss 3.3622 top1 0.0651 top5 0.2908
    [20:52:32] step 600/2813 | avg train loss 3.3613 top1 0.0650 top5 0.2901
    [20:52:38] step 650/2813 | avg train loss 3.3630 top1 0.0646 top5 0.2890
    [20:52:44] step 700/2813 | avg train loss 3.3630 top1 0.0644 top5 0.2900
    [20:52:50] step 750/2813 | avg train loss 3.3617 top1 0.0639 top5 0.2892
    [20:52:57] step 800/2813 | avg train loss 3.3609 top1 0.0636 top5 0.2898
    [20:53:03] step 850/2813 | avg train loss 3.3611 top1 0.0638 top5 0.2888
    [20:53:09] step 900/2813 | avg train loss 3.3606 top1 0.0635 top5 0.2873
    [20:53:15] step 950/2813 | avg train loss 3.3614 top1 0.0635 top5 0.2869
    [20:53:21] step 1000/2813 | avg train loss 3.3609 top1 0.0629 top5 0.2860
    [20:53:27] step 1050/2813 | avg train loss 3.3598 top1 0.0631 top5 0.2877
    [20:53:34] step 1100/2813 | avg train loss 3.3598 top1 0.0630 top5 0.2880
    [20:53:40] step 1150/2813 | avg train loss 3.3604 top1 0.0634 top5 0.2875
    [20:53:46] step 1200/2813 | avg train loss 3.3599 top1 0.0637 top5 0.2879
    [20:53:52] step 1250/2813 | avg train loss 3.3602 top1 0.0634 top5 0.2871
    [20:53:58] step 1300/2813 | avg train loss 3.3595 top1 0.0633 top5 0.2874
    [20:54:04] step 1350/2813 | avg train loss 3.3597 top1 0.0632 top5 0.2875
    [20:54:11] step 1400/2813 | avg train loss 3.3591 top1 0.0633 top5 0.2885
    [20:54:17] step 1450/2813 | avg train loss 3.3590 top1 0.0634 top5 0.2891
    [20:54:23] step 1500/2813 | avg train loss 3.3601 top1 0.0635 top5 0.2888
    [20:54:29] step 1550/2813 | avg train loss 3.3603 top1 0.0635 top5 0.2875
    [20:54:35] step 1600/2813 | avg train loss 3.3595 top1 0.0641 top5 0.2882
    [20:54:41] step 1650/2813 | avg train loss 3.3598 top1 0.0640 top5 0.2880
    [20:54:48] step 1700/2813 | avg train loss 3.3602 top1 0.0639 top5 0.2885
    [20:54:54] step 1750/2813 | avg train loss 3.3599 top1 0.0640 top5 0.2885
    [20:55:00] step 1800/2813 | avg train loss 3.3592 top1 0.0638 top5 0.2885
    [20:55:06] step 1850/2813 | avg train loss 3.3586 top1 0.0641 top5 0.2895
    [20:55:12] step 1900/2813 | avg train loss 3.3587 top1 0.0645 top5 0.2894
    [20:55:18] step 1950/2813 | avg train loss 3.3592 top1 0.0647 top5 0.2897
    [20:55:24] step 2000/2813 | avg train loss 3.3587 top1 0.0646 top5 0.2893
    [20:55:31] step 2050/2813 | avg train loss 3.3596 top1 0.0643 top5 0.2888
    [20:55:37] step 2100/2813 | avg train loss 3.3596 top1 0.0646 top5 0.2886
    [20:55:43] step 2150/2813 | avg train loss 3.3597 top1 0.0647 top5 0.2879
    [20:55:49] step 2200/2813 | avg train loss 3.3594 top1 0.0649 top5 0.2881
    [20:55:55] step 2250/2813 | avg train loss 3.3591 top1 0.0650 top5 0.2883
    [20:56:01] step 2300/2813 | avg train loss 3.3588 top1 0.0647 top5 0.2880
    [20:56:08] step 2350/2813 | avg train loss 3.3587 top1 0.0648 top5 0.2880
    [20:56:14] step 2400/2813 | avg train loss 3.3589 top1 0.0649 top5 0.2882
    [20:56:20] step 2450/2813 | avg train loss 3.3588 top1 0.0650 top5 0.2884
    [20:56:26] step 2500/2813 | avg train loss 3.3588 top1 0.0647 top5 0.2883
    [20:56:32] step 2550/2813 | avg train loss 3.3583 top1 0.0651 top5 0.2894
    [20:56:38] step 2600/2813 | avg train loss 3.3581 top1 0.0653 top5 0.2894
    [20:56:45] step 2650/2813 | avg train loss 3.3579 top1 0.0654 top5 0.2893
    [20:56:51] step 2700/2813 | avg train loss 3.3576 top1 0.0652 top5 0.2895
    [20:56:57] step 2750/2813 | avg train loss 3.3573 top1 0.0655 top5 0.2895
    [20:57:03] step 2800/2813 | avg train loss 3.3572 top1 0.0653 top5 0.2897
    [20:57:05] step 2813/2813 | avg train loss 3.3574 top1 0.0653 top5 0.2896
Epoch 4/40 | train loss 3.3574 top1 0.0653 | val loss 3.4448 top1 0.0511 top5 0.2334 | ema val top1 0.0451 top5 0.2525
  No val top1 improvement (1/15); best remains 0.0541
    [20:57:45] step 50/2813 | avg train loss 3.3417 top1 0.0737 top5 0.2988
    [20:57:51] step 100/2813 | avg train loss 3.3562 top1 0.0719 top5 0.2900
    [20:57:57] step 150/2813 | avg train loss 3.3562 top1 0.0729 top5 0.2921
    [20:58:04] step 200/2813 | avg train loss 3.3539 top1 0.0700 top5 0.2997
    [20:58:10] step 250/2813 | avg train loss 3.3530 top1 0.0700 top5 0.3010
    [20:58:16] step 300/2813 | avg train loss 3.3540 top1 0.0700 top5 0.3008
    [20:58:22] step 350/2813 | avg train loss 3.3526 top1 0.0711 top5 0.3027
    [20:58:28] step 400/2813 | avg train loss 3.3525 top1 0.0708 top5 0.2977
    [20:58:34] step 450/2813 | avg train loss 3.3515 top1 0.0715 top5 0.2985
    [20:58:41] step 500/2813 | avg train loss 3.3507 top1 0.0717 top5 0.2961
    [20:58:47] step 550/2813 | avg train loss 3.3508 top1 0.0709 top5 0.2968
    [20:58:53] step 600/2813 | avg train loss 3.3502 top1 0.0699 top5 0.2965
    [20:58:59] step 650/2813 | avg train loss 3.3491 top1 0.0698 top5 0.2963
    [20:59:05] step 700/2813 | avg train loss 3.3492 top1 0.0700 top5 0.2967
    [20:59:11] step 750/2813 | avg train loss 3.3497 top1 0.0700 top5 0.2958
    [20:59:17] step 800/2813 | avg train loss 3.3522 top1 0.0697 top5 0.2947
    [20:59:24] step 850/2813 | avg train loss 3.3528 top1 0.0703 top5 0.2942
    [20:59:30] step 900/2813 | avg train loss 3.3516 top1 0.0701 top5 0.2955
    [20:59:36] step 950/2813 | avg train loss 3.3524 top1 0.0701 top5 0.2953
    [20:59:42] step 1000/2813 | avg train loss 3.3528 top1 0.0707 top5 0.2953
    [20:59:48] step 1050/2813 | avg train loss 3.3528 top1 0.0718 top5 0.2960
    [20:59:54] step 1100/2813 | avg train loss 3.3513 top1 0.0716 top5 0.2976
    [21:00:01] step 1150/2813 | avg train loss 3.3521 top1 0.0717 top5 0.2968
    [21:00:07] step 1200/2813 | avg train loss 3.3520 top1 0.0718 top5 0.2958
    [21:00:13] step 1250/2813 | avg train loss 3.3526 top1 0.0714 top5 0.2953
    [21:00:19] step 1300/2813 | avg train loss 3.3529 top1 0.0719 top5 0.2948
    [21:00:25] step 1350/2813 | avg train loss 3.3534 top1 0.0720 top5 0.2943
    [21:00:31] step 1400/2813 | avg train loss 3.3535 top1 0.0720 top5 0.2946
    [21:00:38] step 1450/2813 | avg train loss 3.3535 top1 0.0716 top5 0.2941
    [21:00:44] step 1500/2813 | avg train loss 3.3530 top1 0.0715 top5 0.2945
    [21:00:50] step 1550/2813 | avg train loss 3.3540 top1 0.0706 top5 0.2932
    [21:00:56] step 1600/2813 | avg train loss 3.3544 top1 0.0700 top5 0.2933
    [21:01:02] step 1650/2813 | avg train loss 3.3549 top1 0.0695 top5 0.2923
    [21:01:08] step 1700/2813 | avg train loss 3.3552 top1 0.0689 top5 0.2917
    [21:01:14] step 1750/2813 | avg train loss 3.3560 top1 0.0686 top5 0.2910
    [21:01:21] step 1800/2813 | avg train loss 3.3562 top1 0.0688 top5 0.2907
    [21:01:27] step 1850/2813 | avg train loss 3.3568 top1 0.0681 top5 0.2905
    [21:01:33] step 1900/2813 | avg train loss 3.3571 top1 0.0679 top5 0.2905
    [21:01:39] step 1950/2813 | avg train loss 3.3576 top1 0.0679 top5 0.2911
    [21:01:45] step 2000/2813 | avg train loss 3.3577 top1 0.0678 top5 0.2911
    [21:01:51] step 2050/2813 | avg train loss 3.3571 top1 0.0676 top5 0.2917
    [21:01:58] step 2100/2813 | avg train loss 3.3564 top1 0.0679 top5 0.2926
    [21:02:04] step 2150/2813 | avg train loss 3.3560 top1 0.0678 top5 0.2929
    [21:02:10] step 2200/2813 | avg train loss 3.3569 top1 0.0672 top5 0.2926
    [21:02:16] step 2250/2813 | avg train loss 3.3561 top1 0.0674 top5 0.2935
    [21:02:22] step 2300/2813 | avg train loss 3.3560 top1 0.0672 top5 0.2938
    [21:02:28] step 2350/2813 | avg train loss 3.3553 top1 0.0670 top5 0.2937
    [21:02:35] step 2400/2813 | avg train loss 3.3552 top1 0.0668 top5 0.2935
    [21:02:41] step 2450/2813 | avg train loss 3.3546 top1 0.0668 top5 0.2939
    [21:02:47] step 2500/2813 | avg train loss 3.3543 top1 0.0668 top5 0.2937
    [21:02:53] step 2550/2813 | avg train loss 3.3540 top1 0.0667 top5 0.2940
    [21:02:59] step 2600/2813 | avg train loss 3.3538 top1 0.0667 top5 0.2943
    [21:03:05] step 2650/2813 | avg train loss 3.3539 top1 0.0666 top5 0.2939
    [21:03:12] step 2700/2813 | avg train loss 3.3541 top1 0.0665 top5 0.2938
    [21:03:18] step 2750/2813 | avg train loss 3.3543 top1 0.0668 top5 0.2943
    [21:03:24] step 2800/2813 | avg train loss 3.3538 top1 0.0671 top5 0.2947
    [21:03:25] step 2813/2813 | avg train loss 3.3541 top1 0.0670 top5 0.2944
Epoch 5/40 | train loss 3.3541 top1 0.0670 | val loss 3.4411 top1 0.0491 top5 0.2572 | ema val top1 0.0489 top5 0.2477
  No val top1 improvement (2/15); best remains 0.0541
    [21:04:06] step 50/2813 | avg train loss 3.3767 top1 0.0600 top5 0.2762
    [21:04:12] step 100/2813 | avg train loss 3.3689 top1 0.0631 top5 0.2819
    [21:04:18] step 150/2813 | avg train loss 3.3717 top1 0.0563 top5 0.2779
    [21:04:24] step 200/2813 | avg train loss 3.3693 top1 0.0547 top5 0.2781
    [21:04:31] step 250/2813 | avg train loss 3.3680 top1 0.0573 top5 0.2825
    [21:04:37] step 300/2813 | avg train loss 3.3610 top1 0.0571 top5 0.2856
    [21:04:43] step 350/2813 | avg train loss 3.3583 top1 0.0607 top5 0.2863
    [21:04:49] step 400/2813 | avg train loss 3.3559 top1 0.0630 top5 0.2889
    [21:04:55] step 450/2813 | avg train loss 3.3562 top1 0.0629 top5 0.2904
    [21:05:01] step 500/2813 | avg train loss 3.3537 top1 0.0644 top5 0.2928
    [21:05:08] step 550/2813 | avg train loss 3.3529 top1 0.0648 top5 0.2943
    [21:05:14] step 600/2813 | avg train loss 3.3524 top1 0.0639 top5 0.2936
    [21:05:20] step 650/2813 | avg train loss 3.3514 top1 0.0641 top5 0.2954
    [21:05:26] step 700/2813 | avg train loss 3.3513 top1 0.0655 top5 0.2948
    [21:05:32] step 750/2813 | avg train loss 3.3523 top1 0.0658 top5 0.2950
    [21:05:38] step 800/2813 | avg train loss 3.3516 top1 0.0669 top5 0.2973
    [21:05:44] step 850/2813 | avg train loss 3.3528 top1 0.0671 top5 0.2957
    [21:05:51] step 900/2813 | avg train loss 3.3518 top1 0.0670 top5 0.2968
    [21:05:57] step 950/2813 | avg train loss 3.3523 top1 0.0666 top5 0.2968
    [21:06:03] step 1000/2813 | avg train loss 3.3535 top1 0.0662 top5 0.2955
    [21:06:09] step 1050/2813 | avg train loss 3.3532 top1 0.0663 top5 0.2955
    [21:06:15] step 1100/2813 | avg train loss 3.3528 top1 0.0659 top5 0.2961
    [21:06:21] step 1150/2813 | avg train loss 3.3537 top1 0.0657 top5 0.2946
    [21:06:28] step 1200/2813 | avg train loss 3.3532 top1 0.0652 top5 0.2949
    [21:06:34] step 1250/2813 | avg train loss 3.3531 top1 0.0654 top5 0.2947
    [21:06:40] step 1300/2813 | avg train loss 3.3540 top1 0.0650 top5 0.2933
    [21:06:46] step 1350/2813 | avg train loss 3.3542 top1 0.0650 top5 0.2931
    [21:06:52] step 1400/2813 | avg train loss 3.3537 top1 0.0654 top5 0.2933
    [21:06:58] step 1450/2813 | avg train loss 3.3532 top1 0.0662 top5 0.2935
    [21:07:05] step 1500/2813 | avg train loss 3.3532 top1 0.0665 top5 0.2929
    [21:07:11] step 1550/2813 | avg train loss 3.3521 top1 0.0668 top5 0.2934
    [21:07:17] step 1600/2813 | avg train loss 3.3525 top1 0.0668 top5 0.2930
    [21:07:23] step 1650/2813 | avg train loss 3.3531 top1 0.0664 top5 0.2929
    [21:07:29] step 1700/2813 | avg train loss 3.3529 top1 0.0664 top5 0.2925
    [21:07:35] step 1750/2813 | avg train loss 3.3520 top1 0.0665 top5 0.2930
    [21:07:41] step 1800/2813 | avg train loss 3.3514 top1 0.0668 top5 0.2930
    [21:07:48] step 1850/2813 | avg train loss 3.3513 top1 0.0668 top5 0.2930
    [21:07:54] step 1900/2813 | avg train loss 3.3512 top1 0.0666 top5 0.2930
    [21:08:00] step 1950/2813 | avg train loss 3.3514 top1 0.0667 top5 0.2934
    [21:08:06] step 2000/2813 | avg train loss 3.3516 top1 0.0667 top5 0.2936
    [21:08:12] step 2050/2813 | avg train loss 3.3513 top1 0.0669 top5 0.2941
    [21:08:18] step 2100/2813 | avg train loss 3.3505 top1 0.0672 top5 0.2948
    [21:08:24] step 2150/2813 | avg train loss 3.3503 top1 0.0672 top5 0.2947
    [21:08:31] step 2200/2813 | avg train loss 3.3504 top1 0.0675 top5 0.2945
    [21:08:37] step 2250/2813 | avg train loss 3.3500 top1 0.0675 top5 0.2949
    [21:08:43] step 2300/2813 | avg train loss 3.3504 top1 0.0673 top5 0.2948
    [21:08:49] step 2350/2813 | avg train loss 3.3499 top1 0.0672 top5 0.2949
    [21:08:55] step 2400/2813 | avg train loss 3.3501 top1 0.0671 top5 0.2945
    [21:09:01] step 2450/2813 | avg train loss 3.3505 top1 0.0668 top5 0.2939
    [21:09:07] step 2500/2813 | avg train loss 3.3503 top1 0.0673 top5 0.2939
    [21:09:14] step 2550/2813 | avg train loss 3.3505 top1 0.0673 top5 0.2938
    [21:09:20] step 2600/2813 | avg train loss 3.3503 top1 0.0674 top5 0.2940
    [21:09:26] step 2650/2813 | avg train loss 3.3503 top1 0.0674 top5 0.2939
    [21:09:32] step 2700/2813 | avg train loss 3.3502 top1 0.0674 top5 0.2938
    [21:09:38] step 2750/2813 | avg train loss 3.3501 top1 0.0673 top5 0.2939
    [21:09:44] step 2800/2813 | avg train loss 3.3506 top1 0.0673 top5 0.2940
    [21:09:46] step 2813/2813 | avg train loss 3.3504 top1 0.0675 top5 0.2939
Epoch 6/40 | train loss 3.3504 top1 0.0675 | val loss 3.4468 top1 0.0535 top5 0.2400 | ema val top1 0.0517 top5 0.2460
  No val top1 improvement (3/15); best remains 0.0541
    [21:10:27] step 50/2813 | avg train loss 3.3561 top1 0.0775 top5 0.2975
    [21:10:33] step 100/2813 | avg train loss 3.3437 top1 0.0737 top5 0.3000
    [21:10:39] step 150/2813 | avg train loss 3.3517 top1 0.0704 top5 0.2992
    [21:10:45] step 200/2813 | avg train loss 3.3572 top1 0.0681 top5 0.2963
    [21:10:51] step 250/2813 | avg train loss 3.3604 top1 0.0655 top5 0.2948
    [21:10:57] step 300/2813 | avg train loss 3.3583 top1 0.0660 top5 0.2954
    [21:11:03] step 350/2813 | avg train loss 3.3559 top1 0.0650 top5 0.2943
    [21:11:10] step 400/2813 | avg train loss 3.3523 top1 0.0663 top5 0.2969
    [21:11:16] step 450/2813 | avg train loss 3.3516 top1 0.0674 top5 0.2968
    [21:11:22] step 500/2813 | avg train loss 3.3492 top1 0.0670 top5 0.2970
    [21:11:28] step 550/2813 | avg train loss 3.3494 top1 0.0669 top5 0.2975
    [21:11:34] step 600/2813 | avg train loss 3.3493 top1 0.0669 top5 0.2974
    [21:11:40] step 650/2813 | avg train loss 3.3472 top1 0.0677 top5 0.2976
    [21:11:46] step 700/2813 | avg train loss 3.3450 top1 0.0682 top5 0.2996
    [21:11:53] step 750/2813 | avg train loss 3.3474 top1 0.0677 top5 0.2977
    [21:11:59] step 800/2813 | avg train loss 3.3490 top1 0.0666 top5 0.2968
    [21:12:05] step 850/2813 | avg train loss 3.3493 top1 0.0663 top5 0.2963
    [21:12:11] step 900/2813 | avg train loss 3.3512 top1 0.0668 top5 0.2957
    [21:12:17] step 950/2813 | avg train loss 3.3492 top1 0.0678 top5 0.2978
    [21:12:23] step 1000/2813 | avg train loss 3.3487 top1 0.0686 top5 0.2975
    [21:12:30] step 1050/2813 | avg train loss 3.3492 top1 0.0692 top5 0.2971
    [21:12:36] step 1100/2813 | avg train loss 3.3489 top1 0.0695 top5 0.2972
    [21:12:42] step 1150/2813 | avg train loss 3.3488 top1 0.0696 top5 0.2968
    [21:12:48] step 1200/2813 | avg train loss 3.3489 top1 0.0697 top5 0.2980
    [21:12:54] step 1250/2813 | avg train loss 3.3481 top1 0.0689 top5 0.2987
    [21:13:00] step 1300/2813 | avg train loss 3.3464 top1 0.0691 top5 0.3003
    [21:13:06] step 1350/2813 | avg train loss 3.3468 top1 0.0689 top5 0.3004
    [21:13:13] step 1400/2813 | avg train loss 3.3467 top1 0.0689 top5 0.3004
    [21:13:19] step 1450/2813 | avg train loss 3.3468 top1 0.0689 top5 0.3000
    [21:13:25] step 1500/2813 | avg train loss 3.3472 top1 0.0686 top5 0.2993
    [21:13:31] step 1550/2813 | avg train loss 3.3472 top1 0.0689 top5 0.2992
    [21:13:37] step 1600/2813 | avg train loss 3.3475 top1 0.0693 top5 0.2996
    [21:13:43] step 1650/2813 | avg train loss 3.3474 top1 0.0693 top5 0.2995
    [21:13:50] step 1700/2813 | avg train loss 3.3475 top1 0.0697 top5 0.2991
    [21:13:56] step 1750/2813 | avg train loss 3.3478 top1 0.0696 top5 0.2989
    [21:14:02] step 1800/2813 | avg train loss 3.3478 top1 0.0692 top5 0.2988
    [21:14:08] step 1850/2813 | avg train loss 3.3477 top1 0.0688 top5 0.2991
    [21:14:14] step 1900/2813 | avg train loss 3.3471 top1 0.0688 top5 0.2995
    [21:14:20] step 1950/2813 | avg train loss 3.3473 top1 0.0687 top5 0.2994
    [21:14:27] step 2000/2813 | avg train loss 3.3473 top1 0.0688 top5 0.2989
    [21:14:33] step 2050/2813 | avg train loss 3.3476 top1 0.0685 top5 0.2985
    [21:14:39] step 2100/2813 | avg train loss 3.3482 top1 0.0682 top5 0.2974
    [21:14:45] step 2150/2813 | avg train loss 3.3486 top1 0.0680 top5 0.2969
    [21:14:51] step 2200/2813 | avg train loss 3.3484 top1 0.0677 top5 0.2968
    [21:14:57] step 2250/2813 | avg train loss 3.3484 top1 0.0673 top5 0.2964
    [21:15:03] step 2300/2813 | avg train loss 3.3487 top1 0.0670 top5 0.2961
    [21:15:10] step 2350/2813 | avg train loss 3.3486 top1 0.0670 top5 0.2964
    [21:15:16] step 2400/2813 | avg train loss 3.3482 top1 0.0673 top5 0.2970
    [21:15:22] step 2450/2813 | avg train loss 3.3483 top1 0.0675 top5 0.2974
    [21:15:28] step 2500/2813 | avg train loss 3.3484 top1 0.0676 top5 0.2973
    [21:15:34] step 2550/2813 | avg train loss 3.3480 top1 0.0677 top5 0.2975
    [21:15:40] step 2600/2813 | avg train loss 3.3479 top1 0.0677 top5 0.2979
    [21:15:47] step 2650/2813 | avg train loss 3.3477 top1 0.0676 top5 0.2976
    [21:15:53] step 2700/2813 | avg train loss 3.3477 top1 0.0673 top5 0.2975
    [21:15:59] step 2750/2813 | avg train loss 3.3475 top1 0.0673 top5 0.2979
    [21:16:05] step 2800/2813 | avg train loss 3.3480 top1 0.0673 top5 0.2978
    [21:16:07] step 2813/2813 | avg train loss 3.3480 top1 0.0671 top5 0.2976
Epoch 7/40 | train loss 3.3480 top1 0.0671 | val loss 3.4270 top1 0.0473 top5 0.2427 | ema val top1 0.0537 top5 0.2464
  No val top1 improvement (4/15); best remains 0.0541
    [21:16:47] step 50/2813 | avg train loss 3.3469 top1 0.0650 top5 0.2725
    [21:16:54] step 100/2813 | avg train loss 3.3419 top1 0.0675 top5 0.2819
    [21:17:00] step 150/2813 | avg train loss 3.3361 top1 0.0675 top5 0.2900
    [21:17:06] step 200/2813 | avg train loss 3.3441 top1 0.0653 top5 0.2831
    [21:17:12] step 250/2813 | avg train loss 3.3471 top1 0.0640 top5 0.2838
    [21:17:18] step 300/2813 | avg train loss 3.3503 top1 0.0629 top5 0.2863
    [21:17:24] step 350/2813 | avg train loss 3.3478 top1 0.0659 top5 0.2920
    [21:17:31] step 400/2813 | avg train loss 3.3454 top1 0.0670 top5 0.2916
    [21:17:37] step 450/2813 | avg train loss 3.3450 top1 0.0664 top5 0.2921
    [21:17:43] step 500/2813 | avg train loss 3.3438 top1 0.0683 top5 0.2933
    [21:17:49] step 550/2813 | avg train loss 3.3439 top1 0.0681 top5 0.2936
    [21:17:55] step 600/2813 | avg train loss 3.3447 top1 0.0683 top5 0.2931
    [21:18:01] step 650/2813 | avg train loss 3.3462 top1 0.0684 top5 0.2918
    [21:18:08] step 700/2813 | avg train loss 3.3484 top1 0.0681 top5 0.2915
    [21:18:14] step 750/2813 | avg train loss 3.3488 top1 0.0683 top5 0.2907
    [21:18:20] step 800/2813 | avg train loss 3.3485 top1 0.0684 top5 0.2924
    [21:18:26] step 850/2813 | avg train loss 3.3489 top1 0.0689 top5 0.2930
    [21:18:32] step 900/2813 | avg train loss 3.3489 top1 0.0694 top5 0.2932
    [21:18:38] step 950/2813 | avg train loss 3.3484 top1 0.0690 top5 0.2943
    [21:18:44] step 1000/2813 | avg train loss 3.3480 top1 0.0697 top5 0.2950
    [21:18:51] step 1050/2813 | avg train loss 3.3482 top1 0.0697 top5 0.2954
    [21:18:57] step 1100/2813 | avg train loss 3.3478 top1 0.0703 top5 0.2954
    [21:19:03] step 1150/2813 | avg train loss 3.3479 top1 0.0706 top5 0.2955
    [21:19:09] step 1200/2813 | avg train loss 3.3481 top1 0.0697 top5 0.2957
    [21:19:15] step 1250/2813 | avg train loss 3.3487 top1 0.0696 top5 0.2950
    [21:19:21] step 1300/2813 | avg train loss 3.3489 top1 0.0697 top5 0.2942
    [21:19:28] step 1350/2813 | avg train loss 3.3483 top1 0.0693 top5 0.2951
    [21:19:34] step 1400/2813 | avg train loss 3.3478 top1 0.0688 top5 0.2953
    [21:19:40] step 1450/2813 | avg train loss 3.3477 top1 0.0684 top5 0.2954
    [21:19:46] step 1500/2813 | avg train loss 3.3485 top1 0.0687 top5 0.2952
    [21:19:52] step 1550/2813 | avg train loss 3.3486 top1 0.0687 top5 0.2954
    [21:19:58] step 1600/2813 | avg train loss 3.3478 top1 0.0684 top5 0.2959
    [21:20:05] step 1650/2813 | avg train loss 3.3474 top1 0.0681 top5 0.2962
    [21:20:11] step 1700/2813 | avg train loss 3.3478 top1 0.0681 top5 0.2958
    [21:20:17] step 1750/2813 | avg train loss 3.3482 top1 0.0679 top5 0.2949
    [21:20:23] step 1800/2813 | avg train loss 3.3481 top1 0.0679 top5 0.2946
    [21:20:29] step 1850/2813 | avg train loss 3.3473 top1 0.0678 top5 0.2953
    [21:20:35] step 1900/2813 | avg train loss 3.3476 top1 0.0672 top5 0.2952
    [21:20:41] step 1950/2813 | avg train loss 3.3473 top1 0.0670 top5 0.2954
    [21:20:48] step 2000/2813 | avg train loss 3.3473 top1 0.0672 top5 0.2954
    [21:20:54] step 2050/2813 | avg train loss 3.3478 top1 0.0668 top5 0.2947
    [21:21:00] step 2100/2813 | avg train loss 3.3478 top1 0.0668 top5 0.2942
    [21:21:06] step 2150/2813 | avg train loss 3.3478 top1 0.0668 top5 0.2938
    [21:21:12] step 2200/2813 | avg train loss 3.3475 top1 0.0670 top5 0.2936
    [21:21:18] step 2250/2813 | avg train loss 3.3474 top1 0.0667 top5 0.2937
    [21:21:25] step 2300/2813 | avg train loss 3.3478 top1 0.0663 top5 0.2926
    [21:21:31] step 2350/2813 | avg train loss 3.3480 top1 0.0661 top5 0.2927
    [21:21:37] step 2400/2813 | avg train loss 3.3478 top1 0.0660 top5 0.2923
    [21:21:43] step 2450/2813 | avg train loss 3.3475 top1 0.0664 top5 0.2922
    [21:21:49] step 2500/2813 | avg train loss 3.3472 top1 0.0665 top5 0.2923
    [21:21:55] step 2550/2813 | avg train loss 3.3476 top1 0.0668 top5 0.2921
    [21:22:02] step 2600/2813 | avg train loss 3.3474 top1 0.0668 top5 0.2926
    [21:22:08] step 2650/2813 | avg train loss 3.3473 top1 0.0668 top5 0.2930
    [21:22:14] step 2700/2813 | avg train loss 3.3468 top1 0.0670 top5 0.2934
    [21:22:20] step 2750/2813 | avg train loss 3.3471 top1 0.0669 top5 0.2933
    [21:22:26] step 2800/2813 | avg train loss 3.3464 top1 0.0669 top5 0.2941
    [21:22:28] step 2813/2813 | avg train loss 3.3463 top1 0.0669 top5 0.2941
Epoch 8/40 | train loss 3.3463 top1 0.0669 | val loss 3.4406 top1 0.0497 top5 0.2457 | ema val top1 0.0532 top5 0.2491
  No val top1 improvement (5/15); best remains 0.0541
    [21:23:12] step 50/2813 | avg train loss 3.3223 top1 0.0675 top5 0.3150
    [21:23:19] step 100/2813 | avg train loss 3.3196 top1 0.0788 top5 0.3119
    [21:23:27] step 150/2813 | avg train loss 3.3298 top1 0.0754 top5 0.3079
    [21:23:34] step 200/2813 | avg train loss 3.3294 top1 0.0725 top5 0.3088
    [21:23:41] step 250/2813 | avg train loss 3.3333 top1 0.0698 top5 0.3053
    [21:23:49] step 300/2813 | avg train loss 3.3299 top1 0.0698 top5 0.3073
    [21:23:56] step 350/2813 | avg train loss 3.3309 top1 0.0705 top5 0.3075
    [21:24:03] step 400/2813 | avg train loss 3.3307 top1 0.0719 top5 0.3073
    [21:24:11] step 450/2813 | avg train loss 3.3288 top1 0.0733 top5 0.3090
    [21:24:18] step 500/2813 | avg train loss 3.3267 top1 0.0721 top5 0.3116
    [21:24:25] step 550/2813 | avg train loss 3.3299 top1 0.0717 top5 0.3097
    [21:24:33] step 600/2813 | avg train loss 3.3297 top1 0.0710 top5 0.3078
    [21:24:40] step 650/2813 | avg train loss 3.3304 top1 0.0697 top5 0.3065
    [21:24:48] step 700/2813 | avg train loss 3.3322 top1 0.0701 top5 0.3046
    [21:24:55] step 750/2813 | avg train loss 3.3340 top1 0.0693 top5 0.3040
    [21:25:02] step 800/2813 | avg train loss 3.3343 top1 0.0694 top5 0.3038
    [21:25:10] step 850/2813 | avg train loss 3.3351 top1 0.0698 top5 0.3038
    [21:25:17] step 900/2813 | avg train loss 3.3348 top1 0.0703 top5 0.3050
    [21:25:25] step 950/2813 | avg train loss 3.3350 top1 0.0705 top5 0.3053
    [21:25:32] step 1000/2813 | avg train loss 3.3353 top1 0.0703 top5 0.3061
    [21:25:39] step 1050/2813 | avg train loss 3.3366 top1 0.0701 top5 0.3045
    [21:25:47] step 1100/2813 | avg train loss 3.3372 top1 0.0705 top5 0.3043
    [21:25:54] step 1150/2813 | avg train loss 3.3374 top1 0.0708 top5 0.3041
    [21:26:01] step 1200/2813 | avg train loss 3.3371 top1 0.0705 top5 0.3045
    [21:26:09] step 1250/2813 | avg train loss 3.3376 top1 0.0703 top5 0.3034
    [21:26:16] step 1300/2813 | avg train loss 3.3371 top1 0.0697 top5 0.3038
    [21:26:23] step 1350/2813 | avg train loss 3.3380 top1 0.0695 top5 0.3041
    [21:26:31] step 1400/2813 | avg train loss 3.3391 top1 0.0695 top5 0.3032
    [21:26:38] step 1450/2813 | avg train loss 3.3392 top1 0.0691 top5 0.3029
    [21:26:46] step 1500/2813 | avg train loss 3.3390 top1 0.0693 top5 0.3034
    [21:26:53] step 1550/2813 | avg train loss 3.3386 top1 0.0696 top5 0.3041
    [21:26:59] step 1600/2813 | avg train loss 3.3384 top1 0.0695 top5 0.3039
    [21:27:05] step 1650/2813 | avg train loss 3.3390 top1 0.0693 top5 0.3039
    [21:27:11] step 1700/2813 | avg train loss 3.3397 top1 0.0689 top5 0.3025
    [21:27:17] step 1750/2813 | avg train loss 3.3391 top1 0.0691 top5 0.3029
    [21:27:24] step 1800/2813 | avg train loss 3.3397 top1 0.0687 top5 0.3021
    [21:27:30] step 1850/2813 | avg train loss 3.3402 top1 0.0686 top5 0.3017
    [21:27:36] step 1900/2813 | avg train loss 3.3403 top1 0.0688 top5 0.3017
    [21:27:42] step 1950/2813 | avg train loss 3.3407 top1 0.0691 top5 0.3016
    [21:27:48] step 2000/2813 | avg train loss 3.3411 top1 0.0690 top5 0.3010
    [21:27:54] step 2050/2813 | avg train loss 3.3411 top1 0.0692 top5 0.3012
    [21:28:00] step 2100/2813 | avg train loss 3.3412 top1 0.0696 top5 0.3013
    [21:28:07] step 2150/2813 | avg train loss 3.3408 top1 0.0697 top5 0.3019
    [21:28:13] step 2200/2813 | avg train loss 3.3411 top1 0.0696 top5 0.3015
    [21:28:19] step 2250/2813 | avg train loss 3.3408 top1 0.0698 top5 0.3015
    [21:28:25] step 2300/2813 | avg train loss 3.3418 top1 0.0698 top5 0.3010
    [21:28:31] step 2350/2813 | avg train loss 3.3421 top1 0.0697 top5 0.3007
    [21:28:37] step 2400/2813 | avg train loss 3.3426 top1 0.0697 top5 0.3002
    [21:28:44] step 2450/2813 | avg train loss 3.3433 top1 0.0695 top5 0.2996
    [21:28:50] step 2500/2813 | avg train loss 3.3437 top1 0.0697 top5 0.2994
    [21:28:56] step 2550/2813 | avg train loss 3.3435 top1 0.0698 top5 0.2992
    [21:29:02] step 2600/2813 | avg train loss 3.3438 top1 0.0697 top5 0.2990
    [21:29:08] step 2650/2813 | avg train loss 3.3440 top1 0.0696 top5 0.2988
    [21:29:14] step 2700/2813 | avg train loss 3.3440 top1 0.0697 top5 0.2986
    [21:29:20] step 2750/2813 | avg train loss 3.3443 top1 0.0698 top5 0.2985
    [21:29:27] step 2800/2813 | avg train loss 3.3442 top1 0.0699 top5 0.2983
    [21:29:28] step 2813/2813 | avg train loss 3.3442 top1 0.0698 top5 0.2981
Epoch 9/40 | train loss 3.3442 top1 0.0698 | val loss 3.4243 top1 0.0520 top5 0.2549 | ema val top1 0.0528 top5 0.2520
  No val top1 improvement (6/15); best remains 0.0541
    [21:30:09] step 50/2813 | avg train loss 3.3395 top1 0.0688 top5 0.3013
    [21:30:15] step 100/2813 | avg train loss 3.3410 top1 0.0656 top5 0.3000
    [21:30:21] step 150/2813 | avg train loss 3.3333 top1 0.0683 top5 0.3038
    [21:30:27] step 200/2813 | avg train loss 3.3368 top1 0.0672 top5 0.3019
    [21:30:33] step 250/2813 | avg train loss 3.3356 top1 0.0675 top5 0.3018
    [21:30:40] step 300/2813 | avg train loss 3.3410 top1 0.0715 top5 0.2992
    [21:30:46] step 350/2813 | avg train loss 3.3428 top1 0.0686 top5 0.3011
    [21:30:52] step 400/2813 | avg train loss 3.3355 top1 0.0723 top5 0.3086
    [21:30:58] step 450/2813 | avg train loss 3.3383 top1 0.0717 top5 0.3051
    [21:31:04] step 500/2813 | avg train loss 3.3413 top1 0.0716 top5 0.3043
    [21:31:10] step 550/2813 | avg train loss 3.3431 top1 0.0716 top5 0.3053
    [21:31:17] step 600/2813 | avg train loss 3.3410 top1 0.0719 top5 0.3072
    [21:31:23] step 650/2813 | avg train loss 3.3423 top1 0.0715 top5 0.3063
    [21:31:29] step 700/2813 | avg train loss 3.3410 top1 0.0718 top5 0.3067
    [21:31:35] step 750/2813 | avg train loss 3.3405 top1 0.0722 top5 0.3066
    [21:31:41] step 800/2813 | avg train loss 3.3414 top1 0.0722 top5 0.3044
    [21:31:47] step 850/2813 | avg train loss 3.3418 top1 0.0720 top5 0.3035
    [21:31:54] step 900/2813 | avg train loss 3.3435 top1 0.0718 top5 0.3026
    [21:32:00] step 950/2813 | avg train loss 3.3452 top1 0.0710 top5 0.3020
    [21:32:06] step 1000/2813 | avg train loss 3.3443 top1 0.0724 top5 0.3028
    [21:32:12] step 1050/2813 | avg train loss 3.3443 top1 0.0730 top5 0.3026
    [21:32:18] step 1100/2813 | avg train loss 3.3456 top1 0.0723 top5 0.3001
    [21:32:24] step 1150/2813 | avg train loss 3.3457 top1 0.0725 top5 0.2995
    [21:32:30] step 1200/2813 | avg train loss 3.3454 top1 0.0729 top5 0.2996
    [21:32:37] step 1250/2813 | avg train loss 3.3455 top1 0.0724 top5 0.2994
    [21:32:43] step 1300/2813 | avg train loss 3.3455 top1 0.0721 top5 0.2998
    [21:32:49] step 1350/2813 | avg train loss 3.3459 top1 0.0718 top5 0.2995
    [21:32:55] step 1400/2813 | avg train loss 3.3465 top1 0.0708 top5 0.2995
    [21:33:01] step 1450/2813 | avg train loss 3.3465 top1 0.0709 top5 0.2997
    [21:33:07] step 1500/2813 | avg train loss 3.3464 top1 0.0702 top5 0.2994
    [21:33:13] step 1550/2813 | avg train loss 3.3460 top1 0.0706 top5 0.2998
    [21:33:20] step 1600/2813 | avg train loss 3.3455 top1 0.0708 top5 0.3006
    [21:33:26] step 1650/2813 | avg train loss 3.3458 top1 0.0709 top5 0.3000
    [21:33:32] step 1700/2813 | avg train loss 3.3453 top1 0.0714 top5 0.3007
    [21:33:38] step 1750/2813 | avg train loss 3.3448 top1 0.0715 top5 0.3007
    [21:33:44] step 1800/2813 | avg train loss 3.3448 top1 0.0717 top5 0.3005
    [21:33:50] step 1850/2813 | avg train loss 3.3447 top1 0.0715 top5 0.3006
    [21:33:57] step 1900/2813 | avg train loss 3.3444 top1 0.0719 top5 0.3005
    [21:34:03] step 1950/2813 | avg train loss 3.3447 top1 0.0715 top5 0.3003
    [21:34:09] step 2000/2813 | avg train loss 3.3446 top1 0.0714 top5 0.3004
    [21:34:15] step 2050/2813 | avg train loss 3.3450 top1 0.0713 top5 0.3002
    [21:34:21] step 2100/2813 | avg train loss 3.3450 top1 0.0711 top5 0.3001
    [21:34:27] step 2150/2813 | avg train loss 3.3448 top1 0.0709 top5 0.3001
    [21:34:33] step 2200/2813 | avg train loss 3.3450 top1 0.0711 top5 0.3003
    [21:34:40] step 2250/2813 | avg train loss 3.3450 top1 0.0709 top5 0.3003
    [21:34:46] step 2300/2813 | avg train loss 3.3453 top1 0.0711 top5 0.3001
    [21:34:52] step 2350/2813 | avg train loss 3.3454 top1 0.0707 top5 0.2999
    [21:34:58] step 2400/2813 | avg train loss 3.3455 top1 0.0706 top5 0.3001
    [21:35:04] step 2450/2813 | avg train loss 3.3454 top1 0.0707 top5 0.2998
    [21:35:10] step 2500/2813 | avg train loss 3.3455 top1 0.0702 top5 0.2995
    [21:35:16] step 2550/2813 | avg train loss 3.3454 top1 0.0703 top5 0.2991
    [21:35:23] step 2600/2813 | avg train loss 3.3452 top1 0.0703 top5 0.2995
    [21:35:29] step 2650/2813 | avg train loss 3.3451 top1 0.0703 top5 0.2996
    [21:35:35] step 2700/2813 | avg train loss 3.3452 top1 0.0702 top5 0.2992
    [21:35:41] step 2750/2813 | avg train loss 3.3454 top1 0.0702 top5 0.2989
    [21:35:47] step 2800/2813 | avg train loss 3.3453 top1 0.0703 top5 0.2990
    [21:35:49] step 2813/2813 | avg train loss 3.3453 top1 0.0702 top5 0.2988
Epoch 10/40 | train loss 3.3453 top1 0.0702 | val loss 3.4234 top1 0.0523 top5 0.2474 | ema val top1 0.0526 top5 0.2546
  No val top1 improvement (7/15); best remains 0.0541
    [21:36:30] step 50/2813 | avg train loss 3.3512 top1 0.0612 top5 0.2775
    [21:36:36] step 100/2813 | avg train loss 3.3487 top1 0.0700 top5 0.2944
    [21:36:42] step 150/2813 | avg train loss 3.3416 top1 0.0683 top5 0.2988
    [21:36:48] step 200/2813 | avg train loss 3.3312 top1 0.0697 top5 0.3084
    [21:36:54] step 250/2813 | avg train loss 3.3372 top1 0.0720 top5 0.3028
    [21:37:00] step 300/2813 | avg train loss 3.3350 top1 0.0731 top5 0.3048
    [21:37:07] step 350/2813 | avg train loss 3.3354 top1 0.0725 top5 0.3063
    [21:37:13] step 400/2813 | avg train loss 3.3360 top1 0.0714 top5 0.3047
    [21:37:19] step 450/2813 | avg train loss 3.3337 top1 0.0710 top5 0.3060
    [21:37:25] step 500/2813 | avg train loss 3.3331 top1 0.0709 top5 0.3058
    [21:37:31] step 550/2813 | avg train loss 3.3324 top1 0.0717 top5 0.3066
    [21:37:37] step 600/2813 | avg train loss 3.3343 top1 0.0707 top5 0.3040
    [21:37:44] step 650/2813 | avg train loss 3.3355 top1 0.0703 top5 0.3045
    [21:37:50] step 700/2813 | avg train loss 3.3353 top1 0.0693 top5 0.3036
    [21:37:56] step 750/2813 | avg train loss 3.3361 top1 0.0690 top5 0.3037
    [21:38:02] step 800/2813 | avg train loss 3.3375 top1 0.0691 top5 0.3018
    [21:38:08] step 850/2813 | avg train loss 3.3376 top1 0.0696 top5 0.3031
    [21:38:14] step 900/2813 | avg train loss 3.3362 top1 0.0711 top5 0.3042
    [21:38:21] step 950/2813 | avg train loss 3.3349 top1 0.0714 top5 0.3059
    [21:38:27] step 1000/2813 | avg train loss 3.3376 top1 0.0709 top5 0.3033
    [21:38:33] step 1050/2813 | avg train loss 3.3383 top1 0.0718 top5 0.3024
    [21:38:39] step 1100/2813 | avg train loss 3.3380 top1 0.0718 top5 0.3023
    [21:38:45] step 1150/2813 | avg train loss 3.3377 top1 0.0710 top5 0.3026
    [21:38:51] step 1200/2813 | avg train loss 3.3387 top1 0.0706 top5 0.3016
    [21:38:58] step 1250/2813 | avg train loss 3.3390 top1 0.0707 top5 0.3021
    [21:39:04] step 1300/2813 | avg train loss 3.3388 top1 0.0714 top5 0.3022
    [21:39:10] step 1350/2813 | avg train loss 3.3384 top1 0.0717 top5 0.3022
    [21:39:16] step 1400/2813 | avg train loss 3.3388 top1 0.0719 top5 0.3019
    [21:39:22] step 1450/2813 | avg train loss 3.3383 top1 0.0721 top5 0.3019
    [21:39:28] step 1500/2813 | avg train loss 3.3385 top1 0.0716 top5 0.3015
    [21:39:35] step 1550/2813 | avg train loss 3.3380 top1 0.0712 top5 0.3019
    [21:39:41] step 1600/2813 | avg train loss 3.3378 top1 0.0716 top5 0.3019
    [21:39:47] step 1650/2813 | avg train loss 3.3384 top1 0.0713 top5 0.3009
    [21:39:53] step 1700/2813 | avg train loss 3.3386 top1 0.0712 top5 0.3007
    [21:39:59] step 1750/2813 | avg train loss 3.3387 top1 0.0715 top5 0.3010
    [21:40:05] step 1800/2813 | avg train loss 3.3388 top1 0.0714 top5 0.3017
    [21:40:11] step 1850/2813 | avg train loss 3.3382 top1 0.0718 top5 0.3024
    [21:40:18] step 1900/2813 | avg train loss 3.3382 top1 0.0714 top5 0.3024
    [21:40:24] step 1950/2813 | avg train loss 3.3386 top1 0.0712 top5 0.3024
    [21:40:30] step 2000/2813 | avg train loss 3.3389 top1 0.0711 top5 0.3028
    [21:40:36] step 2050/2813 | avg train loss 3.3397 top1 0.0708 top5 0.3023
    [21:40:42] step 2100/2813 | avg train loss 3.3396 top1 0.0711 top5 0.3028
    [21:40:48] step 2150/2813 | avg train loss 3.3394 top1 0.0713 top5 0.3030
    [21:40:55] step 2200/2813 | avg train loss 3.3389 top1 0.0712 top5 0.3030
    [21:41:01] step 2250/2813 | avg train loss 3.3396 top1 0.0708 top5 0.3024
    [21:41:07] step 2300/2813 | avg train loss 3.3394 top1 0.0708 top5 0.3024
    [21:41:13] step 2350/2813 | avg train loss 3.3395 top1 0.0709 top5 0.3025
    [21:41:19] step 2400/2813 | avg train loss 3.3399 top1 0.0710 top5 0.3019
    [21:41:25] step 2450/2813 | avg train loss 3.3396 top1 0.0708 top5 0.3022
    [21:41:32] step 2500/2813 | avg train loss 3.3394 top1 0.0706 top5 0.3021
    [21:41:38] step 2550/2813 | avg train loss 3.3394 top1 0.0704 top5 0.3020
    [21:41:44] step 2600/2813 | avg train loss 3.3399 top1 0.0702 top5 0.3015
    [21:41:50] step 2650/2813 | avg train loss 3.3405 top1 0.0703 top5 0.3009
    [21:41:56] step 2700/2813 | avg train loss 3.3411 top1 0.0702 top5 0.3005
    [21:42:02] step 2750/2813 | avg train loss 3.3412 top1 0.0702 top5 0.3007
    [21:42:08] step 2800/2813 | avg train loss 3.3416 top1 0.0703 top5 0.3004
    [21:42:10] step 2813/2813 | avg train loss 3.3418 top1 0.0703 top5 0.3003
Epoch 11/40 | train loss 3.3418 top1 0.0703 | val loss 3.4326 top1 0.0532 top5 0.2384 | ema val top1 0.0535 top5 0.2557
  No val top1 improvement (8/15); best remains 0.0541
    [21:42:51] step 50/2813 | avg train loss 3.3475 top1 0.0825 top5 0.2925
    [21:42:57] step 100/2813 | avg train loss 3.3549 top1 0.0750 top5 0.2888
    [21:43:03] step 150/2813 | avg train loss 3.3471 top1 0.0742 top5 0.3008
    [21:43:09] step 200/2813 | avg train loss 3.3417 top1 0.0728 top5 0.3019
    [21:43:15] step 250/2813 | avg train loss 3.3418 top1 0.0732 top5 0.3008
    [21:43:21] step 300/2813 | avg train loss 3.3395 top1 0.0735 top5 0.3017
    [21:43:27] step 350/2813 | avg train loss 3.3393 top1 0.0748 top5 0.3029
    [21:43:34] step 400/2813 | avg train loss 3.3424 top1 0.0741 top5 0.3002
    [21:43:40] step 450/2813 | avg train loss 3.3439 top1 0.0718 top5 0.2982
    [21:43:46] step 500/2813 | avg train loss 3.3438 top1 0.0715 top5 0.3024
    [21:43:52] step 550/2813 | avg train loss 3.3445 top1 0.0693 top5 0.3003
    [21:43:58] step 600/2813 | avg train loss 3.3441 top1 0.0688 top5 0.2976
    [21:44:04] step 650/2813 | avg train loss 3.3433 top1 0.0683 top5 0.2986
    [21:44:11] step 700/2813 | avg train loss 3.3440 top1 0.0687 top5 0.2988
    [21:44:17] step 750/2813 | avg train loss 3.3434 top1 0.0685 top5 0.2990
    [21:44:23] step 800/2813 | avg train loss 3.3428 top1 0.0681 top5 0.2995
    [21:44:29] step 850/2813 | avg train loss 3.3410 top1 0.0693 top5 0.2997
    [21:44:35] step 900/2813 | avg train loss 3.3415 top1 0.0702 top5 0.2997
    [21:44:41] step 950/2813 | avg train loss 3.3393 top1 0.0705 top5 0.3005
    [21:44:47] step 1000/2813 | avg train loss 3.3400 top1 0.0709 top5 0.3004
    [21:44:54] step 1050/2813 | avg train loss 3.3415 top1 0.0702 top5 0.2990
    [21:45:00] step 1100/2813 | avg train loss 3.3409 top1 0.0698 top5 0.2988
    [21:45:06] step 1150/2813 | avg train loss 3.3409 top1 0.0699 top5 0.2992
    [21:45:12] step 1200/2813 | avg train loss 3.3402 top1 0.0702 top5 0.2992
    [21:45:18] step 1250/2813 | avg train loss 3.3413 top1 0.0701 top5 0.2985
    [21:45:24] step 1300/2813 | avg train loss 3.3417 top1 0.0700 top5 0.2988
    [21:45:30] step 1350/2813 | avg train loss 3.3413 top1 0.0701 top5 0.2989
    [21:45:37] step 1400/2813 | avg train loss 3.3415 top1 0.0700 top5 0.2976
    [21:45:43] step 1450/2813 | avg train loss 3.3416 top1 0.0701 top5 0.2984
    [21:45:49] step 1500/2813 | avg train loss 3.3418 top1 0.0695 top5 0.2982
    [21:45:55] step 1550/2813 | avg train loss 3.3420 top1 0.0694 top5 0.2975
    [21:46:01] step 1600/2813 | avg train loss 3.3420 top1 0.0689 top5 0.2973
    [21:46:07] step 1650/2813 | avg train loss 3.3423 top1 0.0687 top5 0.2976
    [21:46:14] step 1700/2813 | avg train loss 3.3424 top1 0.0683 top5 0.2979
    [21:46:20] step 1750/2813 | avg train loss 3.3430 top1 0.0685 top5 0.2978
    [21:46:26] step 1800/2813 | avg train loss 3.3431 top1 0.0684 top5 0.2977
    [21:46:32] step 1850/2813 | avg train loss 3.3432 top1 0.0684 top5 0.2975
    [21:46:38] step 1900/2813 | avg train loss 3.3435 top1 0.0684 top5 0.2976
    [21:46:44] step 1950/2813 | avg train loss 3.3435 top1 0.0689 top5 0.2974
    [21:46:50] step 2000/2813 | avg train loss 3.3439 top1 0.0688 top5 0.2973
    [21:46:57] step 2050/2813 | avg train loss 3.3437 top1 0.0689 top5 0.2977
    [21:47:03] step 2100/2813 | avg train loss 3.3437 top1 0.0686 top5 0.2973
    [21:47:09] step 2150/2813 | avg train loss 3.3434 top1 0.0683 top5 0.2976
    [21:47:15] step 2200/2813 | avg train loss 3.3437 top1 0.0685 top5 0.2973
    [21:47:21] step 2250/2813 | avg train loss 3.3437 top1 0.0688 top5 0.2974
    [21:47:27] step 2300/2813 | avg train loss 3.3433 top1 0.0692 top5 0.2978
    [21:47:33] step 2350/2813 | avg train loss 3.3426 top1 0.0696 top5 0.2983
    [21:47:40] step 2400/2813 | avg train loss 3.3428 top1 0.0697 top5 0.2980
    [21:47:46] step 2450/2813 | avg train loss 3.3428 top1 0.0696 top5 0.2982
    [21:47:52] step 2500/2813 | avg train loss 3.3426 top1 0.0698 top5 0.2983
    [21:47:58] step 2550/2813 | avg train loss 3.3426 top1 0.0700 top5 0.2983
    [21:48:04] step 2600/2813 | avg train loss 3.3427 top1 0.0700 top5 0.2985
    [21:48:10] step 2650/2813 | avg train loss 3.3424 top1 0.0700 top5 0.2985
    [21:48:17] step 2700/2813 | avg train loss 3.3422 top1 0.0701 top5 0.2989
    [21:48:23] step 2750/2813 | avg train loss 3.3423 top1 0.0700 top5 0.2988
    [21:48:29] step 2800/2813 | avg train loss 3.3421 top1 0.0697 top5 0.2987
    [21:48:30] step 2813/2813 | avg train loss 3.3420 top1 0.0698 top5 0.2988
Epoch 12/40 | train loss 3.3420 top1 0.0698 | val loss 3.4454 top1 0.0514 top5 0.2486 | ema val top1 0.0537 top5 0.2535
  No val top1 improvement (9/15); best remains 0.0541
    [21:49:11] step 50/2813 | avg train loss 3.3257 top1 0.0912 top5 0.3162
    [21:49:17] step 100/2813 | avg train loss 3.3241 top1 0.0850 top5 0.3150
    [21:49:23] step 150/2813 | avg train loss 3.3397 top1 0.0771 top5 0.2992
    [21:49:30] step 200/2813 | avg train loss 3.3397 top1 0.0703 top5 0.2981
    [21:49:36] step 250/2813 | avg train loss 3.3387 top1 0.0698 top5 0.2995
    [21:49:42] step 300/2813 | avg train loss 3.3400 top1 0.0696 top5 0.2956
    [21:49:48] step 350/2813 | avg train loss 3.3381 top1 0.0707 top5 0.2988
    [21:49:54] step 400/2813 | avg train loss 3.3378 top1 0.0719 top5 0.3022
    [21:50:00] step 450/2813 | avg train loss 3.3366 top1 0.0700 top5 0.3040
    [21:50:06] step 500/2813 | avg train loss 3.3357 top1 0.0694 top5 0.3040
    [21:50:13] step 550/2813 | avg train loss 3.3382 top1 0.0700 top5 0.3015
    [21:50:19] step 600/2813 | avg train loss 3.3407 top1 0.0705 top5 0.2989
    [21:50:25] step 650/2813 | avg train loss 3.3421 top1 0.0719 top5 0.2983
    [21:50:31] step 700/2813 | avg train loss 3.3417 top1 0.0723 top5 0.2982
    [21:50:37] step 750/2813 | avg train loss 3.3421 top1 0.0727 top5 0.2987
    [21:50:43] step 800/2813 | avg train loss 3.3410 top1 0.0734 top5 0.3008
    [21:50:49] step 850/2813 | avg train loss 3.3422 top1 0.0741 top5 0.3009
    [21:50:56] step 900/2813 | avg train loss 3.3428 top1 0.0730 top5 0.2999
    [21:51:02] step 950/2813 | avg train loss 3.3433 top1 0.0735 top5 0.3001
    [21:51:08] step 1000/2813 | avg train loss 3.3433 top1 0.0733 top5 0.3006
    [21:51:14] step 1050/2813 | avg train loss 3.3448 top1 0.0732 top5 0.3001
    [21:51:20] step 1100/2813 | avg train loss 3.3452 top1 0.0723 top5 0.2995
    [21:51:26] step 1150/2813 | avg train loss 3.3442 top1 0.0712 top5 0.2999
    [21:51:33] step 1200/2813 | avg train loss 3.3448 top1 0.0717 top5 0.2988
    [21:51:39] step 1250/2813 | avg train loss 3.3445 top1 0.0722 top5 0.2988
    [21:51:45] step 1300/2813 | avg train loss 3.3443 top1 0.0722 top5 0.2996
    [21:51:51] step 1350/2813 | avg train loss 3.3448 top1 0.0719 top5 0.2988
    [21:51:57] step 1400/2813 | avg train loss 3.3444 top1 0.0719 top5 0.2992
    [21:52:03] step 1450/2813 | avg train loss 3.3440 top1 0.0722 top5 0.3000
    [21:52:10] step 1500/2813 | avg train loss 3.3450 top1 0.0717 top5 0.2993
    [21:52:16] step 1550/2813 | avg train loss 3.3454 top1 0.0717 top5 0.2992
    [21:52:22] step 1600/2813 | avg train loss 3.3466 top1 0.0717 top5 0.2973
    [21:52:28] step 1650/2813 | avg train loss 3.3465 top1 0.0720 top5 0.2980
    [21:52:34] step 1700/2813 | avg train loss 3.3470 top1 0.0717 top5 0.2980
    [21:52:40] step 1750/2813 | avg train loss 3.3472 top1 0.0714 top5 0.2973
    [21:52:46] step 1800/2813 | avg train loss 3.3480 top1 0.0711 top5 0.2966
    [21:52:53] step 1850/2813 | avg train loss 3.3475 top1 0.0710 top5 0.2970
    [21:52:59] step 1900/2813 | avg train loss 3.3470 top1 0.0710 top5 0.2972
    [21:53:05] step 1950/2813 | avg train loss 3.3466 top1 0.0707 top5 0.2975
    [21:53:11] step 2000/2813 | avg train loss 3.3465 top1 0.0707 top5 0.2979
    [21:53:17] step 2050/2813 | avg train loss 3.3463 top1 0.0705 top5 0.2981
    [21:53:23] step 2100/2813 | avg train loss 3.3463 top1 0.0703 top5 0.2983
    [21:53:30] step 2150/2813 | avg train loss 3.3463 top1 0.0703 top5 0.2980
    [21:53:36] step 2200/2813 | avg train loss 3.3464 top1 0.0705 top5 0.2982
    [21:53:42] step 2250/2813 | avg train loss 3.3467 top1 0.0704 top5 0.2981
    [21:53:48] step 2300/2813 | avg train loss 3.3465 top1 0.0704 top5 0.2981
    [21:53:54] step 2350/2813 | avg train loss 3.3467 top1 0.0702 top5 0.2978
    [21:54:00] step 2400/2813 | avg train loss 3.3464 top1 0.0702 top5 0.2982
    [21:54:06] step 2450/2813 | avg train loss 3.3463 top1 0.0701 top5 0.2984
    [21:54:13] step 2500/2813 | avg train loss 3.3464 top1 0.0700 top5 0.2984
    [21:54:19] step 2550/2813 | avg train loss 3.3461 top1 0.0701 top5 0.2991
    [21:54:25] step 2600/2813 | avg train loss 3.3462 top1 0.0702 top5 0.2991
    [21:54:31] step 2650/2813 | avg train loss 3.3457 top1 0.0704 top5 0.2993
    [21:54:37] step 2700/2813 | avg train loss 3.3463 top1 0.0703 top5 0.2991
    [21:54:43] step 2750/2813 | avg train loss 3.3463 top1 0.0703 top5 0.2990
    [21:54:50] step 2800/2813 | avg train loss 3.3463 top1 0.0701 top5 0.2990
    [21:54:51] step 2813/2813 | avg train loss 3.3461 top1 0.0702 top5 0.2991
Epoch 13/40 | train loss 3.3461 top1 0.0702 | val loss 3.4524 top1 0.0482 top5 0.2262 | ema val top1 0.0540 top5 0.2549
  No val top1 improvement (10/15); best remains 0.0541
    [21:55:32] step 50/2813 | avg train loss 3.3452 top1 0.0663 top5 0.2963
    [21:55:38] step 100/2813 | avg train loss 3.3388 top1 0.0744 top5 0.3088
    [21:55:44] step 150/2813 | avg train loss 3.3394 top1 0.0708 top5 0.3079
    [21:55:50] step 200/2813 | avg train loss 3.3439 top1 0.0659 top5 0.3022
    [21:55:56] step 250/2813 | avg train loss 3.3459 top1 0.0620 top5 0.2985
    [21:56:03] step 300/2813 | avg train loss 3.3424 top1 0.0654 top5 0.2992
    [21:56:09] step 350/2813 | avg train loss 3.3429 top1 0.0645 top5 0.2979
    [21:56:15] step 400/2813 | avg train loss 3.3446 top1 0.0647 top5 0.2961
    [21:56:21] step 450/2813 | avg train loss 3.3435 top1 0.0653 top5 0.2971
    [21:56:27] step 500/2813 | avg train loss 3.3385 top1 0.0675 top5 0.2999
    [21:56:33] step 550/2813 | avg train loss 3.3396 top1 0.0686 top5 0.2985
    [21:56:40] step 600/2813 | avg train loss 3.3421 top1 0.0689 top5 0.2948
    [21:56:46] step 650/2813 | avg train loss 3.3419 top1 0.0690 top5 0.2969
    [21:56:52] step 700/2813 | avg train loss 3.3429 top1 0.0683 top5 0.2945
    [21:56:58] step 750/2813 | avg train loss 3.3421 top1 0.0686 top5 0.2934
    [21:57:04] step 800/2813 | avg train loss 3.3415 top1 0.0691 top5 0.2945
    [21:57:10] step 850/2813 | avg train loss 3.3416 top1 0.0693 top5 0.2940
    [21:57:17] step 900/2813 | avg train loss 3.3413 top1 0.0697 top5 0.2942
    [21:57:23] step 950/2813 | avg train loss 3.3410 top1 0.0695 top5 0.2939
    [21:57:29] step 1000/2813 | avg train loss 3.3429 top1 0.0691 top5 0.2927
    [21:57:35] step 1050/2813 | avg train loss 3.3426 top1 0.0687 top5 0.2939
    [21:57:41] step 1100/2813 | avg train loss 3.3431 top1 0.0696 top5 0.2949
    [21:57:47] step 1150/2813 | avg train loss 3.3432 top1 0.0694 top5 0.2943
    [21:57:53] step 1200/2813 | avg train loss 3.3433 top1 0.0697 top5 0.2940
    [21:58:00] step 1250/2813 | avg train loss 3.3433 top1 0.0699 top5 0.2942
    [21:58:06] step 1300/2813 | avg train loss 3.3432 top1 0.0699 top5 0.2954
    [21:58:12] step 1350/2813 | avg train loss 3.3430 top1 0.0702 top5 0.2960
    [21:58:18] step 1400/2813 | avg train loss 3.3419 top1 0.0706 top5 0.2967
    [21:58:24] step 1450/2813 | avg train loss 3.3414 top1 0.0710 top5 0.2974
    [21:58:30] step 1500/2813 | avg train loss 3.3411 top1 0.0713 top5 0.2973
    [21:58:37] step 1550/2813 | avg train loss 3.3416 top1 0.0716 top5 0.2970
    [21:58:43] step 1600/2813 | avg train loss 3.3419 top1 0.0716 top5 0.2970
    [21:58:49] step 1650/2813 | avg train loss 3.3420 top1 0.0717 top5 0.2973
    [21:58:55] step 1700/2813 | avg train loss 3.3421 top1 0.0720 top5 0.2976
    [21:59:01] step 1750/2813 | avg train loss 3.3423 top1 0.0718 top5 0.2982
    [21:59:07] step 1800/2813 | avg train loss 3.3418 top1 0.0719 top5 0.2986
    [21:59:13] step 1850/2813 | avg train loss 3.3412 top1 0.0721 top5 0.2992
    [21:59:20] step 1900/2813 | avg train loss 3.3419 top1 0.0715 top5 0.2987
    [21:59:26] step 1950/2813 | avg train loss 3.3425 top1 0.0710 top5 0.2981
    [21:59:32] step 2000/2813 | avg train loss 3.3424 top1 0.0707 top5 0.2981
    [21:59:38] step 2050/2813 | avg train loss 3.3428 top1 0.0705 top5 0.2979
    [21:59:44] step 2100/2813 | avg train loss 3.3436 top1 0.0704 top5 0.2972
    [21:59:50] step 2150/2813 | avg train loss 3.3430 top1 0.0705 top5 0.2970
    [21:59:57] step 2200/2813 | avg train loss 3.3426 top1 0.0705 top5 0.2977
    [22:00:03] step 2250/2813 | avg train loss 3.3430 top1 0.0700 top5 0.2975
    [22:00:09] step 2300/2813 | avg train loss 3.3428 top1 0.0700 top5 0.2976
    [22:00:15] step 2350/2813 | avg train loss 3.3429 top1 0.0698 top5 0.2976
    [22:00:21] step 2400/2813 | avg train loss 3.3432 top1 0.0696 top5 0.2978
    [22:00:27] step 2450/2813 | avg train loss 3.3430 top1 0.0696 top5 0.2978
    [22:00:33] step 2500/2813 | avg train loss 3.3434 top1 0.0695 top5 0.2974
    [22:00:40] step 2550/2813 | avg train loss 3.3436 top1 0.0694 top5 0.2972
    [22:00:46] step 2600/2813 | avg train loss 3.3435 top1 0.0694 top5 0.2970
    [22:00:52] step 2650/2813 | avg train loss 3.3432 top1 0.0697 top5 0.2975
    [22:00:58] step 2700/2813 | avg train loss 3.3436 top1 0.0695 top5 0.2973
    [22:01:04] step 2750/2813 | avg train loss 3.3439 top1 0.0692 top5 0.2971
    [22:01:10] step 2800/2813 | avg train loss 3.3442 top1 0.0691 top5 0.2968
    [22:01:12] step 2813/2813 | avg train loss 3.3441 top1 0.0691 top5 0.2969
Epoch 14/40 | train loss 3.3441 top1 0.0691 | val loss 3.4347 top1 0.0511 top5 0.2363 | ema val top1 0.0535 top5 0.2491
  No val top1 improvement (11/15); best remains 0.0541
    [22:01:52] step 50/2813 | avg train loss 3.3621 top1 0.0600 top5 0.2750
    [22:01:58] step 100/2813 | avg train loss 3.3530 top1 0.0600 top5 0.2775
    [22:02:04] step 150/2813 | avg train loss 3.3462 top1 0.0654 top5 0.2846
    [22:02:10] step 200/2813 | avg train loss 3.3415 top1 0.0703 top5 0.2913
    [22:02:17] step 250/2813 | avg train loss 3.3381 top1 0.0737 top5 0.2928
    [22:02:23] step 300/2813 | avg train loss 3.3397 top1 0.0731 top5 0.2942
    [22:02:29] step 350/2813 | avg train loss 3.3367 top1 0.0741 top5 0.2945
    [22:02:35] step 400/2813 | avg train loss 3.3392 top1 0.0750 top5 0.2931
    [22:02:41] step 450/2813 | avg train loss 3.3390 top1 0.0749 top5 0.2963
    [22:02:47] step 500/2813 | avg train loss 3.3395 top1 0.0740 top5 0.2926
    [22:02:53] step 550/2813 | avg train loss 3.3415 top1 0.0724 top5 0.2914
    [22:02:59] step 600/2813 | avg train loss 3.3399 top1 0.0712 top5 0.2918
    [22:03:05] step 650/2813 | avg train loss 3.3408 top1 0.0700 top5 0.2929
    [22:03:12] step 700/2813 | avg train loss 3.3395 top1 0.0704 top5 0.2950
    [22:03:18] step 750/2813 | avg train loss 3.3402 top1 0.0698 top5 0.2939
    [22:03:24] step 800/2813 | avg train loss 3.3407 top1 0.0700 top5 0.2939
    [22:03:30] step 850/2813 | avg train loss 3.3397 top1 0.0698 top5 0.2951
    [22:03:36] step 900/2813 | avg train loss 3.3396 top1 0.0701 top5 0.2953
    [22:03:42] step 950/2813 | avg train loss 3.3406 top1 0.0703 top5 0.2949
    [22:03:48] step 1000/2813 | avg train loss 3.3414 top1 0.0704 top5 0.2941
    [22:03:55] step 1050/2813 | avg train loss 3.3419 top1 0.0704 top5 0.2935
    [22:04:01] step 1100/2813 | avg train loss 3.3409 top1 0.0710 top5 0.2949
    [22:04:07] step 1150/2813 | avg train loss 3.3406 top1 0.0709 top5 0.2951
    [22:04:13] step 1200/2813 | avg train loss 3.3403 top1 0.0705 top5 0.2958
    [22:04:19] step 1250/2813 | avg train loss 3.3401 top1 0.0706 top5 0.2959
    [22:04:25] step 1300/2813 | avg train loss 3.3406 top1 0.0700 top5 0.2958
    [22:04:32] step 1350/2813 | avg train loss 3.3404 top1 0.0697 top5 0.2961
    [22:04:38] step 1400/2813 | avg train loss 3.3399 top1 0.0696 top5 0.2964
    [22:04:44] step 1450/2813 | avg train loss 3.3406 top1 0.0693 top5 0.2964
    [22:04:50] step 1500/2813 | avg train loss 3.3408 top1 0.0695 top5 0.2961
    [22:04:56] step 1550/2813 | avg train loss 3.3409 top1 0.0698 top5 0.2965
    [22:05:02] step 1600/2813 | avg train loss 3.3417 top1 0.0700 top5 0.2964
    [22:05:08] step 1650/2813 | avg train loss 3.3416 top1 0.0703 top5 0.2969
    [22:05:15] step 1700/2813 | avg train loss 3.3417 top1 0.0707 top5 0.2968
    [22:05:21] step 1750/2813 | avg train loss 3.3414 top1 0.0708 top5 0.2966
    [22:05:27] step 1800/2813 | avg train loss 3.3416 top1 0.0708 top5 0.2964
    [22:05:33] step 1850/2813 | avg train loss 3.3411 top1 0.0713 top5 0.2972
    [22:05:39] step 1900/2813 | avg train loss 3.3410 top1 0.0713 top5 0.2979
    [22:05:45] step 1950/2813 | avg train loss 3.3412 top1 0.0713 top5 0.2979
    [22:05:51] step 2000/2813 | avg train loss 3.3417 top1 0.0712 top5 0.2974
    [22:05:58] step 2050/2813 | avg train loss 3.3420 top1 0.0711 top5 0.2967
    [22:06:04] step 2100/2813 | avg train loss 3.3420 top1 0.0710 top5 0.2967
    [22:06:10] step 2150/2813 | avg train loss 3.3426 top1 0.0708 top5 0.2967
    [22:06:16] step 2200/2813 | avg train loss 3.3424 top1 0.0708 top5 0.2972
    [22:06:22] step 2250/2813 | avg train loss 3.3425 top1 0.0709 top5 0.2973
    [22:06:28] step 2300/2813 | avg train loss 3.3424 top1 0.0705 top5 0.2975
    [22:06:35] step 2350/2813 | avg train loss 3.3429 top1 0.0702 top5 0.2972
    [22:06:41] step 2400/2813 | avg train loss 3.3433 top1 0.0701 top5 0.2970
    [22:06:47] step 2450/2813 | avg train loss 3.3434 top1 0.0701 top5 0.2972
    [22:06:53] step 2500/2813 | avg train loss 3.3435 top1 0.0700 top5 0.2975
    [22:06:59] step 2550/2813 | avg train loss 3.3438 top1 0.0700 top5 0.2975
    [22:07:05] step 2600/2813 | avg train loss 3.3445 top1 0.0701 top5 0.2966
    [22:07:11] step 2650/2813 | avg train loss 3.3447 top1 0.0702 top5 0.2967
    [22:07:18] step 2700/2813 | avg train loss 3.3447 top1 0.0702 top5 0.2969
    [22:07:24] step 2750/2813 | avg train loss 3.3448 top1 0.0704 top5 0.2971
    [22:07:30] step 2800/2813 | avg train loss 3.3453 top1 0.0700 top5 0.2967
    [22:07:31] step 2813/2813 | avg train loss 3.3454 top1 0.0700 top5 0.2965
Epoch 15/40 | train loss 3.3454 top1 0.0700 | val loss 3.4261 top1 0.0503 top5 0.2455 | ema val top1 0.0541 top5 0.2445
  No val top1 improvement (12/15); best remains 0.0541
    [22:08:13] step 50/2813 | avg train loss 3.3334 top1 0.0750 top5 0.3137
    [22:08:20] step 100/2813 | avg train loss 3.3278 top1 0.0731 top5 0.3175
    [22:08:26] step 150/2813 | avg train loss 3.3335 top1 0.0708 top5 0.3079
    [22:08:32] step 200/2813 | avg train loss 3.3370 top1 0.0688 top5 0.3025
    [22:08:38] step 250/2813 | avg train loss 3.3350 top1 0.0688 top5 0.3025
    [22:08:44] step 300/2813 | avg train loss 3.3372 top1 0.0654 top5 0.3002
    [22:08:50] step 350/2813 | avg train loss 3.3396 top1 0.0671 top5 0.3023
    [22:08:57] step 400/2813 | avg train loss 3.3388 top1 0.0667 top5 0.3028
    [22:09:03] step 450/2813 | avg train loss 3.3410 top1 0.0667 top5 0.3003
    [22:09:09] step 500/2813 | avg train loss 3.3420 top1 0.0673 top5 0.2996
    [22:09:15] step 550/2813 | avg train loss 3.3434 top1 0.0661 top5 0.2988
    [22:09:21] step 600/2813 | avg train loss 3.3439 top1 0.0663 top5 0.2985
    [22:09:27] step 650/2813 | avg train loss 3.3453 top1 0.0675 top5 0.2988
    [22:09:33] step 700/2813 | avg train loss 3.3448 top1 0.0679 top5 0.2983
    [22:09:40] step 750/2813 | avg train loss 3.3450 top1 0.0680 top5 0.2974
    [22:09:46] step 800/2813 | avg train loss 3.3451 top1 0.0685 top5 0.2973
    [22:09:52] step 850/2813 | avg train loss 3.3441 top1 0.0685 top5 0.2974
    [22:09:58] step 900/2813 | avg train loss 3.3437 top1 0.0685 top5 0.2979
    [22:10:04] step 950/2813 | avg train loss 3.3429 top1 0.0681 top5 0.2991
    [22:10:10] step 1000/2813 | avg train loss 3.3443 top1 0.0686 top5 0.2984
    [22:10:17] step 1050/2813 | avg train loss 3.3432 top1 0.0685 top5 0.2992
    [22:10:23] step 1100/2813 | avg train loss 3.3429 top1 0.0679 top5 0.2988
    [22:10:29] step 1150/2813 | avg train loss 3.3424 top1 0.0684 top5 0.3002
    [22:10:35] step 1200/2813 | avg train loss 3.3424 top1 0.0678 top5 0.3003
    [22:10:41] step 1250/2813 | avg train loss 3.3423 top1 0.0685 top5 0.3002
    [22:10:47] step 1300/2813 | avg train loss 3.3420 top1 0.0692 top5 0.3006
    [22:10:54] step 1350/2813 | avg train loss 3.3416 top1 0.0692 top5 0.3010
    [22:11:00] step 1400/2813 | avg train loss 3.3414 top1 0.0692 top5 0.3013
    [22:11:06] step 1450/2813 | avg train loss 3.3413 top1 0.0697 top5 0.3014
    [22:11:12] step 1500/2813 | avg train loss 3.3412 top1 0.0699 top5 0.3014
    [22:11:18] step 1550/2813 | avg train loss 3.3418 top1 0.0699 top5 0.3010
    [22:11:24] step 1600/2813 | avg train loss 3.3415 top1 0.0702 top5 0.3013
    [22:11:31] step 1650/2813 | avg train loss 3.3416 top1 0.0697 top5 0.3014
    [22:11:37] step 1700/2813 | avg train loss 3.3420 top1 0.0694 top5 0.3011
    [22:11:43] step 1750/2813 | avg train loss 3.3423 top1 0.0699 top5 0.3002
    [22:11:49] step 1800/2813 | avg train loss 3.3421 top1 0.0699 top5 0.3004
    [22:11:55] step 1850/2813 | avg train loss 3.3422 top1 0.0698 top5 0.2999
    [22:12:01] step 1900/2813 | avg train loss 3.3420 top1 0.0697 top5 0.3001
    [22:12:08] step 1950/2813 | avg train loss 3.3424 top1 0.0695 top5 0.3004
    [22:12:14] step 2000/2813 | avg train loss 3.3424 top1 0.0691 top5 0.3004
    [22:12:20] step 2050/2813 | avg train loss 3.3425 top1 0.0689 top5 0.3002
    [22:12:26] step 2100/2813 | avg train loss 3.3429 top1 0.0690 top5 0.3002
    [22:12:32] step 2150/2813 | avg train loss 3.3428 top1 0.0690 top5 0.3005
    [22:12:38] step 2200/2813 | avg train loss 3.3430 top1 0.0689 top5 0.3004
    [22:12:44] step 2250/2813 | avg train loss 3.3433 top1 0.0690 top5 0.3000
    [22:12:51] step 2300/2813 | avg train loss 3.3432 top1 0.0694 top5 0.2999
    [22:12:57] step 2350/2813 | avg train loss 3.3432 top1 0.0694 top5 0.2997
    [22:13:03] step 2400/2813 | avg train loss 3.3435 top1 0.0697 top5 0.2999
    [22:13:09] step 2450/2813 | avg train loss 3.3429 top1 0.0695 top5 0.3001
    [22:13:15] step 2500/2813 | avg train loss 3.3427 top1 0.0694 top5 0.3003
    [22:13:21] step 2550/2813 | avg train loss 3.3431 top1 0.0695 top5 0.2998
    [22:13:28] step 2600/2813 | avg train loss 3.3434 top1 0.0695 top5 0.2996
    [22:13:34] step 2650/2813 | avg train loss 3.3431 top1 0.0693 top5 0.2999
    [22:13:40] step 2700/2813 | avg train loss 3.3431 top1 0.0693 top5 0.3000
    [22:13:46] step 2750/2813 | avg train loss 3.3432 top1 0.0691 top5 0.3002
    [22:13:52] step 2800/2813 | avg train loss 3.3433 top1 0.0691 top5 0.3000
    [22:13:54] step 2813/2813 | avg train loss 3.3432 top1 0.0691 top5 0.3001
Epoch 16/40 | train loss 3.3432 top1 0.0691 | val loss 3.4431 top1 0.0467 top5 0.2449 | ema val top1 0.0546 top5 0.2439
  No val top1 improvement (13/15); best remains 0.0541
    [22:14:34] step 50/2813 | avg train loss 3.3319 top1 0.0725 top5 0.2975
    [22:14:41] step 100/2813 | avg train loss 3.3296 top1 0.0706 top5 0.2969
    [22:14:47] step 150/2813 | avg train loss 3.3354 top1 0.0696 top5 0.3008
    [22:14:53] step 200/2813 | avg train loss 3.3384 top1 0.0691 top5 0.2988
    [22:14:59] step 250/2813 | avg train loss 3.3396 top1 0.0673 top5 0.2990
    [22:15:05] step 300/2813 | avg train loss 3.3461 top1 0.0656 top5 0.2933
    [22:15:11] step 350/2813 | avg train loss 3.3460 top1 0.0668 top5 0.2929
    [22:15:17] step 400/2813 | avg train loss 3.3474 top1 0.0678 top5 0.2911
    [22:15:24] step 450/2813 | avg train loss 3.3465 top1 0.0671 top5 0.2929
    [22:15:30] step 500/2813 | avg train loss 3.3466 top1 0.0676 top5 0.2939
    [22:15:36] step 550/2813 | avg train loss 3.3476 top1 0.0682 top5 0.2952
    [22:15:42] step 600/2813 | avg train loss 3.3444 top1 0.0686 top5 0.2982
    [22:15:48] step 650/2813 | avg train loss 3.3446 top1 0.0689 top5 0.2978
    [22:15:54] step 700/2813 | avg train loss 3.3438 top1 0.0690 top5 0.2997
    [22:16:00] step 750/2813 | avg train loss 3.3441 top1 0.0688 top5 0.2998
    [22:16:06] step 800/2813 | avg train loss 3.3433 top1 0.0688 top5 0.3001
    [22:16:13] step 850/2813 | avg train loss 3.3419 top1 0.0698 top5 0.3008
    [22:16:19] step 900/2813 | avg train loss 3.3430 top1 0.0694 top5 0.2990
    [22:16:25] step 950/2813 | avg train loss 3.3437 top1 0.0692 top5 0.2992
    [22:16:31] step 1000/2813 | avg train loss 3.3450 top1 0.0691 top5 0.2983
    [22:16:37] step 1050/2813 | avg train loss 3.3442 top1 0.0692 top5 0.2986
    [22:16:43] step 1100/2813 | avg train loss 3.3429 top1 0.0698 top5 0.2994
    [22:16:50] step 1150/2813 | avg train loss 3.3430 top1 0.0700 top5 0.2993
    [22:16:56] step 1200/2813 | avg train loss 3.3429 top1 0.0699 top5 0.2988
    [22:17:02] step 1250/2813 | avg train loss 3.3430 top1 0.0697 top5 0.2988
    [22:17:08] step 1300/2813 | avg train loss 3.3431 top1 0.0701 top5 0.2989
    [22:17:14] step 1350/2813 | avg train loss 3.3436 top1 0.0695 top5 0.2986
    [22:17:20] step 1400/2813 | avg train loss 3.3439 top1 0.0696 top5 0.2983
    [22:17:27] step 1450/2813 | avg train loss 3.3440 top1 0.0699 top5 0.2987
    [22:17:33] step 1500/2813 | avg train loss 3.3434 top1 0.0699 top5 0.2990
    [22:17:39] step 1550/2813 | avg train loss 3.3429 top1 0.0700 top5 0.2994
    [22:17:45] step 1600/2813 | avg train loss 3.3433 top1 0.0698 top5 0.2989
    [22:17:51] step 1650/2813 | avg train loss 3.3438 top1 0.0697 top5 0.2988
    [22:17:57] step 1700/2813 | avg train loss 3.3442 top1 0.0696 top5 0.2988
    [22:18:03] step 1750/2813 | avg train loss 3.3449 top1 0.0696 top5 0.2985
    [22:18:10] step 1800/2813 | avg train loss 3.3450 top1 0.0698 top5 0.2991
    [22:18:16] step 1850/2813 | avg train loss 3.3452 top1 0.0696 top5 0.2987
    [22:18:22] step 1900/2813 | avg train loss 3.3440 top1 0.0694 top5 0.2992
    [22:18:28] step 1950/2813 | avg train loss 3.3439 top1 0.0698 top5 0.2994
    [22:18:34] step 2000/2813 | avg train loss 3.3437 top1 0.0694 top5 0.2995
    [22:18:40] step 2050/2813 | avg train loss 3.3439 top1 0.0696 top5 0.2996
    [22:18:46] step 2100/2813 | avg train loss 3.3441 top1 0.0699 top5 0.2995
    [22:18:53] step 2150/2813 | avg train loss 3.3448 top1 0.0697 top5 0.2987
    [22:18:59] step 2200/2813 | avg train loss 3.3450 top1 0.0693 top5 0.2984
    [22:19:05] step 2250/2813 | avg train loss 3.3443 top1 0.0693 top5 0.2987
    [22:19:11] step 2300/2813 | avg train loss 3.3441 top1 0.0691 top5 0.2982
    [22:19:17] step 2350/2813 | avg train loss 3.3439 top1 0.0690 top5 0.2982
    [22:19:23] step 2400/2813 | avg train loss 3.3438 top1 0.0688 top5 0.2976
    [22:19:30] step 2450/2813 | avg train loss 3.3435 top1 0.0689 top5 0.2977
    [22:19:36] step 2500/2813 | avg train loss 3.3433 top1 0.0687 top5 0.2980
    [22:19:42] step 2550/2813 | avg train loss 3.3436 top1 0.0687 top5 0.2980
    [22:19:48] step 2600/2813 | avg train loss 3.3434 top1 0.0689 top5 0.2982
    [22:19:54] step 2650/2813 | avg train loss 3.3430 top1 0.0691 top5 0.2985
    [22:20:00] step 2700/2813 | avg train loss 3.3430 top1 0.0691 top5 0.2987
    [22:20:06] step 2750/2813 | avg train loss 3.3427 top1 0.0693 top5 0.2990
    [22:20:13] step 2800/2813 | avg train loss 3.3425 top1 0.0694 top5 0.2993
    [22:20:14] step 2813/2813 | avg train loss 3.3423 top1 0.0694 top5 0.2994
Epoch 17/40 | train loss 3.3423 top1 0.0694 | val loss 3.4547 top1 0.0494 top5 0.2451 | ema val top1 0.0529 top5 0.2461
  No val top1 improvement (14/15); best remains 0.0541
    [22:20:55] step 50/2813 | avg train loss 3.2954 top1 0.0800 top5 0.3575
    [22:21:01] step 100/2813 | avg train loss 3.3153 top1 0.0819 top5 0.3325
    [22:21:07] step 150/2813 | avg train loss 3.3239 top1 0.0737 top5 0.3275
    [22:21:13] step 200/2813 | avg train loss 3.3229 top1 0.0703 top5 0.3212
    [22:21:19] step 250/2813 | avg train loss 3.3275 top1 0.0710 top5 0.3142
    [22:21:25] step 300/2813 | avg train loss 3.3328 top1 0.0698 top5 0.3110
    [22:21:32] step 350/2813 | avg train loss 3.3295 top1 0.0704 top5 0.3130
    [22:21:38] step 400/2813 | avg train loss 3.3286 top1 0.0722 top5 0.3153
    [22:21:44] step 450/2813 | avg train loss 3.3308 top1 0.0718 top5 0.3129
    [22:21:50] step 500/2813 | avg train loss 3.3309 top1 0.0742 top5 0.3145
    [22:21:56] step 550/2813 | avg train loss 3.3313 top1 0.0744 top5 0.3119
    [22:22:02] step 600/2813 | avg train loss 3.3307 top1 0.0742 top5 0.3125
    [22:22:08] step 650/2813 | avg train loss 3.3305 top1 0.0746 top5 0.3118
    [22:22:15] step 700/2813 | avg train loss 3.3329 top1 0.0732 top5 0.3102
    [22:22:21] step 750/2813 | avg train loss 3.3342 top1 0.0726 top5 0.3074
    [22:22:27] step 800/2813 | avg train loss 3.3349 top1 0.0730 top5 0.3078
    [22:22:33] step 850/2813 | avg train loss 3.3381 top1 0.0724 top5 0.3048
    [22:22:39] step 900/2813 | avg train loss 3.3380 top1 0.0722 top5 0.3049
    [22:22:45] step 950/2813 | avg train loss 3.3389 top1 0.0711 top5 0.3044
    [22:22:51] step 1000/2813 | avg train loss 3.3387 top1 0.0711 top5 0.3034
    [22:22:57] step 1050/2813 | avg train loss 3.3396 top1 0.0705 top5 0.3024
    [22:23:04] step 1100/2813 | avg train loss 3.3401 top1 0.0697 top5 0.3016
    [22:23:10] step 1150/2813 | avg train loss 3.3403 top1 0.0700 top5 0.3019
    [22:23:16] step 1200/2813 | avg train loss 3.3409 top1 0.0697 top5 0.3015
    [22:23:22] step 1250/2813 | avg train loss 3.3414 top1 0.0698 top5 0.3010
    [22:23:28] step 1300/2813 | avg train loss 3.3412 top1 0.0697 top5 0.3011
    [22:23:34] step 1350/2813 | avg train loss 3.3416 top1 0.0693 top5 0.3002
    [22:23:41] step 1400/2813 | avg train loss 3.3421 top1 0.0695 top5 0.3001
    [22:23:47] step 1450/2813 | avg train loss 3.3420 top1 0.0692 top5 0.3001
    [22:23:53] step 1500/2813 | avg train loss 3.3422 top1 0.0688 top5 0.2993
    [22:23:59] step 1550/2813 | avg train loss 3.3422 top1 0.0687 top5 0.2998
    [22:24:05] step 1600/2813 | avg train loss 3.3417 top1 0.0685 top5 0.2996
    [22:24:11] step 1650/2813 | avg train loss 3.3418 top1 0.0688 top5 0.2996
    [22:24:18] step 1700/2813 | avg train loss 3.3414 top1 0.0688 top5 0.3000
    [22:24:24] step 1750/2813 | avg train loss 3.3417 top1 0.0686 top5 0.2993
    [22:24:30] step 1800/2813 | avg train loss 3.3425 top1 0.0689 top5 0.2989
    [22:24:36] step 1850/2813 | avg train loss 3.3426 top1 0.0686 top5 0.2986
    [22:24:42] step 1900/2813 | avg train loss 3.3423 top1 0.0689 top5 0.2994
    [22:24:48] step 1950/2813 | avg train loss 3.3425 top1 0.0693 top5 0.2999
    [22:24:54] step 2000/2813 | avg train loss 3.3426 top1 0.0693 top5 0.2997
    [22:25:01] step 2050/2813 | avg train loss 3.3422 top1 0.0694 top5 0.2997
    [22:25:07] step 2100/2813 | avg train loss 3.3420 top1 0.0692 top5 0.3000
    [22:25:13] step 2150/2813 | avg train loss 3.3418 top1 0.0692 top5 0.2994
    [22:25:19] step 2200/2813 | avg train loss 3.3414 top1 0.0691 top5 0.2996
    [22:25:25] step 2250/2813 | avg train loss 3.3415 top1 0.0689 top5 0.2994
    [22:25:31] step 2300/2813 | avg train loss 3.3414 top1 0.0690 top5 0.2993
    [22:25:38] step 2350/2813 | avg train loss 3.3412 top1 0.0692 top5 0.2991
    [22:25:44] step 2400/2813 | avg train loss 3.3416 top1 0.0692 top5 0.2992
    [22:25:50] step 2450/2813 | avg train loss 3.3419 top1 0.0691 top5 0.2989
    [22:25:56] step 2500/2813 | avg train loss 3.3410 top1 0.0693 top5 0.2998
    [22:26:02] step 2550/2813 | avg train loss 3.3413 top1 0.0694 top5 0.3000
    [22:26:08] step 2600/2813 | avg train loss 3.3413 top1 0.0695 top5 0.3002
    [22:26:15] step 2650/2813 | avg train loss 3.3412 top1 0.0697 top5 0.3005
    [22:26:21] step 2700/2813 | avg train loss 3.3414 top1 0.0695 top5 0.3004
    [22:26:27] step 2750/2813 | avg train loss 3.3411 top1 0.0696 top5 0.3007
    [22:26:33] step 2800/2813 | avg train loss 3.3409 top1 0.0698 top5 0.3008
    [22:26:35] step 2813/2813 | avg train loss 3.3407 top1 0.0697 top5 0.3008
Epoch 18/40 | train loss 3.3407 top1 0.0697 | val loss 3.4371 top1 0.0535 top5 0.2406 | ema val top1 0.0519 top5 0.2483
  No val top1 improvement (15/15); best remains 0.0541
Early stopping triggered: no improvement > 0.001000 for 15 consecutive epochs.
[cuda] cache emptied (run-end). Free: 18.32 / 23.53 GiB
Done. Best val top1: 0.0541. Checkpoint: /Data/romain.poggi/smth2smth/checkpoints/track_a/best_model.pt
