S0-s42-B        top1= 53.25%  top5= 82.40%  ce=1.6775
S1-s42-T        top1= 54.73%  top5= 82.99%  ce=1.6350
S0-s43-B        top1= 58.88%  top5= 85.80%  ce=1.4379
S1-s43-T        top1= 61.39%  top5= 88.02%  ce=1.3713
S0-s44-B        top1= 55.77%  top5= 84.32%  ce=1.5687
S1-s44-T        top1= 55.62%  top5= 85.06%  ce=1.5079
T-mean          top1= 58.28%  top5= 86.39%  ce=1.4310
T-softmax       top1= 59.02%  top5= 87.43%  ce=1.4170
T-vote          top1= 58.43%  top5= 58.43%  ce=0.0000
T-ws            top1= 61.24%  top5= 88.02%  ce=1.3626
T-cws           top1= 60.80%  top5= 87.87%  ce=1.3901
T-lsg           top1= 75.89%  top5= 96.60%  ce=3.1113
BT-mean         top1= 58.28%  top5= 86.39%  ce=1.4310
BT-softmax      top1= 59.02%  top5= 87.43%  ce=1.4170
BT-vote         top1= 58.43%  top5= 58.43%  ce=0.0000
BT-ws           top1= 60.50%  top5= 88.17%  ce=1.3648
BT-cws          top1= 59.76%  top5= 88.31%  ce=1.3746
BT-lsg          top1= 71.30%  top5= 94.67%  ce=3.1400
B-mean          top1= 58.58%  top5= 86.24%  ce=1.4538
B-softmax       top1= 58.88%  top5= 86.83%  ce=1.4511
B-vote          top1= 57.84%  top5= 57.84%  ce=0.0000
B-ws            top1= 59.91%  top5= 86.83%  ce=1.4086
B-cws           top1= 58.58%  top5= 87.28%  ce=1.4105
B-lsg           top1= 75.74%  top5= 96.01%  ce=3.1203
[optimize] wrote /Data/romain.poggi/smth2smth/outputs/ensemble/videomaev2_3seed_v3_champion/ensemble_results.json
[optimize] best ensemble candidate: T-ws (61.24%)
